<!DOCTYPE HTML>
<html lang="en-US">
<head>
  <meta charset="UTF-8" />
  <meta http-equiv="Content-Type" content="text/html; charset=UTF-8" />
  <meta http-equiv="X-UA-Compatible" content="IE=Edge,chrome=1" />
  <meta name="robots" content="noindex, nofollow" />
  <meta name="viewport" content="width=device-width,initial-scale=1" />
  <title>Just a moment...</title>
  <style type="text/css">
    html, body {width: 100%; height: 100%; margin: 0; padding: 0;}
    body {background-color: #ffffff; color: #000000; font-family:-apple-system, system-ui, BlinkMacSystemFont, "Segoe UI", Roboto, Oxygen, Ubuntu, "Helvetica Neue",Arial, sans-serif; font-size: 16px; line-height: 1.7em;-webkit-font-smoothing: antialiased;}
    h1 { text-align: center; font-weight:700; margin: 16px 0; font-size: 32px; color:#000000; line-height: 1.25;}
    p {font-size: 20px; font-weight: 400; margin: 8px 0;}
    p, .attribution, {text-align: center;}
    #spinner {margin: 0 auto 30px auto; display: block;}
    .attribution {margin-top: 32px;}
    @keyframes fader     { 0% {opacity: 0.2;} 50% {opacity: 1.0;} 100% {opacity: 0.2;} }
    @-webkit-keyframes fader { 0% {opacity: 0.2;} 50% {opacity: 1.0;} 100% {opacity: 0.2;} }
    #cf-bubbles > .bubbles { animation: fader 1.6s infinite;}
    #cf-bubbles > .bubbles:nth-child(2) { animation-delay: .2s;}
    #cf-bubbles > .bubbles:nth-child(3) { animation-delay: .4s;}
    .bubbles { background-color: #f58220; width:20px; height: 20px; margin:2px; border-radius:100%; display:inline-block; }
    a { color: #2c7cb0; text-decoration: none; -moz-transition: color 0.15s ease; -o-transition: color 0.15s ease; -webkit-transition: color 0.15s ease; transition: color 0.15s ease; }
    a:hover{color: #f4a15d}
    .attribution{font-size: 16px; line-height: 1.5;}
    .ray_id{display: block; margin-top: 8px;}
    #cf-wrapper #challenge-form { padding-top:25px; padding-bottom:25px; }
    #cf-hcaptcha-container { text-align:center;}
    #cf-hcaptcha-container iframe { display: inline-block;}
  </style>

      <meta http-equiv="refresh" content="35">
  <script type="text/javascript">
    //<![CDATA[
    (function(){
      
      window._cf_chl_opt={
        cvId: "2",
        cType: "non-interactive",
        cNounce: "99675",
        cRay: "6e7e7344fbd3320f",
        cHash: "8a6c59e26191885",
        cUPMDTk: "\/doi\/full\/10.1073\/pnas.1108537109?__cf_chl_tk=4Zs_3z8G0OgYL8SB.5YCIUD30qePMm0SrVc7VN4UIcM-1646604928-0-gaNycGzNByU",
        cFPWv: "g",
        cTTimeMs: "1000",
        cRq: {
          ru: "aHR0cHM6Ly9wbmFzLm9yZy9kb2kvZnVsbC8xMC4xMDczL3BuYXMuMTEwODUzNzEwOQ==",
          ra: "cHl0aG9uLXJlcXVlc3RzLzIuMjUuMQ==",
          rm: "R0VU",
          d: "ZD8XGjJKkLrgnBrXZPNwqddtSn/z6GX20RLE9zqV4qAR6qruzYsbtQPLiV8xzp8xLEgZthUPkUNwexCZl3XDnw/g0+Y2EMwmPoET+NnAa2zov2t/9dUXtr6vJaBuVEblyFVtmKZ2Td5uj8XUXz16m3l6iDUIU0kvULlH8B640w1CC/z2TbXFNS3NoZY3ZYf7kT7b8SpwerWvPYgFcNWwXSWiGksG0gk70Nfxd6ULNcOn3GHWWarcl/ZQFqbiKD9GIjSIV6re+fAyMXbK5JtGDa2xLdXBz44Kr9Bi0N5hMJyj9jWZ1vxQ9w5z4K2C3idXCPvsp/RKEI8WXYgFfn+gh+Tqj+T7mfrHcUj93a9zFwV5uajz/KHb8g8A696+lfsIL81guyDZfRCEGrA9pIKXfg0yLI3oqKVqv0bb4s5MVWcg/MRqeT/XSvnUntarNFShMCMb0/Ybmk8Nb003EARd9sK7VQaKxzI4ONsqBiyCWBaLUzURiZla7k4Ygb662RoGD7OeDCcH2h4xTP0R/ohADDigrZwCNryNwiQck5oxK9W5BL9G4SusQEJ7z6ltZtDA",
          t: "MTY0NjYwNDkyOC44MDUwMDA=",
          m: "FH7aJjH7pi3C1x0kFUJgdvUtRc+P3a1g0Vtei4IZXC8=",
          i1: "6TAa46pufpoFW7zV+Y+Chg==",
          i2: "pv0RIYWz3XZWiZ6BcZM5ow==",
          zh: "3XlKis5p8b5hgWF1bd9UgdW3b/8bjeC7/AQO0MH0R2I=",
          uh: "5GU+jYv2xJ+bCaE/ARmi/DORbiS/v56CW7E0TH4XWQk=",
          hh: "6jVH8R5/dXJ8mumrU5DmpMUHjcN9o1Dtj1SOBRoFflw=",
        }
      }
      window._cf_chl_enter = function(){window._cf_chl_opt.p=1};
      
    })();
    //]]>
  </script>
  

</head>
<body>
  <table width="100%" height="100%" cellpadding="20">
    <tr>
      <td align="center" valign="middle">
          <div class="cf-browser-verification cf-im-under-attack">
  <noscript>
    <h1 data-translate="turn_on_js" style="color:#bd2426;">Please turn JavaScript on and reload the page.</h1>
  </noscript>
  <div id="cf-content" style="display:none">
    
    <div id="cf-bubbles">
      <div class="bubbles"></div>
      <div class="bubbles"></div>
      <div class="bubbles"></div>
    </div>
    <h1><span data-translate="checking_browser">Checking your browser before accessing</span> pnas.org.</h1>
    
    <div id="no-cookie-warning" class="cookie-warning" data-translate="turn_on_cookies" style="display:none">
      <p data-translate="turn_on_cookies" style="color:#bd2426;">Please enable Cookies and reload the page.</p>
    </div>
    <p data-translate="process_is_automatic">This process is automatic. Your browser will redirect to your requested content shortly.</p>
    <p data-translate="allow_5_secs" id="cf-spinner-allow-5-secs" >Please allow up to 5 seconds&hellip;</p>
    <p data-translate="redirecting" id="cf-spinner-redirecting" style="display:none">Redirecting&hellip;</p>
  </div>
   
  <form class="challenge-form" id="challenge-form" action="/doi/full/10.1073/pnas.1108537109?__cf_chl_f_tk=4Zs_3z8G0OgYL8SB.5YCIUD30qePMm0SrVc7VN4UIcM-1646604928-0-gaNycGzNByU" method="POST" enctype="application/x-www-form-urlencoded">
    <input type="hidden" name="md" value="hII8M2PtRhmC2G.CPmRaCxV9rsTn7SiyMiIPGO8kUco-1646604928-0-AYJ0qjJPBeUOpet7W0fSj5Rtdw_otMggge3IJRcXfXL20PtJDcURYFMyZP2hTNN2Qb4y2aDp6xj4JORXbfc6reW8AJRoVxMP5CBRhOaJoAOGDdG_YhHr2Mq07ak1pZxVJKmFTQmAcdiCWCJ9ijr9A0wiMwxpCbckE-2F08iQb56Xf0pO5Tb--s9I0HrzZrM2IHamIq1Hw7vu6rOG3XEXnhFb-EqJBtuqffLweF0rHzcd4F5XHMxXATrtndW4XUbsl1KT0cveZG3KE77alHvGtdJQjFIO8N5NXR1plbk9P88tqOqyZCV-Jl4ZlRI2I-7i3vqEP8br2u_vWFIrqHjJutI-D-MbIlnDNjD3vz4ITd--y8NvwunMIDpHczMyeBOf3GA6haB0UKoLgQFcuKbkpUF0ax27NeM7T5o-PBtFURS9FhrTrV4Kf0zeedZj7odffJP8Olc-xbth47l47Vh2o7TrnATcIOv_TjRTNtuhDjKB1qFDTE-9BFYar9lPoq5jXu1HYQv8xVi52ci5RLhK2Ucqx7AWsz_icj81BsdeCd-CWIqth8wCmiJWa7OMx423z7oOJCqHua2g18gzGBAUJd2_6XxTSY75N84p71VvaJfXEZSvoXJU1asAJzhzKEKrGFgORQ8o6gQLsOUHGnlxYUm96qXD1T05hCKPedSa1P4Q795kC6DAeQ8IAVnM28J1ag" />
    <input type="hidden" name="r" value="Pa0E6yh1wlf..5UaNuJDQG_Rb.faC.OZQvZfnUqo8Mo-1646604928-0-AfITCXeuHDWR9pCEJqtNrUPPsOTcDqanNJ61wMuK+nc3GIbf4hGiYsSaAFmh4B+o28ZC2SZhh2PpKTtvZQ1fU6LPYk5z6KkgONTBJ658zCM18fq7LpDqHcUi2M57BeX5BSN85rvI/KF4CnNjUTqLc7pi0RMjYllfR1eKx89SwabNtIWrMIpmMmELl84yR34b3FO3asWFlu//a1IAR0raeXrK6r6ejsxMoh12TYz87Ms+jrCRIAU1GH0RT8dyyOOWnwaZrGeGoRAj+jyvnOhMoOvSmlFV0TcTVm537a6LgNWEqzzlmfgDjezWAin3q7Mvgt8crrL2ch4AIOSQzer32ZFWtmKYAWRu2UkYuIIj0cJlFKZHFtUT/sWA8aym7FwtYO8aKE+BI42crUzJvWWYGGCJj6sbCNN5/W4L4ZQMT8jUjhaog6OhnxF8yU8Tv8N0LinghHOS8Gp0z788nwr6oGjKcqeRp0FyJCbBH125YExU23+lvRLXVLESSzyZQ9jIFqilFVvQusUcGpS5IjnpvvnIjgcBdZzpwelxSrErah7q/KT1wurj49pLA2QipcoftoGJj/XpxzQNTmmaGmnewc7LikiXMW2pR9AEMjuJ9EckbLbMM757HCzSX1R20WBWGY9uGHOt5VMbg0dgw8wVWom3ysk0A7NXKjIaFfICysIWP3A4rT5nSojJyFKkxqaATUs+iv7PBS+id4qs/9CfxW234urfMDHkIy1Ef4y6ZkRkv2RUyzMh9MdDwbYYxqHaIM8VaXUuOL/pmjuvywKY5ZaR/lih4XXg6ZdxnT8ScdUmy8paMCMGMHyhuLi2/Qkh+yUgQox0U9+TK/OAhNL04mdsTVLdwqYmo9nihYqnGh7RCRyMN7FZ/6fVrv6xAlA4qiJEpwfw7ByWA7hF9gZeeSdH0ifbRGvTLa3YM5ksXZ09sgG6n3eDuJSUs2Imuh/BqF1hcXdIw6ruiS0HM5YdJVA4PRTvev1A+xVLVxnb1FFnnx7vD5aubjcMHfi9vMnoBoWHkHyLKZfxyGwCWimNnkXXE9OUK/4TrAZ0qhiUKTkTJpw/NTC6X9p64KQRPSKPSUB6F+A6q8IV6cg3tzS0v5XsbAxhEEo48CKU6hEntAt7DIOG0YZBam1k90INGMGlnf07KCnDj9hgGQmQCiQ//BKty0nY8Pfcjs3e4Gd4Jpxk5MpBXPO2LjzJJni3nSHuvj28tYl2ADDbPBgflotrTgOoOI8F38suYutqH4+nsN5ZlpdwJTHQtGjUPTSURQ5nA7nA5Cy1tgljuA2aGQet02Ipd2oXhPM6LwItbL9ynvuY3IFqSSclexad+apq20urfO9sY8cdS+ayAEuGBEnzusu84x69m8SI1DgllLJMSaLUjNfIL8fk+gOwu1i7sq3xrTuSnX+WThbFvAerw8qr7AbRe1NS8CE42G1U1j3X/hgNGCkXZVb6autkFB2A4muQvhPj7ykUbx8PsCbXwsqQxCAWr3eQfUMylmqLFfF22natNkgBtdGF7CaxhMGKBrFAgL7XILOef3lOwlkB6bIGwOMy1fwwtHDUNJzWuBJGn2vYaXn7XsWq+Q6jtbljnqIYOgJIY4zwekVrZVGOVi+Td7ZUmtfT0jDnrNq2vPX6XNIuk0Q6OnZv1DLfznSkXapGWYz3FKXpt+RqEt+1HmX6S4DOuGGcMFgNEnEBy8CuUgnhxfMgko0ZFxNUlCBwiHXsq7iZMMrpAbn4ZnjQJyYRHJvF6B5bLnKZt8r8VkfBsWH9"/>
    <input type="hidden" value="c2fc58f9f1016aba0642c5ea46776bda" id="jschl-vc" name="jschl_vc"/>
    <!-- <input type="hidden" value="" id="jschl-vc" name="jschl_vc"/> -->
    <input type="hidden" name="pass" value="1646604929.805-aDq1SucI4h"/>
    <input type="hidden" id="jschl-answer" name="jschl_answer"/>
  </form>
     
    <script type="text/javascript">
      //<![CDATA[
      (function(){
          var a = document.getElementById('cf-content');
          a.style.display = 'block';
          var isIE = /(MSIE|Trident\/|Edge\/)/i.test(window.navigator.userAgent);
          var trkjs = isIE ? new Image() : document.createElement('img');
          trkjs.setAttribute("src", "/cdn-cgi/images/trace/jschal/js/transparent.gif?ray=6e7e7344fbd3320f");
          trkjs.id = "trk_jschal_js";
          trkjs.setAttribute("alt", "");
          document.body.appendChild(trkjs);
          var cpo=document.createElement('script');
          cpo.type='text/javascript';
          cpo.src="/cdn-cgi/challenge-platform/h/g/orchestrate/jsch/v1?ray=6e7e7344fbd3320f";
          
          window._cf_chl_opt.cOgUQuery = location.search === '' && location.href.indexOf('?') !== -1 ? '?' : location.search;
          window._cf_chl_opt.cOgUHash = location.hash === '' && location.href.indexOf('#') !== -1 ? '#' : location.hash;
          if (window._cf_chl_opt.cUPMDTk && window.history && window.history.replaceState) {
            var ogU = location.pathname + window._cf_chl_opt.cOgUQuery + window._cf_chl_opt.cOgUHash;
            history.replaceState(null, null, "\/doi\/full\/10.1073\/pnas.1108537109?__cf_chl_rt_tk=4Zs_3z8G0OgYL8SB.5YCIUD30qePMm0SrVc7VN4UIcM-1646604928-0-gaNycGzNByU" + window._cf_chl_opt.cOgUHash);
            cpo.onload = function() {
              history.replaceState(null, null, ogU);
            };
          }
          
          document.getElementsByTagName('head')[0].appendChild(cpo);
        }());
      //]]>
    </script>
  

  
  <div id="trk_jschal_nojs" style="background-image:url('/cdn-cgi/images/trace/jschal/nojs/transparent.gif?ray=6e7e7344fbd3320f')"> </div>
</div>

          
          <div class="attribution">
            DDoS protection by <a rel="noopener noreferrer" href="https://www.cloudflare.com/5xx-error-landing/" target="_blank">Cloudflare</a>
            <br />
            <span class="ray_id">Ray ID: <code>6e7e7344fbd3320f</code></span>
          </div>
      </td>
     
    </tr>
  </table>
</body>
</html>
