<!DOCTYPE HTML>
<html lang="en-US">
<head>
  <meta charset="UTF-8" />
  <meta http-equiv="Content-Type" content="text/html; charset=UTF-8" />
  <meta http-equiv="X-UA-Compatible" content="IE=Edge,chrome=1" />
  <meta name="robots" content="noindex, nofollow" />
  <meta name="viewport" content="width=device-width,initial-scale=1" />
  <title>Just a moment...</title>
  <style type="text/css">
    html, body {width: 100%; height: 100%; margin: 0; padding: 0;}
    body {background-color: #ffffff; color: #000000; font-family:-apple-system, system-ui, BlinkMacSystemFont, "Segoe UI", Roboto, Oxygen, Ubuntu, "Helvetica Neue",Arial, sans-serif; font-size: 16px; line-height: 1.7em;-webkit-font-smoothing: antialiased;}
    h1 { text-align: center; font-weight:700; margin: 16px 0; font-size: 32px; color:#000000; line-height: 1.25;}
    p {font-size: 20px; font-weight: 400; margin: 8px 0;}
    p, .attribution, {text-align: center;}
    #spinner {margin: 0 auto 30px auto; display: block;}
    .attribution {margin-top: 32px;}
    @keyframes fader     { 0% {opacity: 0.2;} 50% {opacity: 1.0;} 100% {opacity: 0.2;} }
    @-webkit-keyframes fader { 0% {opacity: 0.2;} 50% {opacity: 1.0;} 100% {opacity: 0.2;} }
    #cf-bubbles > .bubbles { animation: fader 1.6s infinite;}
    #cf-bubbles > .bubbles:nth-child(2) { animation-delay: .2s;}
    #cf-bubbles > .bubbles:nth-child(3) { animation-delay: .4s;}
    .bubbles { background-color: #f58220; width:20px; height: 20px; margin:2px; border-radius:100%; display:inline-block; }
    a { color: #2c7cb0; text-decoration: none; -moz-transition: color 0.15s ease; -o-transition: color 0.15s ease; -webkit-transition: color 0.15s ease; transition: color 0.15s ease; }
    a:hover{color: #f4a15d}
    .attribution{font-size: 16px; line-height: 1.5;}
    .ray_id{display: block; margin-top: 8px;}
    #cf-wrapper #challenge-form { padding-top:25px; padding-bottom:25px; }
    #cf-hcaptcha-container { text-align:center;}
    #cf-hcaptcha-container iframe { display: inline-block;}
  </style>

      <meta http-equiv="refresh" content="35">
  <script type="text/javascript">
    //<![CDATA[
    (function(){
      
      window._cf_chl_opt={
        cvId: "2",
        cType: "non-interactive",
        cNounce: "52472",
        cRay: "6e7e734a4c4c7e6a",
        cHash: "7fe1d8b8238e008",
        cUPMDTk: "\/doi\/full\/10.1073\/pnas.1211179110?__cf_chl_tk=pEXJ.iky21DFSPWSzyS.lK9x7VPsi7iaK5YfiIHPTr0-1646604929-0-gaNycGzNByU",
        cFPWv: "g",
        cTTimeMs: "1000",
        cRq: {
          ru: "aHR0cHM6Ly9wbmFzLm9yZy9kb2kvZnVsbC8xMC4xMDczL3BuYXMuMTIxMTE3OTExMA==",
          ra: "cHl0aG9uLXJlcXVlc3RzLzIuMjUuMQ==",
          rm: "R0VU",
          d: "9UDZQevIKrA/t3ho6+AgvmVW/D07askJRKszGL1rdgj0UOdFPfrXYdQ5sAjnqKAj22bBXv2yvOp0r7xiN7PYxKkKJVLMpwxmIHv3txFJ+JGdhMFTPJMKWjEJ8UdVzkJMjwGVcu4vUQozVm0PUbUsaDHsoY/PnFAZOQkA30Oh9Ce8d78NqWLGFBabfaHVF03Ee4dJkY/bYOt0jGhq/DJxyEqbr0jtd6OFgUM81heD64WDM2GgtNzBiFKgugkwtYXwSpXdPY0CcS/bszcB0eqX+MNv2StRwSVZrRY9Z4sG/YDvxB0jS0RQ38liE2yDBkdAAAzw/Os0gvPooC1vAyX7COf/jHOVhcTrSkbK81WswF3YhJb1o7gvCJwrNMN2+O5IoE9/ku8bRVPFUKlx3ynAxUs9/xE5VInG+BUeNKl9Zb8XofSpFDWFQPqoncRQbozss++6c7x0lZ4VCRcELWU5THVdMOxjPXxuoJTFv+PccaDvk5JhDgSe+7WG3hVyDFrXfQ6IPxBNQwRTsBvgbaJlYKzZ1ZcFvreXgOZsbRLA1DNvJMmvOk43iXZtcfkZJT/c",
          t: "MTY0NjYwNDkyOS42NjMwMDA=",
          m: "J5RPwG7t59sAVzKF4o2dcJYxUkodXOcBgPWcdAZDs84=",
          i1: "BI/EU6Vqg+htgWU5UoY9BA==",
          i2: "OuabjOIjGu4Wk2PcTP6JRw==",
          zh: "3XlKis5p8b5hgWF1bd9UgdW3b/8bjeC7/AQO0MH0R2I=",
          uh: "5GU+jYv2xJ+bCaE/ARmi/DORbiS/v56CW7E0TH4XWQk=",
          hh: "6jVH8R5/dXJ8mumrU5DmpMUHjcN9o1Dtj1SOBRoFflw=",
        }
      }
      window._cf_chl_enter = function(){window._cf_chl_opt.p=1};
      
    })();
    //]]>
  </script>
  

</head>
<body>
  <table width="100%" height="100%" cellpadding="20">
    <tr>
      <td align="center" valign="middle">
          <div class="cf-browser-verification cf-im-under-attack">
  <noscript>
    <h1 data-translate="turn_on_js" style="color:#bd2426;">Please turn JavaScript on and reload the page.</h1>
  </noscript>
  <div id="cf-content" style="display:none">
    
    <div id="cf-bubbles">
      <div class="bubbles"></div>
      <div class="bubbles"></div>
      <div class="bubbles"></div>
    </div>
    <h1><span data-translate="checking_browser">Checking your browser before accessing</span> pnas.org.</h1>
    
    <div id="no-cookie-warning" class="cookie-warning" data-translate="turn_on_cookies" style="display:none">
      <p data-translate="turn_on_cookies" style="color:#bd2426;">Please enable Cookies and reload the page.</p>
    </div>
    <p data-translate="process_is_automatic">This process is automatic. Your browser will redirect to your requested content shortly.</p>
    <p data-translate="allow_5_secs" id="cf-spinner-allow-5-secs" >Please allow up to 5 seconds&hellip;</p>
    <p data-translate="redirecting" id="cf-spinner-redirecting" style="display:none">Redirecting&hellip;</p>
  </div>
   
  <form class="challenge-form" id="challenge-form" action="/doi/full/10.1073/pnas.1211179110?__cf_chl_f_tk=pEXJ.iky21DFSPWSzyS.lK9x7VPsi7iaK5YfiIHPTr0-1646604929-0-gaNycGzNByU" method="POST" enctype="application/x-www-form-urlencoded">
    <input type="hidden" name="md" value="Otz3NV6IFQ0fXwET5p4WO4Dr.SBqi9eY9e2LyspIBao-1646604929-0-AYDTeK2BSliTfm5UgIsQhqp1rubA4KDIaEfgv-OJnDFJU5C4tumhfvOYvR1qwiPISC4gJG-ZLk9OtKSCUEv26iqwV_naZv9Tlv0hPswFokI6ayQk4syArr1wqjUQWpt3E-dLO7zJg7iW8dRszI2gze23X1PloVYhMGk_R_HU4hTR85w3Mw-CaZ7aLlOwRnKTmsY4JzrA4tLKSlwI9maSJfJCdodwpKkh4vTLpq8oyJNk7e-aghIadnE0TWkb_14obndo-KwHjG2Om_gqQQYWxsY4CQJUK3YtnUDLFen7kfwbPEYP8cqH8hSqB1w3FQcCnhQQHv-XNxSZUMTERMS1ACPe-HgaOeJ7lrTQiXqWOBm09uN3FnidjMYAKVgwsr_pOGuGSJiZkbcG3DhOilQUgOu3b0kiVedQUX8tif_2gSNpYartDlIY4_5cIImxdBaQtKXWy7AoTvd6cEZj3wNJZcqWGCO8KKqzRzCqADJVIcG_kARqPxbXpIZG2Qw90tyAMvpxl7WJzcCvZcZlimndCLXXiXc8XDIXcTRd4bEsIY_sL80oO6KFTds1dIQeAThct3QIXZ4CgW70HIgjqGTXy3wn-RdZa3aHbgLKWfsc-YsfgZW8pTnpP3ZKb31mKVIv4HRkBfHKw0g4YuYQvWDNUdSZHHKLnWgMZBHST8tP5LMmgfvVS6TDP0gOqhFECeKDEA" />
    <input type="hidden" name="r" value="MijVYCRE2CXiPkA3mAq8lY2t.YHrDvAsqRtmnimp6Cs-1646604929-0-AX+z/5WNSdwO2ehyf6fCGaqBNLAImCxgszfK6aOHmZ8Zk06cmzXA5IkVNtJ4QFHR11NkwtkmmzFyFx2iiM47Sqc3Zmy2H7O+t6ugk6h/KaaHLG+qfg094nQOZRHXbfUlS6MPPjjHxHIRTWCSixmCW8a4aim9CJl/nggO6GmPvN9KlyLwDWq8WEdgotoLdt1tkrz08jmJ6LEVzK9Ip8ytOdIULw22r6NDDDcF0CclH6dLgAZos1ZhzO9f7G5mduXkaAFG3VQ1Prr5J4bBeDqosWwj06tUnX7+j/pA8wKUKkdreYRmQ2zDDrTn2c2ybPno1lk1H1f+yunKcjgraY+pMMaAzhp7dpwicQUCeByp+BU6XgWyL/fVOrvR2wxLlB9mEv2OaStRr8yISxXGR6NAVqqAt9l7/CAOZFzr2vYYjjCsYI+IqvdPZa4K83Lj7br6Psr9uNkxe4gwhdUmc8HTshpKj3Upt1IHrNwVksPO8Yur7bpr2hjO8t+nDxNWaeq0ArJ/ngEYFLW3WsKRdQJTEC9MB6ETLGDgvXB/mlPvnGMfZ5XBjxghiQ8shOnc3HjjwukAtJcC0AlWQTY7UAFJ89xS0QKCBYo3QtpiIL45vUL/ID3DuoIR7VN5Cejz49vQ2MpI7aOyt7VXZkPGF82p+eGOdH5k5CjBVLCeXD05DpILZOYsTqGRJ3EYODwqia27oxNBLdQ8n5KHV7iemVuw+aKrd38QlaI0UZ4epajIIiqQ15kM08QMZBsGsukS1mYa3mz/UKQz/Jy9GJ0isKnSGsQkVJSBhQGjgvje6NtHeAI10kBBrJI5zrEjpv8tQFvM40q5wORVaBrsGybs5tsrYlR3B1DJrdwnh839+Ryr5FxrQ1MB4F44XJKfrS9zCOA1Qs1Gz3K/YEsjRC2sS9rDc72e5Pg+8WbZbviF3UWpuga88n3hidCns891XY/szVP4ChVY8IcZR5UWTKP4Kr9Cs+47wAu0hPmWNHajcFsYJYH+mK0l4yA6Ptv5KlKG0b5LlYTt5QavxaRyC3Y04xP2318VCfGC5zXrZ5QRcc5XXRkte68tjxHsSmRuvmAG9XmF13QPwhuv6KQB4N4J6WBPwQGTnu0FfnempHk4HEGHCKo/szWBGIdhuV8Gob975Wr1TtP3jsht2UcC5NrU+UmENIj/+1oUraW29FoklvK+sSAJMoLz7NVBSxdlifjOra44tWLxtrm21gPO380Jkb03mXgavmyk20QRJhVQJlrS8LziiQ3ul9JpY08f9LcWRYqgqErvXsACUOq+z82V8AlQ04k/QJBvIlJWAzedmCN6gSew0K7nO8ea4b8pX5fElbyS3049/ESpSv6HQybazTWxSD27CmN2aI/5Dk7+A31HtI0ES9AfoBloME1TTNNHdTvZwWfIDTFct29salUsICYA9Gx8J6bCAbudCctCN/rTzMTTzlO2tSOZVym6tg45SP/xCRP083hrKYrnNud08riikpEZPKP6m7p0d0h4xIRfNsggpV71DRPSMh9i6sLvWaw9bx6I4wQSHBNBtJoHA/AzwAYAnoux70Jm8V5kq4kbOm/+6r9YfeZ5LCwYWcL8ITCsIzrb2Wz0qaUNmS+nBSxC52+UlULGV1StcJxQXcZQhEBBXjrA/VyhBn7zVyPWNjjCW8fyNDuEMZ3W12K8wfhODH054Z2TPaMwDgV1HnPWM2YvWvgr7uogHgLyEREVst0egUdKDVF95jXN5hJdHYLH2bG46lm9uMRlWhHPkMyQ9T4b"/>
    <input type="hidden" value="b9003522cc801a36744e59b3a1714caf" id="jschl-vc" name="jschl_vc"/>
    <!-- <input type="hidden" value="" id="jschl-vc" name="jschl_vc"/> -->
    <input type="hidden" name="pass" value="1646604930.663-+Ez2FhWjNr"/>
    <input type="hidden" id="jschl-answer" name="jschl_answer"/>
  </form>
     
    <script type="text/javascript">
      //<![CDATA[
      (function(){
          var a = document.getElementById('cf-content');
          a.style.display = 'block';
          var isIE = /(MSIE|Trident\/|Edge\/)/i.test(window.navigator.userAgent);
          var trkjs = isIE ? new Image() : document.createElement('img');
          trkjs.setAttribute("src", "/cdn-cgi/images/trace/jschal/js/transparent.gif?ray=6e7e734a4c4c7e6a");
          trkjs.id = "trk_jschal_js";
          trkjs.setAttribute("alt", "");
          document.body.appendChild(trkjs);
          var cpo=document.createElement('script');
          cpo.type='text/javascript';
          cpo.src="/cdn-cgi/challenge-platform/h/g/orchestrate/jsch/v1?ray=6e7e734a4c4c7e6a";
          
          window._cf_chl_opt.cOgUQuery = location.search === '' && location.href.indexOf('?') !== -1 ? '?' : location.search;
          window._cf_chl_opt.cOgUHash = location.hash === '' && location.href.indexOf('#') !== -1 ? '#' : location.hash;
          if (window._cf_chl_opt.cUPMDTk && window.history && window.history.replaceState) {
            var ogU = location.pathname + window._cf_chl_opt.cOgUQuery + window._cf_chl_opt.cOgUHash;
            history.replaceState(null, null, "\/doi\/full\/10.1073\/pnas.1211179110?__cf_chl_rt_tk=pEXJ.iky21DFSPWSzyS.lK9x7VPsi7iaK5YfiIHPTr0-1646604929-0-gaNycGzNByU" + window._cf_chl_opt.cOgUHash);
            cpo.onload = function() {
              history.replaceState(null, null, ogU);
            };
          }
          
          document.getElementsByTagName('head')[0].appendChild(cpo);
        }());
      //]]>
    </script>
  

  
  <div id="trk_jschal_nojs" style="background-image:url('/cdn-cgi/images/trace/jschal/nojs/transparent.gif?ray=6e7e734a4c4c7e6a')"> </div>
</div>

          
          <div class="attribution">
            DDoS protection by <a rel="noopener noreferrer" href="https://www.cloudflare.com/5xx-error-landing/" target="_blank">Cloudflare</a>
            <br />
            <span class="ray_id">Ray ID: <code>6e7e734a4c4c7e6a</code></span>
          </div>
      </td>
     
    </tr>
  </table>
</body>
</html>
