<!DOCTYPE HTML>
<html lang="en-US">
<head>
  <meta charset="UTF-8" />
  <meta http-equiv="Content-Type" content="text/html; charset=UTF-8" />
  <meta http-equiv="X-UA-Compatible" content="IE=Edge,chrome=1" />
  <meta name="robots" content="noindex, nofollow" />
  <meta name="viewport" content="width=device-width,initial-scale=1" />
  <title>Just a moment...</title>
  <style type="text/css">
    html, body {width: 100%; height: 100%; margin: 0; padding: 0;}
    body {background-color: #ffffff; color: #000000; font-family:-apple-system, system-ui, BlinkMacSystemFont, "Segoe UI", Roboto, Oxygen, Ubuntu, "Helvetica Neue",Arial, sans-serif; font-size: 16px; line-height: 1.7em;-webkit-font-smoothing: antialiased;}
    h1 { text-align: center; font-weight:700; margin: 16px 0; font-size: 32px; color:#000000; line-height: 1.25;}
    p {font-size: 20px; font-weight: 400; margin: 8px 0;}
    p, .attribution, {text-align: center;}
    #spinner {margin: 0 auto 30px auto; display: block;}
    .attribution {margin-top: 32px;}
    @keyframes fader     { 0% {opacity: 0.2;} 50% {opacity: 1.0;} 100% {opacity: 0.2;} }
    @-webkit-keyframes fader { 0% {opacity: 0.2;} 50% {opacity: 1.0;} 100% {opacity: 0.2;} }
    #cf-bubbles > .bubbles { animation: fader 1.6s infinite;}
    #cf-bubbles > .bubbles:nth-child(2) { animation-delay: .2s;}
    #cf-bubbles > .bubbles:nth-child(3) { animation-delay: .4s;}
    .bubbles { background-color: #f58220; width:20px; height: 20px; margin:2px; border-radius:100%; display:inline-block; }
    a { color: #2c7cb0; text-decoration: none; -moz-transition: color 0.15s ease; -o-transition: color 0.15s ease; -webkit-transition: color 0.15s ease; transition: color 0.15s ease; }
    a:hover{color: #f4a15d}
    .attribution{font-size: 16px; line-height: 1.5;}
    .ray_id{display: block; margin-top: 8px;}
    #cf-wrapper #challenge-form { padding-top:25px; padding-bottom:25px; }
    #cf-hcaptcha-container { text-align:center;}
    #cf-hcaptcha-container iframe { display: inline-block;}
  </style>

      <meta http-equiv="refresh" content="35">
  <script type="text/javascript">
    //<![CDATA[
    (function(){
      
      window._cf_chl_opt={
        cvId: "2",
        cType: "non-interactive",
        cNounce: "759",
        cRay: "6e7e71749fb17be3",
        cHash: "f0cfc1e3a4feb90",
        cUPMDTk: "\/doi\/10.1128\/mBio.00275-11?__cf_chl_tk=bmakGvEhLDUQXc0VNdsLXAZB6RaUulpWOR2x_IqTaSI-1646604854-0-gaNycGzNB1E",
        cFPWv: "g",
        cTTimeMs: "1000",
        cRq: {
          ru: "aHR0cHM6Ly9qb3VybmFscy5hc20ub3JnL2RvaS8xMC4xMTI4L21CaW8uMDAyNzUtMTE=",
          ra: "cHl0aG9uLXJlcXVlc3RzLzIuMjUuMQ==",
          rm: "R0VU",
          d: "jX3SOD6CZQWWZMoAYaV2ktp2jYB1ta0/Z2tvsU5AdOK1gi0nTbAKriYsn6/KWnfNMFXJFhcOCbJvGaF73gfl1HUx8P3oVcs66vbg+YRkp/pNRwqKnyU11RFmyrDhQ1qU4e3glCbZeKc097rHMznv9qwv1JjMkrcOp4B39mzyUgoceyS0fUXjSBfBKFNwP0C3PoMrWZimcX4w/UScHK3vgox+0QrnTctxpDCCXBKcxVvIN4YNNO6uxa/dhWaH8ASclmHdG8RXcXOwaf8vb3CYvvqVw0fHNlj4FwGWku7jfX5yUBwZOv4PdlWCxTazUz1+LdtC+BWhdadAcC5DM+bZX/BmuGlG9wJD/jzyyKVSSXuh9mImkAPDPVD8pBpqbFjEuLgIQfvKyru6AeyF5I26NunP0WnD9Y/HROw9JushojOqqPu6CwKPn8rcesO1t9EacGasb4DSlPad68mnql5AFURBO6GuezFECyHSmYubrDEN1lykd0+YJ1VgLEvuhK+RYAvayfFSe7muKFjApNF7R6OHJF3ic93lCOwK7EkP5YUkXt7Q8dfrVfSktBckF/tn",
          t: "MTY0NjYwNDg1NC41MDMwMDA=",
          m: "ZcJU5m6O4+B/SniB/5NrHvVdZDUh/zOC6Kxlqn5xrM0=",
          i1: "w4cF/sCq2pFXN9bpgcF8OQ==",
          i2: "cLxj4l5uRQTc6Z7gvrAKVg==",
          zh: "Wdpz5DKIdp61fw1xi4/5+xF7d1QEaZ1MFNsdHIgPg6o=",
          uh: "5GU+jYv2xJ+bCaE/ARmi/DORbiS/v56CW7E0TH4XWQk=",
          hh: "kD0SA7WPJmOf4c5gVlTVLqmiA7Wp4e9AgVYIXtU6h0M=",
        }
      }
      window._cf_chl_enter = function(){window._cf_chl_opt.p=1};
      
    })();
    //]]>
  </script>
  

</head>
<body>
  <table width="100%" height="100%" cellpadding="20">
    <tr>
      <td align="center" valign="middle">
          <div class="cf-browser-verification cf-im-under-attack">
  <noscript>
    <h1 data-translate="turn_on_js" style="color:#bd2426;">Please turn JavaScript on and reload the page.</h1>
  </noscript>
  <div id="cf-content" style="display:none">
    
    <div id="cf-bubbles">
      <div class="bubbles"></div>
      <div class="bubbles"></div>
      <div class="bubbles"></div>
    </div>
    <h1><span data-translate="checking_browser">Checking your browser before accessing</span> journals.asm.org.</h1>
    
    <div id="no-cookie-warning" class="cookie-warning" data-translate="turn_on_cookies" style="display:none">
      <p data-translate="turn_on_cookies" style="color:#bd2426;">Please enable Cookies and reload the page.</p>
    </div>
    <p data-translate="process_is_automatic">This process is automatic. Your browser will redirect to your requested content shortly.</p>
    <p data-translate="allow_5_secs" id="cf-spinner-allow-5-secs" >Please allow up to 5 seconds&hellip;</p>
    <p data-translate="redirecting" id="cf-spinner-redirecting" style="display:none">Redirecting&hellip;</p>
  </div>
   
  <form class="challenge-form" id="challenge-form" action="/doi/10.1128/mBio.00275-11?__cf_chl_f_tk=bmakGvEhLDUQXc0VNdsLXAZB6RaUulpWOR2x_IqTaSI-1646604854-0-gaNycGzNB1E" method="POST" enctype="application/x-www-form-urlencoded">
    <input type="hidden" name="md" value="KdShOwW5RPJoe1uHBr1BBQKk8ddOQrTrwsJOJYMUerw-1646604854-0-AdhRsbegbhnOnE679CPEnPubb8JdfcxIYvo4JIr32L1rHxSvAfOJb8H5w09eDEnVL208oDUIlqJuFRMc7kydRZgTvTQYix7PlhuJb9O_WYdHfIzV02967lVkjyzINKjuUSr-xukyM7YkUa5lbFNEB9E0RjBXMZYvu2QZOWYnBpytA10utCjAFm-0FxX-FVlyQvU4quoK8TxWmopcrCcfehCXQaYaKZ0V7ieTfvjYc0vhGH4DlkdhKaLfy8ZAXhiRYGbozqCTT7nCoxX4z2O1ZVwQRpFWEWH9pFFxz58fWmgMZspU2uO54mpdKXdqd4tN3xVhrBFhpMeTuagaJMS_ZmdA310SSseht3h65VQFNFHNWw7lcmRB1BMpmhDhXOGJrAKOYOHBPcOq6zW01qToNKI34CD7t8fL9zrkLuNrSIQvR2-xUsUOorMSu_3c_u7PjegKGCRtWQHAXUWdhoB91PsCKewpMrLu95tz7ngRpCmUpyyjD1I2ADTMH7HN1-5xxYL6XM15G4rQnl4aj_N-ZMy6CG6H3qofxdt7N1f2faARMPVnb8ASn8gFnMUk19TvyErxUcLyAgVNyUC5u_odPmLfqe-ZhTyxYMKDnlcQSw6b1JSwox_S15uXNV2IDKtMexL4KIUIGAI0jg7a-gvSiwc2DhtxOQua8tAYgVmOt5PibKk7MDcP2rz_0Lb8KahFQg" />
    <input type="hidden" name="r" value="WXoB_QG0PZ5K_AQMLxfz7PIZn12XTtwGaEC4UeFKI0M-1646604854-0-AcVSXwQFgqUyq4f9/vxBpLlk/yf89iqbi2pIPfGgbWjVLuOYqDNp9gQ81TsNT1QK+T+l33r/6mgAuRK+QY09J4LSx/d+x0ckTfhnrXzRGG1ay/psx6jLxi6zCVVCzQcq7/xwgMBvATeOazPzD1lcnEHYCDk8lTOX6ZZjqDuhD8hIW+grE2bcEUSqVC81Jcx2XCPDbP6z0Fmb/nsMEf37bkdM1IPmvcI79CvlBXoj2zl2KTYEPClfGeUwPSSnU7iFRIBTCHDjw57fKJQgJXlV8Baua+SiqFTP0RaiqIJkhDRvwI2LZmz/xWNI/1Sv8QURCVoLsyP9vm83vqeK5/g1aQS7ZMvl8MVIwJpsQhodDWlKOKeKYESc6R/mIAv7nC/p1k8Y6apPrOicEY3gDWF2+tQ4XIy+bCz7h21oOAOX5b615/sZDZXoYWvhUdPE4x0LlakgJBZ/0I8Edssa0EpIm82AvRaYof9lSqGCjWyZ8UA7mfImodxDfl1Eu11zNcuWkBiSH8a+ShAwzu08GUzbDgTWGYRehQ7kY1zuDUjhVwSfvvWLvu7voP0x5ao01OvnPWRJfzVltaqR2GkTzb0hVHyDq29+pRKuK+h+UnjZmLJ28jRcKCEo4x5YmT/WckT+tzLydGrF/JxFM+McJltg2uzFZtTiXLK88dHqZ725XHcfFyiTZaCS5f2x8WwOWAUcK10Md+FvPnPkipc5wf7jK5WYWWnsC8L6/Wa4JitPfa/SBGMBVWhy7CPRd7G/2rC/jQfVEjlJW2RY3wx/eblg1cQEKsGFZxX+rIx/vxVXwnZAM4i5tVCwSj8/J/TJiju033L0UKos0pyHY5fJB7n3pgC4JpICQwYLxEJvMtYBdmgWSmmBC4/LiK5zUv2tFfAeyAYBq37qMjqL3A7TqN0YEES51lL7cnOGTT0akxU/7Xm7H+vc2fRGxEWWOvEoBfvK+mVcLBJ6vrzG/VewJWlwQ8uzhVUqqCQfbK7nu3DxG2Ju/yJK8uT4Bfue1enHP26bwThWLqGTqFFFZDziTOGxjA1qw8Yqaw0sqJWpwSGmVFNwIjDYgWQtCj/fIblxVWN9P1wT9eFgnVIUjtXVJnq9/XeDwZnNMzbgFvOtyxaADRgln+mqu+EGhqp3RUUQZihxo+UkcCs7UtRoGY7uNxY0G7M/X9ChB5pjqjc+AxGfEavONebCoLf7qO2n8ZuZ7W/TXpqqzuu9nv3wz5qO23sXGFHg8drba8NoaW3u2J0uhVbiVI9q6+peN/5W0ro1OjG2RpEfceQK0BHqCG8QFwdfdCbt453Oh3aO/MgfqwzH9FRdt3LqAR5LNvhCMTzCsWcBYpQoByWXhbfAMorTPkiW0BbRgAHZZlrTWOGBrDP0JZVxT5BnXleDuN6OZNRCeBLBwRiW1eaW/RkYoBz7ejYBRuT+bsAO1Rc82/n4AQy5RLWGBJHcMZ7kYceofhjfXtzi7nd9p8NDFgMixdUpT64PE9sxbd7LN2up63rHswRtzt7EtUiv87veo/qmmronnbFxKEK8A1RbyZrtjPSKX6oUoIAHRgyE2eQiEgUoYzSsSs1oTDT9wdpWESWFXmx0GwzoplL4TZg5JIK1DgYAFJmRgtgsxjzA1146xXeGNrkZ77WMI0qW2KZNjq070U/PJVqKkdnC8dDQsWUuTPz5TV1jHM5TWgyQgsyI+MAitwysD/JdkvzY7wyPl4E+c5OIx0I511VS+2vmhPfJL0aAn8PPkeD+UxIQh+bNUOgbHo4LwhYtr9xfccpwNoqU8ISCfXrUUdgbc4SWHgHOw/YaR7oT2kI="/>
    <input type="hidden" value="b63ad7c3809ee9d6a307d2a96117e726" id="jschl-vc" name="jschl_vc"/>
    <!-- <input type="hidden" value="" id="jschl-vc" name="jschl_vc"/> -->
    <input type="hidden" name="pass" value="1646604855.503-sPTsnQhaMm"/>
    <input type="hidden" id="jschl-answer" name="jschl_answer"/>
  </form>
     
    <script type="text/javascript">
      //<![CDATA[
      (function(){
          var a = document.getElementById('cf-content');
          a.style.display = 'block';
          var isIE = /(MSIE|Trident\/|Edge\/)/i.test(window.navigator.userAgent);
          var trkjs = isIE ? new Image() : document.createElement('img');
          trkjs.setAttribute("src", "/cdn-cgi/images/trace/jschal/js/transparent.gif?ray=6e7e71749fb17be3");
          trkjs.id = "trk_jschal_js";
          trkjs.setAttribute("alt", "");
          document.body.appendChild(trkjs);
          var cpo=document.createElement('script');
          cpo.type='text/javascript';
          cpo.src="/cdn-cgi/challenge-platform/h/g/orchestrate/jsch/v1?ray=6e7e71749fb17be3";
          
          window._cf_chl_opt.cOgUQuery = location.search === '' && location.href.indexOf('?') !== -1 ? '?' : location.search;
          window._cf_chl_opt.cOgUHash = location.hash === '' && location.href.indexOf('#') !== -1 ? '#' : location.hash;
          if (window._cf_chl_opt.cUPMDTk && window.history && window.history.replaceState) {
            var ogU = location.pathname + window._cf_chl_opt.cOgUQuery + window._cf_chl_opt.cOgUHash;
            history.replaceState(null, null, "\/doi\/10.1128\/mBio.00275-11?__cf_chl_rt_tk=bmakGvEhLDUQXc0VNdsLXAZB6RaUulpWOR2x_IqTaSI-1646604854-0-gaNycGzNB1E" + window._cf_chl_opt.cOgUHash);
            cpo.onload = function() {
              history.replaceState(null, null, ogU);
            };
          }
          
          document.getElementsByTagName('head')[0].appendChild(cpo);
        }());
      //]]>
    </script>
  

  
  <div id="trk_jschal_nojs" style="background-image:url('/cdn-cgi/images/trace/jschal/nojs/transparent.gif?ray=6e7e71749fb17be3')"> </div>
</div>

          
          <div class="attribution">
            DDoS protection by <a rel="noopener noreferrer" href="https://www.cloudflare.com/5xx-error-landing/" target="_blank">Cloudflare</a>
            <br />
            <span class="ray_id">Ray ID: <code>6e7e71749fb17be3</code></span>
          </div>
      </td>
     
    </tr>
  </table>
</body>
</html>
