<!DOCTYPE HTML>
<html lang="en-US">
<head>
  <meta charset="UTF-8" />
  <meta http-equiv="Content-Type" content="text/html; charset=UTF-8" />
  <meta http-equiv="X-UA-Compatible" content="IE=Edge,chrome=1" />
  <meta name="robots" content="noindex, nofollow" />
  <meta name="viewport" content="width=device-width,initial-scale=1" />
  <title>Just a moment...</title>
  <style type="text/css">
    html, body {width: 100%; height: 100%; margin: 0; padding: 0;}
    body {background-color: #ffffff; color: #000000; font-family:-apple-system, system-ui, BlinkMacSystemFont, "Segoe UI", Roboto, Oxygen, Ubuntu, "Helvetica Neue",Arial, sans-serif; font-size: 16px; line-height: 1.7em;-webkit-font-smoothing: antialiased;}
    h1 { text-align: center; font-weight:700; margin: 16px 0; font-size: 32px; color:#000000; line-height: 1.25;}
    p {font-size: 20px; font-weight: 400; margin: 8px 0;}
    p, .attribution, {text-align: center;}
    #spinner {margin: 0 auto 30px auto; display: block;}
    .attribution {margin-top: 32px;}
    @keyframes fader     { 0% {opacity: 0.2;} 50% {opacity: 1.0;} 100% {opacity: 0.2;} }
    @-webkit-keyframes fader { 0% {opacity: 0.2;} 50% {opacity: 1.0;} 100% {opacity: 0.2;} }
    #cf-bubbles > .bubbles { animation: fader 1.6s infinite;}
    #cf-bubbles > .bubbles:nth-child(2) { animation-delay: .2s;}
    #cf-bubbles > .bubbles:nth-child(3) { animation-delay: .4s;}
    .bubbles { background-color: #f58220; width:20px; height: 20px; margin:2px; border-radius:100%; display:inline-block; }
    a { color: #2c7cb0; text-decoration: none; -moz-transition: color 0.15s ease; -o-transition: color 0.15s ease; -webkit-transition: color 0.15s ease; transition: color 0.15s ease; }
    a:hover{color: #f4a15d}
    .attribution{font-size: 16px; line-height: 1.5;}
    .ray_id{display: block; margin-top: 8px;}
    #cf-wrapper #challenge-form { padding-top:25px; padding-bottom:25px; }
    #cf-hcaptcha-container { text-align:center;}
    #cf-hcaptcha-container iframe { display: inline-block;}
  </style>

      <meta http-equiv="refresh" content="35">
  <script type="text/javascript">
    //<![CDATA[
    (function(){
      
      window._cf_chl_opt={
        cvId: "2",
        cType: "non-interactive",
        cNounce: "22026",
        cRay: "6e7e71788b8f7af9",
        cHash: "2f0e6bc889a0dd2",
        cUPMDTk: "\/doi\/10.1128\/mBio.00252-13?__cf_chl_tk=H8vNOmx6jGj46vmnth8D_ljwJ0sOIi_Jc25th1HQnh8-1646604855-0-gaNycGzNB1E",
        cFPWv: "g",
        cTTimeMs: "1000",
        cRq: {
          ru: "aHR0cHM6Ly9qb3VybmFscy5hc20ub3JnL2RvaS8xMC4xMTI4L21CaW8uMDAyNTItMTM=",
          ra: "cHl0aG9uLXJlcXVlc3RzLzIuMjUuMQ==",
          rm: "R0VU",
          d: "fhu6JlAKvcgGfaZ3YAMutOwiigtbJeh0WR+UT5J3HZobnFlqqgpXRrhuxFqxJy9faOXFarfartLUNg5j5icda0AbLFXaF6L123KAFAO1vSJjYequpt8SQmwE5hIZYnN/PZFpOJ5dNx2iwYXWsbX7LyqsW5ioQeMVEodyVXYrE/iASkVS/zBuWPrK3jAeoimhFXuZeryReHrPg3JuzX5PO5ZJxjkRxQgrXazTqRsb+N6D7i4Jrrz7Wj9vWj8R1X599oaKfGAdN6dNYoM8CuyP9uRApxFocVIxueB1K8OZrAt4iSW+yIHrbEhkr/YrWjNqp8a5P+Seg4+gQTuBQFvBwGDUU/6RIJm6WDpGK5IloKNUeNEHMKu6lxvGtdy4BB7Aryq6Wlp6hP5QxPdyKJPQNZJ+gykv08OsfBOluCJReXFWU2GYPLa6P4rw1vfd39Gvlo/VHboCQGJ3Fy8//1bptFWBX0H+4nFh6JdEXV0tLS1EHrhuOfpIZZ2nP3g6WmzAIGMi+apl6q3WEAXeL9eF1t3+T5LDou35pnqpfT7tXs/R9v45IhhumZyH3m/qeq+c",
          t: "MTY0NjYwNDg1NS4xMzYwMDA=",
          m: "y1Q+gXFbectaUJCmNp/igKsPrhIwGzJ8i6s7uWzy/Yc=",
          i1: "czRecrODpMBU/nnl/fwjaw==",
          i2: "pDf3YFu5OhWQoBVNQG1tjw==",
          zh: "Wdpz5DKIdp61fw1xi4/5+xF7d1QEaZ1MFNsdHIgPg6o=",
          uh: "5GU+jYv2xJ+bCaE/ARmi/DORbiS/v56CW7E0TH4XWQk=",
          hh: "kD0SA7WPJmOf4c5gVlTVLqmiA7Wp4e9AgVYIXtU6h0M=",
        }
      }
      window._cf_chl_enter = function(){window._cf_chl_opt.p=1};
      
    })();
    //]]>
  </script>
  

</head>
<body>
  <table width="100%" height="100%" cellpadding="20">
    <tr>
      <td align="center" valign="middle">
          <div class="cf-browser-verification cf-im-under-attack">
  <noscript>
    <h1 data-translate="turn_on_js" style="color:#bd2426;">Please turn JavaScript on and reload the page.</h1>
  </noscript>
  <div id="cf-content" style="display:none">
    
    <div id="cf-bubbles">
      <div class="bubbles"></div>
      <div class="bubbles"></div>
      <div class="bubbles"></div>
    </div>
    <h1><span data-translate="checking_browser">Checking your browser before accessing</span> journals.asm.org.</h1>
    
    <div id="no-cookie-warning" class="cookie-warning" data-translate="turn_on_cookies" style="display:none">
      <p data-translate="turn_on_cookies" style="color:#bd2426;">Please enable Cookies and reload the page.</p>
    </div>
    <p data-translate="process_is_automatic">This process is automatic. Your browser will redirect to your requested content shortly.</p>
    <p data-translate="allow_5_secs" id="cf-spinner-allow-5-secs" >Please allow up to 5 seconds&hellip;</p>
    <p data-translate="redirecting" id="cf-spinner-redirecting" style="display:none">Redirecting&hellip;</p>
  </div>
   
  <form class="challenge-form" id="challenge-form" action="/doi/10.1128/mBio.00252-13?__cf_chl_f_tk=H8vNOmx6jGj46vmnth8D_ljwJ0sOIi_Jc25th1HQnh8-1646604855-0-gaNycGzNB1E" method="POST" enctype="application/x-www-form-urlencoded">
    <input type="hidden" name="md" value="dawUJOpW1mFQNJXFDgNhGAUSjjGUUu_7jXPFsAa7tcU-1646604855-0-AV_j36KViAWTirCJLL3QsyqlqL7BPgfuKA6nCYeLGTplx_cqO4QXXrxupKM9XP_VZUto9WRU9Ai4SoZBUuKKYsW2j6zEB2c1z27bBz5oc3qTgJO2awo7nSjpFssr1cndGTP5UKvA3WzbQ1yP2mwThAQ89H7vyT_3SYHvusnNjTQ9f82FjfZXaJFUmJq0bOpRXqXLHFwfr2Qm4bEKZ4WwYMsztxYSGvFd5HgI1XiTejT0n2jN74o8F0kGARnJNHZapWsa_PSV03GYD0J0Q6jCDiAeeZVPQVkPY3aR_uZnTCjP7ASyCoT3hdY_TzYzic5uCoWNMo3v6P9GoXV-Jp5xR1yOzxX3mmBKi6H206fJk87RZ0Z1pgNU_eLjGQlxMA0BYtQTnCyT8h-RtpVSr3BrnnUQ25s5ksKnficiyZyGrUG6S8b-IPrmjaGfA_rIVjgEYC7i7KaJ6B9Qm7jKdlbK-XxZ2cfVPLrMK2ZA0NQAHRZ297v--_u7MbSZYfBZOUL8Lu5sQvXb7VyjxKyegWoPudR0poX9WySZ6TU498narcG0WvSShXZNoHlYWnGTP1HHUJtSxdejnTVUuYjBY488P0cI0KhGn3bLGRKsht3dKRkk8uK_hJACdYlr3s1pHESTAeglhyAS5o7zMDgXWzdZ8FHGQho_8C9IjeP_1auCXWuM0XFM3hWYDb8qTJymIjlx1w" />
    <input type="hidden" name="r" value="F.flNeMFjlX.AUFKHgEc8oJAvnI9dbaUjcvtahAw3iw-1646604855-0-AW1Ut1skcFx26czGG35tWEHDKV2Cvh6ezRpkWeSQFxaWn0IXkR0NrZLCb6WND/FzD050BD7rSx0dGmY1unhaQyr/JXDFbQefpXIXu0s8AxEymzic2LV8wYrnx9PooMo3fX8DtOqIy/E8glf9mlbXn2iSewQcs6s0lL+Uu703OScP15AZcdwjQ5pJazzTaauOQQFBsGwkttKENrkkLe3C/EpDSbsXAqxf3UcBiW8DkErlvmg6gOkLOZBj0RZ69rbRM5sVq1ggKnY7zisFTubVLykFeL5rBwcqZq3f6in6yfCjmFlfaE79zMFxeJxN4QdI6997/HXoqN6IdIbVZbXe+WNegQrXmQxy/xDwJTAR++Mfg1iDQn9tEDV+YSHBTnfbWxZi6vW+/hbcdBEWnKyOCjxoktYX6w6uB7Wd8m9MPpOpBZMGDtpGPM1RCQe/cA/gluArCjHcds8hI8BOMsySa1mA3cPm7GJdjN6QtNv1oVLExMxjvHdFA3gg4DHJI/aTAIT/vqsVUrV77rlRs5BIRaAwYPB2JKJD9qW7zGd9x5cOGIF8aRKKuJBYHz0AiQ/tnwOROFam/O38Ul9ETS9rp8QOIh+3DymxVKaVnlhRj8rhfMU+Y9dXYG+TKyPk89q/pD728ZxV/C6rmJYjM46pMSW8SXApd1lNJz3w81Kmk1H3Y1YPFlmLrBV4S0zqnrHFJs6z5Ebjvx9HdAWInkwlkOmuBPyT8Gl7Hm4VwglaFDZTIP8+oXz3KyekjYPeMo4pOxg8YbXwZKojPz+zjnKlzwe5JKD8x7TEED/04eO68JHSV+tY6C4VOwnT/p1Dec7B2GVEezmDFYmBADPwvaN+bESksN+aUMgPz6EpRtHQsf3cFyJKK0ela18xU84/1UcwIfW4oCgFPw3u+XpFz0gZwfyaxFYlxKAl/GN0qJ4t+ju+n1g+0cMgw8AsEpj/+9mmusnAcjpoHUoEQQmqt/41Rp06K3XeCew9/A30vK121+DenLuNBbds8SyAWS1i+Z+JxPc6wOcyhrUuNZwddz6BdcZLv0vVI0hb3ipugx/w10d2usi4/2KYwADEtW1s549nQLJNl35VkTBofGNhK6kMW7xV2JGSyCBb00UH74dp3OySWvlJrLEhs790i1PqH/YXK58NLE+k/3YJotAKxs1ZS+zUp+BouY16dUO6Rg31c3BZEYQ8Q1uNmdBjR+h3/HtUPn4na5Q8OAihbgk897bwqSafsoG7Dt0TNfCppo990wrUdpEQVBJiVZFuSbnuXbKQXx5HuXhOPb3APB1WSHBb/iANx9TpnyRjuxt+tYbjmyddcWStjaxBTuoREdUhFu471PZ4W5VI3H7+pswnTk+7+xo1XSIkiielXnW/B7mEXeqf+h9sMb/+u/Fgik+O0gSAOTGTl8ZN1Rnh7HbRuocoj9gT1PFU18lwVVE48SRiJGR4OZOURh5lRZyDtF6rjjsL0JXZBF5tz6Ba4qaqyDMds5r/p43XJFJ71bHO3CwQaCLMP+AHZOKGwf6SVRZHNcdiVHSZAq8L+SKSLttCVaIkg69waEo19u0/6Gvwy7Gs9xNokowTWIuOcycYDAMbGx3co85Ps165XhW3iH2X+vF4EFlMZvQS+4r6Bkf6iiHiA/7xo49asOFwHvc/pclYuD4zwVM6zYWI0f+oWFLwNjAdp8DiWKRUpVs1eDa4m9HcPHG8YBcXDHg8suVF3Pc9pGsBSa69DZb5nxcMbmNOHY3w+Yps5JHzr+/jaYinRPIQ5m6gULcs5s7IT2xxfyX9D8opvQC77MfGmvMBlJljqzNJuLs="/>
    <input type="hidden" value="5b1eacbdf42da3d52ad91b7b5ed4d792" id="jschl-vc" name="jschl_vc"/>
    <!-- <input type="hidden" value="" id="jschl-vc" name="jschl_vc"/> -->
    <input type="hidden" name="pass" value="1646604856.136-k6neVLUgYz"/>
    <input type="hidden" id="jschl-answer" name="jschl_answer"/>
  </form>
     
    <script type="text/javascript">
      //<![CDATA[
      (function(){
          var a = document.getElementById('cf-content');
          a.style.display = 'block';
          var isIE = /(MSIE|Trident\/|Edge\/)/i.test(window.navigator.userAgent);
          var trkjs = isIE ? new Image() : document.createElement('img');
          trkjs.setAttribute("src", "/cdn-cgi/images/trace/jschal/js/transparent.gif?ray=6e7e71788b8f7af9");
          trkjs.id = "trk_jschal_js";
          trkjs.setAttribute("alt", "");
          document.body.appendChild(trkjs);
          var cpo=document.createElement('script');
          cpo.type='text/javascript';
          cpo.src="/cdn-cgi/challenge-platform/h/g/orchestrate/jsch/v1?ray=6e7e71788b8f7af9";
          
          window._cf_chl_opt.cOgUQuery = location.search === '' && location.href.indexOf('?') !== -1 ? '?' : location.search;
          window._cf_chl_opt.cOgUHash = location.hash === '' && location.href.indexOf('#') !== -1 ? '#' : location.hash;
          if (window._cf_chl_opt.cUPMDTk && window.history && window.history.replaceState) {
            var ogU = location.pathname + window._cf_chl_opt.cOgUQuery + window._cf_chl_opt.cOgUHash;
            history.replaceState(null, null, "\/doi\/10.1128\/mBio.00252-13?__cf_chl_rt_tk=H8vNOmx6jGj46vmnth8D_ljwJ0sOIi_Jc25th1HQnh8-1646604855-0-gaNycGzNB1E" + window._cf_chl_opt.cOgUHash);
            cpo.onload = function() {
              history.replaceState(null, null, ogU);
            };
          }
          
          document.getElementsByTagName('head')[0].appendChild(cpo);
        }());
      //]]>
    </script>
  

  
  <div id="trk_jschal_nojs" style="background-image:url('/cdn-cgi/images/trace/jschal/nojs/transparent.gif?ray=6e7e71788b8f7af9')"> </div>
</div>

          
          <div class="attribution">
            DDoS protection by <a rel="noopener noreferrer" href="https://www.cloudflare.com/5xx-error-landing/" target="_blank">Cloudflare</a>
            <br />
            <span class="ray_id">Ray ID: <code>6e7e71788b8f7af9</code></span>
          </div>
      </td>
     
    </tr>
  </table>
</body>
</html>
