<!DOCTYPE HTML>
<html lang="en-US">
<head>
  <meta charset="UTF-8" />
  <meta http-equiv="Content-Type" content="text/html; charset=UTF-8" />
  <meta http-equiv="X-UA-Compatible" content="IE=Edge,chrome=1" />
  <meta name="robots" content="noindex, nofollow" />
  <meta name="viewport" content="width=device-width,initial-scale=1" />
  <title>Just a moment...</title>
  <style type="text/css">
    html, body {width: 100%; height: 100%; margin: 0; padding: 0;}
    body {background-color: #ffffff; color: #000000; font-family:-apple-system, system-ui, BlinkMacSystemFont, "Segoe UI", Roboto, Oxygen, Ubuntu, "Helvetica Neue",Arial, sans-serif; font-size: 16px; line-height: 1.7em;-webkit-font-smoothing: antialiased;}
    h1 { text-align: center; font-weight:700; margin: 16px 0; font-size: 32px; color:#000000; line-height: 1.25;}
    p {font-size: 20px; font-weight: 400; margin: 8px 0;}
    p, .attribution, {text-align: center;}
    #spinner {margin: 0 auto 30px auto; display: block;}
    .attribution {margin-top: 32px;}
    @keyframes fader     { 0% {opacity: 0.2;} 50% {opacity: 1.0;} 100% {opacity: 0.2;} }
    @-webkit-keyframes fader { 0% {opacity: 0.2;} 50% {opacity: 1.0;} 100% {opacity: 0.2;} }
    #cf-bubbles > .bubbles { animation: fader 1.6s infinite;}
    #cf-bubbles > .bubbles:nth-child(2) { animation-delay: .2s;}
    #cf-bubbles > .bubbles:nth-child(3) { animation-delay: .4s;}
    .bubbles { background-color: #f58220; width:20px; height: 20px; margin:2px; border-radius:100%; display:inline-block; }
    a { color: #2c7cb0; text-decoration: none; -moz-transition: color 0.15s ease; -o-transition: color 0.15s ease; -webkit-transition: color 0.15s ease; transition: color 0.15s ease; }
    a:hover{color: #f4a15d}
    .attribution{font-size: 16px; line-height: 1.5;}
    .ray_id{display: block; margin-top: 8px;}
    #cf-wrapper #challenge-form { padding-top:25px; padding-bottom:25px; }
    #cf-hcaptcha-container { text-align:center;}
    #cf-hcaptcha-container iframe { display: inline-block;}
  </style>

      <meta http-equiv="refresh" content="35">
  <script type="text/javascript">
    //<![CDATA[
    (function(){
      
      window._cf_chl_opt={
        cvId: "2",
        cType: "non-interactive",
        cNounce: "13065",
        cRay: "6e7e71867e085287",
        cHash: "1dde0f607a5b6b8",
        cUPMDTk: "\/doi\/10.1128\/IAI.71.2.948-955.2003?__cf_chl_tk=WPqx9bkzfa875mVJJwf6IOjVKh10038xf_gvGGwWTP4-1646604857-0-gaNycGzNB1E",
        cFPWv: "g",
        cTTimeMs: "1000",
        cRq: {
          ru: "aHR0cHM6Ly9qb3VybmFscy5hc20ub3JnL2RvaS8xMC4xMTI4L0lBSS43MS4yLjk0OC05NTUuMjAwMw==",
          ra: "cHl0aG9uLXJlcXVlc3RzLzIuMjUuMQ==",
          rm: "R0VU",
          d: "04uhsseqV7W5GgpLrhnm11fewrcJjqKMPWUI2e7Q4ZjD8XgyzUXPCXaWxGlG53t1lBXEhdmzz5unABGSQkSMoZZjUhUuPYPEb/bNsmt3PDi/y6wZcNKSzWV84A0jYxUBNk5jrgeOEs33+2HFhjEWXBdalNDbAkoLIyfh9f8xOAB6LkXvOL1BEMRge+mmHENbL6Wyb0j/LprhuV1syzGe/HvGWurtjzHRh/2VypnFz2pgqFR3WnsHfcddVLwmDPH4A9I19DbpuUWlUAyXSabqDNu7DGG5HQb+hAZW7F/cWfphXjPtvmDhduEnIw1OK+KFB8zu54bQr06F9Kv//rWV0+c+4EUZFiHYcTDSLgWFTpna66n2Uc2B3kEMJR8B6sSGyyJEg1XNQDvsad+6kspuFMQKn5dxFQ9L+AfCDZZBOJmKc9UnpTbsy9rbN1YQ/WyAZskaeCewRTsj/ZyI5qDH0SmKxAY/ytLO67y++rS3RdFyHuWffKTXL+yhFEfTvAG2UCG4kDw5YVRuCcnZrUbrqyoSbWlmNSxL/OsJlICgRlXpbpsuBQXxqjI1HRkEagj9",
          t: "MTY0NjYwNDg1Ny4zNjAwMDA=",
          m: "85BnoARKA1/kaN6Oyyhhj+TvPCouQS9IqOky347Kuco=",
          i1: "IGPjFG03CJ1lSx0XtPEEgg==",
          i2: "6ljrpMl+7unTUN3jaohjCQ==",
          zh: "Wdpz5DKIdp61fw1xi4/5+xF7d1QEaZ1MFNsdHIgPg6o=",
          uh: "5GU+jYv2xJ+bCaE/ARmi/DORbiS/v56CW7E0TH4XWQk=",
          hh: "kD0SA7WPJmOf4c5gVlTVLqmiA7Wp4e9AgVYIXtU6h0M=",
        }
      }
      window._cf_chl_enter = function(){window._cf_chl_opt.p=1};
      
    })();
    //]]>
  </script>
  

</head>
<body>
  <table width="100%" height="100%" cellpadding="20">
    <tr>
      <td align="center" valign="middle">
          <div class="cf-browser-verification cf-im-under-attack">
  <noscript>
    <h1 data-translate="turn_on_js" style="color:#bd2426;">Please turn JavaScript on and reload the page.</h1>
  </noscript>
  <div id="cf-content" style="display:none">
    
    <div id="cf-bubbles">
      <div class="bubbles"></div>
      <div class="bubbles"></div>
      <div class="bubbles"></div>
    </div>
    <h1><span data-translate="checking_browser">Checking your browser before accessing</span> journals.asm.org.</h1>
    
    <div id="no-cookie-warning" class="cookie-warning" data-translate="turn_on_cookies" style="display:none">
      <p data-translate="turn_on_cookies" style="color:#bd2426;">Please enable Cookies and reload the page.</p>
    </div>
    <p data-translate="process_is_automatic">This process is automatic. Your browser will redirect to your requested content shortly.</p>
    <p data-translate="allow_5_secs" id="cf-spinner-allow-5-secs" >Please allow up to 5 seconds&hellip;</p>
    <p data-translate="redirecting" id="cf-spinner-redirecting" style="display:none">Redirecting&hellip;</p>
  </div>
   
  <form class="challenge-form" id="challenge-form" action="/doi/10.1128/IAI.71.2.948-955.2003?__cf_chl_f_tk=WPqx9bkzfa875mVJJwf6IOjVKh10038xf_gvGGwWTP4-1646604857-0-gaNycGzNB1E" method="POST" enctype="application/x-www-form-urlencoded">
    <input type="hidden" name="md" value="ZerIF1eLggynQUaEGG8zgW3KYCKxfOMfWey2xZfqlBk-1646604857-0-AcgtbSH48UPn_RUuAREWCYVOj3cL4IBeL42RVSADR8q1VgzTfuHYezZbXuVT3EUSIBlge0jpBnRa2B1dB4Zzbj2cru1ziSDwrKxDtjEaEDhfZekWrF69Tc48nO_nUAkqqpbKzwsNwAWXTdB6CepGrE1ubfgZ5XTjGVDJkVbMh_DarICr3Gzv2aRwU4adYouBN-bfoiEzli6VjHmZOQkoPw6U3HYHg44RO2R5TZ2gRN3p24rkCVb-8rE7BVDYr1x0Yj_czH8y_NF3LQeky8o6aYeWqIfIhTN-aZ2_d0Iaym1biu0cNiGx-Wlx1neBcrn3KfvcLt4hI70fT_Jp4jlSymHRzNsjBZXS2VmUheKpEWv16Oo9-kr0MOJBL5B4ZXZQSccvZVMwlfROSVnsFP1rk5uyZaCLCvH6oMIt5mIM1FqyNw6LpcOVTatGOad1GklwwUb8OiqHW5bVxBFohiruiXaIvgu9LX1P8nhDKOka-ENuYZ_oV64s2DxDGeVAar-70tGwcxat_KWhHhP3sVNJSOQcIc5fL395FFZf9s4qJD3uhhXxp1QXKPCG5u-B2cYuF6TN4Sv3OBhoq4g4ECqUUtzvm8lJViNjfPftn0aOMqlQpCYUwhdUPtyFGSTioparXeey64l0Rn0PWTK8YnQPRdUC3jzYplkrQSWjDKXe0RFyjxGpAA9KyEczdbgf1RwwpPxKfsmIPloJYJ8bie2tWT0" />
    <input type="hidden" name="r" value="kOfU5Oex16jx2KapwJZMInLYaNoWRqusLFj65MgzjQ0-1646604857-0-AcfjuAcULqgU9Zd7ge1peSeRh/Oxahbd17jIOQj/baX1l0IeThWoabYVPjzdy5sunVD1FA8kt9izhci2DQLVq1T1wr06ie7vLiNTGZS3Q8eSC8ppbcQrbDXShgpwa1YcfTc6htZ/1v7IiRPRfErwche78+uFQW5y6QZzYdGVsixkr8dmuIDJ/5G1UOkbp+rOYvq1bmhflr9nV4tTdANZTZ/s+Ur1k42bSE+r+ZiAbNookfZjiOT31wOrHH60I2kO98+tKDshKEJMfss4jqr7VJd98Zv9v1A2rMFEzS3jKqWWGJLNls8A2mkwYXp5ICkuEcItEaUsok/omwjh58sGdYND3B4sLWKEYOMNqH7z8Gbo3MZJ4kAdBtT+DF44yIwlIQxQvJ+Tmc0dc+k8+3b4uib7FTutpMvH3XmJWoN5CqWJgs7eXiDEF6ww2QD3HPnyccghGcgtCg9EmWv5jiEuQPCntoHryR/oFrOcfUmgqJcagXYiGIIxGclkrUv29N5cJLhu0F/R0PHAmYeY2iVgJqrsz52vm515JesAcfGKrJi8RMzSU5vo6NGd3dGfOc+oNoSPSCvPFel8nEV0XpcgoGkjH6PQjaiLdYGUIA+lK1TSLoI0kwlwqLuChJz5StpPaBVrTaVy9rRaLyUlnuCBlUysgMGmbHFmvUZiCidRveRb3irJk4O9rydFWfEQdkybtFppIcn/hYeXHkC3pOGGHTlgUzMwALi1WTTqG529Yi9+Fs3or8i0/PNpLZNh8ExkXpeEJ3Qa+kOimUscLce0+dMwVWO3lD5NfdLlTJznWLr49jGTrBkzu+gnawK+1ENz84c+6gBfx5qC9PVAJupB3NW0uW2yOxT5UFqekCYiduFTusveV4H4MhtYMxIpjW1n7AYeFDDut3+577OomHb1grNaNb0fMhaPMqy1UCzJRKUa3IqY3VgaYI+MYXgSar95arQGjBSQRVAZl5NmBzmpsGv7xUBr4LBwYEIUo021ceFRw9C97wlf4JXhX0BcSDr1Pd5m3zgAaHsrxhh+ozrQFqibFzq78iAEw2SNKSdrOuur8OXcfcD0HiT5+ckyTg4kgki2/MVqmM3yuqzuTLZHKwgVppJb4yxD/80kVkQv9ZrR+3AoVRlJEe3/bhdMcwtFj9xkS5wvvaA4Gov/fr4TPXUrCgvRdsjqVmu6wGy54YOoEYf/ID5otLrxQphNqRfpsyVvjD61xZeMYkEyBEB0ia5Rd/DDTUoc6z8M2sMMccxXoIOLPCJqtgJod4zDrTYCB8R4LtoBY7bWE9F5QSf3UZTWgqNdzVizbTT2gwL3ubircD2pegP9uuX+KY4wiOh6p3QeupHa0sYC7ZFSD1zCph63OSrOJtSGtpdJmQAV9uy9a07ZIw2Q0Sf5pEICVqKdxDPVqHpRnxFq4b55CJw5DslKYikHkOjAjyjYOgvRLK4VpAyjLonirxO80QIdOQ0o/ec9Yp9TEJLzEiswsMsXS1P2J9+4UrOWhgmV/5xk9np3+taGlA0qdGwl/O6O50jCxqkWb2CtIW1xpCJN2OVJ7qtXzWQu7bT/PBadxlt09F353tSmpJIjaOADOWRFM8GU0izfJBrBDMgW7/HGb1WP8R8hQDZpeBihOLmzd5fO8Q/Axv4uP6FqtTirCAJWCus1njgzT729QiGN3peP/XjeJnb11BsFMrutcdkRFeqjZ/7KCnw3XM62bN7Nt5uaZkTMDlePW64ZLsdHq3Ufw6qzYt9yJAim/CgwCSce0cl8sahwYODrW6WPEa9LR5LAXOrg2IPbyFfr+KaMnavc1ZdiAgY="/>
    <input type="hidden" value="f2a73ef2eb5effb9d191764a32a5f5a9" id="jschl-vc" name="jschl_vc"/>
    <!-- <input type="hidden" value="" id="jschl-vc" name="jschl_vc"/> -->
    <input type="hidden" name="pass" value="1646604858.36-pST+VrbvKu"/>
    <input type="hidden" id="jschl-answer" name="jschl_answer"/>
  </form>
     
    <script type="text/javascript">
      //<![CDATA[
      (function(){
          var a = document.getElementById('cf-content');
          a.style.display = 'block';
          var isIE = /(MSIE|Trident\/|Edge\/)/i.test(window.navigator.userAgent);
          var trkjs = isIE ? new Image() : document.createElement('img');
          trkjs.setAttribute("src", "/cdn-cgi/images/trace/jschal/js/transparent.gif?ray=6e7e71867e085287");
          trkjs.id = "trk_jschal_js";
          trkjs.setAttribute("alt", "");
          document.body.appendChild(trkjs);
          var cpo=document.createElement('script');
          cpo.type='text/javascript';
          cpo.src="/cdn-cgi/challenge-platform/h/g/orchestrate/jsch/v1?ray=6e7e71867e085287";
          
          window._cf_chl_opt.cOgUQuery = location.search === '' && location.href.indexOf('?') !== -1 ? '?' : location.search;
          window._cf_chl_opt.cOgUHash = location.hash === '' && location.href.indexOf('#') !== -1 ? '#' : location.hash;
          if (window._cf_chl_opt.cUPMDTk && window.history && window.history.replaceState) {
            var ogU = location.pathname + window._cf_chl_opt.cOgUQuery + window._cf_chl_opt.cOgUHash;
            history.replaceState(null, null, "\/doi\/10.1128\/IAI.71.2.948-955.2003?__cf_chl_rt_tk=WPqx9bkzfa875mVJJwf6IOjVKh10038xf_gvGGwWTP4-1646604857-0-gaNycGzNB1E" + window._cf_chl_opt.cOgUHash);
            cpo.onload = function() {
              history.replaceState(null, null, ogU);
            };
          }
          
          document.getElementsByTagName('head')[0].appendChild(cpo);
        }());
      //]]>
    </script>
  

  
  <div id="trk_jschal_nojs" style="background-image:url('/cdn-cgi/images/trace/jschal/nojs/transparent.gif?ray=6e7e71867e085287')"> </div>
</div>

          
          <div class="attribution">
            DDoS protection by <a rel="noopener noreferrer" href="https://www.cloudflare.com/5xx-error-landing/" target="_blank">Cloudflare</a>
            <br />
            <span class="ray_id">Ray ID: <code>6e7e71867e085287</code></span>
          </div>
      </td>
     
    </tr>
  </table>
</body>
</html>
