<!DOCTYPE HTML>
<html lang="en-US">
<head>
  <meta charset="UTF-8" />
  <meta http-equiv="Content-Type" content="text/html; charset=UTF-8" />
  <meta http-equiv="X-UA-Compatible" content="IE=Edge,chrome=1" />
  <meta name="robots" content="noindex, nofollow" />
  <meta name="viewport" content="width=device-width,initial-scale=1" />
  <title>Just a moment...</title>
  <style type="text/css">
    html, body {width: 100%; height: 100%; margin: 0; padding: 0;}
    body {background-color: #ffffff; color: #000000; font-family:-apple-system, system-ui, BlinkMacSystemFont, "Segoe UI", Roboto, Oxygen, Ubuntu, "Helvetica Neue",Arial, sans-serif; font-size: 16px; line-height: 1.7em;-webkit-font-smoothing: antialiased;}
    h1 { text-align: center; font-weight:700; margin: 16px 0; font-size: 32px; color:#000000; line-height: 1.25;}
    p {font-size: 20px; font-weight: 400; margin: 8px 0;}
    p, .attribution, {text-align: center;}
    #spinner {margin: 0 auto 30px auto; display: block;}
    .attribution {margin-top: 32px;}
    @keyframes fader     { 0% {opacity: 0.2;} 50% {opacity: 1.0;} 100% {opacity: 0.2;} }
    @-webkit-keyframes fader { 0% {opacity: 0.2;} 50% {opacity: 1.0;} 100% {opacity: 0.2;} }
    #cf-bubbles > .bubbles { animation: fader 1.6s infinite;}
    #cf-bubbles > .bubbles:nth-child(2) { animation-delay: .2s;}
    #cf-bubbles > .bubbles:nth-child(3) { animation-delay: .4s;}
    .bubbles { background-color: #f58220; width:20px; height: 20px; margin:2px; border-radius:100%; display:inline-block; }
    a { color: #2c7cb0; text-decoration: none; -moz-transition: color 0.15s ease; -o-transition: color 0.15s ease; -webkit-transition: color 0.15s ease; transition: color 0.15s ease; }
    a:hover{color: #f4a15d}
    .attribution{font-size: 16px; line-height: 1.5;}
    .ray_id{display: block; margin-top: 8px;}
    #cf-wrapper #challenge-form { padding-top:25px; padding-bottom:25px; }
    #cf-hcaptcha-container { text-align:center;}
    #cf-hcaptcha-container iframe { display: inline-block;}
  </style>

      <meta http-equiv="refresh" content="35">
  <script type="text/javascript">
    //<![CDATA[
    (function(){
      
      window._cf_chl_opt={
        cvId: "2",
        cType: "non-interactive",
        cNounce: "45233",
        cRay: "6e7e71901d640c9f",
        cHash: "e7acff4b3a81fe3",
        cUPMDTk: "\/doi\/10.1128\/IAI.74.2.1148-1155.2006?__cf_chl_tk=K538HsiAx00B5Ea4Z4.WBzy19gesO5rECAnxS_jwtuc-1646604858-0-gaNycGzNB1E",
        cFPWv: "g",
        cTTimeMs: "1000",
        cRq: {
          ru: "aHR0cHM6Ly9qb3VybmFscy5hc20ub3JnL2RvaS8xMC4xMTI4L0lBSS43NC4yLjExNDgtMTE1NS4yMDA2",
          ra: "cHl0aG9uLXJlcXVlc3RzLzIuMjUuMQ==",
          rm: "R0VU",
          d: "a38gS3fCbboo3hFt8cxEJ++ryTA0JWtxLy0NyVRTSZ9r7piwyhsiyZRw5tjWVhuEWLd34vEs5MnctP4W5Wbcp3QCHT6NsR2NlkCw2c6t9jfSPJgD5bQUus/zpVozxcaiurix06/3ZTlzvsW2HsU2ml/LTswqEh8f8FYgLCG4RRGrpp9KAYc8n7gDGxwTju0QRpWofwi413AD6KRPTaO2KA9GoXCLTG5vG2hc1eYTWspX6Z4FoTujSaBXLXj1dNu5hZQKcjptdLehbRhzDFGJo/recXMDnnD7rPkGFM7NUmot/SunkRPtyGaGAljjgu4WKkm1a8/e089nvMo70eYKHQzXsBlc/g4AfaM7wgXcDmMmkk9Tkf5cNbAoYjm9ZRlFUQO/oZVwbCb5hDGkwWscxpZ+jZ84sI1wPSEfvfUTJzn694Ldp3bk2myOkaHvAcXGZ02gsqFS6kZMmLgvpysjNHezi0CogoXf+/uw5ZQ7RF9D7+9IHkNXMOUu6mafJQJHTbvuTCmlLED14yc/HCMnXexffU7ithwEpysHht8F5ZR5UBXNdvg+OmtPnnhbW2O+",
          t: "MTY0NjYwNDg1OC44OTkwMDA=",
          m: "uM9mV0y0SbBilhbd8MB1KBkWEY3Ky0yoCq8GfTEZKMc=",
          i1: "PkDwHP3zoq7DZs8mGXfuDw==",
          i2: "IDt5Py93A9yAPeGDuosTKQ==",
          zh: "Wdpz5DKIdp61fw1xi4/5+xF7d1QEaZ1MFNsdHIgPg6o=",
          uh: "5GU+jYv2xJ+bCaE/ARmi/DORbiS/v56CW7E0TH4XWQk=",
          hh: "kD0SA7WPJmOf4c5gVlTVLqmiA7Wp4e9AgVYIXtU6h0M=",
        }
      }
      window._cf_chl_enter = function(){window._cf_chl_opt.p=1};
      
    })();
    //]]>
  </script>
  

</head>
<body>
  <table width="100%" height="100%" cellpadding="20">
    <tr>
      <td align="center" valign="middle">
          <div class="cf-browser-verification cf-im-under-attack">
  <noscript>
    <h1 data-translate="turn_on_js" style="color:#bd2426;">Please turn JavaScript on and reload the page.</h1>
  </noscript>
  <div id="cf-content" style="display:none">
    
    <div id="cf-bubbles">
      <div class="bubbles"></div>
      <div class="bubbles"></div>
      <div class="bubbles"></div>
    </div>
    <h1><span data-translate="checking_browser">Checking your browser before accessing</span> journals.asm.org.</h1>
    
    <div id="no-cookie-warning" class="cookie-warning" data-translate="turn_on_cookies" style="display:none">
      <p data-translate="turn_on_cookies" style="color:#bd2426;">Please enable Cookies and reload the page.</p>
    </div>
    <p data-translate="process_is_automatic">This process is automatic. Your browser will redirect to your requested content shortly.</p>
    <p data-translate="allow_5_secs" id="cf-spinner-allow-5-secs" >Please allow up to 5 seconds&hellip;</p>
    <p data-translate="redirecting" id="cf-spinner-redirecting" style="display:none">Redirecting&hellip;</p>
  </div>
   
  <form class="challenge-form" id="challenge-form" action="/doi/10.1128/IAI.74.2.1148-1155.2006?__cf_chl_f_tk=K538HsiAx00B5Ea4Z4.WBzy19gesO5rECAnxS_jwtuc-1646604858-0-gaNycGzNB1E" method="POST" enctype="application/x-www-form-urlencoded">
    <input type="hidden" name="md" value="fMfa.RI72bPhJ6860EkYysEo1bhj6FbH6NGMhPU8lOE-1646604858-0-AQr3_o2Jg_Y5La-pw_SA2Xh8iyP4rTSg4S2dYdxt8_WZLHChuHmAcmp4pYkjtOAdUrYAzx9sZHRRS1GXmoWHtecpabvvo_ag71uCiO5MOUBKvfSRKIu-8P0GT-ar-CEa7amXkconuZ_1sQh0mgdL5HKMijOy_diqQp8rL5dDVxOsqbJUIPMKawTthK4InhbG0zgAVNihhauf-adKFd4bqY6DEZ0BDLUrW_nZdIHP66pbBYwWbGrQBYbbVjvbywOfJgh8xjy-erkdp1jqZVlL_uhUhoeb_1E_-giA35ERD7K9EixTxQbD3WMNYKDVOQOb_XYiSFnRz8lypMZcMb81drcX3V-u4MEifmGJ-rJDO8yozqD8JUPJvEmG0S0KsvU_zOF-f1qLGA-4f4Fg-OlfKajq2648uDCe_zRHPEEHf3_EKH9GPyI7pOqHWNc-jjze0PtImsQdme_a9pC3WRfjhw6mFB_jOWfUPtOOBj0Wo--PefbwGOqbVTGgEnT0bkHVnn11921-hFUcuQVnqbTouInuzJo7tOvtymAPiNI28oDnWxp-iC_ayu30fL88MJNbRVeVBj8bleH5Il9fHRD9RNjSkTJtI9sWn8qGxZpECZMD0MIVWFR9mb3l_irQhaxuIEMD2cTr0T2Mz86kuYTvGNXJ7kd9o1vUc_e-WKPXZSlaJXQqBCHlNyyjO2GCp-CaR2H13UsYqLvau3zKduFGYHM" />
    <input type="hidden" name="r" value="X0m11GfXzFX8rJUap3ZdnQn1E12A6cZ0K_mtIXgtGEc-1646604858-0-AbVWm17IUGVnSrywQ2LMpfShi7olrUrHkRMCXB6+psQLsInx2JP8AfuqC5NFq+V9YDpRMzQO70Uwfzu+KvnTKX1fnIXs6NeRbFZag8k9y/2Ic/9olX2hTvKXTFXwqADAI/O8P0IWfwpnrjJX9+9S6QlVgCTGC0SVF+tjAMlLZT/slDPZSd3JEUJSrnRGzFGWLbzzxVbLZREGOhwAV/AMZO8avcnfigVRv2/1arP72z2d5iMLu8jMZwj1qoUJJZD00s6IRAz/YkiJFqfFWBH5RYVfFb17laCcrqaXfBuTNsxSLx957X8tPrssSzYvG+zireEfON9l/arQbqSKCKEHPrlAs9J7faIlATrGxCljhZITh122z4fo8NcAnPJS1V3069DLH7CNQSRsem56mOo9nQGdM9rZ1ZdP+0ja8W0Y8vrWKpDQF0412WzedK6c/FS7+oKCo8uw8VYjvUny/W/ln5aFogq2P8aQ68mBID3KsTIaTPVQg4ZFLOOMvhnTEYa9ju/1T1ujoMsBT2wVdx0ikkZEoBtlmfRQrGYDsSllkQzezEyBPkQGlRDs5ssgatcxmnEAZSCfhN+yT5N636omfolKsHzFbnYRBsWHDwnD47WYT35VPLCHZs7yD8RO5/0tDGg8StMnoT5edpTxeMV0FxvWfZlFChl8JnmXyuED8FwqTPvl3Eiq7ihw2t5v6KIl9OEpMBtFAmOsdz/+IsMyFoRPP7RjZ0o8+LdGSeNapeSHLRsSZzCzfiNm04MEvmozt1XNx91/gwXBplYGQHXpYSmkxy8n6ScE/YLh54+0SmO56/Abp0ZP9VpHA02RnQGwezl7SlwajjPyOzS8Ah2PfthKyGldeNOCWOj8Qxm5TIOqSBd2PmwA/wwZTAElnJAsOo0Ugbu4TKyLzBfFLRLO2i+W7jvofBfRaQBvxdOyCfj+s4xphbuzheAiCixk1hSmDC3V4coNCDHj63bNH7TUQV8Lzg7n1Ow7zRXZtCMJ8SOVM3MOROb1Y0QT5+zLfyQEVTJ4p9FjGGsXKnuuTOPNwEJqWOAEATEFLsR4dhnIsFQoQ9nsYpg2R7Wb9n+ILLLJFl/+zNiBbls0FtcsEkxHlhWwsW5qxpFl4XEHpmzuv9rLhaAgD8DEzMxqq0ZzT/pstITSZNcOI7FRMFfhmdahPbt/yBUx3raU0OIeG4gzUuIdsO4sNGmJkvHaISg7HC2rTZpRVeV976Tygd27jbUGagzfVmaY5kd2zCI3ZQ+sldq3ruNXbRaP3Tpr4e3Afzq3uv7a7rQJwWa5XQsx3aJrtSpEwkBI3m6o6y5hD7DESTNUCCTpnlRN3wmKF8ndbo4ljtfCwXyzGKGwO/n4oC3kpDJlOA63+FNer7q2EFo2BFXx7Fa5Wlwj11LrZtOQRgqFMbKfxwpstz6ps9BVWkEXOfYwCCWREEfL42mPPKvZIpmClBoh7ySamJ5vIFpkAIvcQaskPkqgu1SAoQTJothp3Xs08dFaY7wXG7pZaDRI9Ax7EyQ8B3sLtRSjnb+t6IrWbHq/+Ac/D/2k+1+C20NRw5YbIkSPfzsY9+XUKU7kYomMoVN6yn7kwLQVP92pAJGTmuvRratOp9vFqPMp99pUzsKrxckvIgX89u040co99Nu0PYZwBfZgrKAyp5i5owfMcc37eSTus2cWJR24hIVnoeDQz4xz5EwGPy29OdzXcJtsO0JlzEqYXQXgMjMd0HVBqPQSeL1nZfVQeP4ktVVYTj+S+sRq0aWJx4sRJr4JjX0MAQrREPxlMSaiSWKY9aLAbNnqOSr+OdZy0BbXNgkIZrc="/>
    <input type="hidden" value="c3f74b60b15e0c1f99005aaa41c8bbdd" id="jschl-vc" name="jschl_vc"/>
    <!-- <input type="hidden" value="" id="jschl-vc" name="jschl_vc"/> -->
    <input type="hidden" name="pass" value="1646604859.899-HtqhsOzUy+"/>
    <input type="hidden" id="jschl-answer" name="jschl_answer"/>
  </form>
     
    <script type="text/javascript">
      //<![CDATA[
      (function(){
          var a = document.getElementById('cf-content');
          a.style.display = 'block';
          var isIE = /(MSIE|Trident\/|Edge\/)/i.test(window.navigator.userAgent);
          var trkjs = isIE ? new Image() : document.createElement('img');
          trkjs.setAttribute("src", "/cdn-cgi/images/trace/jschal/js/transparent.gif?ray=6e7e71901d640c9f");
          trkjs.id = "trk_jschal_js";
          trkjs.setAttribute("alt", "");
          document.body.appendChild(trkjs);
          var cpo=document.createElement('script');
          cpo.type='text/javascript';
          cpo.src="/cdn-cgi/challenge-platform/h/g/orchestrate/jsch/v1?ray=6e7e71901d640c9f";
          
          window._cf_chl_opt.cOgUQuery = location.search === '' && location.href.indexOf('?') !== -1 ? '?' : location.search;
          window._cf_chl_opt.cOgUHash = location.hash === '' && location.href.indexOf('#') !== -1 ? '#' : location.hash;
          if (window._cf_chl_opt.cUPMDTk && window.history && window.history.replaceState) {
            var ogU = location.pathname + window._cf_chl_opt.cOgUQuery + window._cf_chl_opt.cOgUHash;
            history.replaceState(null, null, "\/doi\/10.1128\/IAI.74.2.1148-1155.2006?__cf_chl_rt_tk=K538HsiAx00B5Ea4Z4.WBzy19gesO5rECAnxS_jwtuc-1646604858-0-gaNycGzNB1E" + window._cf_chl_opt.cOgUHash);
            cpo.onload = function() {
              history.replaceState(null, null, ogU);
            };
          }
          
          document.getElementsByTagName('head')[0].appendChild(cpo);
        }());
      //]]>
    </script>
  

  
  <div id="trk_jschal_nojs" style="background-image:url('/cdn-cgi/images/trace/jschal/nojs/transparent.gif?ray=6e7e71901d640c9f')"> </div>
</div>

          
          <div class="attribution">
            DDoS protection by <a rel="noopener noreferrer" href="https://www.cloudflare.com/5xx-error-landing/" target="_blank">Cloudflare</a>
            <br />
            <span class="ray_id">Ray ID: <code>6e7e71901d640c9f</code></span>
          </div>
      </td>
     
    </tr>
  </table>
</body>
</html>
