<!DOCTYPE HTML>
<html lang="en-US">
<head>
  <meta charset="UTF-8" />
  <meta http-equiv="Content-Type" content="text/html; charset=UTF-8" />
  <meta http-equiv="X-UA-Compatible" content="IE=Edge,chrome=1" />
  <meta name="robots" content="noindex, nofollow" />
  <meta name="viewport" content="width=device-width,initial-scale=1" />
  <title>Just a moment...</title>
  <style type="text/css">
    html, body {width: 100%; height: 100%; margin: 0; padding: 0;}
    body {background-color: #ffffff; color: #000000; font-family:-apple-system, system-ui, BlinkMacSystemFont, "Segoe UI", Roboto, Oxygen, Ubuntu, "Helvetica Neue",Arial, sans-serif; font-size: 16px; line-height: 1.7em;-webkit-font-smoothing: antialiased;}
    h1 { text-align: center; font-weight:700; margin: 16px 0; font-size: 32px; color:#000000; line-height: 1.25;}
    p {font-size: 20px; font-weight: 400; margin: 8px 0;}
    p, .attribution, {text-align: center;}
    #spinner {margin: 0 auto 30px auto; display: block;}
    .attribution {margin-top: 32px;}
    @keyframes fader     { 0% {opacity: 0.2;} 50% {opacity: 1.0;} 100% {opacity: 0.2;} }
    @-webkit-keyframes fader { 0% {opacity: 0.2;} 50% {opacity: 1.0;} 100% {opacity: 0.2;} }
    #cf-bubbles > .bubbles { animation: fader 1.6s infinite;}
    #cf-bubbles > .bubbles:nth-child(2) { animation-delay: .2s;}
    #cf-bubbles > .bubbles:nth-child(3) { animation-delay: .4s;}
    .bubbles { background-color: #f58220; width:20px; height: 20px; margin:2px; border-radius:100%; display:inline-block; }
    a { color: #2c7cb0; text-decoration: none; -moz-transition: color 0.15s ease; -o-transition: color 0.15s ease; -webkit-transition: color 0.15s ease; transition: color 0.15s ease; }
    a:hover{color: #f4a15d}
    .attribution{font-size: 16px; line-height: 1.5;}
    .ray_id{display: block; margin-top: 8px;}
    #cf-wrapper #challenge-form { padding-top:25px; padding-bottom:25px; }
    #cf-hcaptcha-container { text-align:center;}
    #cf-hcaptcha-container iframe { display: inline-block;}
  </style>

      <meta http-equiv="refresh" content="35">
  <script type="text/javascript">
    //<![CDATA[
    (function(){
      
      window._cf_chl_opt={
        cvId: "2",
        cType: "non-interactive",
        cNounce: "10034",
        cRay: "6e7e71918e857bc1",
        cHash: "d8d429a87413c6e",
        cUPMDTk: "\/doi\/10.1128\/IAI.01192-08?__cf_chl_tk=zMOjhTjYcZn9KobHreQqPb_9JKgx2dMHPQo_1sQi5bU-1646604859-0-gaNycGzNBz0",
        cFPWv: "g",
        cTTimeMs: "1000",
        cRq: {
          ru: "aHR0cHM6Ly9qb3VybmFscy5hc20ub3JnL2RvaS8xMC4xMTI4L0lBSS4wMTE5Mi0wOA==",
          ra: "cHl0aG9uLXJlcXVlc3RzLzIuMjUuMQ==",
          rm: "R0VU",
          d: "oA9EKHfGh7bwNrurppOjlGABhuFeLQ0t6MjLorUrOE+wyxE4ZcmuZEz5aisU24sbUKrjt6aJk9AieHe7euE9hpOp/ydWsIc6a2BXuKSYD9rjO9iyATXa23W92JBqM7Pzz66vYrhOC+eKS2hzHWO3glxq2P8JipHL7D+Z6pcQ32bHeQvE1bHvgSKC0x3sBlLpL9MO21W7Rv7OPfvh8YuT12xlQDbAYA4h0Moz19habK0DfT81ZQgNcGI/3bA/enIbKUnVF0gxKh162Jzsb3393olPCWdaI7Tnq4M377QU/Zfm4EzJdM0hOU62PBrMkCy6Y8TG7smewL3qE2QA5twjXG85hOtDQSZqzgm/hbD4ZhxgE7SXhEYTQIw2a3q76SqI/FFsv+jcLumW7wb6lwih4UUSf+rUyqdPvHsirb0IxUZ6+T+MZw/9C1RKbiVPTsshQaJsp4P0dEGlTEkft3z8v2AlJpca8PMS0J/3E5VfDAbwtm2D8Qjyt2nbQgOSEzQAgywrPn0kC4SM3iqedWcHsQPPEBqHc57VMkekTsRP/rhqtQOoOWJxxHj9gN4Uu87/",
          t: "MTY0NjYwNDg1OS4xMzEwMDA=",
          m: "LLiB7oztcc0OMf9OVGlJPGlGNu2XUjguPnB6TysdJ80=",
          i1: "WFKMGosxQoh+XCaoRo79fg==",
          i2: "yMs9hsyDvBiPbdVx0uym1w==",
          zh: "Wdpz5DKIdp61fw1xi4/5+xF7d1QEaZ1MFNsdHIgPg6o=",
          uh: "5GU+jYv2xJ+bCaE/ARmi/DORbiS/v56CW7E0TH4XWQk=",
          hh: "kD0SA7WPJmOf4c5gVlTVLqmiA7Wp4e9AgVYIXtU6h0M=",
        }
      }
      window._cf_chl_enter = function(){window._cf_chl_opt.p=1};
      
    })();
    //]]>
  </script>
  

</head>
<body>
  <table width="100%" height="100%" cellpadding="20">
    <tr>
      <td align="center" valign="middle">
          <div class="cf-browser-verification cf-im-under-attack">
  <noscript>
    <h1 data-translate="turn_on_js" style="color:#bd2426;">Please turn JavaScript on and reload the page.</h1>
  </noscript>
  <div id="cf-content" style="display:none">
    
    <div id="cf-bubbles">
      <div class="bubbles"></div>
      <div class="bubbles"></div>
      <div class="bubbles"></div>
    </div>
    <h1><span data-translate="checking_browser">Checking your browser before accessing</span> journals.asm.org.</h1>
    
    <div id="no-cookie-warning" class="cookie-warning" data-translate="turn_on_cookies" style="display:none">
      <p data-translate="turn_on_cookies" style="color:#bd2426;">Please enable Cookies and reload the page.</p>
    </div>
    <p data-translate="process_is_automatic">This process is automatic. Your browser will redirect to your requested content shortly.</p>
    <p data-translate="allow_5_secs" id="cf-spinner-allow-5-secs" >Please allow up to 5 seconds&hellip;</p>
    <p data-translate="redirecting" id="cf-spinner-redirecting" style="display:none">Redirecting&hellip;</p>
  </div>
   
  <form class="challenge-form" id="challenge-form" action="/doi/10.1128/IAI.01192-08?__cf_chl_f_tk=zMOjhTjYcZn9KobHreQqPb_9JKgx2dMHPQo_1sQi5bU-1646604859-0-gaNycGzNBz0" method="POST" enctype="application/x-www-form-urlencoded">
    <input type="hidden" name="md" value="cvz6sXiwexvSebT.wEFtv3w63EK39W9ei.27pVaXLvw-1646604859-0-AVUy4AGiLGFCaxbx-Ypa1SXsZd7za_moBR0x0pne4Zfk1sgVE7IWrKAH4O0WjOdwuG0FOBASGyG4HRYFCi5SFMq4RBwJtcGNimwcvLVx-np9YDbJ2zDoTQbu6Qi6t953lG396PzoYpFM5az6JYH_5Q9OMiZBiZ09WeMAXIE3-DSut5Wdyd9D8MbyCMrQhZyKzUjlm7RZWn_vXpawLzh1nVmGEsxpj_tfsI4CuJ-n1HjfbEbGFWJfQLmgI_GFFcDY0O5V7dwsKiPpGxx-JA9Yyd786x4Dh-3pXnwZOzaSrLEi8LmW6sufwp2dQF6FV4jBv1c15dgOZGisOxIy3Uyrf4h--zb9KCXRs3HuK_McvuRIGs466NwNWYnpHpqIORZIBiblW0wRFlO8yjs0MN5Nh2PphogsqG3PjjCaG7I_v5lcGRlIW2CB36rY2qK4XCWams0n1XaprDIYPffLTRWsJhpKUlFqnn5jRwGVWCX6-bN0CwgVXo_Jism358U2bj8O3WNKgUNN1VGbUuPylktmXJoHsn-_X1RzwuRXYZX49EKhCvmZXsE5mXbphjnogGcJG0h3fD5sXCUEvSMML9GqgDgKGBt1hO9LaXoYjq1L3wTrLZknKp6P9wwyb4DEr9UMvHHEO01FH4JcUHVC11s9ZVHstNDMYhRsOYdd3x7Fxr4TAV9eNgiTFkAisVM6-5BBxg" />
    <input type="hidden" name="r" value="YC8jw1HwBgLnDSbJsuRNjMNhlrzOTW4ngD9wJlTFbQg-1646604859-0-AegTfNIWI7ct+pM1Tshz6jntf64CdxWcdHA4+IjeTueNHlCK5wf2ap2yYg5E9qb31tjZ5lYf1Y9a6rlDDgvzG8aP2eFaXYPVH07LKCRQDrejDCaeyB4sB+hQa39aoco66r2w0rjUa+Ykc+SjmGDd1KZq5cvlJKd/VjN2W4SqBNem9Y+tUElWvcxYw6oWjSEQ6uKAUdcIu9VOD9v4R3FNdtmFvVc0MGDMKhVS/UU0LyZmey3kbmFn9gqJp6NQyhV8XDT8I7WmKXr16zEQhXXXxyCu0Wy+A7q6Z7pBc8nPiFiBEn9HkP/WrXoyCMkkXGikIIq7jqCKCWxh+FmBDINHbOMlom/gANckMqZmBKgl1o2ajQO8F1fq7vgdtbdLQXtYo8tUIjKszBtcZ3Wa1NKNjHIvF23cYvVBHwG0MDi5MxIC3/TWgeEly2D061r7+vcmjqnUq20RDcT3YPlhqHlmnLRJMo7Hxp8J9NnWPTWmBai3j1RiTF4DnArmSoWycSP0k3xC3uhqBnu8bUk+LNjewnGdh5SNVygkAU3202xVthYwH67EtRWss6St1OFmpeqlNlO1zfuirpoal0lPUdZu8Q9tSqVW22hNnqvipOiEnHkao3n388SV19QHUjWlqxDUYaj6Xhf8rBFgu8dtbOR38P3BzsCLsSbNB3T5w0fVVx8g5/RFKP+bZyASINob1NscOpanI/52TJAcnMkNV1AZA3JiP05fsRbPxCsCyGpRPX1YSEUM7pG1stQkVz51h2e2T0i8aNG1W+UouHi5mtOAE/ModzsnCFSmtWNgkKUcDjOmaVi1pFrWtJivmAR7wpyX8MedGJkE7yvObjJMIbLcuGpxns3vfIePxzMMZr9JdeBmda9MDDGrm0jLzlvkb1t9qCXjca4z0EnZ9uF5O+OsApmwRYF6i41k4KwzPySB3KitE55VTxkFrhhEvtcsqDhWP7WHpheNng4kWd9JciKEesHiEk5WZ3W2CnbW+AYHjv3KNRB4NQhuUe+yqlISRg5BHdV9vQDqJEknG2m98OK1FlVOuyiZisb4kCH8NZ4NdhRznOaZpiMtquU+7Ch/qUhHksk7fQIJlq817MYxXu423MMlYcfoFf28Krcv9K64I0tHQlILZJRaeTxJsKloZqMwYhxr6nw8/E/39INrV0+F4oKFH60vMETAX0rb5ULg6e9P1+oS4Lku+TIDRXrJaWPRqyIgT7JBCxWsY5n4SbVtn68XSnt2h812Oj7JjGZcm51PVAQZZyVqU7qDo8olAMHKLbNmM9SwDH0o8puAfFod3Bck44wgynpgKa0n5uRdmn8voDTCleSliO2RwOY3VIut3XSOicScN/qzLX3Wdau6ijqT8qOH36yEzROacqrAewOye6Rz8ehnKppW0u+Mc01CUncUbz8rzs/FUITlDvxCg13wemYwrIEiDeS6c+RyuKe8ZviWOcO2KCMgbagPGWTwPdCcJHIozUjmtYWwxSDx9ICvdiCkImTtjBCUmylteWNgQoA8E6VZSQgiv6uKoSHVROEsg4nPVfh5dxkT/mllVmAAYma3EMq0Md5ZhPCM41xVFd9lVhgz+FAuUf/RMdSpF72UM9NxhMOpdL8rIbIjZcYWqVMMpUYCE7K5yQHEa5PcaVnwNWLmnW3En8Lu3Sn1zFwUJsnhLZC/L1WOmwVHJXiHhJh09psuTMlwPX9GygssHiYn0sQMvQvq2YE7AC2oUIlmJgsrbAKRbGLVtpuL7SAtHwb/NDhk5UHIwgXQaFDb6JigMb+IPvuxc8gfA8iqqg=="/>
    <input type="hidden" value="71117fad19fe840febd0d3f68df9ef1d" id="jschl-vc" name="jschl_vc"/>
    <!-- <input type="hidden" value="" id="jschl-vc" name="jschl_vc"/> -->
    <input type="hidden" name="pass" value="1646604860.131-lGs0z7jueA"/>
    <input type="hidden" id="jschl-answer" name="jschl_answer"/>
  </form>
     
    <script type="text/javascript">
      //<![CDATA[
      (function(){
          var a = document.getElementById('cf-content');
          a.style.display = 'block';
          var isIE = /(MSIE|Trident\/|Edge\/)/i.test(window.navigator.userAgent);
          var trkjs = isIE ? new Image() : document.createElement('img');
          trkjs.setAttribute("src", "/cdn-cgi/images/trace/jschal/js/transparent.gif?ray=6e7e71918e857bc1");
          trkjs.id = "trk_jschal_js";
          trkjs.setAttribute("alt", "");
          document.body.appendChild(trkjs);
          var cpo=document.createElement('script');
          cpo.type='text/javascript';
          cpo.src="/cdn-cgi/challenge-platform/h/g/orchestrate/jsch/v1?ray=6e7e71918e857bc1";
          
          window._cf_chl_opt.cOgUQuery = location.search === '' && location.href.indexOf('?') !== -1 ? '?' : location.search;
          window._cf_chl_opt.cOgUHash = location.hash === '' && location.href.indexOf('#') !== -1 ? '#' : location.hash;
          if (window._cf_chl_opt.cUPMDTk && window.history && window.history.replaceState) {
            var ogU = location.pathname + window._cf_chl_opt.cOgUQuery + window._cf_chl_opt.cOgUHash;
            history.replaceState(null, null, "\/doi\/10.1128\/IAI.01192-08?__cf_chl_rt_tk=zMOjhTjYcZn9KobHreQqPb_9JKgx2dMHPQo_1sQi5bU-1646604859-0-gaNycGzNBz0" + window._cf_chl_opt.cOgUHash);
            cpo.onload = function() {
              history.replaceState(null, null, ogU);
            };
          }
          
          document.getElementsByTagName('head')[0].appendChild(cpo);
        }());
      //]]>
    </script>
  

  
  <div id="trk_jschal_nojs" style="background-image:url('/cdn-cgi/images/trace/jschal/nojs/transparent.gif?ray=6e7e71918e857bc1')"> </div>
</div>

          
          <div class="attribution">
            DDoS protection by <a rel="noopener noreferrer" href="https://www.cloudflare.com/5xx-error-landing/" target="_blank">Cloudflare</a>
            <br />
            <span class="ray_id">Ray ID: <code>6e7e71918e857bc1</code></span>
          </div>
      </td>
     
    </tr>
  </table>
</body>
</html>
