<!DOCTYPE HTML>
<html lang="en-US">
<head>
  <meta charset="UTF-8" />
  <meta http-equiv="Content-Type" content="text/html; charset=UTF-8" />
  <meta http-equiv="X-UA-Compatible" content="IE=Edge,chrome=1" />
  <meta name="robots" content="noindex, nofollow" />
  <meta name="viewport" content="width=device-width,initial-scale=1" />
  <title>Just a moment...</title>
  <style type="text/css">
    html, body {width: 100%; height: 100%; margin: 0; padding: 0;}
    body {background-color: #ffffff; color: #000000; font-family:-apple-system, system-ui, BlinkMacSystemFont, "Segoe UI", Roboto, Oxygen, Ubuntu, "Helvetica Neue",Arial, sans-serif; font-size: 16px; line-height: 1.7em;-webkit-font-smoothing: antialiased;}
    h1 { text-align: center; font-weight:700; margin: 16px 0; font-size: 32px; color:#000000; line-height: 1.25;}
    p {font-size: 20px; font-weight: 400; margin: 8px 0;}
    p, .attribution, {text-align: center;}
    #spinner {margin: 0 auto 30px auto; display: block;}
    .attribution {margin-top: 32px;}
    @keyframes fader     { 0% {opacity: 0.2;} 50% {opacity: 1.0;} 100% {opacity: 0.2;} }
    @-webkit-keyframes fader { 0% {opacity: 0.2;} 50% {opacity: 1.0;} 100% {opacity: 0.2;} }
    #cf-bubbles > .bubbles { animation: fader 1.6s infinite;}
    #cf-bubbles > .bubbles:nth-child(2) { animation-delay: .2s;}
    #cf-bubbles > .bubbles:nth-child(3) { animation-delay: .4s;}
    .bubbles { background-color: #f58220; width:20px; height: 20px; margin:2px; border-radius:100%; display:inline-block; }
    a { color: #2c7cb0; text-decoration: none; -moz-transition: color 0.15s ease; -o-transition: color 0.15s ease; -webkit-transition: color 0.15s ease; transition: color 0.15s ease; }
    a:hover{color: #f4a15d}
    .attribution{font-size: 16px; line-height: 1.5;}
    .ray_id{display: block; margin-top: 8px;}
    #cf-wrapper #challenge-form { padding-top:25px; padding-bottom:25px; }
    #cf-hcaptcha-container { text-align:center;}
    #cf-hcaptcha-container iframe { display: inline-block;}
  </style>

      <meta http-equiv="refresh" content="35">
  <script type="text/javascript">
    //<![CDATA[
    (function(){
      
      window._cf_chl_opt={
        cvId: "2",
        cType: "non-interactive",
        cNounce: "54923",
        cRay: "6e7e7192fb1c7d3f",
        cHash: "bbd5795048368f6",
        cUPMDTk: "\/doi\/10.1128\/IAI.00913-08?__cf_chl_tk=V0gK2Fppd6jih2SyHumWlSW4ir9WoNq6KHJiKVoZCQU-1646604859-0-gaNycGzNB1E",
        cFPWv: "g",
        cTTimeMs: "1000",
        cRq: {
          ru: "aHR0cHM6Ly9qb3VybmFscy5hc20ub3JnL2RvaS8xMC4xMTI4L0lBSS4wMDkxMy0wOA==",
          ra: "cHl0aG9uLXJlcXVlc3RzLzIuMjUuMQ==",
          rm: "R0VU",
          d: "Ijj/bc6dfgFDPF610uHf9sjqIydmilRvSuAFzN1t5xjqiWCLDXl6EF0KJtJodt9FPqGyar/fR/PiyKPXwP8ro8LEtC3fBiBE8oy/400423pNoIpBYQ+3a/VBzjrPcPEIbSi8Rj6AZOtJj0eBoK7HC5UYM1W7X8XeYVPlvMGCmyEOZ+Gmr4m8eBSv/BgUeqeeBPBjPFhDIUE2VZKXm108KmiutynuZLq96gOF+wIDmlFFvsOG3luI5jPeqZmNzh3yyW24YLOpHryRC99mVHT1dP5Hn0FaesSbNgoinnXYwzXJzwxH/1H0V6yUjW2ahYi48xArcNFKa5QOwhtoDZ9j0sOF+Yxn2FQzpCECfX0exAgafDObgAd0vtEfmDVRmLBALZsb+RHdrFAryHfX71mpSoQ+9AQ5azMSAzrg3mbAVn7SZE92MiOKdNo7wbaGoCSoaRpECYmVtnspCMO2sayThnJp88Z/JzY0NqHI2P7+9AjyNU6R6FkSYsZYGhu1x7RZ3Ift4p/DFqeQRNKTbbUufGPaaeP3q7IGEQsiAQJReiGhRBHr3KRhEP7OvnCIb8Cg",
          t: "MTY0NjYwNDg1OS4zNjYwMDA=",
          m: "0VQk4NgpI37js0lqMma4tOOm6mIBeXPwve4PVBFcXlk=",
          i1: "eRXmrnRIdpAgmtlKXTOoaA==",
          i2: "/4hguWsn2EflPOzWi2oX+A==",
          zh: "Wdpz5DKIdp61fw1xi4/5+xF7d1QEaZ1MFNsdHIgPg6o=",
          uh: "5GU+jYv2xJ+bCaE/ARmi/DORbiS/v56CW7E0TH4XWQk=",
          hh: "kD0SA7WPJmOf4c5gVlTVLqmiA7Wp4e9AgVYIXtU6h0M=",
        }
      }
      window._cf_chl_enter = function(){window._cf_chl_opt.p=1};
      
    })();
    //]]>
  </script>
  

</head>
<body>
  <table width="100%" height="100%" cellpadding="20">
    <tr>
      <td align="center" valign="middle">
          <div class="cf-browser-verification cf-im-under-attack">
  <noscript>
    <h1 data-translate="turn_on_js" style="color:#bd2426;">Please turn JavaScript on and reload the page.</h1>
  </noscript>
  <div id="cf-content" style="display:none">
    
    <div id="cf-bubbles">
      <div class="bubbles"></div>
      <div class="bubbles"></div>
      <div class="bubbles"></div>
    </div>
    <h1><span data-translate="checking_browser">Checking your browser before accessing</span> journals.asm.org.</h1>
    
    <div id="no-cookie-warning" class="cookie-warning" data-translate="turn_on_cookies" style="display:none">
      <p data-translate="turn_on_cookies" style="color:#bd2426;">Please enable Cookies and reload the page.</p>
    </div>
    <p data-translate="process_is_automatic">This process is automatic. Your browser will redirect to your requested content shortly.</p>
    <p data-translate="allow_5_secs" id="cf-spinner-allow-5-secs" >Please allow up to 5 seconds&hellip;</p>
    <p data-translate="redirecting" id="cf-spinner-redirecting" style="display:none">Redirecting&hellip;</p>
  </div>
   
  <form class="challenge-form" id="challenge-form" action="/doi/10.1128/IAI.00913-08?__cf_chl_f_tk=V0gK2Fppd6jih2SyHumWlSW4ir9WoNq6KHJiKVoZCQU-1646604859-0-gaNycGzNB1E" method="POST" enctype="application/x-www-form-urlencoded">
    <input type="hidden" name="md" value="yDeUFR6UNzm1.sr1L4CUwE7A8.BW0JTplihEfe34Mhs-1646604859-0-AfT30v_88QcQBxR1e_bmZxla4BNnB42hDzpnOx7-5GhuqsVC7USTiTX7dPGYK45MI3o32tQwEshpPJ9bgFvofqoOVaR_cvBdTv57eNL550nv4jaX2G7MgSenVpTnPHyb4S9lTXNNi3h_4zUobc1ZyPSDNsM5XOCdxH-Q89JNLJMqGQaUDdirbN_Mk71nvKrkc2YswYgy4sDvlPKUkY8RZiPY9tK-088t0fWvlYio7PK8UhoUtJ_Hi_mwmGKWdrvrjpq_XfjRAU7yQx3NOz45SdLZh0ujhUqLUZsRcxkH6kSpIw9iQCgUA_aTpFCkFEYCohVHVJAvDwY5Afsi3LJDzW5LUvhQo4xzKPM3IuxUMe5c1NQ8PdtIEiK1o9S5C1o_vXTkmDLo_rDggaewefTlmXUVeVgse8Rxu13gJ2VaYJVoJR8_nk6tyMtTyvqFzQn5vXLT-HWlVOb_PADRNvTsaIttJiqYJXVwvUFeJiktw5l1ypqwhdDsUUVt4I6qbe3GG-uK00IYdhj_BGF1SsKg1eMbGDWuaPa0ZFiX8_T3d44fPWJykQBpBpdFg8WjtOzuXm1FRRy3r0RzIGEagtFlL0-iSecSQ_Vu0UN2kf5HnAWyKd4oJytVMEMJ1419q5oaIeryBetwsaaSZR7mpgMc-XvZwvPfshzDVY9EcUGyZDf1HgV5q2yffMl-mJMvbZL86A" />
    <input type="hidden" name="r" value="aoU8ApWBI8b7su.OKTdb1j.SYT4y5aZwcudkJvwRiK8-1646604859-0-AdWMePWvieiUJp1EDu1yGJS70rPbtVkIrAhu0ZZtYv70Ek2SNP8Q4FDRpaZ0f5O2P6SFGwUFQF5NkYkpnsDQFkYA/gxCRFnJ8om7JoRsS/VVePOHc+is9jijRpJnFp6/vLOHtoP7kzchqJTTgKxthNL2JMV2/h5ffL1FTCMAFMfbvX7PjpyINaM3bm0CDb/wH1XUtW62sy4/mVWGnrrrwNh8649Lr8Xi5QPUA7zgYi3cKO6yDEdwrbU1Kvl5OqWcXgVuRaZZm59Ii1IWO2uCpu0Dh/C+qEQ/5novBcaI31N+z6KrUCd9twJ1+TzCTE8h939BC0e70sGDgEghu8mYnvv9drGROey9Lvi/8N8/Sl3xZBZCJ3eUjrsYrW1HlvemKePlTbREoUWbt/FSuks6FZmXu8DBUV/IxPGkp9b6+rCKkY9nD7bmCc/GV9tlR2W1V170ENnG+NDlUXLEDZw6qaNmlO/wVETN+3Noa5goBdPDLhvnyGsaAuxlOWMgTGK3rgyPUgt50HzA02OozzAcDhR3DbgoaHYdPV6K8RJzbrmkzk+RKygFXRcwoSJZq55bC6DeoK/zyJtfJOC60udkg42mlmz9vXS8IVPPn3hxsRuj8lb/FffECdWiA4lwTbx8albAdD3VCN9gpBdPITlaOaPYwXyUP5NlnvOOORIFi30UeOCdCb2K+xS5RtLEjIq1jEhE/oilmFgO+BcgSx++ElM0rZykPZ/+GcZPg+31ZzU3jJRhZR2mJyq5d8cTSxIqZMMEeqPvQC/Hh0KVVYDd8fR3PMy7ukMdDyhF/e2YWsQan5IohmUICiyYYIZ8XB12NLKs+tF6xGuZPvqRVmo2DAdZSvZW2FUu+UUcJ58bsNrUzvJjLJfblm9zwAxD2W5TGrk2MGn7EOV7iQC0Ar07BZum4CmaoICCntyhtDgpkNz9TmYmsooHSYCZyLrnTZXcajjflcMmqgMm1CZtNTFDuV2SEDTpvtAwX8h7gdnOCrMWRPR64EXk8rR5TjkzhGU16tyRnrymg9W4uWIhsQxbOCWIkyF11MkHvVm1rS7w/aJVxzNH/EUFa4MwQ0eUO9qP+bNCCnScA3KBdKH2iKjUitCnJbgZd+QGE3wLJDL+1U4S907rQNFVDb2gTYrFFeMwMU4A6fphsNUwvgb/bsYlKwSDHysDWOnjO+w/AnPP1L68vUtaGNjQVOsDovyXm+pBRCSfn3azx16PPVamv3Gx/oRkqL7//SU86vyAhvDdxPcXMuBZI2Te5i4747kFnqvlV4EJbHgmtrasRIH437xhevdliidAfttEKyGiv20qpwa9OST4ibDMSDbbKuA1zOcuO/kyVWQQshCNoGI84xgiqCT7FmYXGdiviqoMqI5+seF00Xy9UzxJzmqRzQ3TgnPcd8vWUldxCoUB2z0BwdlldjOr+P1nIg1BxQSIBBkg6SAdveqewK4Tw+fQSNN0oZ29dkui7uuaqBXuDpXhOqlXX2FZhatS1Fw23DpdZ34oqHBOT1v045WxJzwT0HF00+LxtC9+7F+cGtrZkuBAxoFj4AbRNJ2n/uwy2+pgT5Nj2lFs46AX++JW055FHLINeqB6WHpZb+3IxR/PNcDLvms7YQpyOMtL5nX5NnUFPDOLPWWVe2UhWyR+Jm/59tDBmy9S+N71fIdmZPW0FvtRIA6Qe6ZX9kzc9vLcaT60FGuk7gPcOmAQdbe/UYplPtqFQAM3qR2vMp+U27aSFMEE43y16h46bbsOJuWBGpGWZ+XRPjy7CSqdLl3L763AUBQWdFiqmiKPpxx9aXtws5CEToE0op4="/>
    <input type="hidden" value="6e9e1a9677fc6ee960bffbbf4f46616d" id="jschl-vc" name="jschl_vc"/>
    <!-- <input type="hidden" value="" id="jschl-vc" name="jschl_vc"/> -->
    <input type="hidden" name="pass" value="1646604860.366-twZR9CPVLX"/>
    <input type="hidden" id="jschl-answer" name="jschl_answer"/>
  </form>
     
    <script type="text/javascript">
      //<![CDATA[
      (function(){
          var a = document.getElementById('cf-content');
          a.style.display = 'block';
          var isIE = /(MSIE|Trident\/|Edge\/)/i.test(window.navigator.userAgent);
          var trkjs = isIE ? new Image() : document.createElement('img');
          trkjs.setAttribute("src", "/cdn-cgi/images/trace/jschal/js/transparent.gif?ray=6e7e7192fb1c7d3f");
          trkjs.id = "trk_jschal_js";
          trkjs.setAttribute("alt", "");
          document.body.appendChild(trkjs);
          var cpo=document.createElement('script');
          cpo.type='text/javascript';
          cpo.src="/cdn-cgi/challenge-platform/h/g/orchestrate/jsch/v1?ray=6e7e7192fb1c7d3f";
          
          window._cf_chl_opt.cOgUQuery = location.search === '' && location.href.indexOf('?') !== -1 ? '?' : location.search;
          window._cf_chl_opt.cOgUHash = location.hash === '' && location.href.indexOf('#') !== -1 ? '#' : location.hash;
          if (window._cf_chl_opt.cUPMDTk && window.history && window.history.replaceState) {
            var ogU = location.pathname + window._cf_chl_opt.cOgUQuery + window._cf_chl_opt.cOgUHash;
            history.replaceState(null, null, "\/doi\/10.1128\/IAI.00913-08?__cf_chl_rt_tk=V0gK2Fppd6jih2SyHumWlSW4ir9WoNq6KHJiKVoZCQU-1646604859-0-gaNycGzNB1E" + window._cf_chl_opt.cOgUHash);
            cpo.onload = function() {
              history.replaceState(null, null, ogU);
            };
          }
          
          document.getElementsByTagName('head')[0].appendChild(cpo);
        }());
      //]]>
    </script>
  

  
  <div id="trk_jschal_nojs" style="background-image:url('/cdn-cgi/images/trace/jschal/nojs/transparent.gif?ray=6e7e7192fb1c7d3f')"> </div>
</div>

          
          <div class="attribution">
            DDoS protection by <a rel="noopener noreferrer" href="https://www.cloudflare.com/5xx-error-landing/" target="_blank">Cloudflare</a>
            <br />
            <span class="ray_id">Ray ID: <code>6e7e7192fb1c7d3f</code></span>
          </div>
      </td>
     
    </tr>
  </table>
</body>
</html>
