<!DOCTYPE HTML>
<html lang="en-US">
<head>
  <meta charset="UTF-8" />
  <meta http-equiv="Content-Type" content="text/html; charset=UTF-8" />
  <meta http-equiv="X-UA-Compatible" content="IE=Edge,chrome=1" />
  <meta name="robots" content="noindex, nofollow" />
  <meta name="viewport" content="width=device-width,initial-scale=1" />
  <title>Just a moment...</title>
  <style type="text/css">
    html, body {width: 100%; height: 100%; margin: 0; padding: 0;}
    body {background-color: #ffffff; color: #000000; font-family:-apple-system, system-ui, BlinkMacSystemFont, "Segoe UI", Roboto, Oxygen, Ubuntu, "Helvetica Neue",Arial, sans-serif; font-size: 16px; line-height: 1.7em;-webkit-font-smoothing: antialiased;}
    h1 { text-align: center; font-weight:700; margin: 16px 0; font-size: 32px; color:#000000; line-height: 1.25;}
    p {font-size: 20px; font-weight: 400; margin: 8px 0;}
    p, .attribution, {text-align: center;}
    #spinner {margin: 0 auto 30px auto; display: block;}
    .attribution {margin-top: 32px;}
    @keyframes fader     { 0% {opacity: 0.2;} 50% {opacity: 1.0;} 100% {opacity: 0.2;} }
    @-webkit-keyframes fader { 0% {opacity: 0.2;} 50% {opacity: 1.0;} 100% {opacity: 0.2;} }
    #cf-bubbles > .bubbles { animation: fader 1.6s infinite;}
    #cf-bubbles > .bubbles:nth-child(2) { animation-delay: .2s;}
    #cf-bubbles > .bubbles:nth-child(3) { animation-delay: .4s;}
    .bubbles { background-color: #f58220; width:20px; height: 20px; margin:2px; border-radius:100%; display:inline-block; }
    a { color: #2c7cb0; text-decoration: none; -moz-transition: color 0.15s ease; -o-transition: color 0.15s ease; -webkit-transition: color 0.15s ease; transition: color 0.15s ease; }
    a:hover{color: #f4a15d}
    .attribution{font-size: 16px; line-height: 1.5;}
    .ray_id{display: block; margin-top: 8px;}
    #cf-wrapper #challenge-form { padding-top:25px; padding-bottom:25px; }
    #cf-hcaptcha-container { text-align:center;}
    #cf-hcaptcha-container iframe { display: inline-block;}
  </style>

      <meta http-equiv="refresh" content="35">
  <script type="text/javascript">
    //<![CDATA[
    (function(){
      
      window._cf_chl_opt={
        cvId: "2",
        cType: "non-interactive",
        cNounce: "34708",
        cRay: "6e7e71946ed67ce5",
        cHash: "ff9f3de2dd85590",
        cUPMDTk: "\/doi\/10.1128\/IAI.00156-09?__cf_chl_tk=V0gK2Fppd6jih2SyHumWlSW4ir9WoNq6KHJiKVoZCQU-1646604859-0-gaNycGzNB1E",
        cFPWv: "g",
        cTTimeMs: "1000",
        cRq: {
          ru: "aHR0cHM6Ly9qb3VybmFscy5hc20ub3JnL2RvaS8xMC4xMTI4L0lBSS4wMDE1Ni0wOQ==",
          ra: "cHl0aG9uLXJlcXVlc3RzLzIuMjUuMQ==",
          rm: "R0VU",
          d: "aWUntaIMF+CGHolQtvdsC9WQ09NHkd6G356emYnHCF8KcRyIPuJJDkPCZPKUqG9NC/V2sBLQzc2UMQLJAMgTZID1N7dPIXGYa/w8IjamnjRDDbg3zPSfdmfbcW/yYyTr3c9tmv9KRZlpP3lWwQNnBgIhZ5g46T4aMrQZs6Oi7InTzPIIx689xzAgiN2GgKhsW117jaYqP64FYdPC0M2GspkMfy//+xyO8ly0J1MmyQQeCuqovMmL5r9gC9T6BxInw7kfeqJPVifX3LXsonlaG8EqQsYAe9b9dMiCJTdBgguQEzrmmr/Jpzi9HLZg/ec2C/sA8JVxpom7K5/OVmz6xZEp5CCY7MM4TY1IpG2QcabAvck5sbFGRMbCcsNS0rNCEJSZXLh8QaxK6lzU1BdBnmda3mlv4sPwFZH/OeD5X2Wbx4dvkgcYDihTlq+xVCa4xVwug1jW21ST7O5vjlFVH2/EJGBjGiddVEomciqO71ksMZ72XP1wJ+ND2MJrHNTAbQDDDQejzOUDfQELwMkdf/jpYDhlWdcUrbbnGDkArCdGf2WmVV/6CtkaB6xa8zKU",
          t: "MTY0NjYwNDg1OS41OTAwMDA=",
          m: "G7ZwfY2XU/DKXCSX9sm9aTzT57122H47B9i4/90Gl9A=",
          i1: "MJsXghsoxEaVZiEAXi/FDw==",
          i2: "iXg1n5IIox61BGrosULegw==",
          zh: "Wdpz5DKIdp61fw1xi4/5+xF7d1QEaZ1MFNsdHIgPg6o=",
          uh: "5GU+jYv2xJ+bCaE/ARmi/DORbiS/v56CW7E0TH4XWQk=",
          hh: "kD0SA7WPJmOf4c5gVlTVLqmiA7Wp4e9AgVYIXtU6h0M=",
        }
      }
      window._cf_chl_enter = function(){window._cf_chl_opt.p=1};
      
    })();
    //]]>
  </script>
  

</head>
<body>
  <table width="100%" height="100%" cellpadding="20">
    <tr>
      <td align="center" valign="middle">
          <div class="cf-browser-verification cf-im-under-attack">
  <noscript>
    <h1 data-translate="turn_on_js" style="color:#bd2426;">Please turn JavaScript on and reload the page.</h1>
  </noscript>
  <div id="cf-content" style="display:none">
    
    <div id="cf-bubbles">
      <div class="bubbles"></div>
      <div class="bubbles"></div>
      <div class="bubbles"></div>
    </div>
    <h1><span data-translate="checking_browser">Checking your browser before accessing</span> journals.asm.org.</h1>
    
    <div id="no-cookie-warning" class="cookie-warning" data-translate="turn_on_cookies" style="display:none">
      <p data-translate="turn_on_cookies" style="color:#bd2426;">Please enable Cookies and reload the page.</p>
    </div>
    <p data-translate="process_is_automatic">This process is automatic. Your browser will redirect to your requested content shortly.</p>
    <p data-translate="allow_5_secs" id="cf-spinner-allow-5-secs" >Please allow up to 5 seconds&hellip;</p>
    <p data-translate="redirecting" id="cf-spinner-redirecting" style="display:none">Redirecting&hellip;</p>
  </div>
   
  <form class="challenge-form" id="challenge-form" action="/doi/10.1128/IAI.00156-09?__cf_chl_f_tk=V0gK2Fppd6jih2SyHumWlSW4ir9WoNq6KHJiKVoZCQU-1646604859-0-gaNycGzNB1E" method="POST" enctype="application/x-www-form-urlencoded">
    <input type="hidden" name="md" value="8eqtx8zDmbWMzlOx1wqmqA08IuG1ARvR1sb0RWUPu2s-1646604859-0-AQhC_E_gnKWbjdFvK5lXjLTwClCXJmxmp4pOaIH3Oc5Gbc28oX-4mihds1uumB1UC4lz5-e5CPIor-UzLV4KHYuL3OFFJ8-X93t2cZmPQzNsjriyPwMVVXDH6cKtQq-K4s_ShvPG5rdigReJlzjLVzxvhXTZyLSSs03IjygR9dOO_DMDX23wZNs6LXkbseQjR7-CeVpbQvyoVEjjf6CnGCZwMNiZQu-0ESAI_T_nAN6msx7WyrnEeQB9urxTEDT0cjzFrmF8jflrzaLMmvWN9U6MYKe2r9N1r62qyMa60dvJrEWXfQCe3P2xXfY-PQLZxw3K_Z1WilslUJpOLd3NCEK1IwlAGlg1qLRzM3kr10ypVNY9749bjNs1eI_pQaLS1CHaSRAF-nrATGgmm6CDwahKtpSy9IUwWwO6qa6v8zJhkZoHG2hd0jrimSy4avx_Xa841WBZhdWurywF4WCVsG3lj8UPZJY5ypKr-Q34M2gvcnnzu4nvt8v_DpP0efbqt0E4nzM_UnoQjVO8Fnr6YVu8tDp-xR1RzVVlXHIrFeR6X4mwE3Fy5DbmPnaMxQZg8nxxVMOMZj2YBjMC4dXCDBPZbHalBjtDQZYQxUbLh1O3wYwrS6bMVnLdyldpLLOEYPNP6JrZTOvQ82nfAmdlm48fs1poL3WedeER2p6awxrppkfFGgO-Fa6aeP50kLQapQ" />
    <input type="hidden" name="r" value="hqaknklUk.0lkrZAy._MTjJvrvRig0DJbR23WmBwj24-1646604859-0-AfTZ03u+PoTCxtG/gOZ1y3vWBXRChpMUuwRq6pLA9vneAVQQAOozvGrvVzOPpeM5xp9omXdefDTTqx/q2hFAtcRk6q2LLV7072Wsp4v76l9HZ0wVws3BOurTp4PgEkVli8XbE43XgftfNNLS3X1SfUL9LeXkwrJg8nrtHEhjJR9tjeOR9J5+Zhv3TE00/ybHak5wxZ2C7K7J3HVd4CeLhn6JwFi+qHOJCL8liNEyCDP/E0BbuJhkiYxus6B7hNpkml5F0JkSqwgqsfx99jMwk1hk0T2egB6+9yDDJOM5cUNBkY8LxHjUgpE0k4cINAxDyLxYngWzKGexqAu3qT707V5pza5VxOzbj7VzPrgFmnsPdQ8YgwDFo6wJd1RdmyOLze9X2txqNiaK4SVja0slUI9CeBrw5zD37lGHFDogaJmYcTn1jNSAega2DYLX8bu1Ia1oZiYHmxbVbMOhHxJw5whgLUS62DpkZI8d05uy7K9jwLzEARMZII19N04c3QwOa5GB9gQ5+I/rcXb6kxKzqCEMI3cyx2uU1XyrRuW1PufNykbu+sENayZdz3zVwm08Boksa4T7SLglvYZnnTaN0vt/xISsTd9py09vRNFT3WS045ehjEBlXCKC/5Aa1kwq7ru13Xew8ED9aVJr62iwZFk5O3pQpxQtyYgrOoYm996TX2yaNy35LKssa/hkMrnrFwVkgioj/KoHbVcZTELIippHsIBMIbgbtVwYVFSKx+ZwRVyEBX4kUBna+Kn+HhYsuDwC0OvEHPQHIKFOBNAXUaBq6HgXkf0Vgg9I0dBqxnruWhdaSi9yhDosBBhl6CMB3rEyS3y0Ap0FfN+ilyhVRQhGI4mS6Ay5e5XUpFn4GgB7y4NW/7gmRUcHKotI9gp4zIBKMnTcqPyiqH7Zf0r4+50nhdNHEUY9b51mCQBxA4+SYh83NN6U2yEkGQPc4e5yIMU4xbPuSltXK8zCAwTEprFPfnBwt554LscEqFQk1VUvB0+saTLpoRpKn5KMC8H8uAJRYOiKykb2HXpKhetkf3QsaAf0+jz3Xt98xVkPBQRG+L7UEYJ6JcQoaEtnidSixsdJNXuKaQc7RzfTdr2iHNUA+tODWIwNliUyMXPUQd0Kx1DDFq51SySEsspJi75eqY8+S//h7IDm507LC5dg0ahXqFWQEcGfr1+Z6XuuFNqVbCvLLFFnii1qIxGKlH/cQyBMJ4q+9UKmkLaOj7m8CMy4N2DAzUuziJ5u3UXc76FrICEuOfmtJwFlNwRIvU9o1g+7X9GsEnTSxbRgtnz9rcJUoOtrXVWLaZo4wZRAP6hAmPzT/CcjhjeFnYpH54IdRX+fL/SSfKguaKwMbiTQ6idKVBKvGtoyCM1l5m7cCAsZgoeFYhh9vQb8xQnMc2ATML6+F1roa8zyM0z8A4iizsgJrgVJFSD23zN5qEhQ4pb5NB35FLp54fJ2QXikRGFJDaqWzTjIfA/nrPgw2jFQj+MTViG4WxA9+/slFXYjdvm0YIK+2v4B++biWXj8NsT1Jeyoj94tQeOfYdIJvfEUpDKDDsoV6pQME0L5aZssFOzTocNcDCEExl5Rx9EzE4RlzXNiVHJolLSYVmMnRaeIXGYyaRdef3vhnwzStVzvinOTYJIJtwC9S/CoqXgf+SuGBqLX222DtoN5dhUymVE7KQI54jOdF/mg4HVQq/s+WAsVVvfSIwOU4xtmVtinRHFfBJQ7+gXu+CH++VxktT9X23/YTXlaLY/Rh9YrC/3oSfAq9uhPwRdcjnDscVG+s9MzNknD41APkNb/+oeeR4haiDo="/>
    <input type="hidden" value="eff128b5c30ab113c1aa2aed71569b5c" id="jschl-vc" name="jschl_vc"/>
    <!-- <input type="hidden" value="" id="jschl-vc" name="jschl_vc"/> -->
    <input type="hidden" name="pass" value="1646604860.59-mW/QG2rzBR"/>
    <input type="hidden" id="jschl-answer" name="jschl_answer"/>
  </form>
     
    <script type="text/javascript">
      //<![CDATA[
      (function(){
          var a = document.getElementById('cf-content');
          a.style.display = 'block';
          var isIE = /(MSIE|Trident\/|Edge\/)/i.test(window.navigator.userAgent);
          var trkjs = isIE ? new Image() : document.createElement('img');
          trkjs.setAttribute("src", "/cdn-cgi/images/trace/jschal/js/transparent.gif?ray=6e7e71946ed67ce5");
          trkjs.id = "trk_jschal_js";
          trkjs.setAttribute("alt", "");
          document.body.appendChild(trkjs);
          var cpo=document.createElement('script');
          cpo.type='text/javascript';
          cpo.src="/cdn-cgi/challenge-platform/h/g/orchestrate/jsch/v1?ray=6e7e71946ed67ce5";
          
          window._cf_chl_opt.cOgUQuery = location.search === '' && location.href.indexOf('?') !== -1 ? '?' : location.search;
          window._cf_chl_opt.cOgUHash = location.hash === '' && location.href.indexOf('#') !== -1 ? '#' : location.hash;
          if (window._cf_chl_opt.cUPMDTk && window.history && window.history.replaceState) {
            var ogU = location.pathname + window._cf_chl_opt.cOgUQuery + window._cf_chl_opt.cOgUHash;
            history.replaceState(null, null, "\/doi\/10.1128\/IAI.00156-09?__cf_chl_rt_tk=V0gK2Fppd6jih2SyHumWlSW4ir9WoNq6KHJiKVoZCQU-1646604859-0-gaNycGzNB1E" + window._cf_chl_opt.cOgUHash);
            cpo.onload = function() {
              history.replaceState(null, null, ogU);
            };
          }
          
          document.getElementsByTagName('head')[0].appendChild(cpo);
        }());
      //]]>
    </script>
  

  
  <div id="trk_jschal_nojs" style="background-image:url('/cdn-cgi/images/trace/jschal/nojs/transparent.gif?ray=6e7e71946ed67ce5')"> </div>
</div>

          
          <div class="attribution">
            DDoS protection by <a rel="noopener noreferrer" href="https://www.cloudflare.com/5xx-error-landing/" target="_blank">Cloudflare</a>
            <br />
            <span class="ray_id">Ray ID: <code>6e7e71946ed67ce5</code></span>
          </div>
      </td>
     
    </tr>
  </table>
</body>
</html>
