<!DOCTYPE HTML>
<html lang="en-US">
<head>
  <meta charset="UTF-8" />
  <meta http-equiv="Content-Type" content="text/html; charset=UTF-8" />
  <meta http-equiv="X-UA-Compatible" content="IE=Edge,chrome=1" />
  <meta name="robots" content="noindex, nofollow" />
  <meta name="viewport" content="width=device-width,initial-scale=1" />
  <title>Just a moment...</title>
  <style type="text/css">
    html, body {width: 100%; height: 100%; margin: 0; padding: 0;}
    body {background-color: #ffffff; color: #000000; font-family:-apple-system, system-ui, BlinkMacSystemFont, "Segoe UI", Roboto, Oxygen, Ubuntu, "Helvetica Neue",Arial, sans-serif; font-size: 16px; line-height: 1.7em;-webkit-font-smoothing: antialiased;}
    h1 { text-align: center; font-weight:700; margin: 16px 0; font-size: 32px; color:#000000; line-height: 1.25;}
    p {font-size: 20px; font-weight: 400; margin: 8px 0;}
    p, .attribution, {text-align: center;}
    #spinner {margin: 0 auto 30px auto; display: block;}
    .attribution {margin-top: 32px;}
    @keyframes fader     { 0% {opacity: 0.2;} 50% {opacity: 1.0;} 100% {opacity: 0.2;} }
    @-webkit-keyframes fader { 0% {opacity: 0.2;} 50% {opacity: 1.0;} 100% {opacity: 0.2;} }
    #cf-bubbles > .bubbles { animation: fader 1.6s infinite;}
    #cf-bubbles > .bubbles:nth-child(2) { animation-delay: .2s;}
    #cf-bubbles > .bubbles:nth-child(3) { animation-delay: .4s;}
    .bubbles { background-color: #f58220; width:20px; height: 20px; margin:2px; border-radius:100%; display:inline-block; }
    a { color: #2c7cb0; text-decoration: none; -moz-transition: color 0.15s ease; -o-transition: color 0.15s ease; -webkit-transition: color 0.15s ease; transition: color 0.15s ease; }
    a:hover{color: #f4a15d}
    .attribution{font-size: 16px; line-height: 1.5;}
    .ray_id{display: block; margin-top: 8px;}
    #cf-wrapper #challenge-form { padding-top:25px; padding-bottom:25px; }
    #cf-hcaptcha-container { text-align:center;}
    #cf-hcaptcha-container iframe { display: inline-block;}
  </style>

      <meta http-equiv="refresh" content="35">
  <script type="text/javascript">
    //<![CDATA[
    (function(){
      
      window._cf_chl_opt={
        cvId: "2",
        cType: "non-interactive",
        cNounce: "4440",
        cRay: "6e7e7196afea7dbe",
        cHash: "ab57bfd27dc26d9",
        cUPMDTk: "\/doi\/10.1128\/IAI.00956-09?__cf_chl_tk=zMOjhTjYcZn9KobHreQqPb_9JKgx2dMHPQo_1sQi5bU-1646604859-0-gaNycGzNBz0",
        cFPWv: "g",
        cTTimeMs: "1000",
        cRq: {
          ru: "aHR0cHM6Ly9qb3VybmFscy5hc20ub3JnL2RvaS8xMC4xMTI4L0lBSS4wMDk1Ni0wOQ==",
          ra: "cHl0aG9uLXJlcXVlc3RzLzIuMjUuMQ==",
          rm: "R0VU",
          d: "Gtx88aNyQwcdW3f8tG59P7GlL4ELSPDoM5Wo/WwsLAh7Nz/EziTdNifOuTF7Jp3WLYjPo7VAEyjI0SS5OMGs7/Hy1W8QuydX2uqNCCN1P976UxMrsqIcBKZaI5GafbeAn8pY+MjJLHPhIfBQ2z0vzxQ4cA5A8OJRc54vZXP1t/nvtuetZgJbR1SS8p7uu+ta4F8QjnsbzZvRcC45Rd8lzmSnDOa/EZ2Lf+ua085tXAXUTgFDPwDxR866nchiFm01QkTiF7EpEsoedlFJ1xwKbJx5Rj5IXKol6sP61RpHKJf8gjGDdC3c6HQJ647lepDLCGNtQpxvINvO8VH4if5ULbtGRSBAWQ92su5C/yLiH+/DR6yCfETEVyhOLeijZ5Qf+9L09XP4R9MIAyCXXt7cIi+UQ1btgnP1SzbC71/U93eYZamfiMHiENNZiGbPxutSze/+dhj8G6os+UgqwFaJFz6FN1RHE71pfwsQeYWvFUQIEk1l2pKYsN0u/xaXHlmq4gzGgNaItbXFvDA+Wko/6JjKokVY1avaZhqt/IIBY3gSL4XVCZJ5dpY1n/SIj99H",
          t: "MTY0NjYwNDg1OS45NTYwMDA=",
          m: "QcDiJOnRk54jQ4+46DMl2UPmMOhSLMdo/lrr2BgABJQ=",
          i1: "501MN/2xcQhtxUZpG02OQA==",
          i2: "NWMBFFXIIb1it9mwa9Otnw==",
          zh: "Wdpz5DKIdp61fw1xi4/5+xF7d1QEaZ1MFNsdHIgPg6o=",
          uh: "5GU+jYv2xJ+bCaE/ARmi/DORbiS/v56CW7E0TH4XWQk=",
          hh: "kD0SA7WPJmOf4c5gVlTVLqmiA7Wp4e9AgVYIXtU6h0M=",
        }
      }
      window._cf_chl_enter = function(){window._cf_chl_opt.p=1};
      
    })();
    //]]>
  </script>
  

</head>
<body>
  <table width="100%" height="100%" cellpadding="20">
    <tr>
      <td align="center" valign="middle">
          <div class="cf-browser-verification cf-im-under-attack">
  <noscript>
    <h1 data-translate="turn_on_js" style="color:#bd2426;">Please turn JavaScript on and reload the page.</h1>
  </noscript>
  <div id="cf-content" style="display:none">
    
    <div id="cf-bubbles">
      <div class="bubbles"></div>
      <div class="bubbles"></div>
      <div class="bubbles"></div>
    </div>
    <h1><span data-translate="checking_browser">Checking your browser before accessing</span> journals.asm.org.</h1>
    
    <div id="no-cookie-warning" class="cookie-warning" data-translate="turn_on_cookies" style="display:none">
      <p data-translate="turn_on_cookies" style="color:#bd2426;">Please enable Cookies and reload the page.</p>
    </div>
    <p data-translate="process_is_automatic">This process is automatic. Your browser will redirect to your requested content shortly.</p>
    <p data-translate="allow_5_secs" id="cf-spinner-allow-5-secs" >Please allow up to 5 seconds&hellip;</p>
    <p data-translate="redirecting" id="cf-spinner-redirecting" style="display:none">Redirecting&hellip;</p>
  </div>
   
  <form class="challenge-form" id="challenge-form" action="/doi/10.1128/IAI.00956-09?__cf_chl_f_tk=zMOjhTjYcZn9KobHreQqPb_9JKgx2dMHPQo_1sQi5bU-1646604859-0-gaNycGzNBz0" method="POST" enctype="application/x-www-form-urlencoded">
    <input type="hidden" name="md" value="L6..ZuNCN2eEeJV50R479if7MvkIHEUJ.ouPMcjrxYg-1646604859-0-AcGUKfG-iHRBBCQYi8LX7vlUmx6rheLlT5M4sIyQ_RKvNDkS01ShKOV8x_hnKfuDZxgDtGrMMGsOn8_LVVPnzo7LD4HBd-bNOXSTnjU0CMLiSJI4VztojBvZRZUD6vGPr6dJu2zQ8Ny-uVZhipe7QM_rMrr5G3ukedfNPBcLShiswmsfp9aP8kdUITL5oLdXRwvh6gB1ibmmxfNP_Apuds3eBVPCPvdV5l9qxo4sW07XQcrOUepK6RheTEQVhfQ8tQ4rA2UtwG3gvlFP8FaUTIQsfA2Aq52vGQXym2sTZHMYtgU5BddtM_TVIH4qqNUcIjO1kZFc0MrrvwzNe-Dh25ydHN3RjfvEYI_aGo9YiDpcOt6yJiP96Rza1yGLr2tT5hsayNyxVq8nizz3GP5jciZ6lxlGMtCNRBNfWJiiC9vv1al5IixldBHyzA5MiV-aB8P_R3fuFR57IP06daX50CzEb7g8GqhhvwGLn6PXbkO4FRag989rf_K9Xf2tvvhfG5m8GpPkwBMJ6yBJGjlRR7GNk6qfx6-mt7QfUBXgpuYksIyD87KbtSP8vTWiZTc-jCk0q1xvsbP_Ys5_jirYqWwN2V1DH2ibaJYR01Vl0pJHoykZvdTfd8t49Nl0eTH7DzlklcnwTSZzfPNghu5H4laJEUMLrot4dARVFrGFU-vTI5_VaeyDLcBaFe9EopsODw" />
    <input type="hidden" name="r" value="8eHU735WeSDQttCX5tT3t3Icp3FgmYeOEXLO0seeyUk-1646604859-0-AZ6u3OVpW1WpiXqkct7MPUIIpY1Nkr8UMX4x3EWF0bNB3eBvBX6Kj6GESxnn93cpbahOp5VS3NoxIwRtsI5/HvOG/ldAiBJcW4PQ5A3DKK7vQqRJRvmHKotLRmZ+RU3dBC9u3XWhG8x6I14QBEN8L2WXvFykXecn7sUHyERbkwx8+AU0/A5uL8aHFeP9hnQbE5D4Te0kyQ0HkJBuyxJ3BX9MTXje4PZJ+wRbOPn+qJUgiqv6R77GWjReoJuoEFWWTAuGteyEHKwwd7S7iJbISzROyvQ+u3W1/LVFcIwtmOkkEOXA2wZQhRePRQHOXoP0XoJGmxVxKlQ7jehl2//xJJkjML22C0iexk0ktzQUQxtGooEasJ6mE7dJ3sBgs7DSqbAlAHyzUkBuILeGuGBMvEqLv3rCLMXhwM+oAQAC9nIlsnR7vqs/7UB0wW9vGcBkzPu+zwHWa4jVEjUhoP6cKOqU0zESRZq8hIA0dXCvRJ1R8IcRrxCkOCVMTqONHhCyTmjlixs3miW3zaI4aEG7y1A/a8LBDakNpHtnOcWng7FiHqrt5epBd9bhfMZIwj4s4v5TKhnqfS5msRLb6A1DjlEIBXWiDyXcf5SoVScftX67JJ/CbF3lEncO+x3or8KW2WTCkuWEN+Oqw4zfJ5YxIUpd0tqXkSO80fmlwkGYrFhMM0TZs0EIihJyQP2R5L+kWW0g+a6AkaKKxqzZGbBRlhHJ4P97KhDhJ+bnY5zeTWlKVDld14COYa6nA7gj1VyXY9qNAr8MYZ+UGqDFUG7A8Nr3D59kzpgciH0LmC4jBBPnrn2fVL8xRHW/kxZN8IIpEdIEfPTZOOxkJ5EtS2ujz/lO/AWN7ORCocJD6X2sr2jEAxxuQg/TdgZ41TQp6ShIJeI5QSEo6ipOE+10+CpqrgbNiROJkBWD5HaOSXniFzFmiFki4sqWvMy90x2fPGzA0YB/043BFLmceMPWR8X8c4lauQi/gSh4XgnsHgWC3Afdl6Ys6796736p5ESTvalH/pvKHeJiHeu93d1geQgwHrxB6J5My2DfLik6iFJumnpMCEaqehQkAvAm+x00mUcLUul+o3QqEChTTSBXhOO4/g51J6mkJnTBPprEDuTggrTWLEHA8ltHQ6mQB7OglJnr3/xIFHhNsAB5xLrWnoctY58ULK/UgMPzlje7yEe11Mfz2TIQm43i72F1wnxArLtT68nAGH6uv2DmtT617MePIs0bx4zDWbfc+cQfRX7Soif3XPWwOki5OUfzQLAfg0ltuB+swk9YJyjByxtLH4QUsrFkVe32YWsgG0KcqVFVh98hNvn1FamLPzYADsq9H7sicnaf6a6V6RCDIMYgMEoVNA765hplKul2FHfk8GL14Ywnge6/UFWsuLo4tmkF0AprDW2sBBvLXwitfC1wopLje/LYDW+h/ZA79ivWc9WxHOn1X5J3tT3S0Cc3SRDsgO50sYaODjtBqS+C6IcAlhIPXudg7ZGC8Q9EP2DufZFB1Dbzdog2qJCEkqc4kHly0rC++OiaB/oBL1ZysvXXCppxO8KKzBbnANmWTC//8Yk5c4TGRuZWnns+hoCPV8G452vuPg7+z6e3dbKVX6wUnkDnMwXrgat8p9z11njj1PDoauEFw9ogyKfUCp5HiH3L8SyBZXVkQZF4WPRxU5+1bvaoVPMdFUzLUlxBc4Jc8kkxgHoJKePC08d2hYvwKHAEdVkm4bHczzGmOrZdUsD5yQaiOv4QwU+XF3QlNI26BiIhm6QT8PEWKnF/23nTN9gzQRWTPg=="/>
    <input type="hidden" value="967d3c367375e1e33f507db42510f6c3" id="jschl-vc" name="jschl_vc"/>
    <!-- <input type="hidden" value="" id="jschl-vc" name="jschl_vc"/> -->
    <input type="hidden" name="pass" value="1646604860.956-Q1rb/4ACRJ"/>
    <input type="hidden" id="jschl-answer" name="jschl_answer"/>
  </form>
     
    <script type="text/javascript">
      //<![CDATA[
      (function(){
          var a = document.getElementById('cf-content');
          a.style.display = 'block';
          var isIE = /(MSIE|Trident\/|Edge\/)/i.test(window.navigator.userAgent);
          var trkjs = isIE ? new Image() : document.createElement('img');
          trkjs.setAttribute("src", "/cdn-cgi/images/trace/jschal/js/transparent.gif?ray=6e7e7196afea7dbe");
          trkjs.id = "trk_jschal_js";
          trkjs.setAttribute("alt", "");
          document.body.appendChild(trkjs);
          var cpo=document.createElement('script');
          cpo.type='text/javascript';
          cpo.src="/cdn-cgi/challenge-platform/h/g/orchestrate/jsch/v1?ray=6e7e7196afea7dbe";
          
          window._cf_chl_opt.cOgUQuery = location.search === '' && location.href.indexOf('?') !== -1 ? '?' : location.search;
          window._cf_chl_opt.cOgUHash = location.hash === '' && location.href.indexOf('#') !== -1 ? '#' : location.hash;
          if (window._cf_chl_opt.cUPMDTk && window.history && window.history.replaceState) {
            var ogU = location.pathname + window._cf_chl_opt.cOgUQuery + window._cf_chl_opt.cOgUHash;
            history.replaceState(null, null, "\/doi\/10.1128\/IAI.00956-09?__cf_chl_rt_tk=zMOjhTjYcZn9KobHreQqPb_9JKgx2dMHPQo_1sQi5bU-1646604859-0-gaNycGzNBz0" + window._cf_chl_opt.cOgUHash);
            cpo.onload = function() {
              history.replaceState(null, null, ogU);
            };
          }
          
          document.getElementsByTagName('head')[0].appendChild(cpo);
        }());
      //]]>
    </script>
  

  
  <div id="trk_jschal_nojs" style="background-image:url('/cdn-cgi/images/trace/jschal/nojs/transparent.gif?ray=6e7e7196afea7dbe')"> </div>
</div>

          
          <div class="attribution">
            DDoS protection by <a rel="noopener noreferrer" href="https://www.cloudflare.com/5xx-error-landing/" target="_blank">Cloudflare</a>
            <br />
            <span class="ray_id">Ray ID: <code>6e7e7196afea7dbe</code></span>
          </div>
      </td>
     
    </tr>
  </table>
</body>
</html>
