<!DOCTYPE HTML>
<html lang="en-US">
<head>
  <meta charset="UTF-8" />
  <meta http-equiv="Content-Type" content="text/html; charset=UTF-8" />
  <meta http-equiv="X-UA-Compatible" content="IE=Edge,chrome=1" />
  <meta name="robots" content="noindex, nofollow" />
  <meta name="viewport" content="width=device-width,initial-scale=1" />
  <title>Just a moment...</title>
  <style type="text/css">
    html, body {width: 100%; height: 100%; margin: 0; padding: 0;}
    body {background-color: #ffffff; color: #000000; font-family:-apple-system, system-ui, BlinkMacSystemFont, "Segoe UI", Roboto, Oxygen, Ubuntu, "Helvetica Neue",Arial, sans-serif; font-size: 16px; line-height: 1.7em;-webkit-font-smoothing: antialiased;}
    h1 { text-align: center; font-weight:700; margin: 16px 0; font-size: 32px; color:#000000; line-height: 1.25;}
    p {font-size: 20px; font-weight: 400; margin: 8px 0;}
    p, .attribution, {text-align: center;}
    #spinner {margin: 0 auto 30px auto; display: block;}
    .attribution {margin-top: 32px;}
    @keyframes fader     { 0% {opacity: 0.2;} 50% {opacity: 1.0;} 100% {opacity: 0.2;} }
    @-webkit-keyframes fader { 0% {opacity: 0.2;} 50% {opacity: 1.0;} 100% {opacity: 0.2;} }
    #cf-bubbles > .bubbles { animation: fader 1.6s infinite;}
    #cf-bubbles > .bubbles:nth-child(2) { animation-delay: .2s;}
    #cf-bubbles > .bubbles:nth-child(3) { animation-delay: .4s;}
    .bubbles { background-color: #f58220; width:20px; height: 20px; margin:2px; border-radius:100%; display:inline-block; }
    a { color: #2c7cb0; text-decoration: none; -moz-transition: color 0.15s ease; -o-transition: color 0.15s ease; -webkit-transition: color 0.15s ease; transition: color 0.15s ease; }
    a:hover{color: #f4a15d}
    .attribution{font-size: 16px; line-height: 1.5;}
    .ray_id{display: block; margin-top: 8px;}
    #cf-wrapper #challenge-form { padding-top:25px; padding-bottom:25px; }
    #cf-hcaptcha-container { text-align:center;}
    #cf-hcaptcha-container iframe { display: inline-block;}
  </style>

      <meta http-equiv="refresh" content="35">
  <script type="text/javascript">
    //<![CDATA[
    (function(){
      
      window._cf_chl_opt={
        cvId: "2",
        cType: "non-interactive",
        cNounce: "11268",
        cRay: "6e7e7198c9e27bdd",
        cHash: "a0959f751c78f84",
        cUPMDTk: "\/doi\/10.1128\/IAI.01203-10?__cf_chl_tk=OX725PtsB3ig7Hi0RpjF2nxC5t6ZJF8iU3SZV7oBwXA-1646604860-0-gaNycGzNBz0",
        cFPWv: "g",
        cTTimeMs: "1000",
        cRq: {
          ru: "aHR0cHM6Ly9qb3VybmFscy5hc20ub3JnL2RvaS8xMC4xMTI4L0lBSS4wMTIwMy0xMA==",
          ra: "cHl0aG9uLXJlcXVlc3RzLzIuMjUuMQ==",
          rm: "R0VU",
          d: "/P5eCXRBaJS8vyqYLr5dxmC8QJ7Lhg9OXJwGG5+7OZT0nPz/XiHBHx9ijgzv8vV2/LWCp9oIKYKbNKa5YFAqoSaab0DkRoNBvE9qNwJ3qh4OmL34OlmcFcIrcB3DEmmRBgOX6vouq3dCGyHqfE9qKiWIQPMI/aMU1hCRbKjg1zghuuYFe4S0fSHfTzWTrtGG8BlR1gMi/aWkkBI2Wm/741KAS+hN+bf9JRhdQyVpPs2nDFyLaJQgSZd5twEisO7MYWDLpmf7AUPsadrykzXwJLQNdlqSWdRQtR0xulPtBgDx6P26A6U5wkhUEUJMYi0K/39iUbrOX1oMvCLVrg4H85ayRjMg6gEwlB3M1Zz1a2z9SC+QQ49anHFUIfQmuyVLl41HPkeiISIjbdeTnay79vk1Sex4qx3Y+EytL59s4h82cHzuZMJD0Pon1xZFj1Dbe8RTp99+E0ZHG6lb38lKCsWq586MPkWPJIoMvjXWs64q6Aq+xnefCnfpDzRzsUpSfHYURAMJTOIbO12gguABPe8X81AOXhnLoVS9BAtAPfxVWY6nxJ1NhCTicyfok7yL",
          t: "MTY0NjYwNDg2MC4yODUwMDA=",
          m: "uYYH1AocingP/Es3y3G6Le4Reb80sMZJWrB0hhbBBek=",
          i1: "jQclIZMPMCG7f3s+ZQF8Uw==",
          i2: "wSNfcmjVllnAaTjRc42EhQ==",
          zh: "Wdpz5DKIdp61fw1xi4/5+xF7d1QEaZ1MFNsdHIgPg6o=",
          uh: "5GU+jYv2xJ+bCaE/ARmi/DORbiS/v56CW7E0TH4XWQk=",
          hh: "kD0SA7WPJmOf4c5gVlTVLqmiA7Wp4e9AgVYIXtU6h0M=",
        }
      }
      window._cf_chl_enter = function(){window._cf_chl_opt.p=1};
      
    })();
    //]]>
  </script>
  

</head>
<body>
  <table width="100%" height="100%" cellpadding="20">
    <tr>
      <td align="center" valign="middle">
          <div class="cf-browser-verification cf-im-under-attack">
  <noscript>
    <h1 data-translate="turn_on_js" style="color:#bd2426;">Please turn JavaScript on and reload the page.</h1>
  </noscript>
  <div id="cf-content" style="display:none">
    
    <div id="cf-bubbles">
      <div class="bubbles"></div>
      <div class="bubbles"></div>
      <div class="bubbles"></div>
    </div>
    <h1><span data-translate="checking_browser">Checking your browser before accessing</span> journals.asm.org.</h1>
    
    <div id="no-cookie-warning" class="cookie-warning" data-translate="turn_on_cookies" style="display:none">
      <p data-translate="turn_on_cookies" style="color:#bd2426;">Please enable Cookies and reload the page.</p>
    </div>
    <p data-translate="process_is_automatic">This process is automatic. Your browser will redirect to your requested content shortly.</p>
    <p data-translate="allow_5_secs" id="cf-spinner-allow-5-secs" >Please allow up to 5 seconds&hellip;</p>
    <p data-translate="redirecting" id="cf-spinner-redirecting" style="display:none">Redirecting&hellip;</p>
  </div>
   
  <form class="challenge-form" id="challenge-form" action="/doi/10.1128/IAI.01203-10?__cf_chl_f_tk=OX725PtsB3ig7Hi0RpjF2nxC5t6ZJF8iU3SZV7oBwXA-1646604860-0-gaNycGzNBz0" method="POST" enctype="application/x-www-form-urlencoded">
    <input type="hidden" name="md" value="M0ZVNcJd.n_mLNtFOv8Es92LwHCrM7SGVAvMIJghVEo-1646604860-0-AfjTjt0fQgel2ognn_P_E0TFqJ42IM_c51YKxJvFO1HUREPIAVqkGVRS5n4kxpHBvtniM1QMxMNOlY7Pe_6HRFY3Bajephq8d9ZyNc_ZJU8FbZW5bEDOrxj6irT0JfERq9l6xcFAf02oNP4Kue53Dc2RWYExCMUZGfxcTIbEpPkyndr5sGl9ppk7hWbWBl0keeO78jybMpIlWnHJO47o-lu9SyU8oPUfTgDagF-6ObQ-3iRidsR2EwOb49xGMyD6pzoBkXeqH8EoqsQDZN8tkZe_d7YQ9lhtBtNI4Cd3ubY4liJ8z2ler-2McCXGdfOYWtOtj54eetAkbH8WoIGKnPMsVEGkGA730lhJSkWFPVinjDvpmW9gsBKlAci7UsrXJqzVl11y5tHz40R5QVTXfEOF3X0gdxVIujTyU-_yqsc3ZJYLnPhcQWdgv6YYJtA4BZNdl9xwoWtxz-9ke0K8vus1CuqJ2erMX8dWYYhWFCZBhIj2IHjB1IQ6lkZAmpD42vuuQ89VhLIhlFWY2gxhez4M6yB6BEKggBXWKT1TGz1Ot6u95fVEMMR-ca-vj6nNEGZNkrSj_9vPxmi2y6B6QefCzelEyj-MfeyJgIyOQX0bUMNR8F2zPwc3Vj2BUCK9vVgXrkmm2I3Fa7XLAhImabm6DqWVnPT-qSK6QIjl4JCbbwI0piEVgTAyUAMNrvKajg" />
    <input type="hidden" name="r" value="5Oi.Xu63JIjoeCLi70Q2qgR4undMjqCUhWNu0qq65Ag-1646604860-0-AYKkV/Xb/H8dqL7ge8atpyfU33ndVywQjFUnev+Tu7UWqz8i4NMwYOfZWQ2AZ89YQhdAdGewMBGPoq2nrTPyDPRo6TzNw8cFHDDIB06y2y5e0Ho2G0BfPs/2IPL3JeYUacvAgsE0bFt9yqnTgP0awPhLKSjzpb8Xj0g8oGL8oZMaqDODKCjGP+yizVdO3VscrlOLgjCjpa7nU5wEVbxcSKtSuLWFKp6uMXt7F69PbYN4xWKCCz8PLpjqW6awwQLo0YjHmOuxyitdtKlLENpg+p3wR6VikRaufVaMFYlsdaltvJnUgnooq/TSL/7cZ1DpA6EWQ9QAZFmwJrZxC9TcgVi1ey/cLBWjil72UUynvgiHviGympd5rOvFXqf1LbwMbhNXBRoZ3EB0HMY0GtEmPuDhjPaoKaevbRgQUjoQfh1AIhvivKmqGJ04iH7ecjj25IIr17u7ykTYKfyb9jj0wZkEfFd7mNCUyiIZSBYUo+IfySsLM3fTwG24DrZI4w6G++nUBvLuz9Up9XCf9jY4CnRkaG6a5fkm7g79edPYWzfd/WlfodryqFOPpMzkDK7oA2+PJiVm1jYdO+0PKT/NbvzxPq+b8HyrhcMJpymDMvXqWCsn/SEteZznHZDJv2Of4txrjIs+s7idrxY/Zu9qXjmH7vyiWYFgNvn05ajQtHLeoakcc5FKYcuXKfZQkZPgbyOAGjj7qVlSK1F5JGcA6E/+hQP5AZuuPQsJGTBhRUjoxLTaGTWnEu5raat3KwVUF4jzF7uc5PKVaI93DJVE6PoBMg3zVH4HOU/x6BAn6PHiHwBuHFRyWSeNjzY2nrojpsl4/ChFUHsZti0yYCjtRun+56uMoJaHTnsB7wc1ktV+xxw4tilUH51UDxlmHiYzW4c41NW3BRKS/rlR8U530t1sg/wRtmO09K4OAlRynKURuuI8cWwkaaS0FyXksxfpkXPH3qmkklzZtquI59f+2jLB5+xgSbTcBwGsNWghUNZirHXV2Y7tt/mufpL9kqhqemXQTxhkD06peMgaR26UPdbLOtKseHVPLdISZMVC5+njBITH6dwPPfFz+/hGxiTvzkFxUxQ6M2f80TFewJUM4I+OISyOPS98IMbfZqGplCzqhgn3D/2W8teKr/Pvfzf4v83aoCuTZSXekGwMOA1FEXwXpYjLIXWK4/pFGwzGRVVjtnymgJY4H81GRRoSuQRvGPpV1qPP/kUy/f7uS9E0Jiw3olF2fysPK/BPiSXw5i3Xd18tWKou/VxApAcWZG/oPf0jrHh2vh2GQwdFFdCmRfT84spYzKNXqFo4GAZdRX2uEVudi/NcwXSAICtwLZmS3CsrpAv/j43irylxsgu+pORllKtOPAp+IMUei633YhrkOAHeXNYE/w4p89b4wUyRJGLbdjsfjiDHDPS4iXF4hcqGzB0+Zzt9wPK2S27DHUVmzBDZJ9IHf9C1BcQXFnrVvldCGrpwRQgColpdMAGybAdmsomxK0vHprWlIHkW2DRixOoDui1tAxV2eGWDZQ0uoBXkSlQJgCcVXHJtGndPVMP7hncNSrKbuY5zoBPPrpj1H44PkD2CQzt06Xp5BRuDZijS1Rvc5hfe6z6NsSF8h/NPOl6SveP3j66yJ1HEmcsBdj15Q7gW3/umDwBGgqtKkRF+n7fAeB/ozBJz9+1jZT/FC+vpZ40gjZJiL87GfqJUkzVLQNzmIaRHVT7zyrkczDqi9Lkzop8McgHM66AkYrrmlCzLIJftOAhubtty26jat4J2fQ4gdvLh1jUwV2EWsA=="/>
    <input type="hidden" value="e4cfc9c0db19ef7d9905d389badb744b" id="jschl-vc" name="jschl_vc"/>
    <!-- <input type="hidden" value="" id="jschl-vc" name="jschl_vc"/> -->
    <input type="hidden" name="pass" value="1646604861.285-+ZAYjDgY7g"/>
    <input type="hidden" id="jschl-answer" name="jschl_answer"/>
  </form>
     
    <script type="text/javascript">
      //<![CDATA[
      (function(){
          var a = document.getElementById('cf-content');
          a.style.display = 'block';
          var isIE = /(MSIE|Trident\/|Edge\/)/i.test(window.navigator.userAgent);
          var trkjs = isIE ? new Image() : document.createElement('img');
          trkjs.setAttribute("src", "/cdn-cgi/images/trace/jschal/js/transparent.gif?ray=6e7e7198c9e27bdd");
          trkjs.id = "trk_jschal_js";
          trkjs.setAttribute("alt", "");
          document.body.appendChild(trkjs);
          var cpo=document.createElement('script');
          cpo.type='text/javascript';
          cpo.src="/cdn-cgi/challenge-platform/h/g/orchestrate/jsch/v1?ray=6e7e7198c9e27bdd";
          
          window._cf_chl_opt.cOgUQuery = location.search === '' && location.href.indexOf('?') !== -1 ? '?' : location.search;
          window._cf_chl_opt.cOgUHash = location.hash === '' && location.href.indexOf('#') !== -1 ? '#' : location.hash;
          if (window._cf_chl_opt.cUPMDTk && window.history && window.history.replaceState) {
            var ogU = location.pathname + window._cf_chl_opt.cOgUQuery + window._cf_chl_opt.cOgUHash;
            history.replaceState(null, null, "\/doi\/10.1128\/IAI.01203-10?__cf_chl_rt_tk=OX725PtsB3ig7Hi0RpjF2nxC5t6ZJF8iU3SZV7oBwXA-1646604860-0-gaNycGzNBz0" + window._cf_chl_opt.cOgUHash);
            cpo.onload = function() {
              history.replaceState(null, null, ogU);
            };
          }
          
          document.getElementsByTagName('head')[0].appendChild(cpo);
        }());
      //]]>
    </script>
  

  
  <div id="trk_jschal_nojs" style="background-image:url('/cdn-cgi/images/trace/jschal/nojs/transparent.gif?ray=6e7e7198c9e27bdd')"> </div>
</div>

          
          <div class="attribution">
            DDoS protection by <a rel="noopener noreferrer" href="https://www.cloudflare.com/5xx-error-landing/" target="_blank">Cloudflare</a>
            <br />
            <span class="ray_id">Ray ID: <code>6e7e7198c9e27bdd</code></span>
          </div>
      </td>
     
    </tr>
  </table>
</body>
</html>
