<!DOCTYPE HTML>
<html lang="en-US">
<head>
  <meta charset="UTF-8" />
  <meta http-equiv="Content-Type" content="text/html; charset=UTF-8" />
  <meta http-equiv="X-UA-Compatible" content="IE=Edge,chrome=1" />
  <meta name="robots" content="noindex, nofollow" />
  <meta name="viewport" content="width=device-width,initial-scale=1" />
  <title>Just a moment...</title>
  <style type="text/css">
    html, body {width: 100%; height: 100%; margin: 0; padding: 0;}
    body {background-color: #ffffff; color: #000000; font-family:-apple-system, system-ui, BlinkMacSystemFont, "Segoe UI", Roboto, Oxygen, Ubuntu, "Helvetica Neue",Arial, sans-serif; font-size: 16px; line-height: 1.7em;-webkit-font-smoothing: antialiased;}
    h1 { text-align: center; font-weight:700; margin: 16px 0; font-size: 32px; color:#000000; line-height: 1.25;}
    p {font-size: 20px; font-weight: 400; margin: 8px 0;}
    p, .attribution, {text-align: center;}
    #spinner {margin: 0 auto 30px auto; display: block;}
    .attribution {margin-top: 32px;}
    @keyframes fader     { 0% {opacity: 0.2;} 50% {opacity: 1.0;} 100% {opacity: 0.2;} }
    @-webkit-keyframes fader { 0% {opacity: 0.2;} 50% {opacity: 1.0;} 100% {opacity: 0.2;} }
    #cf-bubbles > .bubbles { animation: fader 1.6s infinite;}
    #cf-bubbles > .bubbles:nth-child(2) { animation-delay: .2s;}
    #cf-bubbles > .bubbles:nth-child(3) { animation-delay: .4s;}
    .bubbles { background-color: #f58220; width:20px; height: 20px; margin:2px; border-radius:100%; display:inline-block; }
    a { color: #2c7cb0; text-decoration: none; -moz-transition: color 0.15s ease; -o-transition: color 0.15s ease; -webkit-transition: color 0.15s ease; transition: color 0.15s ease; }
    a:hover{color: #f4a15d}
    .attribution{font-size: 16px; line-height: 1.5;}
    .ray_id{display: block; margin-top: 8px;}
    #cf-wrapper #challenge-form { padding-top:25px; padding-bottom:25px; }
    #cf-hcaptcha-container { text-align:center;}
    #cf-hcaptcha-container iframe { display: inline-block;}
  </style>

      <meta http-equiv="refresh" content="35">
  <script type="text/javascript">
    //<![CDATA[
    (function(){
      
      window._cf_chl_opt={
        cvId: "2",
        cType: "non-interactive",
        cNounce: "10062",
        cRay: "6e7e719acc15316f",
        cHash: "164ee6e117cc51c",
        cUPMDTk: "\/doi\/10.1128\/IAI.00805-10?__cf_chl_tk=nm3HivlLYA9Xu3rZiNH18zJUNQJ8jTaIoKdV5m.Zxok-1646604860-0-gaNycGzNB1E",
        cFPWv: "g",
        cTTimeMs: "1000",
        cRq: {
          ru: "aHR0cHM6Ly9qb3VybmFscy5hc20ub3JnL2RvaS8xMC4xMTI4L0lBSS4wMDgwNS0xMA==",
          ra: "cHl0aG9uLXJlcXVlc3RzLzIuMjUuMQ==",
          rm: "R0VU",
          d: "kSbkAgE3WF7MG0/4OdMvda5ifjX5pAmInAoKUawPCAwnyqTTipm+S51lMkAfcm4PXI2AKM5uJzKw1JCwEUGy9tjZmT11cPQ1jyMxWLd//IQ1UbzJ8yZ1/Jiy0ZMwOeE1O5x78QpSpxrUnGOxOFZzOeY+2WMO8yNAOFFbiY+WNktHa2mojNZmvkXkBXxtOcEXSe3H/DR+f+2p/QGvFZxngQJafpOCAl7BvWrlDMQVfzeC7qASMHA8nOAHl7bZEwhUtl4qylhXTmRxFGQp/M2LBIB3sBBG/vb+ZNx5ZKihsfaSKW1NxeNgvHt3/31cYZNstobhr4+Hi36/wgvaFKbM6dbgx54REkAniI9AUAN0Eep0oD/YD2rnJrklc7OUwQgBT1IYMrd5kAeDTtUVKdKCxGojJiRlm6hxG7Knn6hJqcLLXiuy/FPvfvTUdrR9pjn8tSjVPJfDgm1omS+hVKeRDqoF4z0pjSCyYJGfmOT4nVwbU9oF+quk1FKm6bbIoRURCjjzGPUKBN1lHk/iSolo2zK1/VsUjnCGU66p/weyk2URXJTr1Kk3Yyoe60CjOcMO",
          t: "MTY0NjYwNDg2MC42MDkwMDA=",
          m: "jFjsbP5nIpcdNU8d36JEw8XfjM4BxhTPHO8t4PU47/E=",
          i1: "8wGrH2dxOE+DIJdfqz0I0Q==",
          i2: "DkX7myWAbCcfNgPP21y+PA==",
          zh: "Wdpz5DKIdp61fw1xi4/5+xF7d1QEaZ1MFNsdHIgPg6o=",
          uh: "5GU+jYv2xJ+bCaE/ARmi/DORbiS/v56CW7E0TH4XWQk=",
          hh: "kD0SA7WPJmOf4c5gVlTVLqmiA7Wp4e9AgVYIXtU6h0M=",
        }
      }
      window._cf_chl_enter = function(){window._cf_chl_opt.p=1};
      
    })();
    //]]>
  </script>
  

</head>
<body>
  <table width="100%" height="100%" cellpadding="20">
    <tr>
      <td align="center" valign="middle">
          <div class="cf-browser-verification cf-im-under-attack">
  <noscript>
    <h1 data-translate="turn_on_js" style="color:#bd2426;">Please turn JavaScript on and reload the page.</h1>
  </noscript>
  <div id="cf-content" style="display:none">
    
    <div id="cf-bubbles">
      <div class="bubbles"></div>
      <div class="bubbles"></div>
      <div class="bubbles"></div>
    </div>
    <h1><span data-translate="checking_browser">Checking your browser before accessing</span> journals.asm.org.</h1>
    
    <div id="no-cookie-warning" class="cookie-warning" data-translate="turn_on_cookies" style="display:none">
      <p data-translate="turn_on_cookies" style="color:#bd2426;">Please enable Cookies and reload the page.</p>
    </div>
    <p data-translate="process_is_automatic">This process is automatic. Your browser will redirect to your requested content shortly.</p>
    <p data-translate="allow_5_secs" id="cf-spinner-allow-5-secs" >Please allow up to 5 seconds&hellip;</p>
    <p data-translate="redirecting" id="cf-spinner-redirecting" style="display:none">Redirecting&hellip;</p>
  </div>
   
  <form class="challenge-form" id="challenge-form" action="/doi/10.1128/IAI.00805-10?__cf_chl_f_tk=nm3HivlLYA9Xu3rZiNH18zJUNQJ8jTaIoKdV5m.Zxok-1646604860-0-gaNycGzNB1E" method="POST" enctype="application/x-www-form-urlencoded">
    <input type="hidden" name="md" value="VqTrdLd1Hr3HvklCGveq2snIJa_yaOWOaD5TXcGeIqU-1646604860-0-AYscI9scE5QO_73xymQoasunMITXF7ZDMSGMpF8zjsZXr0l-jZb5LLFCPQeKJjGK3H3j_yWhU4he99zeIro4cBP8q2zaWgTg19-AQCTeYi3TVdGMhs8isizaO-R8QphJauDBlqQF_IL4H0NSjHY7kkt9zF84-htIEOd20hexMcRJFecLaqPdu-Dp0xeK7nQE9qDB6gqhibaS2YKUhQ_BrXGi5iMB9WN5vsv5QAOoi-SQeVpudj5oaiqw55Eu2okaTqFEYfnT2pwFDv4JcF5CHfGRjymoa5GpzXB8p5KcnwiqfnHeOHDRVoXglEBgCc6artaDNOxb0_Ah9R5zladCZd_nbrFGcog9veRZx7CuSFFqppFce7qJE048mqLYa8beHkOXWrtHxTL3LHfpSYhC34CnqlGoZT9J1y2STNommvfc5SyQBvyR-mPqWBhaJQfJeEJjvS29UCawuiE9Kk0XUyOAtVmkyqMw2XcaIstXLMGk3gmoZbJsAYWn-mZpip6qm1MLTv-7VVYuKCapJSgcxV5oFGNMIZHDCLd_ye_LSDt68O1q7PT7FNDESRKymtHyCn_fFRAswe62KtTfzsv72kZpLnz25JApl1iljCOfZAA0wIRN_bFgPn8-oLMT6Bi2KDsuckXmuP2-ArT95WUv2ubbYYjYmLGidLsHr2JPdAfS7PmKz8VdtRUSqN8h6-S8kg" />
    <input type="hidden" name="r" value="BJSOoA7pDBjrCTAtueuBtpHqAocCf8VSvWngjedS.ug-1646604860-0-ARKxudj5ki86utRkJKUXir8Ct5L2Mg0FClyfHMj+6Tfnq9fccyUodMoEI6F/sjjENZ8rJF40RRi+mu97ASAc0bnoEG9oSkXOteSgKbTW9V+b0Kv2y9ERAvOwvn0qByYX8+0xEpbmSeCA1Jf7tO0M3Y54FHEPe/+sQFb1+nmlO8jjqToIhbuWEn7S6xzUwsRzVr7u8U9e5pK/S/Xic5dXcuJiBQUID8A+o9uYt9vMIgWwxL06gOmzcnftb9kUQ3hW82iOdYRbFDyaCfQnPskQ5jxQAV2k6hrT0sxOFNuiFX638Z79lBBSVHamhU9s6Y5CglMMOSUJt07FVHGeH/WwuWCyf2/3oLOdSXYLvSrzz3eLibRQLmyctcJ8ZcjYVKA6cWHSlr5pFQ8R6cbivv+DTN/f6iObT297v/nIUqGtLmUkjvgfcDhZ+dErDe8SqD5xetDWvf7EKNBHqbyNbI2jwFrFZYgCnfIImglUgEwc+7d7uMFa1aJeAZYsQoTIKdYoeWh7iq2obagJi/ciZEr21mH08mbpdIeqSiglfM8g9O+1WRYNdWSltLAuyBskG8zt6xra88YqoPbF2rXnWvCHzhxkBMtLmWseHe71mti+EApsXck+EX9ARbAw4aVmy/yXIXYOi/qi8LWfodjw1X7ANnaYlMgQZ03U77PePUuWVid7q4o7PhHIecLP610B9qv5kyxyd15/eaDeXp1tm9kHCRgM/G01X35ZpWE6h3oj5npKSqZ4WCdIU0iQSZ8HL3SA+o+dXWH2O87vd3Kd2obFU6DBFOe15cAQ4gfXmqYbcDrLNZmyT4LkmoRHss1NtvxWtJvOhRCu6Og0beDrfCu21h1VhSlcaxPSO52qTnBbUWdCGm5B0THEtPIzVDZOxv5hboB9mU39x2EdWm8EaEGRjvppP5l6TbZyzBOAnE/85pJi4dsC64ChymVTCDmwtDSJH4P4LI5DsaErfYBfNueRi9A0kf5f8TW1GzTlZmyxHvyrxODkYixPrkSoINcuZSgBuhKfvXyWZU1kp/zpux8L9z8eO6vyCrbcFpElvU5KjObZWgbGTOt+8c2VJEOLe/EknyoZ1SIA9Ms2Q1k1IzS9L5RGgA2Pr2mlaUewQGN6x9koMd2YITthk0yvENIIZP+/gJDEhQ68s0D/6nkShHztAx/1ERN5Hc8lqqMvpqcKUDeF9V+roqmzplnIqCnM4FsjzubiJ0zQsObHcCGhlNZlkGGZKjuqQjssehF/yfsUE1XI8xk3rgr3P24E47B1thSr+h4cY3jDVmdMAoQHE2K6kQr83D+tDTUcnO/KbI00KuW6x7Mckde8qByiPJHBG/hyFSjMclEhabhiOKjsfRhoh+yMHnYt2S1TOZtCUcIP2AdY/cyfPTcksxRMZAOsu3022IXIwT7S1e9p2EZqQ06yrXAxvgTVwcY6gz8tIZAJIez5lmxLAp7id/lueA05t6d5wVMK1U/5VPgYKe3Dc58bI+C4z2O6PCi6B54mC/jsiiage3EMfx8Zx3eGiB7P7S/QPHfoVZ6yzT+zXN8GF5RaBoAXplg3D2P9pGFe8Fp+T90K0wRsNf4qImxwJMMYnXEMp472Z2Oh1VRL0jxzYiw7IFgwllFimQRl7V0V5oBtHUCCv3t4RkNNACmpTT7qpiOx/WtIC+eFpSc17g7PNX4KQ0Eh2U/3eEn7KT1ezjcQ5BqTtLGqSj4uomZOH5sdd+XaBiqUrn/PTsl4aeKMd0Yq1qDBTVrUUBkoGr96/j+KaCKEBUXSaYurS9Z4xAstj+AIamjN8Sl1c4a/t7XADhi/Yjs="/>
    <input type="hidden" value="4fdd2b2b7ad39b78e5275a1a48652b2c" id="jschl-vc" name="jschl_vc"/>
    <!-- <input type="hidden" value="" id="jschl-vc" name="jschl_vc"/> -->
    <input type="hidden" name="pass" value="1646604861.609-fvVCsgErTv"/>
    <input type="hidden" id="jschl-answer" name="jschl_answer"/>
  </form>
     
    <script type="text/javascript">
      //<![CDATA[
      (function(){
          var a = document.getElementById('cf-content');
          a.style.display = 'block';
          var isIE = /(MSIE|Trident\/|Edge\/)/i.test(window.navigator.userAgent);
          var trkjs = isIE ? new Image() : document.createElement('img');
          trkjs.setAttribute("src", "/cdn-cgi/images/trace/jschal/js/transparent.gif?ray=6e7e719acc15316f");
          trkjs.id = "trk_jschal_js";
          trkjs.setAttribute("alt", "");
          document.body.appendChild(trkjs);
          var cpo=document.createElement('script');
          cpo.type='text/javascript';
          cpo.src="/cdn-cgi/challenge-platform/h/g/orchestrate/jsch/v1?ray=6e7e719acc15316f";
          
          window._cf_chl_opt.cOgUQuery = location.search === '' && location.href.indexOf('?') !== -1 ? '?' : location.search;
          window._cf_chl_opt.cOgUHash = location.hash === '' && location.href.indexOf('#') !== -1 ? '#' : location.hash;
          if (window._cf_chl_opt.cUPMDTk && window.history && window.history.replaceState) {
            var ogU = location.pathname + window._cf_chl_opt.cOgUQuery + window._cf_chl_opt.cOgUHash;
            history.replaceState(null, null, "\/doi\/10.1128\/IAI.00805-10?__cf_chl_rt_tk=nm3HivlLYA9Xu3rZiNH18zJUNQJ8jTaIoKdV5m.Zxok-1646604860-0-gaNycGzNB1E" + window._cf_chl_opt.cOgUHash);
            cpo.onload = function() {
              history.replaceState(null, null, ogU);
            };
          }
          
          document.getElementsByTagName('head')[0].appendChild(cpo);
        }());
      //]]>
    </script>
  

  
  <div id="trk_jschal_nojs" style="background-image:url('/cdn-cgi/images/trace/jschal/nojs/transparent.gif?ray=6e7e719acc15316f')"> </div>
</div>

          
          <div class="attribution">
            DDoS protection by <a rel="noopener noreferrer" href="https://www.cloudflare.com/5xx-error-landing/" target="_blank">Cloudflare</a>
            <br />
            <span class="ray_id">Ray ID: <code>6e7e719acc15316f</code></span>
          </div>
      </td>
     
    </tr>
  </table>
</body>
</html>
