<!DOCTYPE HTML>
<html lang="en-US">
<head>
  <meta charset="UTF-8" />
  <meta http-equiv="Content-Type" content="text/html; charset=UTF-8" />
  <meta http-equiv="X-UA-Compatible" content="IE=Edge,chrome=1" />
  <meta name="robots" content="noindex, nofollow" />
  <meta name="viewport" content="width=device-width,initial-scale=1" />
  <title>Just a moment...</title>
  <style type="text/css">
    html, body {width: 100%; height: 100%; margin: 0; padding: 0;}
    body {background-color: #ffffff; color: #000000; font-family:-apple-system, system-ui, BlinkMacSystemFont, "Segoe UI", Roboto, Oxygen, Ubuntu, "Helvetica Neue",Arial, sans-serif; font-size: 16px; line-height: 1.7em;-webkit-font-smoothing: antialiased;}
    h1 { text-align: center; font-weight:700; margin: 16px 0; font-size: 32px; color:#000000; line-height: 1.25;}
    p {font-size: 20px; font-weight: 400; margin: 8px 0;}
    p, .attribution, {text-align: center;}
    #spinner {margin: 0 auto 30px auto; display: block;}
    .attribution {margin-top: 32px;}
    @keyframes fader     { 0% {opacity: 0.2;} 50% {opacity: 1.0;} 100% {opacity: 0.2;} }
    @-webkit-keyframes fader { 0% {opacity: 0.2;} 50% {opacity: 1.0;} 100% {opacity: 0.2;} }
    #cf-bubbles > .bubbles { animation: fader 1.6s infinite;}
    #cf-bubbles > .bubbles:nth-child(2) { animation-delay: .2s;}
    #cf-bubbles > .bubbles:nth-child(3) { animation-delay: .4s;}
    .bubbles { background-color: #f58220; width:20px; height: 20px; margin:2px; border-radius:100%; display:inline-block; }
    a { color: #2c7cb0; text-decoration: none; -moz-transition: color 0.15s ease; -o-transition: color 0.15s ease; -webkit-transition: color 0.15s ease; transition: color 0.15s ease; }
    a:hover{color: #f4a15d}
    .attribution{font-size: 16px; line-height: 1.5;}
    .ray_id{display: block; margin-top: 8px;}
    #cf-wrapper #challenge-form { padding-top:25px; padding-bottom:25px; }
    #cf-hcaptcha-container { text-align:center;}
    #cf-hcaptcha-container iframe { display: inline-block;}
  </style>

      <meta http-equiv="refresh" content="35">
  <script type="text/javascript">
    //<![CDATA[
    (function(){
      
      window._cf_chl_opt={
        cvId: "2",
        cType: "non-interactive",
        cNounce: "81263",
        cRay: "6e7e719c9e757e2f",
        cHash: "5afcb6ee68ff24e",
        cUPMDTk: "\/doi\/10.1128\/IAI.00206-12?__cf_chl_tk=yAZxzgvTZrJQhCqt_s6KzWkkzVKzl41UbATZeyk3Ohg-1646604860-0-gaNycGzNB2U",
        cFPWv: "g",
        cTTimeMs: "1000",
        cRq: {
          ru: "aHR0cHM6Ly9qb3VybmFscy5hc20ub3JnL2RvaS8xMC4xMTI4L0lBSS4wMDIwNi0xMg==",
          ra: "cHl0aG9uLXJlcXVlc3RzLzIuMjUuMQ==",
          rm: "R0VU",
          d: "5HOlolGEtFfZ1yhAvF7a6jwdNcARx3MydUzdSWudQhdQwSiQIqS6AvKnX5e7+vOaLmPlHE6o14vU1+hna+FQMMc7RBk96U2By3ALr+TrwT65hs0atGLQCV8vBPOnjaBooXyoAHOU8ZXT1OWIqTRgDQrS5ixFmVuY+dZ2Icnc9uVXsXJ41q9S0cQmYvBx0I4rE+4M5S5CrjeHa7Wx1/WBh8ChtUzD3YnZ+D0ZvDj7xjyNMQVRCiBRpCxL9s/vl/J9hhf6ll6jfA/fACcMjO0HzChV7FkmwDy/llb7Yg2ZOEI/gIKF0PjIcaJT7L60posuhfnjZ/ie8D43xygUjIiS0qqn7BgHeAxgGmBM8l0kCbFGEz69byms04vPHGr2kkakNE/nER3Mpx4TyNSL1oelgTzg3euGtUUs7n2B4leQk4c+qE4tJ16BQO3AGeAO4TKQMiOwLTPoB5I/ooi21we069xzZCwikPJegKcsmBAbS3aS6AHbR5lNvCn3p1ioGOb76xeg2wlgTQFRJmxyKO7KRsMx5NvSUW60VlHGYVinjhZKtLP80bffWcAMLhsmmT2S",
          t: "MTY0NjYwNDg2MC45MDMwMDA=",
          m: "xOCmhLptu6+5LIU8fQTaG7wqCznlyACru28KGTXvYjI=",
          i1: "cMa/MuGNY76+hHSBIVBRag==",
          i2: "ITyE8xC9zvF9oUutuNW8RA==",
          zh: "Wdpz5DKIdp61fw1xi4/5+xF7d1QEaZ1MFNsdHIgPg6o=",
          uh: "5GU+jYv2xJ+bCaE/ARmi/DORbiS/v56CW7E0TH4XWQk=",
          hh: "kD0SA7WPJmOf4c5gVlTVLqmiA7Wp4e9AgVYIXtU6h0M=",
        }
      }
      window._cf_chl_enter = function(){window._cf_chl_opt.p=1};
      
    })();
    //]]>
  </script>
  

</head>
<body>
  <table width="100%" height="100%" cellpadding="20">
    <tr>
      <td align="center" valign="middle">
          <div class="cf-browser-verification cf-im-under-attack">
  <noscript>
    <h1 data-translate="turn_on_js" style="color:#bd2426;">Please turn JavaScript on and reload the page.</h1>
  </noscript>
  <div id="cf-content" style="display:none">
    
    <div id="cf-bubbles">
      <div class="bubbles"></div>
      <div class="bubbles"></div>
      <div class="bubbles"></div>
    </div>
    <h1><span data-translate="checking_browser">Checking your browser before accessing</span> journals.asm.org.</h1>
    
    <div id="no-cookie-warning" class="cookie-warning" data-translate="turn_on_cookies" style="display:none">
      <p data-translate="turn_on_cookies" style="color:#bd2426;">Please enable Cookies and reload the page.</p>
    </div>
    <p data-translate="process_is_automatic">This process is automatic. Your browser will redirect to your requested content shortly.</p>
    <p data-translate="allow_5_secs" id="cf-spinner-allow-5-secs" >Please allow up to 5 seconds&hellip;</p>
    <p data-translate="redirecting" id="cf-spinner-redirecting" style="display:none">Redirecting&hellip;</p>
  </div>
   
  <form class="challenge-form" id="challenge-form" action="/doi/10.1128/IAI.00206-12?__cf_chl_f_tk=yAZxzgvTZrJQhCqt_s6KzWkkzVKzl41UbATZeyk3Ohg-1646604860-0-gaNycGzNB2U" method="POST" enctype="application/x-www-form-urlencoded">
    <input type="hidden" name="md" value="n69VNlam5npUgDGMcAt.bX6O2nH7acerbVyY_vvqI6U-1646604860-0-AQb2VFqc2t1MaYayUVnISce9-f6BZ9mz8vV-RnjcLHKdyv_CHNUHhnbHSfIVoIwvosG8R_IJV9puoOd73swXqdfST9QqC-sXXajGFSMIPrHORhnE0pHAiNI01zqo_7C37ee5uZxo92S6qVS8ZqBwhBKKMcvJq37OrFDgSJyMpYUJGtNRekcU5eVG05icmz3sSmpBdHgpWAdm8kKiNJKMa85n4Dy8kmUmOGkTj-qXw0rN7ccU0XYKB05rXc2NFriMiwcArvoiJq0txshHI-dSAxFfLaLUaeoJ-upaIg-GgeqkFjBFpDotILRFMoZeX46R6I9Tx3Kpmw9bbZp3zTpkNP4hFojHTrJKcyxMe02ijrcW4kHeV62t6_j9-A2fR6dNwBHP2zIKdQpLxd6XTLn4Qk8PJw2SfVqmugwLE-jXFegIxsRwO9RYwHLsYXDm9R5b8QUbFbAPzsTpoU43iNgomQPWhI9MLiMgwy9ynLqyQ2P1WDTxqGgfIS0nNocxZANqJWgsdItj0tKS2rPx0qurEjrJ9exu8I0tf0gdgwcT1Whg9cnu1KctSCWXjE5SbjTCDhXkWq16fAxJfDz0nU9nQcyJhXLCj64HdOdgSHbGZGumO0a3iVv7bMM7c4Xgme8_20Cy6CD4lnpeurQwa5aSf6s2ghdGQXEq2ydM8Dl-5hbSNivwgQ2iEi1xGbbAt_UTvQ" />
    <input type="hidden" name="r" value="u_xDExjkt9R_icPSPlMnsi0fpGlXMIaxsxQKVAVHB9g-1646604860-0-AfgYZxySon8Dai1562In8RFvoYoDeXtFGd5JJavgmsaM32l4mr9j/YZ/4zvp2wQvzbpIcDWitmUDpWQ7XGvJ/hqVYSqaa6ZJBa5ZG7q7ZjvsQQ+PGv0pslbM//iX1pNpavTsGVgprZWUbaIPsIbfrZa+rofCJrSL+J6U/uQ5QH9RR+IqOedNtuLP2CELZyAKhPWKnXSOA14IMnfkFbEm8a7Bkg7GDW8Ktg3D/Tk/Hn5H0nGo0bCA06obmrDc0UJMxAPs5XSiqYy63VMheKdgyjAHxxP9mLDVFsgrZ0mvPhq8hnUt3anepq0CzdHozLBaZm+gxCTJXyb4jbrGyuMDfxBBxxSXb5Fodwp2gwJZxGLQnqp8B32LFkgiJlQ1Q1HtWPmH0z2RxbUnguZ9Cyky5DG2gKqx+MtfLHH46GbS3EZePT/Hjw+MUXnnE02DDSU+ZozcGkHAF2+Ch2/GYWdo/XPK8TnsOBw7p7fh/OKw5OMy9Ix4UoXyj+Qm9L8DHOeuxWgMESRzcvKZsMOrQhEb0jU1x7fBDKDgcQLTy4yYRgqlMf7OSTE0AmsSvsTMFXrmx8bgV5rhRTwWZHEeVPXfJYyiK0JcD3oiUgH0gCUnESF11nxE09Daobcccewt+jocv0A4uvs4br/nFK0FAKHrceB8QB/pdxTu2/1vf9dU7reSuPwXXa+sQrd1DkUemxmsbxX6SpaUD3S/RMV3gFy6DCa4o+P4tJVfpU1r32oWQhCwIlTsdasPH2x6Kc6QMcJowoKa5q5TaXl7kWNbONW70oViOFw08CMfRdNUeHYwHEVEOTE6z1CV8xjLuOO6kM3rg3OOzwTqIWgNNhC8Cp0spahM+1SJS/QPnXpSN7qGUlyU65NJljB6ETtEoJMEBkrM7f9DlshvJwt/E61x55LuDM6tN3WaljqaKh45n22mfod9IRr0/S/4pzOyc2XT0QAb6+EUB9NhrVV+1XdjTzdkFLC5ysj0RFFVD+Ovd0HBTWawFAZCB8s3PpOUzDGRRSceauWIcW4vnSF4dEK0plb5VhJ/PkhN0vhCjzqBJdODKH8FpcaUwX84O8+slkOmOIbTwrNwuK1Qo8ySPesloZxQZVmUIiHtbU9S7m6Mn/NdvT0sD7Djp935//PS/PyDKyDXWVTirJxcMVk154xR1RtXusQbD2iE/miXVQFhmNtGAXqr2692YM4ZkNuCdcM4WRyDwFqlbzdV916dVHG/bcQNwxVt37ghFlLuIJa2sEZBlKoXckcFm2tfIFZGwdw1fW20ZZQrjywQmQ0yJVg/fJf0Hk5n9hHC344HFSTw8MxoXOVQ3NhQijY+SPmyyTD1pyNu3oW4fB8Hvp97ZxmFHqEcj+g2fz9YozGIGXnM9t8lXrJH39/Hw34hncG/4SeEMg8HRnZYz3bgFtNEWnWi60L2x+acla9xnk23ZJbBaGarxwVJXqL2HTBrjWSUSS7Tin9m3EBCeHUTHIgqiJ7R9qneQ2+R3VSuYcoEVEuYYrsZcEwjCT1HYPxpN0Q4YXB8xULaIDTxRstQhXyqoZINYxnw0Q61lCuKiJ9EPz43YDyUB8dtMxAN1DFuijm7dt1jhNBgmPvb2SV5LSU6paMtIQP21xtzXx9S9/5KwZWb6MfoUf+BOoHkxLBpAxeUMDKnoPe7egK5HZCFXA530CqBUTL+DnPk82zqG8cnF4vmAt4LJrdOm/n6K7u01NMd9f7jrxGX43TQgQigJUjSftzyRnosEWXpHhiF8Gh8w+3nVDQQGzRJ+wjVw1bh5dt5NMzEX2blfcFqf6H7woi+p5TgmGAt/r8pLa9eLnytCylx7GRcX716"/>
    <input type="hidden" value="ff045242bdc296f679f0fdff450438ff" id="jschl-vc" name="jschl_vc"/>
    <!-- <input type="hidden" value="" id="jschl-vc" name="jschl_vc"/> -->
    <input type="hidden" name="pass" value="1646604861.903-aV5Q+wMNC5"/>
    <input type="hidden" id="jschl-answer" name="jschl_answer"/>
  </form>
     
    <script type="text/javascript">
      //<![CDATA[
      (function(){
          var a = document.getElementById('cf-content');
          a.style.display = 'block';
          var isIE = /(MSIE|Trident\/|Edge\/)/i.test(window.navigator.userAgent);
          var trkjs = isIE ? new Image() : document.createElement('img');
          trkjs.setAttribute("src", "/cdn-cgi/images/trace/jschal/js/transparent.gif?ray=6e7e719c9e757e2f");
          trkjs.id = "trk_jschal_js";
          trkjs.setAttribute("alt", "");
          document.body.appendChild(trkjs);
          var cpo=document.createElement('script');
          cpo.type='text/javascript';
          cpo.src="/cdn-cgi/challenge-platform/h/g/orchestrate/jsch/v1?ray=6e7e719c9e757e2f";
          
          window._cf_chl_opt.cOgUQuery = location.search === '' && location.href.indexOf('?') !== -1 ? '?' : location.search;
          window._cf_chl_opt.cOgUHash = location.hash === '' && location.href.indexOf('#') !== -1 ? '#' : location.hash;
          if (window._cf_chl_opt.cUPMDTk && window.history && window.history.replaceState) {
            var ogU = location.pathname + window._cf_chl_opt.cOgUQuery + window._cf_chl_opt.cOgUHash;
            history.replaceState(null, null, "\/doi\/10.1128\/IAI.00206-12?__cf_chl_rt_tk=yAZxzgvTZrJQhCqt_s6KzWkkzVKzl41UbATZeyk3Ohg-1646604860-0-gaNycGzNB2U" + window._cf_chl_opt.cOgUHash);
            cpo.onload = function() {
              history.replaceState(null, null, ogU);
            };
          }
          
          document.getElementsByTagName('head')[0].appendChild(cpo);
        }());
      //]]>
    </script>
  

  
  <div id="trk_jschal_nojs" style="background-image:url('/cdn-cgi/images/trace/jschal/nojs/transparent.gif?ray=6e7e719c9e757e2f')"> </div>
</div>

          
          <div class="attribution">
            DDoS protection by <a rel="noopener noreferrer" href="https://www.cloudflare.com/5xx-error-landing/" target="_blank">Cloudflare</a>
            <br />
            <span class="ray_id">Ray ID: <code>6e7e719c9e757e2f</code></span>
          </div>
      </td>
     
    </tr>
  </table>
</body>
</html>
