<!DOCTYPE HTML>
<html lang="en-US">
<head>
  <meta charset="UTF-8" />
  <meta http-equiv="Content-Type" content="text/html; charset=UTF-8" />
  <meta http-equiv="X-UA-Compatible" content="IE=Edge,chrome=1" />
  <meta name="robots" content="noindex, nofollow" />
  <meta name="viewport" content="width=device-width,initial-scale=1" />
  <title>Just a moment...</title>
  <style type="text/css">
    html, body {width: 100%; height: 100%; margin: 0; padding: 0;}
    body {background-color: #ffffff; color: #000000; font-family:-apple-system, system-ui, BlinkMacSystemFont, "Segoe UI", Roboto, Oxygen, Ubuntu, "Helvetica Neue",Arial, sans-serif; font-size: 16px; line-height: 1.7em;-webkit-font-smoothing: antialiased;}
    h1 { text-align: center; font-weight:700; margin: 16px 0; font-size: 32px; color:#000000; line-height: 1.25;}
    p {font-size: 20px; font-weight: 400; margin: 8px 0;}
    p, .attribution, {text-align: center;}
    #spinner {margin: 0 auto 30px auto; display: block;}
    .attribution {margin-top: 32px;}
    @keyframes fader     { 0% {opacity: 0.2;} 50% {opacity: 1.0;} 100% {opacity: 0.2;} }
    @-webkit-keyframes fader { 0% {opacity: 0.2;} 50% {opacity: 1.0;} 100% {opacity: 0.2;} }
    #cf-bubbles > .bubbles { animation: fader 1.6s infinite;}
    #cf-bubbles > .bubbles:nth-child(2) { animation-delay: .2s;}
    #cf-bubbles > .bubbles:nth-child(3) { animation-delay: .4s;}
    .bubbles { background-color: #f58220; width:20px; height: 20px; margin:2px; border-radius:100%; display:inline-block; }
    a { color: #2c7cb0; text-decoration: none; -moz-transition: color 0.15s ease; -o-transition: color 0.15s ease; -webkit-transition: color 0.15s ease; transition: color 0.15s ease; }
    a:hover{color: #f4a15d}
    .attribution{font-size: 16px; line-height: 1.5;}
    .ray_id{display: block; margin-top: 8px;}
    #cf-wrapper #challenge-form { padding-top:25px; padding-bottom:25px; }
    #cf-hcaptcha-container { text-align:center;}
    #cf-hcaptcha-container iframe { display: inline-block;}
  </style>

      <meta http-equiv="refresh" content="35">
  <script type="text/javascript">
    //<![CDATA[
    (function(){
      
      window._cf_chl_opt={
        cvId: "2",
        cType: "non-interactive",
        cNounce: "68557",
        cRay: "6e7e719ecdd67c1e",
        cHash: "8e1bbd3c05ec5bb",
        cUPMDTk: "\/doi\/10.1128\/IAI.06230-11?__cf_chl_tk=3IzimBNVPRvssNHbRnV0reH3Ao0F7opamtGQW8u8Kuk-1646604861-0-gaNycGzNBz0",
        cFPWv: "g",
        cTTimeMs: "1000",
        cRq: {
          ru: "aHR0cHM6Ly9qb3VybmFscy5hc20ub3JnL2RvaS8xMC4xMTI4L0lBSS4wNjIzMC0xMQ==",
          ra: "cHl0aG9uLXJlcXVlc3RzLzIuMjUuMQ==",
          rm: "R0VU",
          d: "RplLAR7zHDqfS4/1Eh2UWYz+8pMElt4jQb0RvnoJG1E2obNSpX6tGFa/7+5eF2TKtRdhXrEMun7bKm+kI6nQsRdNSaVJf6kLMpQnbnfn+VJrlRSipt4RR3b/dVlrOB56XJQ/pxKuAvj+aaG0Xzfsr71Ns7HnCCOf3NMZM3f9FtZYkwe8vdyJqYcf/YM/Eqbn1OdI+W6in4GaSP4rkFthMo/7nD1tXvX6SDL4NTWzTsmXyzZJHerHRK1PnLFeaOxkJYsCezMFTQFKGi9SCNaJDS0Ry1vUAjd2VPVS8/betfbhPt5QTJ0X+EmCeq1Jy4xjYvnqfz3du/Ge3TkzE0YdtGZ2nl/NJJmSbnGU0LlCn5PXKiCnSRNzRJcEbm4+YIccXyiL/0Zd3Nft/5eIK77eJa2s0ACGH4zc/rOix/EOqHUqa+ylUgoHHNznbAbYHUagyGwHpGFh6lokWwBXh5+SW/xZacQC3TtuCY55X6DrECrHU6DPn+6jlWBXr3te759PN5XxURhSk69rPauH623KHIxSTMnd5hWRTVA/kpRde7VYLHfNfaXnjNB/5W2UpT1r",
          t: "MTY0NjYwNDg2MS4yNTAwMDA=",
          m: "+Kbe94MwKiQcZuUHe348D2weS1XZwvcwZSxetXXgF0I=",
          i1: "24sihyjpk9JSLTPNPJjdkQ==",
          i2: "6c6wJ9Icdx8geU9szmUOVQ==",
          zh: "Wdpz5DKIdp61fw1xi4/5+xF7d1QEaZ1MFNsdHIgPg6o=",
          uh: "5GU+jYv2xJ+bCaE/ARmi/DORbiS/v56CW7E0TH4XWQk=",
          hh: "kD0SA7WPJmOf4c5gVlTVLqmiA7Wp4e9AgVYIXtU6h0M=",
        }
      }
      window._cf_chl_enter = function(){window._cf_chl_opt.p=1};
      
    })();
    //]]>
  </script>
  

</head>
<body>
  <table width="100%" height="100%" cellpadding="20">
    <tr>
      <td align="center" valign="middle">
          <div class="cf-browser-verification cf-im-under-attack">
  <noscript>
    <h1 data-translate="turn_on_js" style="color:#bd2426;">Please turn JavaScript on and reload the page.</h1>
  </noscript>
  <div id="cf-content" style="display:none">
    
    <div id="cf-bubbles">
      <div class="bubbles"></div>
      <div class="bubbles"></div>
      <div class="bubbles"></div>
    </div>
    <h1><span data-translate="checking_browser">Checking your browser before accessing</span> journals.asm.org.</h1>
    
    <div id="no-cookie-warning" class="cookie-warning" data-translate="turn_on_cookies" style="display:none">
      <p data-translate="turn_on_cookies" style="color:#bd2426;">Please enable Cookies and reload the page.</p>
    </div>
    <p data-translate="process_is_automatic">This process is automatic. Your browser will redirect to your requested content shortly.</p>
    <p data-translate="allow_5_secs" id="cf-spinner-allow-5-secs" >Please allow up to 5 seconds&hellip;</p>
    <p data-translate="redirecting" id="cf-spinner-redirecting" style="display:none">Redirecting&hellip;</p>
  </div>
   
  <form class="challenge-form" id="challenge-form" action="/doi/10.1128/IAI.06230-11?__cf_chl_f_tk=3IzimBNVPRvssNHbRnV0reH3Ao0F7opamtGQW8u8Kuk-1646604861-0-gaNycGzNBz0" method="POST" enctype="application/x-www-form-urlencoded">
    <input type="hidden" name="md" value="wmpJSQtdgEEMPeN4hM8IXyjUQ4tG5k6.4v4uQVKKxkU-1646604861-0-AdjfOjdQvpB5M1V5ySydWoN11aDSMZowLOGuek331BdzkILCjgzvCKpeRN8SxwB5YuzpUq20E68zU-DWh21Ri-6s2h4suymbwq-iSB0z1c4f9r9J1n4frJorB9WAIVi4JHvH96rMD8dvAEaj7Q__oeL-7gojxc0kIbMC8SuFmoNS9X8VzhKXtRWPfZpOfXeg4uGOI5wuD0rDtGR_-jPms9roya3w7eXfXSMFavPnDJhmpFkmnjtJA9OeybX8HHRq_hVIx-pHJwGqOUM1c8bkdVt9CDKya_e5zM8DW-My-t-SBvAqiTytZpuudkMlz4snv1iWk3ByhG8Y9xdq6iGTXnyLRIWm6wkwiDAYzomMKtk5iIF3E8lD3u7tj7JCz6KkbffXtIc7phzUSTwzInyHvS4jo5-z8pqZtOpWERF5-MOqGa3OjLdkFqDPbTeuVZ042Dr77pN3X972a4x-21JbbfaffaUa3ly_45IyZ1eK-HBm7JZxOB3UQLyLBQaE3PdXpopgv9YTxj37zCKhSmRQyW4WOgii_GGq2gGi7v85xwvu5c1PJgvyOcWvDMz_H8dOCVWoVRAIWzYh7tkiRI1u8X0MfYZUninMyIPooa9eI-IUOJhGyPUCA5eFWInUhrIVF_w0SrjMkPWOSFNYiltvN6wK_Q7ScJBJo16X6LhmaAe76e5s-TcyBM8LyJdDrsmwUQ" />
    <input type="hidden" name="r" value="HqJ61hpu1MRZurnVmQlaIzFJRX6bpz1716iYQG4ffpQ-1646604861-0-AVi4TcBwSoDRm9hCiYj2PyE98jj7lj1K9XEDGBPckIQv+fEiIoTkD6m0q5EydCo7K2wCPIR7dKRDwcoH0cumMw4juDJlGwzJZZQCtgrl5t4J/1lvIxIrQTOVI0QOsEvvu9ZJy6rZ5kQKqC0k39x7u7xMsJ8bvGKKXkRl0bWuGxLmV8V16ehT6ErONCejLcMzSfKjraoaeCKhJcI5GLUqXUMuDpTLbBs+3YzTHey+IvY2gIyjUuNKP7aqgXRpPu3XUicT4z3SzrHjTeJakiJPLq97Z4GaDXG9Riqfu0c32LXVzP6FySiJ/8DjewYu1K1qaAL4w3lpfInEdfoiFIqTKvZJlKiX0Jm9R695qpTz3fuvYtNo1JGgJD0+qChN/GAAODro7hktrb8HLsE3iycYoQZwA1DJTh9AaPpJeYOfYMBarbb+KSteCRC/S2vxVxaVJhhfoPwiVI66/UtPysojc1QppWlrnulBAqiO5LIpRdMQIN73CUtxGkJ5EeGWcXXnhygnHpHlRE1tRzEIkTALvvM+v5lgZIP+vgy19lXf+lyXeT9TeHrmOCM9MWwj4RkUUW64209S6ZOjyukwcbAg70U68l5ZpX+VNRkW+K+BHchqqgGSDr0471gP7/uksZOTR/Qa+ZwKK/lCF/RED+YriF8cpT8TYdFfKVBXPqpb77os+Ie1Wa3ee5/oyh49fRQgG1Ht3o/KSY/DVqa7vql1XT30kzurnhI2XTn/zhhh6o0Y3cI5o+PAzpqj4tuPOz5+GuPOIgwhVGGeaHz4mQ+d9qc457bUocJXulZlJ2h2igNRHbnSfi6aX+SItUWUz8deAwgKNovZMt7NabCpxfp/oVAMl3jMkq/7oEEz6uKUxj/0n3FIcCaFKgK5Zbf667iL7NY7IqgRRtMfHdDiBKLJfMdnfBNwckxGKrhsQmO5uyCbkQSUJnT0HiwT+U0MJ5t0rUy0zPxvYhxCVP9OqJo8nHdg+gLmYMHckeR0lusQO7wz79EuOHnkp0Bk/12/mzKFpyzeznJgQxsTIQV7wOEufMGLTBKKBqdQaLaX/k7Br1ZHlLTVH3bJ5nnNsABk6SPs+ZPtZ6xsdx5DO2LIcY4bE50G/YIVe4wIbe2Ij4egMUd+4GkRCbekUp0wkPm0Q2wPa4jlE/S1zCUwdX0ACec/hI0P6JGT5NxQ03DGxj8uPQfJdm6IVRrbM5fRs/A8xJ5G39moherglai8dNUEL/SUwv5TmfAlBFnXa7ssemtRXhkIQmrjjl8XPENrtRMw6Nmbu8Kg5pEEOjWo57jgsDRJyyR2SnX7mvoVm45XPwfPTrGT0MxuXIvCNuc83g9kGjIsOmnFGbQ+XXd+I+/PE6MHozBFW4y1NDDXSmWJxwdaKyv5Cy1qV6cSDv7jvQfGZQhtSnw6u4H72wfcg/YrYUf+Lcxkv4ZbG6/eM1CN+p05J8+DLgXT9bO9jD8so9/MNeAfbS59qoXythqOMFhwr1rj5ZZKwQEkcJDf7fTYxyNgcyr/0tHpUQPKWKNIEXJm3w3FWjUrlvuLbPYMixbITBLHOlDzNkLAr2wzJuz97v67dydiYvN/42dxArVRbOaZV8PZYnMD9vvjB4l9TniGyPlmgtNtSx/+MmfU3Tsz7zwQPqvHbilPUy2vg3/Wn7++U20gDjCR8O48YSFxyyq0wmLg7oPHQ4yliK8p3fB+lsq3qWjOOM9QxFktS79u9mZaF/M8PymOty539Ib338y4P4BcRh7/v+BHzvT5lDD3F7lfxco9vC2rjEjhw1enHE97vmrxHw=="/>
    <input type="hidden" value="eb7d0c70999b02edd4554224a12ffbf9" id="jschl-vc" name="jschl_vc"/>
    <!-- <input type="hidden" value="" id="jschl-vc" name="jschl_vc"/> -->
    <input type="hidden" name="pass" value="1646604862.25-0vUUv2Miio"/>
    <input type="hidden" id="jschl-answer" name="jschl_answer"/>
  </form>
     
    <script type="text/javascript">
      //<![CDATA[
      (function(){
          var a = document.getElementById('cf-content');
          a.style.display = 'block';
          var isIE = /(MSIE|Trident\/|Edge\/)/i.test(window.navigator.userAgent);
          var trkjs = isIE ? new Image() : document.createElement('img');
          trkjs.setAttribute("src", "/cdn-cgi/images/trace/jschal/js/transparent.gif?ray=6e7e719ecdd67c1e");
          trkjs.id = "trk_jschal_js";
          trkjs.setAttribute("alt", "");
          document.body.appendChild(trkjs);
          var cpo=document.createElement('script');
          cpo.type='text/javascript';
          cpo.src="/cdn-cgi/challenge-platform/h/g/orchestrate/jsch/v1?ray=6e7e719ecdd67c1e";
          
          window._cf_chl_opt.cOgUQuery = location.search === '' && location.href.indexOf('?') !== -1 ? '?' : location.search;
          window._cf_chl_opt.cOgUHash = location.hash === '' && location.href.indexOf('#') !== -1 ? '#' : location.hash;
          if (window._cf_chl_opt.cUPMDTk && window.history && window.history.replaceState) {
            var ogU = location.pathname + window._cf_chl_opt.cOgUQuery + window._cf_chl_opt.cOgUHash;
            history.replaceState(null, null, "\/doi\/10.1128\/IAI.06230-11?__cf_chl_rt_tk=3IzimBNVPRvssNHbRnV0reH3Ao0F7opamtGQW8u8Kuk-1646604861-0-gaNycGzNBz0" + window._cf_chl_opt.cOgUHash);
            cpo.onload = function() {
              history.replaceState(null, null, ogU);
            };
          }
          
          document.getElementsByTagName('head')[0].appendChild(cpo);
        }());
      //]]>
    </script>
  

  
  <div id="trk_jschal_nojs" style="background-image:url('/cdn-cgi/images/trace/jschal/nojs/transparent.gif?ray=6e7e719ecdd67c1e')"> </div>
</div>

          
          <div class="attribution">
            DDoS protection by <a rel="noopener noreferrer" href="https://www.cloudflare.com/5xx-error-landing/" target="_blank">Cloudflare</a>
            <br />
            <span class="ray_id">Ray ID: <code>6e7e719ecdd67c1e</code></span>
          </div>
      </td>
     
    </tr>
  </table>
</body>
</html>
