<!DOCTYPE HTML>
<html lang="en-US">
<head>
  <meta charset="UTF-8" />
  <meta http-equiv="Content-Type" content="text/html; charset=UTF-8" />
  <meta http-equiv="X-UA-Compatible" content="IE=Edge,chrome=1" />
  <meta name="robots" content="noindex, nofollow" />
  <meta name="viewport" content="width=device-width,initial-scale=1" />
  <title>Just a moment...</title>
  <style type="text/css">
    html, body {width: 100%; height: 100%; margin: 0; padding: 0;}
    body {background-color: #ffffff; color: #000000; font-family:-apple-system, system-ui, BlinkMacSystemFont, "Segoe UI", Roboto, Oxygen, Ubuntu, "Helvetica Neue",Arial, sans-serif; font-size: 16px; line-height: 1.7em;-webkit-font-smoothing: antialiased;}
    h1 { text-align: center; font-weight:700; margin: 16px 0; font-size: 32px; color:#000000; line-height: 1.25;}
    p {font-size: 20px; font-weight: 400; margin: 8px 0;}
    p, .attribution, {text-align: center;}
    #spinner {margin: 0 auto 30px auto; display: block;}
    .attribution {margin-top: 32px;}
    @keyframes fader     { 0% {opacity: 0.2;} 50% {opacity: 1.0;} 100% {opacity: 0.2;} }
    @-webkit-keyframes fader { 0% {opacity: 0.2;} 50% {opacity: 1.0;} 100% {opacity: 0.2;} }
    #cf-bubbles > .bubbles { animation: fader 1.6s infinite;}
    #cf-bubbles > .bubbles:nth-child(2) { animation-delay: .2s;}
    #cf-bubbles > .bubbles:nth-child(3) { animation-delay: .4s;}
    .bubbles { background-color: #f58220; width:20px; height: 20px; margin:2px; border-radius:100%; display:inline-block; }
    a { color: #2c7cb0; text-decoration: none; -moz-transition: color 0.15s ease; -o-transition: color 0.15s ease; -webkit-transition: color 0.15s ease; transition: color 0.15s ease; }
    a:hover{color: #f4a15d}
    .attribution{font-size: 16px; line-height: 1.5;}
    .ray_id{display: block; margin-top: 8px;}
    #cf-wrapper #challenge-form { padding-top:25px; padding-bottom:25px; }
    #cf-hcaptcha-container { text-align:center;}
    #cf-hcaptcha-container iframe { display: inline-block;}
  </style>

      <meta http-equiv="refresh" content="35">
  <script type="text/javascript">
    //<![CDATA[
    (function(){
      
      window._cf_chl_opt={
        cvId: "2",
        cType: "non-interactive",
        cNounce: "78415",
        cRay: "6e7e71a1ab887a90",
        cHash: "440bc235556a5af",
        cUPMDTk: "\/doi\/10.1128\/IAI.05798-11?__cf_chl_tk=3IzimBNVPRvssNHbRnV0reH3Ao0F7opamtGQW8u8Kuk-1646604861-0-gaNycGzNBz0",
        cFPWv: "g",
        cTTimeMs: "1000",
        cRq: {
          ru: "aHR0cHM6Ly9qb3VybmFscy5hc20ub3JnL2RvaS8xMC4xMTI4L0lBSS4wNTc5OC0xMQ==",
          ra: "cHl0aG9uLXJlcXVlc3RzLzIuMjUuMQ==",
          rm: "R0VU",
          d: "SNlILBaTCHyKj+LvqVSvUKaY3K1kaExh4k/Ir9cu7On0uoizT6e95pCZ2DrsRrQdVqs3Kr5P4gu9wzKeeLX814msbXXKossCN2SlTX+jMV/ZJPzQGMeMxhqdK7TI6sNoF0LunJggpepBlSBYZqyy08HVLtnYJiMk1boN3mQ6DSNOk4+iuqd7u+qUXq7wm2kuaaqRmNQe6n8Ly6z6zEtjv2wWiep0CcNHFvZVfVPCSvuwpd0RIjIPSkBTnZfkLXgII8rIdSNjx5Gf0EK/djin+erXe17loR9FXC+NXEYjH3u1T1iqQy4SrRLEkYRGSSUTEdvrCGNHxiF4inzNHMBNK1Ez6rZld6x0pD33iPQ6ed0FW0ZkoQ9ZNTF2sEe5QmsLX/qwj2HfaMnJg4V406/7mR+L8rSenltp93dQGTgnCjLX8NX8+gPYMocrMGRtUsfMH6gD5I2H7zUDIJkjHMulTqvtgVw1jbewboikfdDHg9eKNGJBrCV6xQzD5jqqjz1B6MFUjuBcUEuAjFUi8HkojxL76ObDdjcexASw76zhcoYXNGd7rGRPKW0K2DEqyztV",
          t: "MTY0NjYwNDg2MS43MTEwMDA=",
          m: "N+IaB6YEdfm1sjTpn6rK9Zeh59lSRKVPq+WtNG64eP4=",
          i1: "JIXsQYv7iwQeMlJrZ2yv9w==",
          i2: "N7xvKPawxKjVLs6CzEY5qg==",
          zh: "Wdpz5DKIdp61fw1xi4/5+xF7d1QEaZ1MFNsdHIgPg6o=",
          uh: "5GU+jYv2xJ+bCaE/ARmi/DORbiS/v56CW7E0TH4XWQk=",
          hh: "kD0SA7WPJmOf4c5gVlTVLqmiA7Wp4e9AgVYIXtU6h0M=",
        }
      }
      window._cf_chl_enter = function(){window._cf_chl_opt.p=1};
      
    })();
    //]]>
  </script>
  

</head>
<body>
  <table width="100%" height="100%" cellpadding="20">
    <tr>
      <td align="center" valign="middle">
          <div class="cf-browser-verification cf-im-under-attack">
  <noscript>
    <h1 data-translate="turn_on_js" style="color:#bd2426;">Please turn JavaScript on and reload the page.</h1>
  </noscript>
  <div id="cf-content" style="display:none">
    
    <div id="cf-bubbles">
      <div class="bubbles"></div>
      <div class="bubbles"></div>
      <div class="bubbles"></div>
    </div>
    <h1><span data-translate="checking_browser">Checking your browser before accessing</span> journals.asm.org.</h1>
    
    <div id="no-cookie-warning" class="cookie-warning" data-translate="turn_on_cookies" style="display:none">
      <p data-translate="turn_on_cookies" style="color:#bd2426;">Please enable Cookies and reload the page.</p>
    </div>
    <p data-translate="process_is_automatic">This process is automatic. Your browser will redirect to your requested content shortly.</p>
    <p data-translate="allow_5_secs" id="cf-spinner-allow-5-secs" >Please allow up to 5 seconds&hellip;</p>
    <p data-translate="redirecting" id="cf-spinner-redirecting" style="display:none">Redirecting&hellip;</p>
  </div>
   
  <form class="challenge-form" id="challenge-form" action="/doi/10.1128/IAI.05798-11?__cf_chl_f_tk=3IzimBNVPRvssNHbRnV0reH3Ao0F7opamtGQW8u8Kuk-1646604861-0-gaNycGzNBz0" method="POST" enctype="application/x-www-form-urlencoded">
    <input type="hidden" name="md" value="SG1KdJnS76KEJcpawZDNHLhuhV5F.krcffT6MEBa8nY-1646604861-0-AQPtzkp9yHr-CmyQlTsUSoR6exoFOl2F8bp6t7O73yp0Zkt9P_TBLy0fcqk9Dns9p3l_DNGnTpZVRhGpPiJngdYpGBLDIZhlWIBi1KpL9WYGJMJSLq20D49E4VRhBeYQR7nc_IdUaTflHLkdMZKcovoYT7c2IAHUOuz5twxBSMkGR1RIORZPR4Q4TZU0KamCkhTKUy3pJdatwBwh5Fr0Z8WhUDHNuVhTAfQVojlwUzZJ_7ERquz2GLhJCMeQyadwUEqZOQyL8v9SmecQGWeJQyJYBtUyAnAOcaPxrgYHHJvRcJmT3pEpOkWapjbCBLQR8Xayxj2tsXWumsMuvwZwPK7gtqz7AM7Y9Nqe2c_aBC8NRtEXz1_YZo04BVaRUZZn0mrzAlkvIdTtCb_5XcBrkFwfVpPY0-qjVkAoOb1thu8TJIAEcXO1dHo2rmShm3hg_ag2YYsKamTU737B1_O6CecOn1w1ygEB-k_UNQbpcHFEzvaeG_m3qb4ovrfWE0etw9cu2akEBL-qTi9HEqmWeXAeTBFQWlWfEpmSY7HzXZ-ELFdm-zOzAL9oY4AE7RDfwFY12LNXh3N-EZ2zxgtQah2eVjJQbk2X7YI_Tqnbe8I8kbovlA3C_qVo7RVh_vTHF5BIVE_mGMAmCBtw6dL1J4NWI3nYKSct17Zroh4qdZU4gsZb95XG6ArBOf4uy0uWow" />
    <input type="hidden" name="r" value=".0jgIibh63eVrMKwOPpJ18SRad7hI_ehBU7jztEdKeE-1646604861-0-Aflg8h0WibyHH80IKMG8Z6n7BlcqsJd91YzxiQ7Y+/KO+doqFjUcWOYxiZmbANABCYB7XJiDa8oFQhnupC7zUF0wRIwZM9xYk1W/a9+MNgE9iotEMGHI4uhmvQjzovX5frXcn2/akUwmr/kQ1Wl6dVu7Bu/6yMmiHwhUYM7mO1QTaWC9VG7Qf87rfuBLVOOT1IaN3KU1NAQWMIyRbM98WMLaPF5Ct5xXGRhNT8lioMQ2G3UqMhuU81BcNOBM0kXXyxnRX9Z+8GEdXg/NwhJ77wZmQAxyDAN1yeqXKkGZMaWVWkOhM/+Wzs7quicjGHT87WK/bqaQPneN/Tjn2dsy75TrDI9LBxPBZKfwbH/pKvXabtPSDhhxC0BlSippcuv8Ek0Tmnb8IKLnHg7sKIappGWkHQbygqkUP8qre/Dp42bNahpj37v/BsU2r+HHvT9ceFtBYvIV97TaK0e8AaPwQzNz/G04k3X+7VIUfMOC1vlNjeyFBoSBDRlQqIGQjHkjYYoUqgIh3iGO5M6+L2QntaA2FhxvRJYjJTig8YCIABrMBqGpr/TAqXZI7kPJYRtd6EcujbKFbKjoocYgBenrpsQ8Dgt5Fcy4EBgTRueWyNM8vNXXNdhxBheDMdBRTKhuGH4fZCZi/Ttk/hqrZM9CFGTPjBf6Dy9luV27EzJmgPL396klddBbFhFxOAMADuTX8cJEr2k776nXWvfx2NZ2/Q3iOVaAcbYDBmSdyRSD7SIRhSm9JEaEttLrDPth2/D/zMNxgNJbXMJ8/YIHucUfexhxen+M3GDKri+PZECZpqE4+9xVWpIGBNA3YVGz/vr5T2qcoJAW8jMpdmwsnpblHPy6pIFGMLmgJDA3Q04c5QUxznrEKKKUjM2eXitxPn91OyVQdCQETP/AxEdFF71j66Xx1KmMG8S2d6eFztEljQHTXr3ueB8+rnsq4ZQ9YIXEAdwi4cg3FcxARk4/90RoiHFF1R38nhDDFt/9qk/ILvcBHglpXhTrwN5U01Wt6NDz61apPRjLpAes3de7+kYDea6VE9fnEZFi9lVnPETjkPu9yD54Met5lUVrYNAixyEdMAck1gAUGKTp7V0hs5V3lMVfOb+GJLrIOWCwJNFqub/5jvXBsStnwLc6thOIo9tVAHoFbNPymgF5WxbI6ZcW6DKqld54xiT6WBarWCb0b3zm8VWFGHyNVfKOKghPFtGKPw94+KFH27n2fTHHTXFmlSklSFWXPCv6uc2aGRg93P201t7BBWsg63wi/LSVTHw4UqlpK+Y+oAK8Jzcbk5GT+IQoLow2v4lxwHYZSZo/VHHA5DTygYyfh3iOQxEpExN+x36e0J00ijVsoghzpYyaucbtXoQH8enXXd2SpF5idCAeG9E85eiMF7FYWkPY870rleKd3iQ1UjNCr31UTkBXc+uJyvpjLWXMI8880UYHEJmG7nzs6TV7ey15xQ8Igk5q8zblz1XzUvSVz/GwrC7MYmJjySzMD6UIWWDPjA73Qoz08wOstOBSqYeTVlkszmMGGimgQ+QCEALqv0YKdRfZt7TGzHzNa/hN66KZRF+pl/8SBbMvXJ6QtHYx8ksNy5NyrUFlSowH7Ezxttxw7joX9LnBDQ8T9RA8HPW6j+ec1w3fBhPEnjMMt487R2/oMss583C3jR/Y3PnXA1Y61MQzmJ9cVha/BTYLsLrzUEXDBM+3JaO6u6ZJ7gYhQ6yYyy84FHEU38WkaMjmLXseJNP2rnT/Z3aGzsMLwvoVVrv40dQTh/uaFiz6LNbIwoik/fhF6Q=="/>
    <input type="hidden" value="6a4d180557fab9156ea7ba17221b899b" id="jschl-vc" name="jschl_vc"/>
    <!-- <input type="hidden" value="" id="jschl-vc" name="jschl_vc"/> -->
    <input type="hidden" name="pass" value="1646604862.711-MErQ0WqRUA"/>
    <input type="hidden" id="jschl-answer" name="jschl_answer"/>
  </form>
     
    <script type="text/javascript">
      //<![CDATA[
      (function(){
          var a = document.getElementById('cf-content');
          a.style.display = 'block';
          var isIE = /(MSIE|Trident\/|Edge\/)/i.test(window.navigator.userAgent);
          var trkjs = isIE ? new Image() : document.createElement('img');
          trkjs.setAttribute("src", "/cdn-cgi/images/trace/jschal/js/transparent.gif?ray=6e7e71a1ab887a90");
          trkjs.id = "trk_jschal_js";
          trkjs.setAttribute("alt", "");
          document.body.appendChild(trkjs);
          var cpo=document.createElement('script');
          cpo.type='text/javascript';
          cpo.src="/cdn-cgi/challenge-platform/h/g/orchestrate/jsch/v1?ray=6e7e71a1ab887a90";
          
          window._cf_chl_opt.cOgUQuery = location.search === '' && location.href.indexOf('?') !== -1 ? '?' : location.search;
          window._cf_chl_opt.cOgUHash = location.hash === '' && location.href.indexOf('#') !== -1 ? '#' : location.hash;
          if (window._cf_chl_opt.cUPMDTk && window.history && window.history.replaceState) {
            var ogU = location.pathname + window._cf_chl_opt.cOgUQuery + window._cf_chl_opt.cOgUHash;
            history.replaceState(null, null, "\/doi\/10.1128\/IAI.05798-11?__cf_chl_rt_tk=3IzimBNVPRvssNHbRnV0reH3Ao0F7opamtGQW8u8Kuk-1646604861-0-gaNycGzNBz0" + window._cf_chl_opt.cOgUHash);
            cpo.onload = function() {
              history.replaceState(null, null, ogU);
            };
          }
          
          document.getElementsByTagName('head')[0].appendChild(cpo);
        }());
      //]]>
    </script>
  

  
  <div id="trk_jschal_nojs" style="background-image:url('/cdn-cgi/images/trace/jschal/nojs/transparent.gif?ray=6e7e71a1ab887a90')"> </div>
</div>

          
          <div class="attribution">
            DDoS protection by <a rel="noopener noreferrer" href="https://www.cloudflare.com/5xx-error-landing/" target="_blank">Cloudflare</a>
            <br />
            <span class="ray_id">Ray ID: <code>6e7e71a1ab887a90</code></span>
          </div>
      </td>
     
    </tr>
  </table>
</body>
</html>
