<!DOCTYPE HTML>
<html lang="en-US">
<head>
  <meta charset="UTF-8" />
  <meta http-equiv="Content-Type" content="text/html; charset=UTF-8" />
  <meta http-equiv="X-UA-Compatible" content="IE=Edge,chrome=1" />
  <meta name="robots" content="noindex, nofollow" />
  <meta name="viewport" content="width=device-width,initial-scale=1" />
  <title>Just a moment...</title>
  <style type="text/css">
    html, body {width: 100%; height: 100%; margin: 0; padding: 0;}
    body {background-color: #ffffff; color: #000000; font-family:-apple-system, system-ui, BlinkMacSystemFont, "Segoe UI", Roboto, Oxygen, Ubuntu, "Helvetica Neue",Arial, sans-serif; font-size: 16px; line-height: 1.7em;-webkit-font-smoothing: antialiased;}
    h1 { text-align: center; font-weight:700; margin: 16px 0; font-size: 32px; color:#000000; line-height: 1.25;}
    p {font-size: 20px; font-weight: 400; margin: 8px 0;}
    p, .attribution, {text-align: center;}
    #spinner {margin: 0 auto 30px auto; display: block;}
    .attribution {margin-top: 32px;}
    @keyframes fader     { 0% {opacity: 0.2;} 50% {opacity: 1.0;} 100% {opacity: 0.2;} }
    @-webkit-keyframes fader { 0% {opacity: 0.2;} 50% {opacity: 1.0;} 100% {opacity: 0.2;} }
    #cf-bubbles > .bubbles { animation: fader 1.6s infinite;}
    #cf-bubbles > .bubbles:nth-child(2) { animation-delay: .2s;}
    #cf-bubbles > .bubbles:nth-child(3) { animation-delay: .4s;}
    .bubbles { background-color: #f58220; width:20px; height: 20px; margin:2px; border-radius:100%; display:inline-block; }
    a { color: #2c7cb0; text-decoration: none; -moz-transition: color 0.15s ease; -o-transition: color 0.15s ease; -webkit-transition: color 0.15s ease; transition: color 0.15s ease; }
    a:hover{color: #f4a15d}
    .attribution{font-size: 16px; line-height: 1.5;}
    .ray_id{display: block; margin-top: 8px;}
    #cf-wrapper #challenge-form { padding-top:25px; padding-bottom:25px; }
    #cf-hcaptcha-container { text-align:center;}
    #cf-hcaptcha-container iframe { display: inline-block;}
  </style>

      <meta http-equiv="refresh" content="35">
  <script type="text/javascript">
    //<![CDATA[
    (function(){
      
      window._cf_chl_opt={
        cvId: "2",
        cType: "non-interactive",
        cNounce: "24320",
        cRay: "6e7e71a39cb07e52",
        cHash: "900a32b0bc520a8",
        cUPMDTk: "\/doi\/10.1128\/IAI.06056-11?__cf_chl_tk=uVlIJZUPl1MXzcwm52X11RmLXlCqZW7Is9liJwt.qOU-1646604862-0-gaNycGzNBz0",
        cFPWv: "g",
        cTTimeMs: "1000",
        cRq: {
          ru: "aHR0cHM6Ly9qb3VybmFscy5hc20ub3JnL2RvaS8xMC4xMTI4L0lBSS4wNjA1Ni0xMQ==",
          ra: "cHl0aG9uLXJlcXVlc3RzLzIuMjUuMQ==",
          rm: "R0VU",
          d: "n5DJAInJRLsx0hqCMd+rcn2ktVxu019c024xUVixBadEI0Nw+MB24+mCqICe2OgqxNO+sHk62W1REbfRqnY/F4K4BQZdx1pN6dmvBeoXAj6VIeFFlIYaOw0+qZye7O6Sv9sqv1JjYQ0E43LlVWyrzTCTZhKGUqhvEDJO2EqWDe5iof2QSYHp3SmWDm0lL0aJ1oa9uyE2y8sPjOCTtU+JrGUoVk8okMHN9lw0OVwUNfCzlzPm5Nc3iitbP0ulh8TkptxILmBrXtVzitdjoqi2i+XmnLQ5XRCEVPvmz+GOI8J1C2tXYvzIogvD6GQT08PZ3KVBNidmO0KuuXgohx3B1wJgo8tk4PS2Vv09sJ/TmDjdxHLbA3Ybp6YJ+XWAz+GrZrDyRKxemp5jGT+BvIjXnsuowbOQm9nyvY8lJCzh3+erPZyEnWzq6C/91Yszd9sgD53SGSUdVYhK2X52GjmMp4xN8ong1bZIsswcKdsSZHgICcamqrU4JjWiTgRrc7fFSem+DU5aDu7lEFK/D1XSSavrIla81UKRLuA0WvD2l1Z81Tj5gGXqCb1po3+nV2az",
          t: "MTY0NjYwNDg2Mi4wMTgwMDA=",
          m: "A595PNbQ6uuYi+MyzGm1zA0cmSTlt5KEZhQxd95dTC4=",
          i1: "bgf7r1/qKnpYbM1Zf049kw==",
          i2: "odo9ctzrocVHa1kHqJdaIA==",
          zh: "Wdpz5DKIdp61fw1xi4/5+xF7d1QEaZ1MFNsdHIgPg6o=",
          uh: "5GU+jYv2xJ+bCaE/ARmi/DORbiS/v56CW7E0TH4XWQk=",
          hh: "kD0SA7WPJmOf4c5gVlTVLqmiA7Wp4e9AgVYIXtU6h0M=",
        }
      }
      window._cf_chl_enter = function(){window._cf_chl_opt.p=1};
      
    })();
    //]]>
  </script>
  

</head>
<body>
  <table width="100%" height="100%" cellpadding="20">
    <tr>
      <td align="center" valign="middle">
          <div class="cf-browser-verification cf-im-under-attack">
  <noscript>
    <h1 data-translate="turn_on_js" style="color:#bd2426;">Please turn JavaScript on and reload the page.</h1>
  </noscript>
  <div id="cf-content" style="display:none">
    
    <div id="cf-bubbles">
      <div class="bubbles"></div>
      <div class="bubbles"></div>
      <div class="bubbles"></div>
    </div>
    <h1><span data-translate="checking_browser">Checking your browser before accessing</span> journals.asm.org.</h1>
    
    <div id="no-cookie-warning" class="cookie-warning" data-translate="turn_on_cookies" style="display:none">
      <p data-translate="turn_on_cookies" style="color:#bd2426;">Please enable Cookies and reload the page.</p>
    </div>
    <p data-translate="process_is_automatic">This process is automatic. Your browser will redirect to your requested content shortly.</p>
    <p data-translate="allow_5_secs" id="cf-spinner-allow-5-secs" >Please allow up to 5 seconds&hellip;</p>
    <p data-translate="redirecting" id="cf-spinner-redirecting" style="display:none">Redirecting&hellip;</p>
  </div>
   
  <form class="challenge-form" id="challenge-form" action="/doi/10.1128/IAI.06056-11?__cf_chl_f_tk=uVlIJZUPl1MXzcwm52X11RmLXlCqZW7Is9liJwt.qOU-1646604862-0-gaNycGzNBz0" method="POST" enctype="application/x-www-form-urlencoded">
    <input type="hidden" name="md" value=".JZ5t2Z90mt.b2Rocz.8BR1BcA7h85ob5hfwJqtk7EA-1646604862-0-AQ8-R8hi1KcWzqA1Z-4LPponla0yVS0GQ0JFFwxfNvRYjZmLRn0XwMy5gw7vzYzMf2H6gEVsaBDqNlRhXVY8dBayJ3wwj45J3P35jrmRSCVncbMwiuH52raVOjEOSW1mLH0L8uC7sfBJU-MXw8k08b1Fcs9N8UPBW4Zm9clsD-FzoNxXusUDhm-ciqsijNesoOQRnAoS__5b6q6xEKTEzhpIYWprkuGYn9CDss-LyyAJk4nTAM0b3j2H_vDx7TsQVI0t46VJAC9xQ6H2s6DKWzp9jp-r1lMZTdZayN6KB4TCkWlTBVT0P-Gt-d1ChCt4G0oAdgMNHZ6NdK94_Zz7cupxev8IoXYqBgA7_uOrQ-pxmSX699cKTVSOo2jgC7d6LhLyzil1H9yEcyJIX4hLMJnKDV7IsMgAEHjufCWBYwB_0Akk9pmhgIesHaXqOipn5homAMgu34GHYYtNf1vHFg4-r5LN0PagGqH5UpzscTpziNpwghY99Xui73G6pr-E49086IK3Dl_Sqh8dttmsnZAL2hMyUxm5ip_MCuqUAlSu0zQm6PlXQW8KGOyGnsK2nkJUuACligVIOkP0B6bPmnmdZCFi205fsvsEXGg7Et4gJC2kN1Mz2bCjHxPnJQKcL6eIvWpvxH-G6NzO0wc5Zb8FBD6_gouBJqSoLGdhgrJGl5ShJ4TkMRj4lfhttq-k3A" />
    <input type="hidden" name="r" value="G2wU9yBlKZ7bRc70lX724Jr7g3FBdjxwJuq90Wbe8I8-1646604862-0-AQ/e9Td478PBGSS4deZJ56Bm+R0hwVLFLKX3+3qhSjxSkbRLJ899hxeQ4wcO8noq7K6iPlojmPBZUxt8rwdkZoB35XBOwrOziSD08oPPeeGdK3T05G47iz6BLUP461pkOkouIeaXYy90eH61mN+5pie4kmtyIZQwcM929GblB2lFF1Xix0TfH+6wW/IN9D3x1TOlrkPcdtpRE58CSAUFJleHRkKAKcZ2iizFu0dCc5Pu846koK3xA+irHu9kaFgU8wvsSkBZMOdv5W0u5X/Fg0Txcs+NyY+UdHRooSf7abBqzTb6iaXXXvvogAFbYO06872bk3J4r1xtWabqfM2gdGGL6zLCCwqd4iloa7m2zTCRNd79DHG506Z6Z8FWnoSkQW8CUURUMOxF2MFTFcCt3IsB9JUFhMB8qTRvoSg31p6cMAR3bTDGKjrMR7jsCDPFYPOEN3U7hRUf55EsfzNRx30OSvSCGTMkQj3nziwM6AogGNwa3jcmEmKL3iu3UenBHKqHy1sFBC9iDL01OJ/8Y2azjHQVWn7+KK4h+KWupzfeqqDd7BEsSne27q9pZ4o0dIshM8D+a2NW+NEUb5sRLp/oBZ7ZJIQyr8s8z1tUjp5+FtVr+NbjMDogyAUJJzN0R24WNxFUjy4rfy+kHOGh3EmpYOL+3qDQt6RNZUj3hfhhDCGQxMo7ky1PIQyvTLQ6MZ/JPjbRKUNBtM7g7NZUuN0zSqot7SZBqStG+avCjWHpULBPMb2ld/qZyAbtOwP2f9FslCQ4dlm1MJINmi48aJLbaUnHy4Brkg8gwqbgpkzHP9a10USTq7YlgeeUdDlGF757k+i48ZNjVZ4Hwot3+wRfFz/9bFJpc2A6RiPBt/kJN6LYeeD73i4v13vNiPPYHSDglEmvuYBbB9+2gSKhEghUlB4PwKcgbhAH48cG/ngmrFLZJe7LpHlZN5usY3ulPRtHWFkhrUQ6tUG0LTAlUiUEgwKqZ9jHxc8ayUszHUO0Ukgh3ETN/mV8bE/r5gOhxWl5bOtEtR1W6sO5BVDhJe66bEqX4EyqKdItR72GgFpgV+a+/hB7ZFgd4/4GKzmaKw946x3tE7IZIpaMrZJEf6wJ6gXCg5xU6ISBIXtdy0hw2oFiidp0R7q3vbmkyjCf04sUQFwqkZzESQBqyMeHUacwBObVQBN+p7lM23vVydzG5+MppqXGgtEkPdbl2/fV+Wqbb+bKvZHFaTqUgibd8Iy7kekdIoiQQmBTRcbs0TxrLTbEk6PE2hh7q437srGIvy2lyxNpDjlM7ejVSANNDUzDv3eok5Ee1EFcjAGOZM+gKI9HqPGjbFj86lXkkDJxXmDAv2oRkTiovgUiBP2lUHTQVB3SjWvn2YtWAKFwUjttHWWDBfhu1fS5myAHZqupOGVjJRjfNoMTXYblhvhXv4/TY5brifeiFqyRRoWKyTG0rLoS7uyDP7jBxD9NzruIHk52vIM0d8ZrktYddK8lm2f5Tou/ESbMVyg/2t38ZRkSjo+Nsd0OZzSNZeOnrydSQ+ApQndEP8ZFdKCCbYM4CHK2ch67n7txXaDouxSHkBON6HDWHvAXh6h/Oj5MIQZC3k/1ZD76u321xuascqhxCN/qBFxPDrtKhcolvP+fQY0sHcK5YBtWffYgm8thvgSImR5QjtpZWaosqgJQ4twC9QqJBkeUWo8p4V5ov+PfeeY3qFqHdaaluMmzihQ6jWoxB5ssc/lDk4VZ15+W/RrTofbjarBHzzVaALi5Xh3Elsiq10kYt3TnE5CGUZc9/tVDRg=="/>
    <input type="hidden" value="aa17754d0ff892331569fd3815293bd4" id="jschl-vc" name="jschl_vc"/>
    <!-- <input type="hidden" value="" id="jschl-vc" name="jschl_vc"/> -->
    <input type="hidden" name="pass" value="1646604863.018-9ep/mAsu4S"/>
    <input type="hidden" id="jschl-answer" name="jschl_answer"/>
  </form>
     
    <script type="text/javascript">
      //<![CDATA[
      (function(){
          var a = document.getElementById('cf-content');
          a.style.display = 'block';
          var isIE = /(MSIE|Trident\/|Edge\/)/i.test(window.navigator.userAgent);
          var trkjs = isIE ? new Image() : document.createElement('img');
          trkjs.setAttribute("src", "/cdn-cgi/images/trace/jschal/js/transparent.gif?ray=6e7e71a39cb07e52");
          trkjs.id = "trk_jschal_js";
          trkjs.setAttribute("alt", "");
          document.body.appendChild(trkjs);
          var cpo=document.createElement('script');
          cpo.type='text/javascript';
          cpo.src="/cdn-cgi/challenge-platform/h/g/orchestrate/jsch/v1?ray=6e7e71a39cb07e52";
          
          window._cf_chl_opt.cOgUQuery = location.search === '' && location.href.indexOf('?') !== -1 ? '?' : location.search;
          window._cf_chl_opt.cOgUHash = location.hash === '' && location.href.indexOf('#') !== -1 ? '#' : location.hash;
          if (window._cf_chl_opt.cUPMDTk && window.history && window.history.replaceState) {
            var ogU = location.pathname + window._cf_chl_opt.cOgUQuery + window._cf_chl_opt.cOgUHash;
            history.replaceState(null, null, "\/doi\/10.1128\/IAI.06056-11?__cf_chl_rt_tk=uVlIJZUPl1MXzcwm52X11RmLXlCqZW7Is9liJwt.qOU-1646604862-0-gaNycGzNBz0" + window._cf_chl_opt.cOgUHash);
            cpo.onload = function() {
              history.replaceState(null, null, ogU);
            };
          }
          
          document.getElementsByTagName('head')[0].appendChild(cpo);
        }());
      //]]>
    </script>
  

  
  <div id="trk_jschal_nojs" style="background-image:url('/cdn-cgi/images/trace/jschal/nojs/transparent.gif?ray=6e7e71a39cb07e52')"> </div>
</div>

          
          <div class="attribution">
            DDoS protection by <a rel="noopener noreferrer" href="https://www.cloudflare.com/5xx-error-landing/" target="_blank">Cloudflare</a>
            <br />
            <span class="ray_id">Ray ID: <code>6e7e71a39cb07e52</code></span>
          </div>
      </td>
     
    </tr>
  </table>
</body>
</html>
