<!DOCTYPE HTML>
<html lang="en-US">
<head>
  <meta charset="UTF-8" />
  <meta http-equiv="Content-Type" content="text/html; charset=UTF-8" />
  <meta http-equiv="X-UA-Compatible" content="IE=Edge,chrome=1" />
  <meta name="robots" content="noindex, nofollow" />
  <meta name="viewport" content="width=device-width,initial-scale=1" />
  <title>Just a moment...</title>
  <style type="text/css">
    html, body {width: 100%; height: 100%; margin: 0; padding: 0;}
    body {background-color: #ffffff; color: #000000; font-family:-apple-system, system-ui, BlinkMacSystemFont, "Segoe UI", Roboto, Oxygen, Ubuntu, "Helvetica Neue",Arial, sans-serif; font-size: 16px; line-height: 1.7em;-webkit-font-smoothing: antialiased;}
    h1 { text-align: center; font-weight:700; margin: 16px 0; font-size: 32px; color:#000000; line-height: 1.25;}
    p {font-size: 20px; font-weight: 400; margin: 8px 0;}
    p, .attribution, {text-align: center;}
    #spinner {margin: 0 auto 30px auto; display: block;}
    .attribution {margin-top: 32px;}
    @keyframes fader     { 0% {opacity: 0.2;} 50% {opacity: 1.0;} 100% {opacity: 0.2;} }
    @-webkit-keyframes fader { 0% {opacity: 0.2;} 50% {opacity: 1.0;} 100% {opacity: 0.2;} }
    #cf-bubbles > .bubbles { animation: fader 1.6s infinite;}
    #cf-bubbles > .bubbles:nth-child(2) { animation-delay: .2s;}
    #cf-bubbles > .bubbles:nth-child(3) { animation-delay: .4s;}
    .bubbles { background-color: #f58220; width:20px; height: 20px; margin:2px; border-radius:100%; display:inline-block; }
    a { color: #2c7cb0; text-decoration: none; -moz-transition: color 0.15s ease; -o-transition: color 0.15s ease; -webkit-transition: color 0.15s ease; transition: color 0.15s ease; }
    a:hover{color: #f4a15d}
    .attribution{font-size: 16px; line-height: 1.5;}
    .ray_id{display: block; margin-top: 8px;}
    #cf-wrapper #challenge-form { padding-top:25px; padding-bottom:25px; }
    #cf-hcaptcha-container { text-align:center;}
    #cf-hcaptcha-container iframe { display: inline-block;}
  </style>

      <meta http-equiv="refresh" content="35">
  <script type="text/javascript">
    //<![CDATA[
    (function(){
      
      window._cf_chl_opt={
        cvId: "2",
        cType: "non-interactive",
        cNounce: "4927",
        cRay: "6e7e71a95ce85275",
        cHash: "62646da620c7f7d",
        cUPMDTk: "\/doi\/10.1128\/IAI.00552-13?__cf_chl_tk=uVlIJZUPl1MXzcwm52X11RmLXlCqZW7Is9liJwt.qOU-1646604862-0-gaNycGzNBz0",
        cFPWv: "g",
        cTTimeMs: "1000",
        cRq: {
          ru: "aHR0cHM6Ly9qb3VybmFscy5hc20ub3JnL2RvaS8xMC4xMTI4L0lBSS4wMDU1Mi0xMw==",
          ra: "cHl0aG9uLXJlcXVlc3RzLzIuMjUuMQ==",
          rm: "R0VU",
          d: "dHmb8D+6oLwhix7YUEOGetXijIHewTKdTWF1nkql0tcrJYaOuu0rgrhyNSS+AXz/qS4RnPR6Un45IDceXGTPjWd/FirrXeNfxrRwRX9Uknmh+AZ73ufu7i/aU7t01VPF2DZeVmM1x4xo1AFYMoPpvVK+FUKrRcah35APhnZmz/lD7sr2FAjl6Voixo3qsjzvyGqVhfUbVlCUv29VEJ2rxbeMPvg34HS37Udh2snt/qdzF7j+xM0UeDvg/mkGxI+sQfGexYUVAnLmJ2VeFVzW3mp+XCbqEXfJMujOIHVuYoVUyE008QTT/wElzmV1AIZ8GaajMsCV2lgLsiXiqmq5/wGgEbKsW0AWCcWI1nM4e1obmngk6+hx6sFrtF47+9aMIZpNQIjIBSPV1D3sZjrYMcmf6baebvAXNll5vrA+6ui8jicKIxBJaYtd3C+YF+7RE/lu+RLXm7HUB2MSPWomf7xencMF6ZT57yNwKgTOXn7dHV8vB8M3PMnSlutrEe/6a0I+yWxJfi4tzqUjnuO4fr6rE82gIJEMqP+BpaCBUA+6qatflXofDPQMUtbYv10Y",
          t: "MTY0NjYwNDg2Mi45MzgwMDA=",
          m: "KOve+4jOiNu+IpJrKy0MzN1c7tcRzJHDff+dhkUgurA=",
          i1: "fdr8bFhLA8nAFxHJpMQV1Q==",
          i2: "+FXN6USPdbwewkOa3vaOsg==",
          zh: "Wdpz5DKIdp61fw1xi4/5+xF7d1QEaZ1MFNsdHIgPg6o=",
          uh: "5GU+jYv2xJ+bCaE/ARmi/DORbiS/v56CW7E0TH4XWQk=",
          hh: "kD0SA7WPJmOf4c5gVlTVLqmiA7Wp4e9AgVYIXtU6h0M=",
        }
      }
      window._cf_chl_enter = function(){window._cf_chl_opt.p=1};
      
    })();
    //]]>
  </script>
  

</head>
<body>
  <table width="100%" height="100%" cellpadding="20">
    <tr>
      <td align="center" valign="middle">
          <div class="cf-browser-verification cf-im-under-attack">
  <noscript>
    <h1 data-translate="turn_on_js" style="color:#bd2426;">Please turn JavaScript on and reload the page.</h1>
  </noscript>
  <div id="cf-content" style="display:none">
    
    <div id="cf-bubbles">
      <div class="bubbles"></div>
      <div class="bubbles"></div>
      <div class="bubbles"></div>
    </div>
    <h1><span data-translate="checking_browser">Checking your browser before accessing</span> journals.asm.org.</h1>
    
    <div id="no-cookie-warning" class="cookie-warning" data-translate="turn_on_cookies" style="display:none">
      <p data-translate="turn_on_cookies" style="color:#bd2426;">Please enable Cookies and reload the page.</p>
    </div>
    <p data-translate="process_is_automatic">This process is automatic. Your browser will redirect to your requested content shortly.</p>
    <p data-translate="allow_5_secs" id="cf-spinner-allow-5-secs" >Please allow up to 5 seconds&hellip;</p>
    <p data-translate="redirecting" id="cf-spinner-redirecting" style="display:none">Redirecting&hellip;</p>
  </div>
   
  <form class="challenge-form" id="challenge-form" action="/doi/10.1128/IAI.00552-13?__cf_chl_f_tk=uVlIJZUPl1MXzcwm52X11RmLXlCqZW7Is9liJwt.qOU-1646604862-0-gaNycGzNBz0" method="POST" enctype="application/x-www-form-urlencoded">
    <input type="hidden" name="md" value="4vNN43.StEcTpM60.kry4LSHlTwMjAz9OR4YGSN0Ub0-1646604862-0-AeaCt1zMFmXK56-WEUWWVTfztqTwJMU6iUcsfNKZE0ZVftDXKKhntsel-0nojnXbsbqKTOa9zcNQf2Q1QM7rJTTl0HQGoNlWX6UQ1gRMJEr3sujkY6K89YaJsOQPW1lzMRCjgSbuJgEW-RL2_zGkEbU62DhMAItrs8DaTReep8h05NPenBIrj5Y6HnrCCVerjM2yB9Lw856KKGzGh3_ydjrv3cIK-TjBIg5a9oAcnlIgnYny1xdsaUGBvJlvBuYp1cQYsbRSxm3xmiBGhD9N_GeHk9Ru2dR44rjQdh9TxalhsJ7vSwY0_0UDhGMHvdnzzFMJJ3ggENmVJnoMoRfXifKiv92URFvlx8A51f4J99pUA9s15oy1DG8kY6NCb-r6wq2NjTIgIDyZiE9PgXjCwPTkL1fzo-b2i-Au83VvSqXBT-gda2IdOlL4N-iHcqx9Z5TeXACpdwBYmAeHTt-yMzraSBz2ImatUEW4-Xkt6dJAI8A5AoDKTbufllPOE6yN1bU0Qq5DiLG1tBMcLD_kj5dJOdOw48zNg08NkDQUy0bmAFgOq0ksDaKbZcPrWCO1XDhokWjhTw8H0Qhc5IHebCnwgiaUM8W8osgUFp6-X38ER-nOHwgsTj6V4ndkm02liZg1b_BvH4LzVNSS_4oKCYI3DTkQB1dRpaEinFsYQhEq7W0qTb_C6W8XHkT2JYax4w" />
    <input type="hidden" name="r" value="2qs9EXPjQowildMORCjQBTB4tcaeQaJU6hCUi5_r65I-1646604862-0-AQF6UkdTSmQ6PTu0UpYdCFLrecoAhVD2dTdc7yRV8T2GIkmOKCvLx/frBaumVM9yDZrCP3epdxVBsI36N3I0zb5R07OcnM/+qwfLnzQNlv40H30Duvt88vphWz5TAAud82uPK76uHK1l9Cjh7IXoybDGKrgiOUIH1JaSlM3ItThO8ziCLGBQPma+oHDmVwBqqwlte6BJiZPYHIKqH+vSYnzb2PkttiThE/WKY29x4U2fRPRCnyKLWBbW9GtMK//ONXu7z/oBDVRnJWqBwc0+Z+h7bOg9laDoO1MIgQLdE02/107tuVyUN4Q10AfpeBrYXiL/HvPn9PnJojBxt9Xmzkyn22oGEh+yXGwyPgpE256O5F6QAz5NesEgTU6vKDJRMF4KFpnKGatQTV2cT2qO1v7NKKXoiXdYSe1wRStlqlQeu0M6P5wPdZho54bPtX/KpbTVyXfovEdpFad59bpQ/epIyqUytWVpazmm7WxudyYyTVhOsNnvMz8mO5BwQKRVOPMIwLKNWKQVnEoQ07oT1qzl2MX8xLc6T9K5xdYLgL2jMUQVT7tXCREPFn2H6PlIdq8mkfGI9JGJFBM0mwl1tEHYeaV0UapUvZXCPwdHMJJA8xjKQ6qMhN/EBIEW3iJ4dfZrHHGahCigwhjo+y2MWZinYtq/USSYgtTmYjpmIzzCXLXcbNRoofd3enhC3BiY6VZjMipG4KKNadszwAaLDz5Smmncjw1BnPe4jPMZKqK6clC5ZWZgNgP+ovEPiB+25aaxSWD3HndXE+sJl/JLRu3xMFifgBBN82Gq1DqpnYef4XiHvfZ5MoDrR2bLJP1yNO4TUmysUA2iWDOUqdJ4GCuY00zLcYcwMECGiB6g0b4i1syXQIE1dZTNAVdUOIcN/vlyIjJy6lXJ1gbHvr6bgC3lciBL4IIY6B8NQLbstVJ46TAXPcXdvMcD5eApJJtbcLu5KZwLacvtWJoch9pYdEU6mWPQ7+Uvp07K/L99Iwrz9sWIXZ9gZJd2Abbl60LL+45X+i8R4Ekt5a4zh0cioBGDPD+x7C64zwPdkG1qLZNuHS/JGV65Ai6RW4LaF2hU5DX2avgwUzyJZvFiX7Tc06Wxq4p8IMEdPZWqOCWpghbFLqXhZ6FpE9A1mCZcuIUxhG7aE1khyYA0PM7wtTvGzfoRh8QYJYSHzcO4aW3Edhd4ycXmR1SckPcBcMwK4oK5J/RS745IvMCH7pzUL7OKRfv791SpD0i4rJA3lE4QeJ+NX3+0AOJEMEyrAIl9nPzQeX2b8boKwPTRvIpJ87Q6ZR5jAy7SCmhS+ODkU0kuav15C8Plhp4cA8P4HqsA0mqDHPUdaSGvIg3pDReOzYrNd2vdva8+MeB5mtDeDheDODaPlm9e9bmsPfjqsNfxe1pTD1S+Y1CTP/mSG/2DurK+T7dvvekEY22peacz5Vrw3D6VCtgiijjDfsMwciv87wdohblAXCZXLerGCKw6vxyc4SlW2EiPX4dFYOe4r9gbZchR9gUZkvuSuM2led0BqsGaoA5y5i24TzaNoWWqgMy9bwH8ANuUArON7L5ivWX+GKrt204zd6kQldjUgyM7dqUF36MITRkwlHbVKifmaNdNh5TQS7Nbcm0cgGLflPieqYxLhYAMXevNcEuJeBTwjkWFYRmIZjE1fd4LgCNtDblFF05AqmweWe6GqAR7fC0RZPXMJtWAojAvpikS7WYMpQt9BzIsNJBeLxdP0Ek/tVVCqvA6ZbeKusU+3Vu4Cqhe2GmDlBQPLs5Uxno8Yk/TiKZGHA=="/>
    <input type="hidden" value="b0de92da35c4c5d7c8f9c5c35c19585f" id="jschl-vc" name="jschl_vc"/>
    <!-- <input type="hidden" value="" id="jschl-vc" name="jschl_vc"/> -->
    <input type="hidden" name="pass" value="1646604863.938-OUFNMef4p1"/>
    <input type="hidden" id="jschl-answer" name="jschl_answer"/>
  </form>
     
    <script type="text/javascript">
      //<![CDATA[
      (function(){
          var a = document.getElementById('cf-content');
          a.style.display = 'block';
          var isIE = /(MSIE|Trident\/|Edge\/)/i.test(window.navigator.userAgent);
          var trkjs = isIE ? new Image() : document.createElement('img');
          trkjs.setAttribute("src", "/cdn-cgi/images/trace/jschal/js/transparent.gif?ray=6e7e71a95ce85275");
          trkjs.id = "trk_jschal_js";
          trkjs.setAttribute("alt", "");
          document.body.appendChild(trkjs);
          var cpo=document.createElement('script');
          cpo.type='text/javascript';
          cpo.src="/cdn-cgi/challenge-platform/h/g/orchestrate/jsch/v1?ray=6e7e71a95ce85275";
          
          window._cf_chl_opt.cOgUQuery = location.search === '' && location.href.indexOf('?') !== -1 ? '?' : location.search;
          window._cf_chl_opt.cOgUHash = location.hash === '' && location.href.indexOf('#') !== -1 ? '#' : location.hash;
          if (window._cf_chl_opt.cUPMDTk && window.history && window.history.replaceState) {
            var ogU = location.pathname + window._cf_chl_opt.cOgUQuery + window._cf_chl_opt.cOgUHash;
            history.replaceState(null, null, "\/doi\/10.1128\/IAI.00552-13?__cf_chl_rt_tk=uVlIJZUPl1MXzcwm52X11RmLXlCqZW7Is9liJwt.qOU-1646604862-0-gaNycGzNBz0" + window._cf_chl_opt.cOgUHash);
            cpo.onload = function() {
              history.replaceState(null, null, ogU);
            };
          }
          
          document.getElementsByTagName('head')[0].appendChild(cpo);
        }());
      //]]>
    </script>
  

  
  <div id="trk_jschal_nojs" style="background-image:url('/cdn-cgi/images/trace/jschal/nojs/transparent.gif?ray=6e7e71a95ce85275')"> </div>
</div>

          
          <div class="attribution">
            DDoS protection by <a rel="noopener noreferrer" href="https://www.cloudflare.com/5xx-error-landing/" target="_blank">Cloudflare</a>
            <br />
            <span class="ray_id">Ray ID: <code>6e7e71a95ce85275</code></span>
          </div>
      </td>
     
    </tr>
  </table>
</body>
</html>
