<!DOCTYPE HTML>
<html lang="en-US">
<head>
  <meta charset="UTF-8" />
  <meta http-equiv="Content-Type" content="text/html; charset=UTF-8" />
  <meta http-equiv="X-UA-Compatible" content="IE=Edge,chrome=1" />
  <meta name="robots" content="noindex, nofollow" />
  <meta name="viewport" content="width=device-width,initial-scale=1" />
  <title>Just a moment...</title>
  <style type="text/css">
    html, body {width: 100%; height: 100%; margin: 0; padding: 0;}
    body {background-color: #ffffff; color: #000000; font-family:-apple-system, system-ui, BlinkMacSystemFont, "Segoe UI", Roboto, Oxygen, Ubuntu, "Helvetica Neue",Arial, sans-serif; font-size: 16px; line-height: 1.7em;-webkit-font-smoothing: antialiased;}
    h1 { text-align: center; font-weight:700; margin: 16px 0; font-size: 32px; color:#000000; line-height: 1.25;}
    p {font-size: 20px; font-weight: 400; margin: 8px 0;}
    p, .attribution, {text-align: center;}
    #spinner {margin: 0 auto 30px auto; display: block;}
    .attribution {margin-top: 32px;}
    @keyframes fader     { 0% {opacity: 0.2;} 50% {opacity: 1.0;} 100% {opacity: 0.2;} }
    @-webkit-keyframes fader { 0% {opacity: 0.2;} 50% {opacity: 1.0;} 100% {opacity: 0.2;} }
    #cf-bubbles > .bubbles { animation: fader 1.6s infinite;}
    #cf-bubbles > .bubbles:nth-child(2) { animation-delay: .2s;}
    #cf-bubbles > .bubbles:nth-child(3) { animation-delay: .4s;}
    .bubbles { background-color: #f58220; width:20px; height: 20px; margin:2px; border-radius:100%; display:inline-block; }
    a { color: #2c7cb0; text-decoration: none; -moz-transition: color 0.15s ease; -o-transition: color 0.15s ease; -webkit-transition: color 0.15s ease; transition: color 0.15s ease; }
    a:hover{color: #f4a15d}
    .attribution{font-size: 16px; line-height: 1.5;}
    .ray_id{display: block; margin-top: 8px;}
    #cf-wrapper #challenge-form { padding-top:25px; padding-bottom:25px; }
    #cf-hcaptcha-container { text-align:center;}
    #cf-hcaptcha-container iframe { display: inline-block;}
  </style>

      <meta http-equiv="refresh" content="35">
  <script type="text/javascript">
    //<![CDATA[
    (function(){
      
      window._cf_chl_opt={
        cvId: "2",
        cType: "non-interactive",
        cNounce: "61722",
        cRay: "6e7e71acaa197ccb",
        cHash: "24f252b69a24771",
        cUPMDTk: "\/doi\/10.1128\/IAI.06295-11?__cf_chl_tk=hW3ezaXV4krlfA8lCJsNs0SIUuH64XCDYOMmWKNNKuc-1646604863-0-gaNycGzNB1E",
        cFPWv: "g",
        cTTimeMs: "1000",
        cRq: {
          ru: "aHR0cHM6Ly9qb3VybmFscy5hc20ub3JnL2RvaS8xMC4xMTI4L0lBSS4wNjI5NS0xMQ==",
          ra: "cHl0aG9uLXJlcXVlc3RzLzIuMjUuMQ==",
          rm: "R0VU",
          d: "9B9qp1hKR0OjsfF4VYwtU098NQ70k9s8Hfu/M11BefpyNR+wItfUQ4KnXKjXrlGpBdDu5C310/BwsR8DxrjGkIQuJZsEzuTpU6O0dyQsI1/Oc3aQj9l/ITBR3pD3NOPFu1IHBSGSF+pDmPwM978HVtNKDRF7cTYd0H61kTOxJDcoJiLMhi0f1FuhBFoy1OD18GrJyYW4vS3Rp3Y0kWJ0YxzLnXORZ8zRzA9lk64ct2yDQIW8FxUjntY318NzOeWkh69QdSJy0umR4bUj/1m8GlOFmxI5gA5mJ1z8LwxrQIBfa+Bqgyt93F6bA3GbYgTOmDafk+JkRv6RGa/fNC6fMnxK7fvnumFrtedrwfHJlYyjSAWAIA6HbaZPHPi0FLU1AOx7rPhOELmv6ayull10nO9f8P5FlOTjN24KhwYHpADoMjisw5poy3BA7+DyJO9a+mkA7n4be19Hk1CEu1g43y9QJrxjBGPbxGZJvA18cxbgPZHonmbGoCL7oRLJIaTy9RvHWIwId2yUw/JtJkalsgczgOPiwXOMptagm+Cwrv46yGi9sAs1P3Zw/axFaTTi",
          t: "MTY0NjYwNDg2My40NjkwMDA=",
          m: "dWIWq+veKZ0G4FXDf+TzZsttCfFx7/D3cTOSVji2El8=",
          i1: "5/lhVSgn/jFQpirdr57cYg==",
          i2: "M9bSuk1gNN7Nuob2JIzNJg==",
          zh: "Wdpz5DKIdp61fw1xi4/5+xF7d1QEaZ1MFNsdHIgPg6o=",
          uh: "5GU+jYv2xJ+bCaE/ARmi/DORbiS/v56CW7E0TH4XWQk=",
          hh: "kD0SA7WPJmOf4c5gVlTVLqmiA7Wp4e9AgVYIXtU6h0M=",
        }
      }
      window._cf_chl_enter = function(){window._cf_chl_opt.p=1};
      
    })();
    //]]>
  </script>
  

</head>
<body>
  <table width="100%" height="100%" cellpadding="20">
    <tr>
      <td align="center" valign="middle">
          <div class="cf-browser-verification cf-im-under-attack">
  <noscript>
    <h1 data-translate="turn_on_js" style="color:#bd2426;">Please turn JavaScript on and reload the page.</h1>
  </noscript>
  <div id="cf-content" style="display:none">
    
    <div id="cf-bubbles">
      <div class="bubbles"></div>
      <div class="bubbles"></div>
      <div class="bubbles"></div>
    </div>
    <h1><span data-translate="checking_browser">Checking your browser before accessing</span> journals.asm.org.</h1>
    
    <div id="no-cookie-warning" class="cookie-warning" data-translate="turn_on_cookies" style="display:none">
      <p data-translate="turn_on_cookies" style="color:#bd2426;">Please enable Cookies and reload the page.</p>
    </div>
    <p data-translate="process_is_automatic">This process is automatic. Your browser will redirect to your requested content shortly.</p>
    <p data-translate="allow_5_secs" id="cf-spinner-allow-5-secs" >Please allow up to 5 seconds&hellip;</p>
    <p data-translate="redirecting" id="cf-spinner-redirecting" style="display:none">Redirecting&hellip;</p>
  </div>
   
  <form class="challenge-form" id="challenge-form" action="/doi/10.1128/IAI.06295-11?__cf_chl_f_tk=hW3ezaXV4krlfA8lCJsNs0SIUuH64XCDYOMmWKNNKuc-1646604863-0-gaNycGzNB1E" method="POST" enctype="application/x-www-form-urlencoded">
    <input type="hidden" name="md" value="wklcc4lbLcGg3N82Hsq51oqSuNWX_5RrrcwozZLDRyk-1646604863-0-AZD_S9RaQKejoAD8JavZKHHrU0HukwxZtN79DugHqelCw8lIw6qnES1u311dh9a82RxzOsIj6BHbE1QLyzKdMa2cm5xm14StkOTkTr04riRm7g68NzRGd4VcwKSfGBO7W6UW5GdU3XAhGnWyRjaThE1qDod_nrnJh-2kedvpYZfa9Xm1UP7wY6ZHVlK9bXCgUwgRu4siJGwzR7ix-kyQgLLxhuwqlwsyRDDPHbep5l09lTMn4aRZSgpnCc8Ita792xUZ8DPCK33kHe462UOkdCf9xnBRwmPGvhlDGl1_uwmk0g1JCN3-KYx9BbwaAUU7CC4HmjN4KfL_EnWTBYUIJ0kmTUxafHvjPhS0bfEyTJYZGIIoUIL9njNozWncfbQdKsWrutkwSMU3eq14UxBMMPoFTRGu5SdHBTPYWCqPb0zvTDfLFcmbZ3WPBWCtDW1fidfQr8VPS2kRypXRZqVIG9DPKww6rxD30GgTsUWx6rNEta6W3mpZwqSA-wABjb9sZLgxVj0L84tsnpWiwUYMJkRyqy1bDAKolZ2uX06KHI3xYJqQv1i2ujPbRwdK-BqBANbquLICOIU3wbnjxUVsGeRZSx-siw0H4H24ibGXcRkTRmF6XubGxnZyynRiX0YD52htWPwmHAO4kQmbwBamiWZQdtOBwOqLIJgTq6XHCE7MC5uhmHXhQEZNdtOdlqBppQ" />
    <input type="hidden" name="r" value="rn7yLM8AjPYcv2mix7Yw4mHImxpWknmI0CkNa7.i4T4-1646604863-0-AR8a2n4D9sq3LKZ6qwTLwm5EQzr0OCsV4UFfxqMvD6SoDu/MGyVEF620SYb3md0gRgJxUebbz5I2Fq3EMjL7JHK4PW3DNCDobh9dtqXHdydIH3BcUX87oN63KTx3hKFhWnYPnjgA1G2vkiqj/pcnwhRelrfCG6sJSPmVGNTPCKnUCe8ov2uAIfQ2AIlVXz2xOUIXYi1h82S88u0QfG40zqLB05UyTmdCqtbde4UlAn+KLQ4D+D22i50chTjRy/n23JrHvNMc6ca6KWFn7TXLMCf0DwbyxjQDqOxqQKYNzWdjo8Y6vtmNPLyUp20achRJFhaBt16sXLLjfCF9km/i3r5nO/xC2FVBXhHFLpxZX0bWMtILSqy11B1g//DLEEsaFqe30yELaG+uO363Wmo+5LknveSebQGKkZny13J89hYcAcXeVVWxKdraDpxsUfs6KDj10X8XfMYKihHA6Atm/3e6+jKmP+tFd+mIg4KsNa4av03UQGtmas8hcHGzh2Z04P02c1Sb8HSjQtXIhOtPPN7OEx2YHn3Yr0P3F+9UIpQgI4bdDK0QPgzrmK8j9lN6E7eu2eel6Ym/blL66FeJS7JaU9N/petwRAuc3vCmKsL2HXoBmP3eFwtfoOA1T6tEZooBnvDc44JIipvZr8ZY5+e7A6Kg9f26OOUCf1wZH2SLX/vO/SLIx9VyMMKUmB4+ocOrgpZleoQUOhLq3uXqDXXxYmenCQ8Y9dOctf1i9akfzWDLKjNHww+LEEtHtgfYiApj/POgL6cGAK8PHLerwBG9tsMEmCHyarzLvF+rjsHLT9YFmFN172DYRgk2T3FsjK5bBLBmogoK0DDJDOQYUwlxPV8cl6nu4lZxaFAupKfLxoDWKiRsnRy09uxHCEVlAKCwh3DylJsuZIPBM3BinClfsgMqXikBzc1a8mBGkKG12eqsQoH1w7xcBiYNN7nU0HW/4gVA5uIcAPbrsWYVW4BiWDQaHpIHaFgZWGModFpeL+O22fqcpT323eIahQwXwe4YMigbYW18Wxv/Xp4E92TBPzGCsCKNea0oK8jGck2vNYcSEzeML6iAScRjVfdYsLrkDiBodwYG6mPny3xgCHzhBFmQ7YxkXcctMuJzEKalzkWSOv0mN3mvGDpu4+EW5UtmYy9tqR4gG+dnqd2QFk35PWM9n6/mcl9/7cGNeUOFDj6c/IZOJqZFJaH1naW7jSZ9zEUWYDGHQpccSj3p/BEJJ6G+HeQhSjODb+5GAF9RxOxxRMK61jXPJRCD75NFzhSJuJtfn8emvBzW4L6npyPP/QHZ655BT93T+n77bfWBgeIFVNg39hgsUFFKVcTvARq768oGhIY3nrn6WbolC7LHeS6aSc9y7MQfO1mj5swN4flXttiXsJpgCmCZa3/bp4jcXhvYBYfN2KjD9KIVOt5oAth+A49UdCGTFZeu2UM9FNcBMAP22xFQYMEIZC4CdjXRDMQ77kDt5ir+i+qQE3fagY3Ous/QtGUxTjOHsnpaPmktZHDmzEDkDdDABpFT5Us1tSbW+jhnhNkMnoA3lmifUxRholj9IPS/Ogwn+4spezCHKS+/UG5QBI7lGPIx+hX+CK+u4jKBlqAMKoGsleKCf0zhjqL1XdTrsbx7/9mQCiHIBr4JL08vGMhixuPmGn0LfAyHmtB3pCMhBlqwE8b3JZJ6h1asfsKuqfIo8uRcYk2pPd3vyUs6N8nyfKgtR7YtPzNH7UGzBBCvAaMa1WVxSwDgCGiYhdrhtHooyHDdd7xKqLDqBNQzgbGhGCSgI7jus5InVfl7XX9K2oWVFg4="/>
    <input type="hidden" value="d61fdaabae87ef803b535cdcd4f4f990" id="jschl-vc" name="jschl_vc"/>
    <!-- <input type="hidden" value="" id="jschl-vc" name="jschl_vc"/> -->
    <input type="hidden" name="pass" value="1646604864.469-3osvQWApsb"/>
    <input type="hidden" id="jschl-answer" name="jschl_answer"/>
  </form>
     
    <script type="text/javascript">
      //<![CDATA[
      (function(){
          var a = document.getElementById('cf-content');
          a.style.display = 'block';
          var isIE = /(MSIE|Trident\/|Edge\/)/i.test(window.navigator.userAgent);
          var trkjs = isIE ? new Image() : document.createElement('img');
          trkjs.setAttribute("src", "/cdn-cgi/images/trace/jschal/js/transparent.gif?ray=6e7e71acaa197ccb");
          trkjs.id = "trk_jschal_js";
          trkjs.setAttribute("alt", "");
          document.body.appendChild(trkjs);
          var cpo=document.createElement('script');
          cpo.type='text/javascript';
          cpo.src="/cdn-cgi/challenge-platform/h/g/orchestrate/jsch/v1?ray=6e7e71acaa197ccb";
          
          window._cf_chl_opt.cOgUQuery = location.search === '' && location.href.indexOf('?') !== -1 ? '?' : location.search;
          window._cf_chl_opt.cOgUHash = location.hash === '' && location.href.indexOf('#') !== -1 ? '#' : location.hash;
          if (window._cf_chl_opt.cUPMDTk && window.history && window.history.replaceState) {
            var ogU = location.pathname + window._cf_chl_opt.cOgUQuery + window._cf_chl_opt.cOgUHash;
            history.replaceState(null, null, "\/doi\/10.1128\/IAI.06295-11?__cf_chl_rt_tk=hW3ezaXV4krlfA8lCJsNs0SIUuH64XCDYOMmWKNNKuc-1646604863-0-gaNycGzNB1E" + window._cf_chl_opt.cOgUHash);
            cpo.onload = function() {
              history.replaceState(null, null, ogU);
            };
          }
          
          document.getElementsByTagName('head')[0].appendChild(cpo);
        }());
      //]]>
    </script>
  

  
  <div id="trk_jschal_nojs" style="background-image:url('/cdn-cgi/images/trace/jschal/nojs/transparent.gif?ray=6e7e71acaa197ccb')"> </div>
</div>

          
          <div class="attribution">
            DDoS protection by <a rel="noopener noreferrer" href="https://www.cloudflare.com/5xx-error-landing/" target="_blank">Cloudflare</a>
            <br />
            <span class="ray_id">Ray ID: <code>6e7e71acaa197ccb</code></span>
          </div>
      </td>
     
    </tr>
  </table>
</body>
</html>
