<!DOCTYPE HTML>
<html lang="en-US">
<head>
  <meta charset="UTF-8" />
  <meta http-equiv="Content-Type" content="text/html; charset=UTF-8" />
  <meta http-equiv="X-UA-Compatible" content="IE=Edge,chrome=1" />
  <meta name="robots" content="noindex, nofollow" />
  <meta name="viewport" content="width=device-width,initial-scale=1" />
  <title>Just a moment...</title>
  <style type="text/css">
    html, body {width: 100%; height: 100%; margin: 0; padding: 0;}
    body {background-color: #ffffff; color: #000000; font-family:-apple-system, system-ui, BlinkMacSystemFont, "Segoe UI", Roboto, Oxygen, Ubuntu, "Helvetica Neue",Arial, sans-serif; font-size: 16px; line-height: 1.7em;-webkit-font-smoothing: antialiased;}
    h1 { text-align: center; font-weight:700; margin: 16px 0; font-size: 32px; color:#000000; line-height: 1.25;}
    p {font-size: 20px; font-weight: 400; margin: 8px 0;}
    p, .attribution, {text-align: center;}
    #spinner {margin: 0 auto 30px auto; display: block;}
    .attribution {margin-top: 32px;}
    @keyframes fader     { 0% {opacity: 0.2;} 50% {opacity: 1.0;} 100% {opacity: 0.2;} }
    @-webkit-keyframes fader { 0% {opacity: 0.2;} 50% {opacity: 1.0;} 100% {opacity: 0.2;} }
    #cf-bubbles > .bubbles { animation: fader 1.6s infinite;}
    #cf-bubbles > .bubbles:nth-child(2) { animation-delay: .2s;}
    #cf-bubbles > .bubbles:nth-child(3) { animation-delay: .4s;}
    .bubbles { background-color: #f58220; width:20px; height: 20px; margin:2px; border-radius:100%; display:inline-block; }
    a { color: #2c7cb0; text-decoration: none; -moz-transition: color 0.15s ease; -o-transition: color 0.15s ease; -webkit-transition: color 0.15s ease; transition: color 0.15s ease; }
    a:hover{color: #f4a15d}
    .attribution{font-size: 16px; line-height: 1.5;}
    .ray_id{display: block; margin-top: 8px;}
    #cf-wrapper #challenge-form { padding-top:25px; padding-bottom:25px; }
    #cf-hcaptcha-container { text-align:center;}
    #cf-hcaptcha-container iframe { display: inline-block;}
  </style>

      <meta http-equiv="refresh" content="35">
  <script type="text/javascript">
    //<![CDATA[
    (function(){
      
      window._cf_chl_opt={
        cvId: "2",
        cType: "non-interactive",
        cNounce: "72717",
        cRay: "6e7e71aeac677aa8",
        cHash: "4d421e31796b274",
        cUPMDTk: "\/doi\/10.1128\/IAI.01769-14?__cf_chl_tk=1Ful3vynlItI9BBZWbybYaK5bT1bq5HPkgFqHZElDno-1646604863-0-gaNycGzNBz0",
        cFPWv: "g",
        cTTimeMs: "1000",
        cRq: {
          ru: "aHR0cHM6Ly9qb3VybmFscy5hc20ub3JnL2RvaS8xMC4xMTI4L0lBSS4wMTc2OS0xNA==",
          ra: "cHl0aG9uLXJlcXVlc3RzLzIuMjUuMQ==",
          rm: "R0VU",
          d: "o9fu5+HZhuBMypoLoNBIIp5w5I8KGr31BpxM8XdNi8uE7rGtSTp4yBa703lt24b03552Gx33LaNjV7x7QTkb99wqGqCH/X09FrMrMBriOZjy9sYJTpN8ti4x4NkpUfN19uMx9vtYQ9jijCDV9Pu3YrcCWb5bV/froWBE1OcKowItP0K34gViZ/1x35ZZ4b4n8labv+qF4RUheVK9QlujRpCjB9lWWxSsKmpSffhDY3/I3Y9UCV4J38BTsGinJea4uQp5WceQzmJc+yrr3MN+Xl/WmtNzpoid6lpVXTg3zdQejdtisDLmC+N8vnB9bqb9VW1T2WYO97IF3bqZuqD4ugT05mX8DBMXetKXlvMwRK2yVHkfh8XstOfR+moN+oRntcZe3td4R+bP7J3RcUO3kh/MAIdWdNAslYhc6WAFyXHZAtUjkCAkgBlkkAd6jWMcoEvnU6vD5gebdIBFkyOuKkLr283heE7qeXM0uEQMlL9l5dma2RUjPVUK9aw01D94pJgE/lHIxQR4U1rf7gBPm9H6wIFpntF7Jq4MZO+5q7z0KpWw3VGNpp6pa7MJQcBL",
          t: "MTY0NjYwNDg2My44MDYwMDA=",
          m: "aUUiSEmzCovw4ibqWDcHe2ekODyEOrp/LvkAtKwO+g0=",
          i1: "pnQuACsmK12hv7o+IgQwcA==",
          i2: "Aa/bZLsNggalAreWfNjJOQ==",
          zh: "Wdpz5DKIdp61fw1xi4/5+xF7d1QEaZ1MFNsdHIgPg6o=",
          uh: "5GU+jYv2xJ+bCaE/ARmi/DORbiS/v56CW7E0TH4XWQk=",
          hh: "kD0SA7WPJmOf4c5gVlTVLqmiA7Wp4e9AgVYIXtU6h0M=",
        }
      }
      window._cf_chl_enter = function(){window._cf_chl_opt.p=1};
      
    })();
    //]]>
  </script>
  

</head>
<body>
  <table width="100%" height="100%" cellpadding="20">
    <tr>
      <td align="center" valign="middle">
          <div class="cf-browser-verification cf-im-under-attack">
  <noscript>
    <h1 data-translate="turn_on_js" style="color:#bd2426;">Please turn JavaScript on and reload the page.</h1>
  </noscript>
  <div id="cf-content" style="display:none">
    
    <div id="cf-bubbles">
      <div class="bubbles"></div>
      <div class="bubbles"></div>
      <div class="bubbles"></div>
    </div>
    <h1><span data-translate="checking_browser">Checking your browser before accessing</span> journals.asm.org.</h1>
    
    <div id="no-cookie-warning" class="cookie-warning" data-translate="turn_on_cookies" style="display:none">
      <p data-translate="turn_on_cookies" style="color:#bd2426;">Please enable Cookies and reload the page.</p>
    </div>
    <p data-translate="process_is_automatic">This process is automatic. Your browser will redirect to your requested content shortly.</p>
    <p data-translate="allow_5_secs" id="cf-spinner-allow-5-secs" >Please allow up to 5 seconds&hellip;</p>
    <p data-translate="redirecting" id="cf-spinner-redirecting" style="display:none">Redirecting&hellip;</p>
  </div>
   
  <form class="challenge-form" id="challenge-form" action="/doi/10.1128/IAI.01769-14?__cf_chl_f_tk=1Ful3vynlItI9BBZWbybYaK5bT1bq5HPkgFqHZElDno-1646604863-0-gaNycGzNBz0" method="POST" enctype="application/x-www-form-urlencoded">
    <input type="hidden" name="md" value="CwJBN055smd6VEjWmx7pOgwbN79WhVWCeIlZ9cogjes-1646604863-0-AYtmJwxU58GH3hkH3WOxuP1Y9m9F1gapbL3OM8ASCp8p4oqlv9vZH4TkrzwLQrUzNKOj7szxzibhekfhxUGAaaJX4-c7MWHQBKW0ZOQirPgcTp326xBx1qmxTz3SmkR3PXwRfNKZHD5aJpD-l0d3qiRANrrCALlB0vBbP571jSVFKn2gSOJcsJ1p24lRxfZvLY_qQm4eJhmQONBptQMMO9yV65qiRgxoB48uhrWXpyhfC9Jc4qKuZRHMMfnE2MmdRSfTaHKCmynnu-IuZal-5bsFntk2lcl7JSDzhq4PHz1QWJVOOIIJYbB3EysOo8USXvau_jHFEDKiKFyV87gfV60KUkAxi1k820V3a54w_DI3XaE1wjb4E938cr-_BM4CL-cjE4dfrC5_nH60zlcdR2P9G8sensdZaE49P4vbuAfFZTPzFmJKhdSkjdht9HKmO9JPKlTYLBA2OtmtxPu56IB7N26mmNcmEwbRvSjOFBoweA7KmMBxqTEtQIpI5cqNmcy-INVe49z3cD1qeI3HkSzfRWUx8ZvBUOiMga_V831yf5NDRFQL_fp8KuiS2YMToJ6Zhw-q0jhU2W8yWw6GqwDNGaXG3KXczRIoEewY9eH9Tfo0YHeppd7Z5qz9iql2rWgpp7OELqFkOCYsYKRcdwvwmtzHpvR4WtUDfufL2jfwy-CBDZWZEqidKOsOxcnVgg" />
    <input type="hidden" name="r" value="KhylaZw_rAz3fgyYzVtjyJfi6twouj8vWXN6EoafCTE-1646604863-0-AUTqURrbWI51Ds0GqyieR60ZEheMedW3P5j+vUkVEK5I0zV5aiH5Onca77dXF8ry+YcVIOoFcJwbtFlbWosjAneh+phl4MjcFeBmcXhuPUKMdVq2o8RhcGqIArxW+mrwz14mA9I6ZtN3BiXS+DUcCm+cuV1xo4ht6aB1QVntogsPpYUPsZSZuF31ipk7yJOOhHyIJ0ofn0wDp3EqnhVmlVxN/B7U0n4tz/iPLmFfV8pUiZCBvpX7V4FaxnAmstr4DhEFiBxiT1CcRgDDjejbZF7rMhOYDZsjcKMDIrefAEJLzRmq0GiGSCz7lChuEnSOdKeMqyXtOg9krLX6u25f2uWpVmD13AWg2v3EJJEf4USsV4NH9aybrRXI5T9DdakmA5BBiQLIr5LGZ7uwbcuuIMgPncKbeE4kliRVqYo/ngNuA9B8xyQJY0u0Lw01K/Bd+eB4VMAbhVao9kKrt1101mrSxEdeiUAftGQylWqIGC9NjoWRdIlAqTMSwhT+CY6A7kvsVX6/RYpbY+TcirdOdD8BUDprDla+C+Di+/OY9VzJGY4ns9n/6KZEsRJi7r+YBxjQrJ1Tr6FXO8DCPJEuTmAiB7qFoAUjDXATkcpxwRlVm/ImnjkEqPhcuCPuD/5JEP76vgNuOYeu7budqjlH2zF33gj2524vTW9fV7bN2i/olJv+m7xA9vpFIbt8+dLfcFHuN25iCDo1fFxhFv/L5uvg4q75YPVSzr7XerI9X38jSBd031KOizTBlRmaRgb4Kzf282qZHLkF1WUnTnPRHRsQSZLLIqhNh2vha/8caYw84i8b5lnSvK/MXMxl0/CRsSCqxl5yzq6aevX7y1luhwgBLEeIOkoZg3q0X/yRWhdMFM7FbHXw3iKtQ66uYCn62GK2bn+tLpaVA6D39FfNfEz4qV9AZD66c8E3nT8wP+qEEf0Kb1NXQWhCETM33QntIw3lV8h4engdyuTE6iMCBHSj5/FLyfAlE5vkCMakJA1XpXoums+9RpIzQFdn1vBE+XyXwpBD/r9PjcKzJ6p+jI5SY/FUTWXDGqayBdtVkuDPrtpEps/COrZai5QTiT7oK+k9TJYePyVST+Y6Cci8Td366XPLnCcd+Il0xjVSvut2JuqzTNqBXmfRWhgyi+Ql+TMF4Qk8u/N3TmnCy4tFr1htpt5IJ94pdJljQmWY/4VlGdVJWMGvkDa0M1znaLI2huJxWcWiERE1uLPJbef4SQUHixsMlJ8bANsNwY444J+4HPyV+JamiAW+2xWL5vBjWw1JocTnAJppMJUXCl5R+qsF9bPvcq0Hpi2Rcok4plIZt3e2YWcWOGeGcc5gs0EWdcjacLNbTrtJ66r8rpgAQhZyEo5bpsiYwUTOxhoJvPeaasdP/rePdU6QUhmftsic/7U8uYk4x5/2i/SVGnJ7iVFH6gornAwoNqogqA+8ur9j9P3dWXz5BbvP6Km8VcPE9CpsVd1FMUaZs600Stl7cm+OVqqpLtcfwOQKkZ2Cpke0Gc8BrMwkjV6msjvFw8swFJeaHc3JuyKahxrvl9eu/aW9iIejVO2HiIWLMzFkdgdVU2SlsxCy1IU4oYYTti1xFzhXviJwDB+4u0cdrcZk022GK53qWlbTPY2GrWFARkSSOyCEUIwUqCtTECCkBi/4mAIJcUky+oTpcUf+byYzVEHLMpiSLTUphUV23QjyfHLnfRAH42h4XM8UPAkLWsXFbyyJu+qhwb7ybv/QTJgfFkUfwSQ4GY9C2mKUWU0u88nmNIIBUxC8+NxCwv/W+JxRGQ=="/>
    <input type="hidden" value="20dfdd9faac0c733744066f7ff3c12eb" id="jschl-vc" name="jschl_vc"/>
    <!-- <input type="hidden" value="" id="jschl-vc" name="jschl_vc"/> -->
    <input type="hidden" name="pass" value="1646604864.806-lAkWivNdFQ"/>
    <input type="hidden" id="jschl-answer" name="jschl_answer"/>
  </form>
     
    <script type="text/javascript">
      //<![CDATA[
      (function(){
          var a = document.getElementById('cf-content');
          a.style.display = 'block';
          var isIE = /(MSIE|Trident\/|Edge\/)/i.test(window.navigator.userAgent);
          var trkjs = isIE ? new Image() : document.createElement('img');
          trkjs.setAttribute("src", "/cdn-cgi/images/trace/jschal/js/transparent.gif?ray=6e7e71aeac677aa8");
          trkjs.id = "trk_jschal_js";
          trkjs.setAttribute("alt", "");
          document.body.appendChild(trkjs);
          var cpo=document.createElement('script');
          cpo.type='text/javascript';
          cpo.src="/cdn-cgi/challenge-platform/h/g/orchestrate/jsch/v1?ray=6e7e71aeac677aa8";
          
          window._cf_chl_opt.cOgUQuery = location.search === '' && location.href.indexOf('?') !== -1 ? '?' : location.search;
          window._cf_chl_opt.cOgUHash = location.hash === '' && location.href.indexOf('#') !== -1 ? '#' : location.hash;
          if (window._cf_chl_opt.cUPMDTk && window.history && window.history.replaceState) {
            var ogU = location.pathname + window._cf_chl_opt.cOgUQuery + window._cf_chl_opt.cOgUHash;
            history.replaceState(null, null, "\/doi\/10.1128\/IAI.01769-14?__cf_chl_rt_tk=1Ful3vynlItI9BBZWbybYaK5bT1bq5HPkgFqHZElDno-1646604863-0-gaNycGzNBz0" + window._cf_chl_opt.cOgUHash);
            cpo.onload = function() {
              history.replaceState(null, null, ogU);
            };
          }
          
          document.getElementsByTagName('head')[0].appendChild(cpo);
        }());
      //]]>
    </script>
  

  
  <div id="trk_jschal_nojs" style="background-image:url('/cdn-cgi/images/trace/jschal/nojs/transparent.gif?ray=6e7e71aeac677aa8')"> </div>
</div>

          
          <div class="attribution">
            DDoS protection by <a rel="noopener noreferrer" href="https://www.cloudflare.com/5xx-error-landing/" target="_blank">Cloudflare</a>
            <br />
            <span class="ray_id">Ray ID: <code>6e7e71aeac677aa8</code></span>
          </div>
      </td>
     
    </tr>
  </table>
</body>
</html>
