<!DOCTYPE HTML>
<html lang="en-US">
<head>
  <meta charset="UTF-8" />
  <meta http-equiv="Content-Type" content="text/html; charset=UTF-8" />
  <meta http-equiv="X-UA-Compatible" content="IE=Edge,chrome=1" />
  <meta name="robots" content="noindex, nofollow" />
  <meta name="viewport" content="width=device-width,initial-scale=1" />
  <title>Just a moment...</title>
  <style type="text/css">
    html, body {width: 100%; height: 100%; margin: 0; padding: 0;}
    body {background-color: #ffffff; color: #000000; font-family:-apple-system, system-ui, BlinkMacSystemFont, "Segoe UI", Roboto, Oxygen, Ubuntu, "Helvetica Neue",Arial, sans-serif; font-size: 16px; line-height: 1.7em;-webkit-font-smoothing: antialiased;}
    h1 { text-align: center; font-weight:700; margin: 16px 0; font-size: 32px; color:#000000; line-height: 1.25;}
    p {font-size: 20px; font-weight: 400; margin: 8px 0;}
    p, .attribution, {text-align: center;}
    #spinner {margin: 0 auto 30px auto; display: block;}
    .attribution {margin-top: 32px;}
    @keyframes fader     { 0% {opacity: 0.2;} 50% {opacity: 1.0;} 100% {opacity: 0.2;} }
    @-webkit-keyframes fader { 0% {opacity: 0.2;} 50% {opacity: 1.0;} 100% {opacity: 0.2;} }
    #cf-bubbles > .bubbles { animation: fader 1.6s infinite;}
    #cf-bubbles > .bubbles:nth-child(2) { animation-delay: .2s;}
    #cf-bubbles > .bubbles:nth-child(3) { animation-delay: .4s;}
    .bubbles { background-color: #f58220; width:20px; height: 20px; margin:2px; border-radius:100%; display:inline-block; }
    a { color: #2c7cb0; text-decoration: none; -moz-transition: color 0.15s ease; -o-transition: color 0.15s ease; -webkit-transition: color 0.15s ease; transition: color 0.15s ease; }
    a:hover{color: #f4a15d}
    .attribution{font-size: 16px; line-height: 1.5;}
    .ray_id{display: block; margin-top: 8px;}
    #cf-wrapper #challenge-form { padding-top:25px; padding-bottom:25px; }
    #cf-hcaptcha-container { text-align:center;}
    #cf-hcaptcha-container iframe { display: inline-block;}
  </style>

      <meta http-equiv="refresh" content="35">
  <script type="text/javascript">
    //<![CDATA[
    (function(){
      
      window._cf_chl_opt={
        cvId: "2",
        cType: "non-interactive",
        cNounce: "51381",
        cRay: "6e7e71b54c4e7bfe",
        cHash: "3115dc69eb50fb2",
        cUPMDTk: "\/doi\/10.1128\/JCM.41.8.3584-3591.2003?__cf_chl_tk=m4xbd6FMYLu9E5ccuTCFoR7Hi1VZem00xNhS.coHi_8-1646604864-0-gaNycGzNBz0",
        cFPWv: "g",
        cTTimeMs: "1000",
        cRq: {
          ru: "aHR0cHM6Ly9qb3VybmFscy5hc20ub3JnL2RvaS8xMC4xMTI4L0pDTS40MS44LjM1ODQtMzU5MS4yMDAz",
          ra: "cHl0aG9uLXJlcXVlc3RzLzIuMjUuMQ==",
          rm: "R0VU",
          d: "K5Oy3qWX2lc3ZUwRmOPfC9gcNrEnfu57jUK6vsY7yDPXAh6mVYYiEr8mCEuGKrqY0BwZY1p0sjoUOP1q5dvgAVtyLD1q32M3H+UInmfNbjXF1i5RuVKRDHIemQ4UwsSdTCpcUU4Sik2nruCrj46HssAgIjB1+J0PbKpGR8q8xzEJLGCW2SK1xqis84QMxrS8cZv+T31GoLeq9XOQ5SxkjfJgP4rcIhcQs1ywIt7+XegJfb0pFRVniVk7EjQBBFGujUYuUIwoyshlNQSUTUg36pBm9cpwXLBkTKa+DBqk61+llBy9vj/1sha8D+Bwjqtr7revzc0mOYSgu7fYwF94XnBCg73Xj3/9aVw/UoiyWzJ8c4L9iWHpQMJj9ORuvTwWkofOZD1HJiWg8R6KGOg2JGXpPmOWwNEQ0ZkthRGHkZmv12gVfEPTceVlsC98v21TcvI3pf+xa2UwNpx+8iJViTDu+r9AZQXmp+cVQ48rUegFW+V6kI5rqZiEHYkeQYd402rtqLNIQFmeB47Aq/kQlgpqH2ySx1DiD9FUEf2tjc7dwBoBuL0KExX7C2R+UGFy",
          t: "MTY0NjYwNDg2NC44NTIwMDA=",
          m: "vTCRLYRpAxoq+qtUzYCPWSCAvUZBZGBN0ikroEtbMCA=",
          i1: "WPCsmLymXEh0PgwOJS7kEg==",
          i2: "PxS4HgdLHK2mMb25FiRjyw==",
          zh: "Wdpz5DKIdp61fw1xi4/5+xF7d1QEaZ1MFNsdHIgPg6o=",
          uh: "5GU+jYv2xJ+bCaE/ARmi/DORbiS/v56CW7E0TH4XWQk=",
          hh: "kD0SA7WPJmOf4c5gVlTVLqmiA7Wp4e9AgVYIXtU6h0M=",
        }
      }
      window._cf_chl_enter = function(){window._cf_chl_opt.p=1};
      
    })();
    //]]>
  </script>
  

</head>
<body>
  <table width="100%" height="100%" cellpadding="20">
    <tr>
      <td align="center" valign="middle">
          <div class="cf-browser-verification cf-im-under-attack">
  <noscript>
    <h1 data-translate="turn_on_js" style="color:#bd2426;">Please turn JavaScript on and reload the page.</h1>
  </noscript>
  <div id="cf-content" style="display:none">
    
    <div id="cf-bubbles">
      <div class="bubbles"></div>
      <div class="bubbles"></div>
      <div class="bubbles"></div>
    </div>
    <h1><span data-translate="checking_browser">Checking your browser before accessing</span> journals.asm.org.</h1>
    
    <div id="no-cookie-warning" class="cookie-warning" data-translate="turn_on_cookies" style="display:none">
      <p data-translate="turn_on_cookies" style="color:#bd2426;">Please enable Cookies and reload the page.</p>
    </div>
    <p data-translate="process_is_automatic">This process is automatic. Your browser will redirect to your requested content shortly.</p>
    <p data-translate="allow_5_secs" id="cf-spinner-allow-5-secs" >Please allow up to 5 seconds&hellip;</p>
    <p data-translate="redirecting" id="cf-spinner-redirecting" style="display:none">Redirecting&hellip;</p>
  </div>
   
  <form class="challenge-form" id="challenge-form" action="/doi/10.1128/JCM.41.8.3584-3591.2003?__cf_chl_f_tk=m4xbd6FMYLu9E5ccuTCFoR7Hi1VZem00xNhS.coHi_8-1646604864-0-gaNycGzNBz0" method="POST" enctype="application/x-www-form-urlencoded">
    <input type="hidden" name="md" value="BzC5wMNDtXUI4Jvp55nF1IggjK1paZ0TE.0wIl1Zyms-1646604864-0-AdWcs9tSMJkOIReLBbRRK_4g_i-bZ9_2yRB5IfBJF73SWfku1N6h3BicZ3aZyaN04Xri40sgMS96uVXpUw_E6E-5RdtlnMp79GX_Z5f__aY-bH65S5arLNIIj7hlxuH9_tpvLpqR587CXRF21LREXWshSUDlSRgsIFz7LOfxWKxhZcemDwzCeVdSGj0ORum7qHGgEuNsqSyPcXyTeDgRyZxDH0TWfCLxBNnRvuhfycBuiV8EUAP54q3urVjAhBBvt7O7JCN-lBxdA3ThPJroYKUP6wHuYtI8n4H1jXqJz5q2rJXKBwdsgh044Xy6Y3eJGHi67H-Ywwaq8XuGfC1eAVuBdI08eHQUX93XjCSTRRsFVhhMmRB_oxsom9JyA34zg1hs-UM0tch9vNMUmObBBqAq_DsZLrT-z4llfRQQwHzA-S1BN0epu26fvDQiqDh7LqQPOIBphbU3vJR685XEYEij6JFbgm04MCWfYpeH7z6ANzYNDQscQJOQuz-NVug9pFrvYXnd_wwkKopTQLwkRLEYdY_7tNXL6-ZnDIZmrC8z3nqc-Riux7EMLGANNKnJ0Sw_oSokVOslB7WeqrK8oGfZR7tFkhT9dIDwnkD9BwO-CSh6OnY1WO5R7uRXuqeN4ir5YZthu3090pbCIWq6pDzLUZbHWE2IyVikJOS6gLki1Jl7maPfZt0_cQsv7Q1yHZcfe_wbvIi-RcdnVXRq7Tg" />
    <input type="hidden" name="r" value="U_wElNx5F2RbrElfRhEdw8uaOsO9UpQsoS6N0Wo7fuk-1646604864-0-AaeIcZT1RWzMptrNoh7tjNEzUA2lvF5PRBM0hoUWvdAyJWAMEVM4iBHS/EhvFTgxC953QFsurnlQyteG/gSSGe1HWECOueKcikFrcMlFXIDTAc0RWC8Be5ZNcBDbaVXSLggJRqIzD+xr5+fdSpcvxX3OJ3WfCtDnVeCkP7LvmenD/aMVS8rYoWxArR0aMwlURneo/svT30eVi4xi/O1fhbYlWxlxkwhenshGXeTQfefmJe1X2O4XazGmbug85cUwnk4iJIVISevovZ52y2TQkvS09k0e0TMFjhXoUPj4Ewj4Uc173mtSgpZAkjpH1Mq5vb4zipxpxzX0zWL0SQQBn3hcMaGnvREsQJa4v4r6B73owUE6TDa+l5qBnDY+9D/uEp+MouKprCjFFRciVD355GHgbfMFEAVTOyYgQSRpxynTaURJmqk6QBc5BNlEy9BCMgVDQKaZe8NoZZ/Vv7dB/sxhuDRI0zmGTMYg3pobeLQmXmEHIWjVYjUQjtJvceyaoWTd5HIxgLg/CKLaSYDTIUbYr6pOuriqcg4d+Azu0gJ2gcFepxHw5MEfZ+xQJBwRASan6qraaQH3caUsFmCcytEwtypTq4luUdB2BIguIPJhUjI9UX1rQn7wC81iSU5Ss05V+KAhKqh/jdLxveRS+kVJpQ6UBPHWcZWlv70fndqQYBALFWsOzkd5T++84SN/q9rsjRyyMLs+3/8LwxruzfKvUdY9K/WStvHzoQeF/Jgi1mzNSrh5OuW+SM5SgIN+ePcNEuW94kSUHI5WUDc8PXVcS9hn7T2RiK1ufh5g87x2M3aZuotjkpDjuVod44Pd1To87JT25F/3eTdl/93Ek1GfFxjafZ6u34bN41/NrD3ruv7In+m+/ZnnDIbXOEoW29nRelu6+2YStwjV/MIb7anr5YjuYwIpWze4WTQlzbPuJeQlUWrLnZooNOcsttBQlWHFmVlyTFvyVUGkAX2343lj5hIE2pfocgtP9btoQ2AIAUK4S89KGxKA14uYaU/VXJ/tr8pCDh+Sjce0nPZLoPd9urJWvFOHDhzhLf+o0r6Di/LcTpnVHSIqufv4gyXIMvOKEOTB3zQ1fLQzRzg86UVT3xGaT1u512czMBbGglsDdZlgAr5iQaPSv401/RpyNePt2s+SoOAe7mEasa9gN6xGVDJ3Te2Zd/MV7kr+f2Sh1EKBdUZb9+6N7jAAOajOiJK2SXLteDuEeX97jX1wuQ0lVXMdqEJEUklGC4gkhxeEgEvEGB6WrZuedu9a//7nsKbBFepuRTMOAJs8YroEfIaLCPcAnnQgSQNsKjIRF/BDYMEhTuKYuki8uVy6K1Z5zntnwn97z7JVGil0LtyZynlaYnJhxcj/GmZ77EbqpWQsFSGsY9WCSnh9ep8TXd9Ks9ju22F5fjFk23XHu5RedauxMkLfRJrQ9Hqvit4qCtOabIdZIvcMMDfvsQ+krRIEkb4LrHQZvtKQf2WLeFDdZiFGZPZIv+UJMpwpujI27jYsSkdwBxsOHtsQU/jUN9GcsqpzJ47OdjdRuZZ3FQGLVdCpNPJ3WVJ1i/dXdKOJr3vRNOjUKrYEC6hSrD0Ag+Nhgss7eAhsMGYn/fPE8EDj7bOPUajI5SeGjBouLwMe4POXwjVyi9UoYq5pyCoD5YTaNJ73e6M9Kmf+xD1XktK6c2TPXx0S8ytMiKzToYT25Tw00USRfj3B6VyHa/msglAZedkmiKbqSoz5lboC0FjSOlSyv811CvrGezcj6S0H9l0r1Mr7MXRXDZGRG3bhCyAT2A=="/>
    <input type="hidden" value="de7f444e432d71c7951a1d9f4b9ed4f3" id="jschl-vc" name="jschl_vc"/>
    <!-- <input type="hidden" value="" id="jschl-vc" name="jschl_vc"/> -->
    <input type="hidden" name="pass" value="1646604865.852-0B2XPUxNiZ"/>
    <input type="hidden" id="jschl-answer" name="jschl_answer"/>
  </form>
     
    <script type="text/javascript">
      //<![CDATA[
      (function(){
          var a = document.getElementById('cf-content');
          a.style.display = 'block';
          var isIE = /(MSIE|Trident\/|Edge\/)/i.test(window.navigator.userAgent);
          var trkjs = isIE ? new Image() : document.createElement('img');
          trkjs.setAttribute("src", "/cdn-cgi/images/trace/jschal/js/transparent.gif?ray=6e7e71b54c4e7bfe");
          trkjs.id = "trk_jschal_js";
          trkjs.setAttribute("alt", "");
          document.body.appendChild(trkjs);
          var cpo=document.createElement('script');
          cpo.type='text/javascript';
          cpo.src="/cdn-cgi/challenge-platform/h/g/orchestrate/jsch/v1?ray=6e7e71b54c4e7bfe";
          
          window._cf_chl_opt.cOgUQuery = location.search === '' && location.href.indexOf('?') !== -1 ? '?' : location.search;
          window._cf_chl_opt.cOgUHash = location.hash === '' && location.href.indexOf('#') !== -1 ? '#' : location.hash;
          if (window._cf_chl_opt.cUPMDTk && window.history && window.history.replaceState) {
            var ogU = location.pathname + window._cf_chl_opt.cOgUQuery + window._cf_chl_opt.cOgUHash;
            history.replaceState(null, null, "\/doi\/10.1128\/JCM.41.8.3584-3591.2003?__cf_chl_rt_tk=m4xbd6FMYLu9E5ccuTCFoR7Hi1VZem00xNhS.coHi_8-1646604864-0-gaNycGzNBz0" + window._cf_chl_opt.cOgUHash);
            cpo.onload = function() {
              history.replaceState(null, null, ogU);
            };
          }
          
          document.getElementsByTagName('head')[0].appendChild(cpo);
        }());
      //]]>
    </script>
  

  
  <div id="trk_jschal_nojs" style="background-image:url('/cdn-cgi/images/trace/jschal/nojs/transparent.gif?ray=6e7e71b54c4e7bfe')"> </div>
</div>

          
          <div class="attribution">
            DDoS protection by <a rel="noopener noreferrer" href="https://www.cloudflare.com/5xx-error-landing/" target="_blank">Cloudflare</a>
            <br />
            <span class="ray_id">Ray ID: <code>6e7e71b54c4e7bfe</code></span>
          </div>
      </td>
     
    </tr>
  </table>
</body>
</html>
