<!DOCTYPE HTML>
<html lang="en-US">
<head>
  <meta charset="UTF-8" />
  <meta http-equiv="Content-Type" content="text/html; charset=UTF-8" />
  <meta http-equiv="X-UA-Compatible" content="IE=Edge,chrome=1" />
  <meta name="robots" content="noindex, nofollow" />
  <meta name="viewport" content="width=device-width,initial-scale=1" />
  <title>Just a moment...</title>
  <style type="text/css">
    html, body {width: 100%; height: 100%; margin: 0; padding: 0;}
    body {background-color: #ffffff; color: #000000; font-family:-apple-system, system-ui, BlinkMacSystemFont, "Segoe UI", Roboto, Oxygen, Ubuntu, "Helvetica Neue",Arial, sans-serif; font-size: 16px; line-height: 1.7em;-webkit-font-smoothing: antialiased;}
    h1 { text-align: center; font-weight:700; margin: 16px 0; font-size: 32px; color:#000000; line-height: 1.25;}
    p {font-size: 20px; font-weight: 400; margin: 8px 0;}
    p, .attribution, {text-align: center;}
    #spinner {margin: 0 auto 30px auto; display: block;}
    .attribution {margin-top: 32px;}
    @keyframes fader     { 0% {opacity: 0.2;} 50% {opacity: 1.0;} 100% {opacity: 0.2;} }
    @-webkit-keyframes fader { 0% {opacity: 0.2;} 50% {opacity: 1.0;} 100% {opacity: 0.2;} }
    #cf-bubbles > .bubbles { animation: fader 1.6s infinite;}
    #cf-bubbles > .bubbles:nth-child(2) { animation-delay: .2s;}
    #cf-bubbles > .bubbles:nth-child(3) { animation-delay: .4s;}
    .bubbles { background-color: #f58220; width:20px; height: 20px; margin:2px; border-radius:100%; display:inline-block; }
    a { color: #2c7cb0; text-decoration: none; -moz-transition: color 0.15s ease; -o-transition: color 0.15s ease; -webkit-transition: color 0.15s ease; transition: color 0.15s ease; }
    a:hover{color: #f4a15d}
    .attribution{font-size: 16px; line-height: 1.5;}
    .ray_id{display: block; margin-top: 8px;}
    #cf-wrapper #challenge-form { padding-top:25px; padding-bottom:25px; }
    #cf-hcaptcha-container { text-align:center;}
    #cf-hcaptcha-container iframe { display: inline-block;}
  </style>

      <meta http-equiv="refresh" content="35">
  <script type="text/javascript">
    //<![CDATA[
    (function(){
      
      window._cf_chl_opt={
        cvId: "2",
        cType: "non-interactive",
        cNounce: "61204",
        cRay: "6e7e71b8fc6752d1",
        cHash: "048cb925da25f64",
        cUPMDTk: "\/doi\/10.1128\/JCM.42.2.665-669.2004?__cf_chl_tk=CMeMPjvh_PgsLn103lejKduvcNhjKeHe1Oje3fGlf1w-1646604865-0-gaNycGzNBz0",
        cFPWv: "g",
        cTTimeMs: "1000",
        cRq: {
          ru: "aHR0cHM6Ly9qb3VybmFscy5hc20ub3JnL2RvaS8xMC4xMTI4L0pDTS40Mi4yLjY2NS02NjkuMjAwNA==",
          ra: "cHl0aG9uLXJlcXVlc3RzLzIuMjUuMQ==",
          rm: "R0VU",
          d: "z0+Zh5FGpdAz2UTtS1HBP0grxPO5G5hTqkKd5c58+LipfVtwqBZdIK1BlOg/icH/izcLqXucBNSafC3AoEPPpmCGT/DtxcIQ/ojWzdob5IC3vxMkJYRo1TesMizKBs3zwmUxk7q3gXkTIBFYRfhYvg84lldEzcuIq+MZPWfVH2guJrnVPowsKVZdftBh3t0hQ0GiQBmmVJKnhBQrI1xROdC2P5ZUHFZ5+ToGELNMloem1zFBh2fdvCbjK7ZC7xOUGb9XgIJNGnTS0tdVoJ9MNRZPwv9G8TuCVNHS4NUnhMI25ebqDP7FR6hOGsy3t3mJuaQEGuA+76doQjfZ62WvM2kWP/KSWZEIbqFfr+sw0rGFttoatEWmW2A6dDbNXBVHqMte5exp3iHCPO1Z9v+5eX5Zp67NLFrQZ4j+Vq1hUdd2eSxyp165XFbdG6of4A0evyyOmd+cgROT4VEIIQev2OtiY9CUkVAONd/48hb4Ufyu2DP9RVzMLULzgO7Mcn+rajNge4NK2rieABhjyKTlePJ30bTqlONFpZxBlkgOYE971+6vODxBU6oOyyYYoISl",
          t: "MTY0NjYwNDg2NS40NTUwMDA=",
          m: "RtsmHZAeg8q7BWE3epc3Eiu6PgwxxAJLtAtK3QI6Sfw=",
          i1: "JmlFiGkR7kgp1K7jLPgnfA==",
          i2: "j8l3oN227NnTSX0bDjqdFA==",
          zh: "Wdpz5DKIdp61fw1xi4/5+xF7d1QEaZ1MFNsdHIgPg6o=",
          uh: "5GU+jYv2xJ+bCaE/ARmi/DORbiS/v56CW7E0TH4XWQk=",
          hh: "kD0SA7WPJmOf4c5gVlTVLqmiA7Wp4e9AgVYIXtU6h0M=",
        }
      }
      window._cf_chl_enter = function(){window._cf_chl_opt.p=1};
      
    })();
    //]]>
  </script>
  

</head>
<body>
  <table width="100%" height="100%" cellpadding="20">
    <tr>
      <td align="center" valign="middle">
          <div class="cf-browser-verification cf-im-under-attack">
  <noscript>
    <h1 data-translate="turn_on_js" style="color:#bd2426;">Please turn JavaScript on and reload the page.</h1>
  </noscript>
  <div id="cf-content" style="display:none">
    
    <div id="cf-bubbles">
      <div class="bubbles"></div>
      <div class="bubbles"></div>
      <div class="bubbles"></div>
    </div>
    <h1><span data-translate="checking_browser">Checking your browser before accessing</span> journals.asm.org.</h1>
    
    <div id="no-cookie-warning" class="cookie-warning" data-translate="turn_on_cookies" style="display:none">
      <p data-translate="turn_on_cookies" style="color:#bd2426;">Please enable Cookies and reload the page.</p>
    </div>
    <p data-translate="process_is_automatic">This process is automatic. Your browser will redirect to your requested content shortly.</p>
    <p data-translate="allow_5_secs" id="cf-spinner-allow-5-secs" >Please allow up to 5 seconds&hellip;</p>
    <p data-translate="redirecting" id="cf-spinner-redirecting" style="display:none">Redirecting&hellip;</p>
  </div>
   
  <form class="challenge-form" id="challenge-form" action="/doi/10.1128/JCM.42.2.665-669.2004?__cf_chl_f_tk=CMeMPjvh_PgsLn103lejKduvcNhjKeHe1Oje3fGlf1w-1646604865-0-gaNycGzNBz0" method="POST" enctype="application/x-www-form-urlencoded">
    <input type="hidden" name="md" value="8IIHEuA_zBxcSuau5Gqxig3Ry5cS03OM8GdV0uYOptE-1646604865-0-AfS0DhHz4Uxwak49zXWExKtvB7z1qs104op0BPaWkZOd49Hnp60tldnjwTe60TR4fk4JuxDeVT2rAMD3V30ZcVXfbjM1REuPTgVdqp3fJ8ldnSuTQLfXRLpdVyELS57DMLAABIuGitgrhKDnWvBruMFK4DePCGkFALqkNwLghdapSf1NlD8ofsM6DXw50WiIUfagbEMlI1CitFT9cC8ZjfZ6TI8gwaQXk-Sm0mga8SE-_Fuc5jmp-DqVyFJo19tyVkc0SUZuVlw6rxsxIXzHx8WVONykh8eYnY0uzEmCXIZLeJTMJaxEJtljcXrMDLXVKEQOFvdSY_WSqkwhJCSE5up0K09_fmMpAFJkmrTwpM6TtE3LPJUHnVTSC0ek2CiQ6bfA1ax4qtW0nAhv3EyyaFclQ7iwN9f09YvkSy3al2iEVM_JiUocf6HBvHJbNwIwQPuH2U7k9UvjKPL7YsUhsl6I8YkG25tlhQNt5YkS2_zexX4Z2PGKBE5IR_SdQ6dysG8pkARno844mz2_8xgyG8790XIB8aslsIJTGjPY2jy_QpcC5IV-H0S6beefy-GBoyyNqSvAGlVhHPsvnz6HRERR8MZvnd-6jY6ERhoodn5NxZpFvVGxba_a2MZa2MQUPswBovoZxRdBJMVDbdkhZPAi5WCyV5IPvk5g463DktaP0JZ3i-qHlM3PAJmoEcQBT-SUlwORBbp-LD5xrFfoXHs" />
    <input type="hidden" name="r" value="52setNZba_v7.o8usgjj8EyHCnAig5fnHdeomxXdvKI-1646604865-0-AXqOp117bxeivqRnqoJ54rXIGW09ABnoEoGUjcYiCVpZZEBWMQ9+9JTrPb/HxWVwPpdcdOts3tpuOjYQFw6vSixADumSdu5b4vhkM0R8AscFUwh25guOOtAmvBVW6BC4kfvtHuu1QXhcEac4yNfuY3fFE0mg5M7AbzzLU7Pgh4muWIwcfNmtYroXenmhuwYcW8qFX7++znINkaqLEpKGKYkLUk7uBb0L8f5Bkxe9/u1QKW4J/NKaoqQ0e3IZP8k9nkK6BdvgzesohUZp9940Cg5seACzrzuTboN6CcKq1ofWZuzdqdA7P2CXDX60pUQPr3AA1paIvoautEYlsuP0yjD6AQWNaCyEMEjEhalz9ZW6kgOYdfrwNQOo2rP5aijmL4Tem27p3PwFFke4FN3oekfF/xTLEcwESItl7M7GJM/PU0a66LQfb5rmHdzcVSl5POdIdPUHKmflmSthFUZbYoOv7uvrCSJlWzkbDisb4689cZhsnytfhtnbYVyvIlfALu8f5svdvZ+TpnkVrtvJ/P8OAJvf8emd8QAZuWqsPRWd+JRkDOowFS3c2TGh1z45f0VHxGf+2llHcsLeOXDnrETyOv2txrpsk5oA/41ftKjfuKaNpNlhAaeCwPICzQgS3BWju89v7kcXTP5gWfrsXGWr2J3SfSWLMmU52nggcUWFnSRqtKz2QCe05pIJg0Dfnzki6OhLum0d7hA60dbi6pU9qOTmXGRVloGkdSTc6eZWk+uWzC3+i3BD0dc/SMUYVKmqb4lz8ZNerjXMICQLmxwDojkQxnVljB4p8zguj9p/9m6rzfzb7JW5tXD4D469Qe+ya8yUAaUqu2WovdMVOuQa7pUxwQx97W2psag3FYhkhsLu9YFC38RlXSPDAlEoCS0gLudSNamOCJH4isncgcQDo2Y4Nt8qu5QHPb0zCQvyVfPtOmA8vMl9ZbJ/swZgEBAjPSpknmEDVIU72XpSmKyN3hhjQs+14xkMoaWLAcL1S6EWR20++/mcKTu5vdR+DHROQG7w7HYMQTm0SVX7k8X9YdHywYJ/p/CY46PvcYqdUg+bTMgtOa00aN0c110g3cKGB1preu5TmSwsNNT+ItpTxmhuDlpp0548U/OT7YnynlKXOvnyqZJpvzOlnJqrz6P/7f3k+fCVg6Tbq1Ra4qiBQTn2/bKQGBv98bdKpkC6hOzQDpDKX77nddXxCJ39VDeDyAhvkNuL7qt+VtENgqVq1/yUwAYoKACh53xUwsP56I7Lph7sAXwswRraXvTzMyO6n3VVz/R1YZiKvcNa8vJoDiSD+oDashNlZMngsqObOpvACQZYwbn7UYDhFcU9v9LK9EPSlAp7BZKl+pEa8hlavNVOUq+eGDYAZ4hQ3GeKvbYiJf0wNHWgLbb+K/XtqxahJ7kLW9VSKPY0EHxIIO2BNobrJYwgla7yZDgXl4Wu2+IGbC8QQPgIurSb7XDSLsV8ytlyxQOpdDAPZ8z/2v3ycAhnvIsS2gdBtk0Y6fH+WIucxdYVNlbS9uswqJrF3y2fN9E4pioEKbzblhFLXIMz/WkKmOqHsHc6kqTfjssZwW1lSpCGMluq/2pKVsrsAebgPDiHZgFnpTUuR6JakOXN26zew2iWfdlR+x3odsbien9kuAJnIVTD8/7WpzHiTwgVTalT2th6QDB/kbqlXz0smzE6bfuhG5XvYrrjMZYhk8kgKnC2G8iyU8bR2zDsNlOsVYwdM8qCtPvkvR44lxAua5bAch/QDoK8GHB2mmwGSzShzQJ2BI5UkQgO/fO8rQ=="/>
    <input type="hidden" value="514913acb0ecd167d6dcb93972ca3b24" id="jschl-vc" name="jschl_vc"/>
    <!-- <input type="hidden" value="" id="jschl-vc" name="jschl_vc"/> -->
    <input type="hidden" name="pass" value="1646604866.455-4mizsjdW1E"/>
    <input type="hidden" id="jschl-answer" name="jschl_answer"/>
  </form>
     
    <script type="text/javascript">
      //<![CDATA[
      (function(){
          var a = document.getElementById('cf-content');
          a.style.display = 'block';
          var isIE = /(MSIE|Trident\/|Edge\/)/i.test(window.navigator.userAgent);
          var trkjs = isIE ? new Image() : document.createElement('img');
          trkjs.setAttribute("src", "/cdn-cgi/images/trace/jschal/js/transparent.gif?ray=6e7e71b8fc6752d1");
          trkjs.id = "trk_jschal_js";
          trkjs.setAttribute("alt", "");
          document.body.appendChild(trkjs);
          var cpo=document.createElement('script');
          cpo.type='text/javascript';
          cpo.src="/cdn-cgi/challenge-platform/h/g/orchestrate/jsch/v1?ray=6e7e71b8fc6752d1";
          
          window._cf_chl_opt.cOgUQuery = location.search === '' && location.href.indexOf('?') !== -1 ? '?' : location.search;
          window._cf_chl_opt.cOgUHash = location.hash === '' && location.href.indexOf('#') !== -1 ? '#' : location.hash;
          if (window._cf_chl_opt.cUPMDTk && window.history && window.history.replaceState) {
            var ogU = location.pathname + window._cf_chl_opt.cOgUQuery + window._cf_chl_opt.cOgUHash;
            history.replaceState(null, null, "\/doi\/10.1128\/JCM.42.2.665-669.2004?__cf_chl_rt_tk=CMeMPjvh_PgsLn103lejKduvcNhjKeHe1Oje3fGlf1w-1646604865-0-gaNycGzNBz0" + window._cf_chl_opt.cOgUHash);
            cpo.onload = function() {
              history.replaceState(null, null, ogU);
            };
          }
          
          document.getElementsByTagName('head')[0].appendChild(cpo);
        }());
      //]]>
    </script>
  

  
  <div id="trk_jschal_nojs" style="background-image:url('/cdn-cgi/images/trace/jschal/nojs/transparent.gif?ray=6e7e71b8fc6752d1')"> </div>
</div>

          
          <div class="attribution">
            DDoS protection by <a rel="noopener noreferrer" href="https://www.cloudflare.com/5xx-error-landing/" target="_blank">Cloudflare</a>
            <br />
            <span class="ray_id">Ray ID: <code>6e7e71b8fc6752d1</code></span>
          </div>
      </td>
     
    </tr>
  </table>
</body>
</html>
