<!DOCTYPE HTML>
<html lang="en-US">
<head>
  <meta charset="UTF-8" />
  <meta http-equiv="Content-Type" content="text/html; charset=UTF-8" />
  <meta http-equiv="X-UA-Compatible" content="IE=Edge,chrome=1" />
  <meta name="robots" content="noindex, nofollow" />
  <meta name="viewport" content="width=device-width,initial-scale=1" />
  <title>Just a moment...</title>
  <style type="text/css">
    html, body {width: 100%; height: 100%; margin: 0; padding: 0;}
    body {background-color: #ffffff; color: #000000; font-family:-apple-system, system-ui, BlinkMacSystemFont, "Segoe UI", Roboto, Oxygen, Ubuntu, "Helvetica Neue",Arial, sans-serif; font-size: 16px; line-height: 1.7em;-webkit-font-smoothing: antialiased;}
    h1 { text-align: center; font-weight:700; margin: 16px 0; font-size: 32px; color:#000000; line-height: 1.25;}
    p {font-size: 20px; font-weight: 400; margin: 8px 0;}
    p, .attribution, {text-align: center;}
    #spinner {margin: 0 auto 30px auto; display: block;}
    .attribution {margin-top: 32px;}
    @keyframes fader     { 0% {opacity: 0.2;} 50% {opacity: 1.0;} 100% {opacity: 0.2;} }
    @-webkit-keyframes fader { 0% {opacity: 0.2;} 50% {opacity: 1.0;} 100% {opacity: 0.2;} }
    #cf-bubbles > .bubbles { animation: fader 1.6s infinite;}
    #cf-bubbles > .bubbles:nth-child(2) { animation-delay: .2s;}
    #cf-bubbles > .bubbles:nth-child(3) { animation-delay: .4s;}
    .bubbles { background-color: #f58220; width:20px; height: 20px; margin:2px; border-radius:100%; display:inline-block; }
    a { color: #2c7cb0; text-decoration: none; -moz-transition: color 0.15s ease; -o-transition: color 0.15s ease; -webkit-transition: color 0.15s ease; transition: color 0.15s ease; }
    a:hover{color: #f4a15d}
    .attribution{font-size: 16px; line-height: 1.5;}
    .ray_id{display: block; margin-top: 8px;}
    #cf-wrapper #challenge-form { padding-top:25px; padding-bottom:25px; }
    #cf-hcaptcha-container { text-align:center;}
    #cf-hcaptcha-container iframe { display: inline-block;}
  </style>

      <meta http-equiv="refresh" content="35">
  <script type="text/javascript">
    //<![CDATA[
    (function(){
      
      window._cf_chl_opt={
        cvId: "2",
        cType: "non-interactive",
        cNounce: "35261",
        cRay: "6e7e71bc19130d10",
        cHash: "253f0624a37ad5f",
        cUPMDTk: "\/doi\/10.1128\/JCM.42.3.1082-1088.2004?__cf_chl_tk=CMeMPjvh_PgsLn103lejKduvcNhjKeHe1Oje3fGlf1w-1646604865-0-gaNycGzNBz0",
        cFPWv: "g",
        cTTimeMs: "1000",
        cRq: {
          ru: "aHR0cHM6Ly9qb3VybmFscy5hc20ub3JnL2RvaS8xMC4xMTI4L0pDTS40Mi4zLjEwODItMTA4OC4yMDA0",
          ra: "cHl0aG9uLXJlcXVlc3RzLzIuMjUuMQ==",
          rm: "R0VU",
          d: "S4pc9mnwoJuOvLbsLp0hIEbv6xV/kZOvCtR0yRCh2xkIa62A1ljawTwLnJh7m+HNgH//D0iglIuQcqnW/jAAHStkjpG6n3/6Vh9XPnoUkaW2B/EOBc5pPUoppUQVkXZp/jAmDvcnoMWoh/R1VcrcgTTnGstzVN0zqes4mXydlGgaiM/FEwtc84EBd68xOQmPXx470AG+g2vXE+YA+QVE3i5+N+bupDfkRHoP96gCOkaYG3oFBLRODkVqHN0kH0grKLUL3fNfQ0xKPPCBYwSJzoI27US+cBX7TGW08b3ynO11Y7LqK5hPUujpeCNpOF8hIsDa0MZKJHjmFKZcKkAmYioqq3o6x5/XEu0ptF2o5lm5iv31tz0gwIpXI8ATffybBg7bg8+VDo//OyHk0HHI6isFcdS6s+XNUjT3ZjV4IK0Gl7EQWH+t6JW9JR6EWCYG1Lo6aLb5Q25gCrVaoatbbcsSO16p4iPE8Aba4v1Nu+EV/a9T2R4MZMhpkAquNvSv8DjxcbdIUjFbtwb8mTCZ9pQ7O2I5U99kyF+9rxOSPtazJVVi3q2EcPfQ/+kh4anr",
          t: "MTY0NjYwNDg2NS45NDAwMDA=",
          m: "R0SpVuS1egeLtSO0bwttxMRQol/Tt3S68ByMXwW69BI=",
          i1: "3ZY3x/hVh/Tpu33xIGvgrQ==",
          i2: "iY2e0hDqJSY5KFHKRLt1IA==",
          zh: "Wdpz5DKIdp61fw1xi4/5+xF7d1QEaZ1MFNsdHIgPg6o=",
          uh: "5GU+jYv2xJ+bCaE/ARmi/DORbiS/v56CW7E0TH4XWQk=",
          hh: "kD0SA7WPJmOf4c5gVlTVLqmiA7Wp4e9AgVYIXtU6h0M=",
        }
      }
      window._cf_chl_enter = function(){window._cf_chl_opt.p=1};
      
    })();
    //]]>
  </script>
  

</head>
<body>
  <table width="100%" height="100%" cellpadding="20">
    <tr>
      <td align="center" valign="middle">
          <div class="cf-browser-verification cf-im-under-attack">
  <noscript>
    <h1 data-translate="turn_on_js" style="color:#bd2426;">Please turn JavaScript on and reload the page.</h1>
  </noscript>
  <div id="cf-content" style="display:none">
    
    <div id="cf-bubbles">
      <div class="bubbles"></div>
      <div class="bubbles"></div>
      <div class="bubbles"></div>
    </div>
    <h1><span data-translate="checking_browser">Checking your browser before accessing</span> journals.asm.org.</h1>
    
    <div id="no-cookie-warning" class="cookie-warning" data-translate="turn_on_cookies" style="display:none">
      <p data-translate="turn_on_cookies" style="color:#bd2426;">Please enable Cookies and reload the page.</p>
    </div>
    <p data-translate="process_is_automatic">This process is automatic. Your browser will redirect to your requested content shortly.</p>
    <p data-translate="allow_5_secs" id="cf-spinner-allow-5-secs" >Please allow up to 5 seconds&hellip;</p>
    <p data-translate="redirecting" id="cf-spinner-redirecting" style="display:none">Redirecting&hellip;</p>
  </div>
   
  <form class="challenge-form" id="challenge-form" action="/doi/10.1128/JCM.42.3.1082-1088.2004?__cf_chl_f_tk=CMeMPjvh_PgsLn103lejKduvcNhjKeHe1Oje3fGlf1w-1646604865-0-gaNycGzNBz0" method="POST" enctype="application/x-www-form-urlencoded">
    <input type="hidden" name="md" value="XaDogw4WrXr5EOobZrFaPpX1u04duNgKC3HA_tVTfpU-1646604865-0-AaNMRJbw81lm3SzNOmbw2NdRX01wR8g0pQOFyvJ4c973tNJoQ1Z1cktHA1Cn0_l13a_sV5yOEdIAC50IC6LlP4ICYR6pPDFLBbjQh0s_-qb7U_QfIQkBlC4GoVqj1r7xhYVGRe9fkpJnkC8-ONrOqUrG6mYvPnMFpdCssuQJtdaNxEA2xi7QUI-2gsoHwh8lmhD0qoXEV0URDDknN7M6g0UMBlUpT3hUP8OHO8iHp46QXe6hC9M7ltJ9JpRHUKVVjZPV9ZoRXgxo1A8ScKosatL80lGFfebu0pz1dsyH96JsH5xM9AjpBoxwuYUkvs6j6JaH6PGYVNUSIFGh2pi4RF4bDoUHE9dklOsfNCCVN40XIuMR93kuLBRjRhp2zwN2uja0NeZdTjjXL7OKW4II9Ea2v9cSP9TJTVOjV_U0dRxyeJgKYU4of6273YJY09PKxzxX_IeQLlzyeCrvwY0oz4U6-X2zgP8Fm9k61mlSlGAOnxsMVm6RVw14EIjS10S__Zxp2_TNBC4j73Vi_B_L5qNiSQ1W5fEJMJAJCdp4qNK6TiIWnlh6elzaI-m3fTNkZVab-XJ_gsdJbZVePe-yNvws2qanTsvrk5FYn0isuBObPyCuyNjWo4xCkaD_JMtL1LsJLhyGCxqxmcWekbyZ7-8LWzyU8l8ctZmok9d3HeSw4rgmC2EaP3Yg6EBcmsSM9IYq35ag7z7-h5Sbe72wXJ0" />
    <input type="hidden" name="r" value="zJiIiZjhp3_qY1ds1n8kVsQ967dJqU3kM9mZ3KO1QNI-1646604865-0-AXZGy7BFV+gYOfkCpCV1KFNilfs/6gWwDt0A06B0Tvh6eDgCsMUTHRtaSkVpbTnR+KMXqhjxyIL+kPc2moKfbl9Wa7F9WgEEQqEfIlj5JiVvmuuSkTxLHtVmMg1OJfWT2tRlZl/dhi1g5aHRE908KMGZZxcbDG4GBGJ2lPo8ApWWv/lwOwbzNyN0QrehxvRWU85tAYGzpgT75MT4tsKoiWzgAwvyExe7SwPkYgRjNZRSR1xh2Z54hWbcxZQxeP0RGu7uIAj3P0qrwRQbx6XvQgc4evSBQYWY96nHC4yBJ5KEMrUZEutbi4VhAp6Ek7x+rUoiCFMci4lTL9ww5UNLcNmi9GV1cBWVqPinJtCaoEMbVgw6sM3s60xmrXK3DFnnd1lzhqLxHh4QrKFacXgJ2hLi7agZWPPLREi1+x1RnnAP3wiHs0jx/RED9c5yX/wtwcMmDroVMcMDt9e8hEOY8Tdxd/L02i7xvrwheyrq1dzjG6eHd9P5AaBOJgqdmicXu9JCGWvq5vPL0MUbPIfsXUdwX/bpN/OJILYdm5lhYNcCP2FS86FLKGvTUS0+6v1vSHDHGKsYRBQuPk0P07dBemXJnl2RsO+LXUyh6E01uuYpie2Pj+hLqKel5XrXfHyuXvJ7eisbV4nieQY3PIMyaTDrR6A1RPQcV99m7G7IhsyrwZ4vbFYKZgQJCx/yM4Q7MHcO0EjmRZiVaL71RRUV6fjYY9gIrHPEbQsDWowcUj+f4JcItox5tHw1QIePnCPqQWGSikQ91NwCm7Itx8cFkvvVBwcGoJzxenBbMVMRrXeW2+Du4fyf1xCzo2xuhGAsSO/TXW9BGQfGPOljPxNJMDV+3BCxXTP2tTZZxWks0Wv7WuRESdW0MkIuyO5CE8XKf7hvHLl2Edb4INA0RZfK+kn+0Fyzq5XyebI8CjD09H2hY0usXe2jccunYe97Tm67ZizhVo9wX8FXo4ECM171g4pnMg1tPHROwACjoHhcfFj1TogYBOy2ya6qbHAYh+Lp79ALFZfy1jVIsG9EtftOxAC/gDIQ3+3mh2wGRTyQNJ2sPyjq3nUoUn4a6LW881wT1+1dp53fEGdpFSmgKqDHy3rT6bXRcwB8DtXRQjIkTr2j6VRXQhTrVP6m6+V9HepQPz9tkpdIUWd4itUOrYwfuj24KiDYeVmwD2VeNgepras3/dHKt46SMxFQ9cK5HW1lfn0cNKK5ji55eaek51Lnc3xGFBMK+LadpTCsTBWBQhIqY7HuSVwCcZSNYZq1SkVkmcRA82Euyl9XPcoQ0vSijeJC5O95ZKgPvmQ6vhSot2gkpAQxGAjwVl6lb/W7KHUDataKm1X34cDuYKZB1vsGKTvbFXsZrbxqULCCy2182ShAhFK/r6eN0gTDy87k9V/ovwmEqVLrm8tNFnZpg5XBacCU5OfW4Utzj/tNYb0cOidGE9wVXL1iF1gvfaEDWQ4xByqT0hCBETJrluG2IwriHdxPzcHRqriRqeIBITjEFkPGNZwNYYQiJeezRXVKvC1PUV83miTy/iUYJyV2D1fF+gN4UPZFs0CO4oOq0Y8vUyv87AwOu3cNut5+nbGIniM5I2dVDkYMEq8AxbHLR/S74PE5wQ+SRmosozR4hUM5YQmd/98LLPIDbQsSERObEW3DVjV1jVMY+YgfNsCqTYtAxrKYvnhTLgZrfq8TjZe0daoQffUw65ynucpp+cKQ/Sc/yMd7gMZOflWWa7DRFqys0l1qB/11eK+B4kP9uhWQRdEwfohE2j/F36V+DRfPsYWS6A=="/>
    <input type="hidden" value="37e0f6e872e291c04a31d3ca758e9d9a" id="jschl-vc" name="jschl_vc"/>
    <!-- <input type="hidden" value="" id="jschl-vc" name="jschl_vc"/> -->
    <input type="hidden" name="pass" value="1646604866.94-RrAxHrJdGn"/>
    <input type="hidden" id="jschl-answer" name="jschl_answer"/>
  </form>
     
    <script type="text/javascript">
      //<![CDATA[
      (function(){
          var a = document.getElementById('cf-content');
          a.style.display = 'block';
          var isIE = /(MSIE|Trident\/|Edge\/)/i.test(window.navigator.userAgent);
          var trkjs = isIE ? new Image() : document.createElement('img');
          trkjs.setAttribute("src", "/cdn-cgi/images/trace/jschal/js/transparent.gif?ray=6e7e71bc19130d10");
          trkjs.id = "trk_jschal_js";
          trkjs.setAttribute("alt", "");
          document.body.appendChild(trkjs);
          var cpo=document.createElement('script');
          cpo.type='text/javascript';
          cpo.src="/cdn-cgi/challenge-platform/h/g/orchestrate/jsch/v1?ray=6e7e71bc19130d10";
          
          window._cf_chl_opt.cOgUQuery = location.search === '' && location.href.indexOf('?') !== -1 ? '?' : location.search;
          window._cf_chl_opt.cOgUHash = location.hash === '' && location.href.indexOf('#') !== -1 ? '#' : location.hash;
          if (window._cf_chl_opt.cUPMDTk && window.history && window.history.replaceState) {
            var ogU = location.pathname + window._cf_chl_opt.cOgUQuery + window._cf_chl_opt.cOgUHash;
            history.replaceState(null, null, "\/doi\/10.1128\/JCM.42.3.1082-1088.2004?__cf_chl_rt_tk=CMeMPjvh_PgsLn103lejKduvcNhjKeHe1Oje3fGlf1w-1646604865-0-gaNycGzNBz0" + window._cf_chl_opt.cOgUHash);
            cpo.onload = function() {
              history.replaceState(null, null, ogU);
            };
          }
          
          document.getElementsByTagName('head')[0].appendChild(cpo);
        }());
      //]]>
    </script>
  

  
  <div id="trk_jschal_nojs" style="background-image:url('/cdn-cgi/images/trace/jschal/nojs/transparent.gif?ray=6e7e71bc19130d10')"> </div>
</div>

          
          <div class="attribution">
            DDoS protection by <a rel="noopener noreferrer" href="https://www.cloudflare.com/5xx-error-landing/" target="_blank">Cloudflare</a>
            <br />
            <span class="ray_id">Ray ID: <code>6e7e71bc19130d10</code></span>
          </div>
      </td>
     
    </tr>
  </table>
</body>
</html>
