<!DOCTYPE HTML>
<html lang="en-US">
<head>
  <meta charset="UTF-8" />
  <meta http-equiv="Content-Type" content="text/html; charset=UTF-8" />
  <meta http-equiv="X-UA-Compatible" content="IE=Edge,chrome=1" />
  <meta name="robots" content="noindex, nofollow" />
  <meta name="viewport" content="width=device-width,initial-scale=1" />
  <title>Just a moment...</title>
  <style type="text/css">
    html, body {width: 100%; height: 100%; margin: 0; padding: 0;}
    body {background-color: #ffffff; color: #000000; font-family:-apple-system, system-ui, BlinkMacSystemFont, "Segoe UI", Roboto, Oxygen, Ubuntu, "Helvetica Neue",Arial, sans-serif; font-size: 16px; line-height: 1.7em;-webkit-font-smoothing: antialiased;}
    h1 { text-align: center; font-weight:700; margin: 16px 0; font-size: 32px; color:#000000; line-height: 1.25;}
    p {font-size: 20px; font-weight: 400; margin: 8px 0;}
    p, .attribution, {text-align: center;}
    #spinner {margin: 0 auto 30px auto; display: block;}
    .attribution {margin-top: 32px;}
    @keyframes fader     { 0% {opacity: 0.2;} 50% {opacity: 1.0;} 100% {opacity: 0.2;} }
    @-webkit-keyframes fader { 0% {opacity: 0.2;} 50% {opacity: 1.0;} 100% {opacity: 0.2;} }
    #cf-bubbles > .bubbles { animation: fader 1.6s infinite;}
    #cf-bubbles > .bubbles:nth-child(2) { animation-delay: .2s;}
    #cf-bubbles > .bubbles:nth-child(3) { animation-delay: .4s;}
    .bubbles { background-color: #f58220; width:20px; height: 20px; margin:2px; border-radius:100%; display:inline-block; }
    a { color: #2c7cb0; text-decoration: none; -moz-transition: color 0.15s ease; -o-transition: color 0.15s ease; -webkit-transition: color 0.15s ease; transition: color 0.15s ease; }
    a:hover{color: #f4a15d}
    .attribution{font-size: 16px; line-height: 1.5;}
    .ray_id{display: block; margin-top: 8px;}
    #cf-wrapper #challenge-form { padding-top:25px; padding-bottom:25px; }
    #cf-hcaptcha-container { text-align:center;}
    #cf-hcaptcha-container iframe { display: inline-block;}
  </style>

      <meta http-equiv="refresh" content="35">
  <script type="text/javascript">
    //<![CDATA[
    (function(){
      
      window._cf_chl_opt={
        cvId: "2",
        cType: "non-interactive",
        cNounce: "24542",
        cRay: "6e7e71bd9d240cbf",
        cHash: "996b5eaea0eebc5",
        cUPMDTk: "\/doi\/10.1128\/JCM.43.7.3512-3515.2005?__cf_chl_tk=pguf.zt5AyX0GghSlTwKWrqKkx3JZjb5ztGtTJ2KA4g-1646604866-0-gaNycGzNBz0",
        cFPWv: "g",
        cTTimeMs: "1000",
        cRq: {
          ru: "aHR0cHM6Ly9qb3VybmFscy5hc20ub3JnL2RvaS8xMC4xMTI4L0pDTS40My43LjM1MTItMzUxNS4yMDA1",
          ra: "cHl0aG9uLXJlcXVlc3RzLzIuMjUuMQ==",
          rm: "R0VU",
          d: "ADDQHi3H+ya7m2B7KGz2zcFPr/8udHRDp4qh4rm1YZb1Uy2OYM0Kv5lv+FZJIzObPRrB9upbVfThqE/V5QhqtPXWUkQXi4glCjw7YJlwnBid5GORO+y/jSlqqpQloH1zWwNavUpW2zJz7YWtMiCzP7vGtnz18Qu3Wc7JZ45kVwykS5m1YgXhhOWFwwCBIhmfvxdeGyDNWutNiMpLDgN7CbTRZTrl2TSMKoAxUOMREGiah/zHaejlu0NUCdGwgus2nqjwoS8rGMzzP6pFwws6HbLkUAef3lmucxHOvgmhJqEj7tRNN3lDlP7uqhlOWGIKRaY/f1vxszbGVt+sx2C+di7ZW9pZ1AAvs2SrRmB3pZygl7ZzJMj6r3+siaQpGwezlAcDkSm87oavRYWuxqp5nw9KqOjPVgof0eDVgwLAZP9N5M69Td/2UNBdVk6K6n2b5mMDCrMWEFUWwsGpXRlAAj13V3UNG8wL4hJgHjEobfm4nNI2DK49IgI/sRQslONkHPtNu8BRlacV7LIyfYQgKXrXJpm/6BD+KtuUJFqP63KUDog98vJ1UWQH7FO5naBc",
          t: "MTY0NjYwNDg2Ni4xNzcwMDA=",
          m: "H2FWozxeUZAMSFi2CTsy6D2TueGkevT8qNz+9fZrCy8=",
          i1: "h6xNOCK0ETMIA3nLA5ppYQ==",
          i2: "CAmGw+evL8lCYe+tHFeQCA==",
          zh: "Wdpz5DKIdp61fw1xi4/5+xF7d1QEaZ1MFNsdHIgPg6o=",
          uh: "5GU+jYv2xJ+bCaE/ARmi/DORbiS/v56CW7E0TH4XWQk=",
          hh: "kD0SA7WPJmOf4c5gVlTVLqmiA7Wp4e9AgVYIXtU6h0M=",
        }
      }
      window._cf_chl_enter = function(){window._cf_chl_opt.p=1};
      
    })();
    //]]>
  </script>
  

</head>
<body>
  <table width="100%" height="100%" cellpadding="20">
    <tr>
      <td align="center" valign="middle">
          <div class="cf-browser-verification cf-im-under-attack">
  <noscript>
    <h1 data-translate="turn_on_js" style="color:#bd2426;">Please turn JavaScript on and reload the page.</h1>
  </noscript>
  <div id="cf-content" style="display:none">
    
    <div id="cf-bubbles">
      <div class="bubbles"></div>
      <div class="bubbles"></div>
      <div class="bubbles"></div>
    </div>
    <h1><span data-translate="checking_browser">Checking your browser before accessing</span> journals.asm.org.</h1>
    
    <div id="no-cookie-warning" class="cookie-warning" data-translate="turn_on_cookies" style="display:none">
      <p data-translate="turn_on_cookies" style="color:#bd2426;">Please enable Cookies and reload the page.</p>
    </div>
    <p data-translate="process_is_automatic">This process is automatic. Your browser will redirect to your requested content shortly.</p>
    <p data-translate="allow_5_secs" id="cf-spinner-allow-5-secs" >Please allow up to 5 seconds&hellip;</p>
    <p data-translate="redirecting" id="cf-spinner-redirecting" style="display:none">Redirecting&hellip;</p>
  </div>
   
  <form class="challenge-form" id="challenge-form" action="/doi/10.1128/JCM.43.7.3512-3515.2005?__cf_chl_f_tk=pguf.zt5AyX0GghSlTwKWrqKkx3JZjb5ztGtTJ2KA4g-1646604866-0-gaNycGzNBz0" method="POST" enctype="application/x-www-form-urlencoded">
    <input type="hidden" name="md" value="D4NlpjWc6t32smSpHNDnoRorwUAffKZSgXGT83vPdDk-1646604866-0-AcxnDb_CFE-x6rAwAa20cjk9sa5noRDZ3uRbkA0xuznYbknKskUTC_pbuwcq-VXj-rNk2bNB5V22fRLyRAajyXqhurZGfoFBrrJX3W3tyoW4PL5VMuxyIIKWKLbaqH57NxRTskdoCYMqN-RkSglKjHjhfMwcjsEFFYBOaRej9lp3ZOyEpxNuWghXM1cIv5ujB1T5G8NAJNHBNVU8bgh1CBGzc0QCuv1w3X0SE0uwoTznWentxmO4dmCS-3IU9aLilwrJx7cJgtNhU-vw63paiZ1eOr8dz6IX8MrPuV_hkwCraEFhb4r1LTpQyBR8bdkROyC1f2fs1wH-J5HpYoiqQx7oYK1R7oLHkkq6ATc17pQXJltxvwhfdm9CabqyoZkIg78CDMFkI_54r6jzlYopUd4nTKP1eKa6DdABy4bPvwjgDBen_gMNe_17pBj_edXOZ0TxsYfZjrLiMaLJjyyWivjnl61JXo_axSQOKq0COO-08nXOuTqzlWRkayUAUOBBT7F4lPV35cJ28JPEFn_2qZ7xguDp6ceNl5Z1l4GWOoxsscCV8sEkuBNTjn5wLfQXAfMopM20uPLt7CG9C4vXj3qHk0Xjqn3y7xNTITsncn6hsKHdTmPCyy9sPAssWyRPhHTOc4wXfzzEAJYv0evrKMK8PO8m_1_Q8AAf_cXEisebDDSUEZpj51y3XFzTl8XzPhsFk3H5xyBzSwL2PIMvGwo" />
    <input type="hidden" name="r" value="5RWEnp2hNOdhls1ugGBx6TtpnKFdrZhLsnwUgzsmu.4-1646604866-0-AXpMi0EmoQw1ZySC8zAaE2PO7wkDygw8Ww3tpZYqFlSnUhMGBbEWz6VpEESWuIXEaF6ZgBaQ7HYkj/iZTtvaokl9GNByHIv5jK6TjRvLNIsJOHgwzsoK8mzxbq9f1Km57fCf9QJscBuMgc33u+QMWGHiO/oh4X0YeIQL5GzYURAJA/DMsYY9RSUISv4qWiSdcDeBpi54h0m/NKNnEpybYw01Pa3LPRIpHvd9xYPorLchapp+lry4LsgyMFWntQRqTgLGs7+JVw9+2fXJ6i6T5OZ7JX1c9MaA9gRiD/dm5hNqn0fGi4RSqcCJAhwKnxQhcqXOzF5MTRE3Xl48I1dUps+hwnvkV0JhhLI7XwY1w+s0/l39RD2njHdctBLpFjZaB8sfLfjL8oI7SfsdQ/8mewPqsL83BLjkc8PG4zf5+uM3Q9zaJgkqrw9amkUN7TjoZxe80ZDNscZ6IvzJMV/+Y0+Gr3Sne1OoNdkce9GDdWJAwMYbYFdAmYavGRBdIZXkZLffLpFo9gd/IjIoOchs3wYKxsZvkLGrVL36RMQSLmydjwDXENWtrPpSzpQgQJREgfJF+NvXtG9+UZdWjuo3XsuFBkZfmL4WmIWXJKEXJyxxGnwbZEzx6iW4YLNGR8Pq7FxTM0JAsZWZZtfEh3zA8+X9nrLdey9mPQluI202SnX8p8k126mw6oEOkge4jW0Wql/WEQePxRjv63r1F5Rr7vfLYGuJWgPekyzUyyH8ogVXU0KImnFHBnUBdr2A8s8csxYbuG9/OVmLFQbkB7lAr3Xo+R0r8mqBnd/PH640QMl555cmfKwg80P6u1cAuVLIttKup+GOKyp//oZdSqTHw3eMQgUNh0Gtm+fp+ExF6clX8EojdO+7FRPZy32oCZLtUwTGRqy53CKxJ/0daVSXQJMf6UH1FKszmHcauKdIXWPw7KtY4uWjMc9cbcl848CnhCIthpCpuWuzCiXJoZA3/G68r4rRVBXy0WkeF82gpwvQcrMVJW4HC3X0L26G0N6HH+5uN7dE5EYm7HSJo+eOWfZECyWVnQDynqwBcRUBjDmut+apC6bQFqEq0KpgiwZcuHPW5IQJLalI+lyqjaOFVhcBO1mhUbZS9Hm+iFnQ+ruNpVhvciKiD4doHOPMLEGEpyB9uyulv/Dij6QBcCEIYDZYFVXGhCahdpmPeuMS65uQtAp+SxVwfv13VJi/VyIB12C0/ZiA2PerJXAfU98JCPgxi3MHm0c2gUiz/jxM+oM3ZtIwJXtEIG48VeAcf7VKTMN4x3+aP5JWUdCl+iFp66q6fWA0R4ltFJyULjJHw1xvXwny9jB+Eg7l8H/vs2qK1cOu7AAt3peeGFVR7n/PVpr2oKG3WDQLtOfzs6T9gI5z6wxjbeItsiu2dzuirfMfTe0T1VYJhvAC3+wiBWID03N/LmB1FzCvXMVBrCLOzujDpqVdC73Xj4eDxCjtFIb8TLBa/kai0lwd7IK6kPLciHowPslnUiTCATulr07UYtKsa7XMw2eQQisvfdulT1S/6S8J/jCSdb6WBGzJ5UtsM53kSXK097PYhUyUfjlJYm3r2eq9+tvOyQC7YkcCzZoWVhm8BQj7/YEPWLOOtSUFw7irVdJwLGcRSX5Dqx/qANgGmLu3L1ynPARfSYX3NgD0hmc8bWsKBXxVfIOonZc8+iGTjO2a185l1DvOFeM0TiYlAcrEAT1yKuOtYxbEAVNgRKmHmldY94+nVrMRiwKBBQ95mcXzTYHOC77szNwUOHDDnJT/AK3GSQPUpGqs6Gwo2Q=="/>
    <input type="hidden" value="82ac287ca53b60ee90d9745c6268fe5f" id="jschl-vc" name="jschl_vc"/>
    <!-- <input type="hidden" value="" id="jschl-vc" name="jschl_vc"/> -->
    <input type="hidden" name="pass" value="1646604867.177-KS0k+U1osu"/>
    <input type="hidden" id="jschl-answer" name="jschl_answer"/>
  </form>
     
    <script type="text/javascript">
      //<![CDATA[
      (function(){
          var a = document.getElementById('cf-content');
          a.style.display = 'block';
          var isIE = /(MSIE|Trident\/|Edge\/)/i.test(window.navigator.userAgent);
          var trkjs = isIE ? new Image() : document.createElement('img');
          trkjs.setAttribute("src", "/cdn-cgi/images/trace/jschal/js/transparent.gif?ray=6e7e71bd9d240cbf");
          trkjs.id = "trk_jschal_js";
          trkjs.setAttribute("alt", "");
          document.body.appendChild(trkjs);
          var cpo=document.createElement('script');
          cpo.type='text/javascript';
          cpo.src="/cdn-cgi/challenge-platform/h/g/orchestrate/jsch/v1?ray=6e7e71bd9d240cbf";
          
          window._cf_chl_opt.cOgUQuery = location.search === '' && location.href.indexOf('?') !== -1 ? '?' : location.search;
          window._cf_chl_opt.cOgUHash = location.hash === '' && location.href.indexOf('#') !== -1 ? '#' : location.hash;
          if (window._cf_chl_opt.cUPMDTk && window.history && window.history.replaceState) {
            var ogU = location.pathname + window._cf_chl_opt.cOgUQuery + window._cf_chl_opt.cOgUHash;
            history.replaceState(null, null, "\/doi\/10.1128\/JCM.43.7.3512-3515.2005?__cf_chl_rt_tk=pguf.zt5AyX0GghSlTwKWrqKkx3JZjb5ztGtTJ2KA4g-1646604866-0-gaNycGzNBz0" + window._cf_chl_opt.cOgUHash);
            cpo.onload = function() {
              history.replaceState(null, null, ogU);
            };
          }
          
          document.getElementsByTagName('head')[0].appendChild(cpo);
        }());
      //]]>
    </script>
  

  
  <div id="trk_jschal_nojs" style="background-image:url('/cdn-cgi/images/trace/jschal/nojs/transparent.gif?ray=6e7e71bd9d240cbf')"> </div>
</div>

          
          <div class="attribution">
            DDoS protection by <a rel="noopener noreferrer" href="https://www.cloudflare.com/5xx-error-landing/" target="_blank">Cloudflare</a>
            <br />
            <span class="ray_id">Ray ID: <code>6e7e71bd9d240cbf</code></span>
          </div>
      </td>
     
    </tr>
  </table>
</body>
</html>
