<!DOCTYPE HTML>
<html lang="en-US">
<head>
  <meta charset="UTF-8" />
  <meta http-equiv="Content-Type" content="text/html; charset=UTF-8" />
  <meta http-equiv="X-UA-Compatible" content="IE=Edge,chrome=1" />
  <meta name="robots" content="noindex, nofollow" />
  <meta name="viewport" content="width=device-width,initial-scale=1" />
  <title>Just a moment...</title>
  <style type="text/css">
    html, body {width: 100%; height: 100%; margin: 0; padding: 0;}
    body {background-color: #ffffff; color: #000000; font-family:-apple-system, system-ui, BlinkMacSystemFont, "Segoe UI", Roboto, Oxygen, Ubuntu, "Helvetica Neue",Arial, sans-serif; font-size: 16px; line-height: 1.7em;-webkit-font-smoothing: antialiased;}
    h1 { text-align: center; font-weight:700; margin: 16px 0; font-size: 32px; color:#000000; line-height: 1.25;}
    p {font-size: 20px; font-weight: 400; margin: 8px 0;}
    p, .attribution, {text-align: center;}
    #spinner {margin: 0 auto 30px auto; display: block;}
    .attribution {margin-top: 32px;}
    @keyframes fader     { 0% {opacity: 0.2;} 50% {opacity: 1.0;} 100% {opacity: 0.2;} }
    @-webkit-keyframes fader { 0% {opacity: 0.2;} 50% {opacity: 1.0;} 100% {opacity: 0.2;} }
    #cf-bubbles > .bubbles { animation: fader 1.6s infinite;}
    #cf-bubbles > .bubbles:nth-child(2) { animation-delay: .2s;}
    #cf-bubbles > .bubbles:nth-child(3) { animation-delay: .4s;}
    .bubbles { background-color: #f58220; width:20px; height: 20px; margin:2px; border-radius:100%; display:inline-block; }
    a { color: #2c7cb0; text-decoration: none; -moz-transition: color 0.15s ease; -o-transition: color 0.15s ease; -webkit-transition: color 0.15s ease; transition: color 0.15s ease; }
    a:hover{color: #f4a15d}
    .attribution{font-size: 16px; line-height: 1.5;}
    .ray_id{display: block; margin-top: 8px;}
    #cf-wrapper #challenge-form { padding-top:25px; padding-bottom:25px; }
    #cf-hcaptcha-container { text-align:center;}
    #cf-hcaptcha-container iframe { display: inline-block;}
  </style>

      <meta http-equiv="refresh" content="35">
  <script type="text/javascript">
    //<![CDATA[
    (function(){
      
      window._cf_chl_opt={
        cvId: "2",
        cType: "non-interactive",
        cNounce: "4454",
        cRay: "6e7e71c1ffa03155",
        cHash: "32d6e370e335eb2",
        cUPMDTk: "\/doi\/10.1128\/JCM.44.3.772-776.2006?__cf_chl_tk=D0vBZ4zYO2WBstnUn.s0f22ydpB9Tq4JwfXnwF.yNhQ-1646604866-0-gaNycGzNB1E",
        cFPWv: "g",
        cTTimeMs: "1000",
        cRq: {
          ru: "aHR0cHM6Ly9qb3VybmFscy5hc20ub3JnL2RvaS8xMC4xMTI4L0pDTS40NC4zLjc3Mi03NzYuMjAwNg==",
          ra: "cHl0aG9uLXJlcXVlc3RzLzIuMjUuMQ==",
          rm: "R0VU",
          d: "PNJ5Sz0EyNUQQqgEl6zJjjhBFI+SM79YV/hhrWHTXEMLmVEHohPUCQ1kXrVHw29RLox27nEvNak+lNcXgOvaRmXw/InR+rrFzZTTZQKqL7lHDcs1UMiFYKKc1DhBF5Bg+Ybaehyg2LWOXSGVBXnYf1L+YEoe9lzJapke5LKPxE55gTyRXWeVVMm6iucyJDJetBRO77JG2RYh5Up4RXMzALNTGMGHX/Uk4rR/hce7cNEXpl0BNmEbLXlnSP7+uqiNpU8GOleNnxgZ77fawP0pHjqDtewnVLxFBPqWgF/U7Ho+EP+he6lsBrjX4LFxi7anMY3XByZWMMYw8FXoJPrMX9+wy8y3tLHdr5xGNE1Gz/7ZR9stYrMaGvE4qndnm1LxUDFlZbMLuIryrZeg5a0iulL8Mt7JYoHPnV5VPMOqy1Uqp75YEYl/9aOisLDs2o6XbXkDQWnMeCAxJU4h1meNy2aACMqTm8TKgNY5k0X15OsSJaXUOcXIVG2Yfwf75pYeuNcPvfs20gMELEgq8P1cGhGpU8Qx7innrERjWLXOPi4btDMLXICpuObUY2eJHNOc",
          t: "MTY0NjYwNDg2Ni44ODYwMDA=",
          m: "CmBEnuQ2IXoTzp9BOH9CRS7E7k6m66L5yKvwBIeeTPM=",
          i1: "KsJ2/y/dGbw80U0vzsIxmg==",
          i2: "NKOFSwSPpOiF693iknAVFg==",
          zh: "Wdpz5DKIdp61fw1xi4/5+xF7d1QEaZ1MFNsdHIgPg6o=",
          uh: "5GU+jYv2xJ+bCaE/ARmi/DORbiS/v56CW7E0TH4XWQk=",
          hh: "kD0SA7WPJmOf4c5gVlTVLqmiA7Wp4e9AgVYIXtU6h0M=",
        }
      }
      window._cf_chl_enter = function(){window._cf_chl_opt.p=1};
      
    })();
    //]]>
  </script>
  

</head>
<body>
  <table width="100%" height="100%" cellpadding="20">
    <tr>
      <td align="center" valign="middle">
          <div class="cf-browser-verification cf-im-under-attack">
  <noscript>
    <h1 data-translate="turn_on_js" style="color:#bd2426;">Please turn JavaScript on and reload the page.</h1>
  </noscript>
  <div id="cf-content" style="display:none">
    
    <div id="cf-bubbles">
      <div class="bubbles"></div>
      <div class="bubbles"></div>
      <div class="bubbles"></div>
    </div>
    <h1><span data-translate="checking_browser">Checking your browser before accessing</span> journals.asm.org.</h1>
    
    <div id="no-cookie-warning" class="cookie-warning" data-translate="turn_on_cookies" style="display:none">
      <p data-translate="turn_on_cookies" style="color:#bd2426;">Please enable Cookies and reload the page.</p>
    </div>
    <p data-translate="process_is_automatic">This process is automatic. Your browser will redirect to your requested content shortly.</p>
    <p data-translate="allow_5_secs" id="cf-spinner-allow-5-secs" >Please allow up to 5 seconds&hellip;</p>
    <p data-translate="redirecting" id="cf-spinner-redirecting" style="display:none">Redirecting&hellip;</p>
  </div>
   
  <form class="challenge-form" id="challenge-form" action="/doi/10.1128/JCM.44.3.772-776.2006?__cf_chl_f_tk=D0vBZ4zYO2WBstnUn.s0f22ydpB9Tq4JwfXnwF.yNhQ-1646604866-0-gaNycGzNB1E" method="POST" enctype="application/x-www-form-urlencoded">
    <input type="hidden" name="md" value="w5r_qQOjrU9xdGPJUCX40JcELc3H6eWtGDJA6Xtwago-1646604866-0-AQgjNSygU2NlOG8Ft99Xs9Yj9d9AEb8P9DjY9q1Deb_Ht7SoRRppZU0WxltNB8z9nMq0HgLenoszqDEOZ32qV2BO7zUYnwvHH2xXN30K72uvpTS8wuumKuNidYHMedCIY5Vp29fA6nqrj36QtXwgl_6VNpUmO-sT9Y_6wmbxsN5lzDoDAIVk4AJgHq61J8WuuSjCGpfux_AOMUk8DSmNjAnoEKq1RGEVlPr-pOMem7Pvic5fikC3O--F6Roe_-0vMw8h8CWp83aqeRFsZkCBOi4dTkmxd5qiBK62tBwsRjKBc5r8AzIbcqwT46SPBeiymCCSJiebLpyKN26aJRqBbzZmvDH2SLla5Ud8is5Gw-zu1LBuQVnEgFdvTbMrcxoaVQHBNNg_DlN0y1HaaT0ojsBUMTYbbzZ9cbHV-m3MNrIOCfhsNkSXnmWFNT--ZSUO4ve35NK-DH_iuHfuhtOIk-eE5zph9LU_67JMW1hl1ugTq3J7Ja9GFCJSVor-LSun5Vi37uyF8JqNJ9SLo3MfOlvcL21O59MFXhc-SaYa9dBiXUHIQEKqHVVUGEtrXnIPZvIpD3UrHKZ6z8MGjRkIdWXq_iCSYGJj5v8vurAWnohmWABZvPQEPSBHZV8IIinvawyK-YUFevnbvkcjA_WLeU1b4qPA7_VUMVAWxkiWaFCuz0lypWPUTKZun6SxL0LVAxcxdX9n9BiWa43wpGGsH04" />
    <input type="hidden" name="r" value="j2IZf5O4JRAuiJeU2dOGCG8xoKG2jywaKayu8q5yycc-1646604866-0-AY+vXelDVpkMUv613AK5qazc62DBHqpqyIOlyc2EEbfNFs5aGP6V/Poc8YVUgaSU8umowEX7ZSXoJn96gWbtq85E5FMYhZABWlkqakueTffowTPT7kGpso9FLuUJXcYyW8WnfFJSJ2ERfgRlG9MvMB6mrJ7k+fuyAP19c3QGDT8Y/LGweiJ5sNefCjbDZFyxe5pFyQfL/M5isTFaT9gmpwoyz8aQL45TUVuCVTJgXzUJUFO3mHUlXKQNZX8XhtvKuMA9UHBG9ZUGCyXvsEWhv13rEAVz12cg/Re4h9TVLXPRwOPIXt1y5U97Rt9rUvhFEnI7ubrdMsWvncH4JCR3bSyOqIjJssk94jPDW1QYwuODN39irktqB6tmCPpJEBxxZi+Y2gjBLU3dMs4f3LSb8EKSkqsGOBePL82EJqZ2UqHLUpc2GaPvB77l7Tvxwa6cIyd96nNYuAg+YABYe7EvFzGGEO5soPTsTIvXEzaVeuaUP6elhBIttt4J5ksbkRlCKnOg+bjamcSDTyeJRgQOKG8s0AHJdd0qUuMFgVYe8yNJ2v/E81bhw9Q8oQMvqEu4RWB/vuDsHeOmQhxC5Un9XHvD1U2AFUZE9Dc6Gazx9xaQPH7+3uRaTmuObtXTdDR8EKOeXBhTtw3aU7cqgQyjMhFsVUvXsEv2Vkb1Wb+7L2egP5mndlt0IwXEXQFldVW7vvgHBGty+dBpDWWWx5x9DX6iiSnt2jvqq7knPIEPIEvLYAibibZHoM4aYoopJXe1yxhtuLomoOqNHuIVKT9nWPpEqd1nLLwRM/tdn6oq3vWKkN6s+cd81r/LlreUqu1dD9f2PTILIM5kZsfNMzp6zQAgsRWyNKL3kmxWdM1QRjuVUoB9izY6S3AaT41smnRayd1DmbLbete3dxwyo6dYH54tDmeT6I4fddeKYoXHqmCI0k4m+1PC10TvD4lG+B2+YEa8i3ZjSSNHL10J/HhXQVQUVUrAuaOqi/FJ8SXlaXFsvON3Y3n18W4yEYEZhpsgYsOzD10v4Gbxs/lQ4n8khNUiLkCT+AkLrKEJ1+T8Cw/02LI1vtUDxlMKRNfvl6ORLDmam9Iz4BJCMfwc7wOjZMbHkf+YiRtDOxN9r3qWD716e0ZicceA48OO2B4OTn8QRa84W1XrXJefS/Gk3g2AWtI2ikLftCoxnq7sbPGyZ8D/0Et9D/Xjg9FFFTO9d6BVf3qrk3TtjwfKLX5lyCJEJqhIVQqOGFg4qczGt0VcfxGX9FV5t7i4djOSEptjo2meGe/3DpoiD2ZgNw2XKzCnrO3qwfL1Rosbh2mttaYvez3XJibfHtt94XWjmGOBa2omkupsCG/G1eq5Tpfr1wrB1COF/op6B7s0V+qf/2sb9EHiHS5HHBpI27zQlHZPJkd8nsZ0PYNUwdZ8jZbP3ZVZX+LqMIz5PMzinY+maH71Z6RpqaDCO81UU/moONa6a8NBk4ezZcTAKJfrdlFEfirj0S8KQpqaONhyaAhofZqpXuWnQ54ERFlNzjPq6s60i/9tdRMjTCcIZ8X3fvfK5godD4Mq/5evMZbHhiVn8Y81mZBEnIJdXiuitpb2PHwDbLZbNUaX8bElSHJe5NR6LjSfCLPUuh9Xs9wdsPpl0NM/zkdo63Qw9tbsRal4hDly8r8fYSyS1ZupIhmaLOLT+DV53lAlObNuwZKPQ4YhaA+zKz5J7+WAavsxDIdlbm/J3Bd3yMGNdpRY/QFZwNchzuDCl+hEt6DE4SQSw5lkRt0i+QpOMYnw6KJfYP1WujllgqEt1jD5enXNloCUehTS4rDjNbY="/>
    <input type="hidden" value="bf5d388e9bc36599b7177d08c76971f3" id="jschl-vc" name="jschl_vc"/>
    <!-- <input type="hidden" value="" id="jschl-vc" name="jschl_vc"/> -->
    <input type="hidden" name="pass" value="1646604867.886-igefP1Kywi"/>
    <input type="hidden" id="jschl-answer" name="jschl_answer"/>
  </form>
     
    <script type="text/javascript">
      //<![CDATA[
      (function(){
          var a = document.getElementById('cf-content');
          a.style.display = 'block';
          var isIE = /(MSIE|Trident\/|Edge\/)/i.test(window.navigator.userAgent);
          var trkjs = isIE ? new Image() : document.createElement('img');
          trkjs.setAttribute("src", "/cdn-cgi/images/trace/jschal/js/transparent.gif?ray=6e7e71c1ffa03155");
          trkjs.id = "trk_jschal_js";
          trkjs.setAttribute("alt", "");
          document.body.appendChild(trkjs);
          var cpo=document.createElement('script');
          cpo.type='text/javascript';
          cpo.src="/cdn-cgi/challenge-platform/h/g/orchestrate/jsch/v1?ray=6e7e71c1ffa03155";
          
          window._cf_chl_opt.cOgUQuery = location.search === '' && location.href.indexOf('?') !== -1 ? '?' : location.search;
          window._cf_chl_opt.cOgUHash = location.hash === '' && location.href.indexOf('#') !== -1 ? '#' : location.hash;
          if (window._cf_chl_opt.cUPMDTk && window.history && window.history.replaceState) {
            var ogU = location.pathname + window._cf_chl_opt.cOgUQuery + window._cf_chl_opt.cOgUHash;
            history.replaceState(null, null, "\/doi\/10.1128\/JCM.44.3.772-776.2006?__cf_chl_rt_tk=D0vBZ4zYO2WBstnUn.s0f22ydpB9Tq4JwfXnwF.yNhQ-1646604866-0-gaNycGzNB1E" + window._cf_chl_opt.cOgUHash);
            cpo.onload = function() {
              history.replaceState(null, null, ogU);
            };
          }
          
          document.getElementsByTagName('head')[0].appendChild(cpo);
        }());
      //]]>
    </script>
  

  
  <div id="trk_jschal_nojs" style="background-image:url('/cdn-cgi/images/trace/jschal/nojs/transparent.gif?ray=6e7e71c1ffa03155')"> </div>
</div>

          
          <div class="attribution">
            DDoS protection by <a rel="noopener noreferrer" href="https://www.cloudflare.com/5xx-error-landing/" target="_blank">Cloudflare</a>
            <br />
            <span class="ray_id">Ray ID: <code>6e7e71c1ffa03155</code></span>
          </div>
      </td>
     
    </tr>
  </table>
</body>
</html>
