<!DOCTYPE HTML>
<html lang="en-US">
<head>
  <meta charset="UTF-8" />
  <meta http-equiv="Content-Type" content="text/html; charset=UTF-8" />
  <meta http-equiv="X-UA-Compatible" content="IE=Edge,chrome=1" />
  <meta name="robots" content="noindex, nofollow" />
  <meta name="viewport" content="width=device-width,initial-scale=1" />
  <title>Just a moment...</title>
  <style type="text/css">
    html, body {width: 100%; height: 100%; margin: 0; padding: 0;}
    body {background-color: #ffffff; color: #000000; font-family:-apple-system, system-ui, BlinkMacSystemFont, "Segoe UI", Roboto, Oxygen, Ubuntu, "Helvetica Neue",Arial, sans-serif; font-size: 16px; line-height: 1.7em;-webkit-font-smoothing: antialiased;}
    h1 { text-align: center; font-weight:700; margin: 16px 0; font-size: 32px; color:#000000; line-height: 1.25;}
    p {font-size: 20px; font-weight: 400; margin: 8px 0;}
    p, .attribution, {text-align: center;}
    #spinner {margin: 0 auto 30px auto; display: block;}
    .attribution {margin-top: 32px;}
    @keyframes fader     { 0% {opacity: 0.2;} 50% {opacity: 1.0;} 100% {opacity: 0.2;} }
    @-webkit-keyframes fader { 0% {opacity: 0.2;} 50% {opacity: 1.0;} 100% {opacity: 0.2;} }
    #cf-bubbles > .bubbles { animation: fader 1.6s infinite;}
    #cf-bubbles > .bubbles:nth-child(2) { animation-delay: .2s;}
    #cf-bubbles > .bubbles:nth-child(3) { animation-delay: .4s;}
    .bubbles { background-color: #f58220; width:20px; height: 20px; margin:2px; border-radius:100%; display:inline-block; }
    a { color: #2c7cb0; text-decoration: none; -moz-transition: color 0.15s ease; -o-transition: color 0.15s ease; -webkit-transition: color 0.15s ease; transition: color 0.15s ease; }
    a:hover{color: #f4a15d}
    .attribution{font-size: 16px; line-height: 1.5;}
    .ray_id{display: block; margin-top: 8px;}
    #cf-wrapper #challenge-form { padding-top:25px; padding-bottom:25px; }
    #cf-hcaptcha-container { text-align:center;}
    #cf-hcaptcha-container iframe { display: inline-block;}
  </style>

      <meta http-equiv="refresh" content="35">
  <script type="text/javascript">
    //<![CDATA[
    (function(){
      
      window._cf_chl_opt={
        cvId: "2",
        cType: "non-interactive",
        cNounce: "13277",
        cRay: "6e7593a35dc30d0c",
        cHash: "addaf8d80b42e50",
        cUPMDTk: "\/doi\/full\/10.1073\/pnas.1101273108?__cf_chl_tk=Y.Yi1azTvWzxGtHdZ1Muj34FxjvG7jFEEaOJStLiwoI-1646511882-0-gaNycGzNByU",
        cFPWv: "g",
        cTTimeMs: "1000",
        cRq: {
          ru: "aHR0cHM6Ly9wbmFzLm9yZy9kb2kvZnVsbC8xMC4xMDczL3BuYXMuMTEwMTI3MzEwOA==",
          ra: "cHl0aG9uLXJlcXVlc3RzLzIuMjUuMQ==",
          rm: "R0VU",
          d: "88ZnocLxamVnL28aAZEOu+PpdDizVCXz5K38pCXCIWd/qmPs6xZ7V0Tc/4lRqxPm50AOajmo7rm/FeX/UR3G4NZj07cQ2w/ehC9va6M8u6fQ7NODDdRaF4DzbE2DwKhSBCZFzyRF0P2rrhy7lHprCqvMmf7NozjbMTfwesiByBUguw4ExATKQkRZuK935bIMOT9Omc501bCYxUnUl4CVAak6Q5CAeoc3efQklepTwt5nOkz2yrYSQFBsYh04Rl71eBVZTmEgOKpZ0gpTaoSCacsPy+hTzaSS/8OftEAdBrmndPPYWm4s1TDsLTS3RlS4EIguVF/FPzCkowUONdQ3+eyuBzUlkHFAwY+ZVvBpD3IiYU+PH5PL82br5R01CJqnJGYCN5CpbM+UObGk1HcbZ6rTeaXfHrf3/IlEqpQNcIbAS1DqyTaeR8fgAz+isSjG2RxWQM9MSmnKN002bYXT5yT7xOiTVBsHSAvKDnfngKw1wP5uV4mc/x9/NDsU6d7p4TJS6E/XojsNpmMRyLaCjpmbczF9ey9Oce1g41HUNym3+skQYBbmjn15t/4Tf+TB",
          t: "MTY0NjUxMTg4Mi43ODgwMDA=",
          m: "68cvk1yJkBQk/Bm/6Pd0606DYlgE69tPBJHZgfAWED0=",
          i1: "K6eiNNRjqSiV6bVZHKmCPg==",
          i2: "iHCSytawscUNnsE3B+vfLA==",
          zh: "3XlKis5p8b5hgWF1bd9UgdW3b/8bjeC7/AQO0MH0R2I=",
          uh: "5GU+jYv2xJ+bCaE/ARmi/DORbiS/v56CW7E0TH4XWQk=",
          hh: "6jVH8R5/dXJ8mumrU5DmpMUHjcN9o1Dtj1SOBRoFflw=",
        }
      }
      window._cf_chl_enter = function(){window._cf_chl_opt.p=1};
      
    })();
    //]]>
  </script>
  

</head>
<body>
  <table width="100%" height="100%" cellpadding="20">
    <tr>
      <td align="center" valign="middle">
          <div class="cf-browser-verification cf-im-under-attack">
  <noscript>
    <h1 data-translate="turn_on_js" style="color:#bd2426;">Please turn JavaScript on and reload the page.</h1>
  </noscript>
  <div id="cf-content" style="display:none">
    
    <div id="cf-bubbles">
      <div class="bubbles"></div>
      <div class="bubbles"></div>
      <div class="bubbles"></div>
    </div>
    <h1><span data-translate="checking_browser">Checking your browser before accessing</span> pnas.org.</h1>
    
    <div id="no-cookie-warning" class="cookie-warning" data-translate="turn_on_cookies" style="display:none">
      <p data-translate="turn_on_cookies" style="color:#bd2426;">Please enable Cookies and reload the page.</p>
    </div>
    <p data-translate="process_is_automatic">This process is automatic. Your browser will redirect to your requested content shortly.</p>
    <p data-translate="allow_5_secs" id="cf-spinner-allow-5-secs" >Please allow up to 5 seconds&hellip;</p>
    <p data-translate="redirecting" id="cf-spinner-redirecting" style="display:none">Redirecting&hellip;</p>
  </div>
   
  <form class="challenge-form" id="challenge-form" action="/doi/full/10.1073/pnas.1101273108?__cf_chl_f_tk=Y.Yi1azTvWzxGtHdZ1Muj34FxjvG7jFEEaOJStLiwoI-1646511882-0-gaNycGzNByU" method="POST" enctype="application/x-www-form-urlencoded">
    <input type="hidden" name="md" value="gMtf8nR6Y7Rx2tzyEilBwI7KhpLgNlmuF0o64sfXR5o-1646511882-0-AWJOGU6erJRsbgsd42pMrMPe5p2O6RN6gIuJzB9P6dT7FcK4KJzd48Qd5gcpKSssEP2UNanI3yXZq8rOKTwv4TBd1t-Obfpuam4RQHF9hMxoXJ9goIyYtnjXSk247HYT7e1yO_BoE5jlTnZNyonMZNIQ2E3iu8xkSOWtva1DG-DeM4jBFdtNtXDAm2wz3qKZ32cB06B7f-IV1D3WSJmSjTyPTihXQ-61QS7HcIukWoc9t1XNMlcx7paFf3a19HvKDZ287mO_ULCd3Fxy-wEKIBfLdYOcEhAh3iC_htIFJrwbxhTGp5Bx6Ae60U62iBI7mda7TZ0y7Ll8uX9xrb00ac4VUTGZtrYBjZxJHSYQvTQhZ77pDNzfOi5p7pnnkgDjxIBb9krEsyOuohibXQcVDtAWXBLCfKkPL2qMdsfgZCiOvlj_wRTTKt7uT6y1L7A1VQ4Bi5OzTFBrRK-yXIH5Ff_xTxBjcOIHRI_RQ-IBKJu5jxoNmw27JgDLNvCnVKDMdjggR34C8ox6P8F_z9XuXKBWhxY6v6l-G27hgIsePOcvuZ2yK0huzu3Cv6delcOd9WgVF5KRttgRerutUbWjSYqac4MuBdXDp8JYasO7DOnX1DqR2-Z57I4pHx4eDDfL9Bys_QJy-Wco6kOWpsWxvvwTN1Hoj7K87nqdU-WAMwDZ0sRXNIjkvuA5YORKNiWTpA" />
    <input type="hidden" name="r" value="KQlMrZ.IYtmjNlAyD4VW5_u1Gp5bPc2iV5F2ELBzLVc-1646511882-0-AUp1UnEQ0aFw4utuMAOltPOsSAwuU/i1RGTnsynxMZ/FMOGeOCnt24MaRzgrDLBf6FkQQkwzH8PpGM2FB8DaO3voNgpCdhcCGkpqdL9eL43AG2DwCJBjRDZ3tIKCnIX29Ni1jtBx0f29hlOzP945bRAYjN3te6DIea2pdRlsVcef8M0KelZivFNGl+EOlHVA+sW/N2hfvD2AbdKoTwqy8Tm1RfiCx1ATAaZL/0QBoMVjtLFCPfwR0cdUJk50jD/SMgVP2gC/XUx23nWBMGW4c4mCct3okHZ3WG/Jq46Z84ZcsOhW4jJcNgPx1xmu0tkCyIf7Fcz/3u+0sqc537RRAHonUEdPOcI7gJgsE4oIJfu2X0mRkpaB9bKrxnkmlTNFwyo7oh+rFb1o0LPShmQwVCxZnO9l8gAGXxus15HM5Bo+DrvyM7c+j9F+Dc/JwlP/X3BlgR1HAPjuTMYf12ueXjBCYVRqrHxwvsDa5Syqku/97h5PRvoLpCZu0s5NYfcV93Sz4G4NCOi/DzIZkoRfeoOXKNmSSBHRag1/tSjycxTxf7XYOgST0g57TJ4H/cI3/9QaosSlwI1kfk1cw41bPpkW9rjET5OgfYHn2ihV1tjj7NiIJm+IIAPAwVdcBVto+sOjjyqNb+m5Csj8Ntm5kLfO+tNN/JvxPdxeZLzoNQXAZ/2o90QXEk4MipqVKVIK6N3xwJEWRgBaoEKCBXmqXuxhRNFl2HBvAH5hldGgPlSLrBOiNoyjEHbfiHJRRhdbxL2nnuxqImF4iT42SO2XkAhkNT508ubKZzRBFsXSIPeCN7ytgKMTVcrGkj+wmlJEeHUg5DgsmNFFT3AeERWA3prRfM+XTq3+FmnWVfTdeZrGOzvsP1DTgxYD4ijTLHH4F1vynZjOvULEKiHwW4R2IVRjeZd6LWLlbCgeue63M0/b/HjhXjMSepLlE0N/7nG17wXnlMqP2DYyviZiQYYonPv1LZ3dX1QatyhIF8/6CJXdD72sgOGRbOaG3aE6zKNnzht/0ZB5J1qXLsqvamX73p26N+UkqRa54auGHpeWnyPccLw8W3Nf1iWgirrzMipp74aQp53oTEDY3jN/DqY5zn1vFKDBHmXH27+mLSSq3yq73JaiFyCYUb/Bplo1bObPdWG6SzFp0sivuVgvN+Zd6V/AgCmnD4a3vf2aUyB/I/XhKUrvRszXUKZ+/pl1UVfnIW5lDtojCmeE2inWP7rdor5yiDSYaJHeEAL/QfKcv8PO6+oeGilzD/7Y45Jhw57pyal20h6FlKQpCCGjdgRHH+EIhIozNewka1pA4AlzfmOhO6ynTYccq2zlGerWXBKHZ1iqgWoJy1AbJchSPDnUqnZ5x+S3KnzC4+MXy8QT81txZbg+OcsWSdzUsLrHtR1NWshd9AmKNhtFWg4t6cRvZKPym8sCixH+oLNhEIVdrQ1hbGdrkQ77TaUadxF6CptIQ7KwmBCTbuJlRF1qOBEqYgq49Z949/iVHqgx2jtMjwhGfDp7FLRAUKnJB87qG1PnJv8kDHdoyghrth/rjBxV3zhjMrp09EuL3t5rTMvguO45ZMRTFD3ggJxDhEkhw0Yaov9ZDeItk0J/ObKn2/pdMKRboMqsnke5SY5kS5hd3lv6CKh8vcXlhhuduZlEL08ZTp1T0JEmbEx3R3B/QgXLjn04OB7Unc19e6cuM8lr7noi+b48NKy7bmGwtVqFcRp6uXchlnD4SlljE4lJB6tYH5zp/uJ2SDei0WtqLODYf1r2"/>
    <input type="hidden" value="bab7d46d47e1cf8c21903c7c57a7cbdf" id="jschl-vc" name="jschl_vc"/>
    <!-- <input type="hidden" value="" id="jschl-vc" name="jschl_vc"/> -->
    <input type="hidden" name="pass" value="1646511883.788-bDDejm/7hb"/>
    <input type="hidden" id="jschl-answer" name="jschl_answer"/>
  </form>
     
    <script type="text/javascript">
      //<![CDATA[
      (function(){
          var a = document.getElementById('cf-content');
          a.style.display = 'block';
          var isIE = /(MSIE|Trident\/|Edge\/)/i.test(window.navigator.userAgent);
          var trkjs = isIE ? new Image() : document.createElement('img');
          trkjs.setAttribute("src", "/cdn-cgi/images/trace/jschal/js/transparent.gif?ray=6e7593a35dc30d0c");
          trkjs.id = "trk_jschal_js";
          trkjs.setAttribute("alt", "");
          document.body.appendChild(trkjs);
          var cpo=document.createElement('script');
          cpo.type='text/javascript';
          cpo.src="/cdn-cgi/challenge-platform/h/g/orchestrate/jsch/v1?ray=6e7593a35dc30d0c";
          
          window._cf_chl_opt.cOgUQuery = location.search === '' && location.href.indexOf('?') !== -1 ? '?' : location.search;
          window._cf_chl_opt.cOgUHash = location.hash === '' && location.href.indexOf('#') !== -1 ? '#' : location.hash;
          if (window._cf_chl_opt.cUPMDTk && window.history && window.history.replaceState) {
            var ogU = location.pathname + window._cf_chl_opt.cOgUQuery + window._cf_chl_opt.cOgUHash;
            history.replaceState(null, null, "\/doi\/full\/10.1073\/pnas.1101273108?__cf_chl_rt_tk=Y.Yi1azTvWzxGtHdZ1Muj34FxjvG7jFEEaOJStLiwoI-1646511882-0-gaNycGzNByU" + window._cf_chl_opt.cOgUHash);
            cpo.onload = function() {
              history.replaceState(null, null, ogU);
            };
          }
          
          document.getElementsByTagName('head')[0].appendChild(cpo);
        }());
      //]]>
    </script>
  

  
  <div id="trk_jschal_nojs" style="background-image:url('/cdn-cgi/images/trace/jschal/nojs/transparent.gif?ray=6e7593a35dc30d0c')"> </div>
</div>

          
          <div class="attribution">
            DDoS protection by <a rel="noopener noreferrer" href="https://www.cloudflare.com/5xx-error-landing/" target="_blank">Cloudflare</a>
            <br />
            <span class="ray_id">Ray ID: <code>6e7593a35dc30d0c</code></span>
          </div>
      </td>
     
    </tr>
  </table>
</body>
</html>
