<!DOCTYPE HTML>
<html lang="en-US">
<head>
  <meta charset="UTF-8" />
  <meta http-equiv="Content-Type" content="text/html; charset=UTF-8" />
  <meta http-equiv="X-UA-Compatible" content="IE=Edge,chrome=1" />
  <meta name="robots" content="noindex, nofollow" />
  <meta name="viewport" content="width=device-width,initial-scale=1" />
  <title>Just a moment...</title>
  <style type="text/css">
    html, body {width: 100%; height: 100%; margin: 0; padding: 0;}
    body {background-color: #ffffff; color: #000000; font-family:-apple-system, system-ui, BlinkMacSystemFont, "Segoe UI", Roboto, Oxygen, Ubuntu, "Helvetica Neue",Arial, sans-serif; font-size: 16px; line-height: 1.7em;-webkit-font-smoothing: antialiased;}
    h1 { text-align: center; font-weight:700; margin: 16px 0; font-size: 32px; color:#000000; line-height: 1.25;}
    p {font-size: 20px; font-weight: 400; margin: 8px 0;}
    p, .attribution, {text-align: center;}
    #spinner {margin: 0 auto 30px auto; display: block;}
    .attribution {margin-top: 32px;}
    @keyframes fader     { 0% {opacity: 0.2;} 50% {opacity: 1.0;} 100% {opacity: 0.2;} }
    @-webkit-keyframes fader { 0% {opacity: 0.2;} 50% {opacity: 1.0;} 100% {opacity: 0.2;} }
    #cf-bubbles > .bubbles { animation: fader 1.6s infinite;}
    #cf-bubbles > .bubbles:nth-child(2) { animation-delay: .2s;}
    #cf-bubbles > .bubbles:nth-child(3) { animation-delay: .4s;}
    .bubbles { background-color: #f58220; width:20px; height: 20px; margin:2px; border-radius:100%; display:inline-block; }
    a { color: #2c7cb0; text-decoration: none; -moz-transition: color 0.15s ease; -o-transition: color 0.15s ease; -webkit-transition: color 0.15s ease; transition: color 0.15s ease; }
    a:hover{color: #f4a15d}
    .attribution{font-size: 16px; line-height: 1.5;}
    .ray_id{display: block; margin-top: 8px;}
    #cf-wrapper #challenge-form { padding-top:25px; padding-bottom:25px; }
    #cf-hcaptcha-container { text-align:center;}
    #cf-hcaptcha-container iframe { display: inline-block;}
  </style>

      <meta http-equiv="refresh" content="35">
  <script type="text/javascript">
    //<![CDATA[
    (function(){
      
      window._cf_chl_opt={
        cvId: "2",
        cType: "non-interactive",
        cNounce: "38017",
        cRay: "6e7593a78c525325",
        cHash: "2c5585524d88c1e",
        cUPMDTk: "\/doi\/full\/10.1073\/pnas.1202214109?__cf_chl_tk=bVeylM.TFfPVsLYET1quGgOnqDZQw1JfUvnAw7QfEZc-1646511883-0-gaNycGzNByU",
        cFPWv: "g",
        cTTimeMs: "1000",
        cRq: {
          ru: "aHR0cHM6Ly9wbmFzLm9yZy9kb2kvZnVsbC8xMC4xMDczL3BuYXMuMTIwMjIxNDEwOQ==",
          ra: "cHl0aG9uLXJlcXVlc3RzLzIuMjUuMQ==",
          rm: "R0VU",
          d: "+917MtzQf670oPhFHyNFO/7lpd5Yv881IFjjaQepe02BX1utVV92DEo6uDOiYFLMF2UzLAItvRPf5VNpsmRQCF42xQ+sPg0FURZp5xK/APEPON/ZubpuNSj9qS1V1NWnMdVAVIbrysLdB6AqAC18QP04ChXCgnDp3FfOCKLk9hmkrCR82GqTsTwHspC5cgEcZZO7zsuK9YUC2b2Vr5pv6M336bQP3ckI4Oh3fpnyUNwBLkLockOIdgMXzpHcGA4DY5QbQN9mudzE48iy+Nv69t89Wgd/vRzTFuMCYCrqTR+M348zMco/zr3fgZtWsjFIhjDhjDthBo1MpIMDXkIT3hHRQTZ7WcoqeASMGRU8EJclRHMH+3BKULADg5omsaunLfGGo1fAcrx56p31IpFpCqcUMkAJ9fyw1IPPBaTrij24xqf64Z74lei8/xfqLHAg+C45rdMw59ZaRwTCAe36EsN0tCtFur6EZRajSJG/0yJmgLLVGkC2mtg9rO1jmWFR7vqbCL088hrZBLi1PAd/aLw4Pin5fz19aHXnF703zAKjjZnm766NjUu8hW37YxLG",
          t: "MTY0NjUxMTg4My40NTYwMDA=",
          m: "K/kISsqOD5Gfy8TcOAUKUFwWrzsI09q1V4ZCECYgZYo=",
          i1: "uXS4GIrGxgQmjBk1ce15IA==",
          i2: "NXHITSM54lDPuqln1x2VHg==",
          zh: "3XlKis5p8b5hgWF1bd9UgdW3b/8bjeC7/AQO0MH0R2I=",
          uh: "5GU+jYv2xJ+bCaE/ARmi/DORbiS/v56CW7E0TH4XWQk=",
          hh: "6jVH8R5/dXJ8mumrU5DmpMUHjcN9o1Dtj1SOBRoFflw=",
        }
      }
      window._cf_chl_enter = function(){window._cf_chl_opt.p=1};
      
    })();
    //]]>
  </script>
  

</head>
<body>
  <table width="100%" height="100%" cellpadding="20">
    <tr>
      <td align="center" valign="middle">
          <div class="cf-browser-verification cf-im-under-attack">
  <noscript>
    <h1 data-translate="turn_on_js" style="color:#bd2426;">Please turn JavaScript on and reload the page.</h1>
  </noscript>
  <div id="cf-content" style="display:none">
    
    <div id="cf-bubbles">
      <div class="bubbles"></div>
      <div class="bubbles"></div>
      <div class="bubbles"></div>
    </div>
    <h1><span data-translate="checking_browser">Checking your browser before accessing</span> pnas.org.</h1>
    
    <div id="no-cookie-warning" class="cookie-warning" data-translate="turn_on_cookies" style="display:none">
      <p data-translate="turn_on_cookies" style="color:#bd2426;">Please enable Cookies and reload the page.</p>
    </div>
    <p data-translate="process_is_automatic">This process is automatic. Your browser will redirect to your requested content shortly.</p>
    <p data-translate="allow_5_secs" id="cf-spinner-allow-5-secs" >Please allow up to 5 seconds&hellip;</p>
    <p data-translate="redirecting" id="cf-spinner-redirecting" style="display:none">Redirecting&hellip;</p>
  </div>
   
  <form class="challenge-form" id="challenge-form" action="/doi/full/10.1073/pnas.1202214109?__cf_chl_f_tk=bVeylM.TFfPVsLYET1quGgOnqDZQw1JfUvnAw7QfEZc-1646511883-0-gaNycGzNByU" method="POST" enctype="application/x-www-form-urlencoded">
    <input type="hidden" name="md" value="nR0ggxCGQ3AJAEX65MKO.ZXiEBZWE6_Electw7GS_Xg-1646511883-0-AcCGrJrVZC6S3yWzE0flSoyS6c35LKQgLTz7XnxktVCxJz1qtZQzfPkWzJ4vrgNJ2RrmH8C-MQtrsiliHrQI0H7NhXd43fcVhyIiXOrclyifhr968x1Zki9qGGKc7za_6OZfIGRWePlrY7GUNFuQTzRK9xASE3M1gMf9nnY6T5WisTrDPHJ7cTGB5PiaN_VYDL3IzE5aA4cDLwUAY7Wzu-L1__jTcVr_Ra22dS6fHoomA5ov15dSSHnU73uBTxts8oK4zotR8dTYIP78VpQ07dDPUoJljygwjVQZWJEHo60VekqwLRZ4TJas3JEN2sAOiMJ8SDCGtBIZRnew7IZlqDIMyjcqm5bE_xe3ApXlT3agqmBOuW_z9bWZbFIHovqmxQvZtAk3UwZgEyV0PloCHmj4UmsRUnM1TRXR_7JgvcEGF2ucs0kjATM1er4wmTSVUGBioZG_az8wQDo44K7DczR7RkTmXSqU9nv2vWRiRHyAaOk3MoMwDg2WzJh-vi1VoA9cPp1eWG9T8hR1HAANrqmI3qd_eipRaZn_W-DGKwMmnnfga3QBmUGso5wXgmCjhL6i534y0UnPLZxvXpZwSBcTN_hTnJYNJTSiiHOlRcQp4ra6euKWceP_11rjonHMS-2ZvsfBCaspIRB7bV5MDc68JLxB_AnezPlbGVgAYEYlA412UzdUZmwttwNGSHZOlA" />
    <input type="hidden" name="r" value="ZuaoIqyf9l7EvJb7lG69mGTmnNmtU4pgPTWCl2MMdV8-1646511883-0-AdIgDbtNLoYkzFN8aW6Cst+cjDSsdrq+0oZQ2/UvjDN3gLGkgN8VxmB33YYXgZJOsipmgcZFExd0LXB31PD8aEkZrt7z5B/1NM8f7qVL3jyvUc4vetbb4womKMf51eT8QWs/oanTPFmAHTSh5Grnl90qLVARjATxOQJWUGc2mT7l4eUjmCu4gycA7tLdiEdlOX1bBn3F4I+jiQRVgG7hI54wwYNFDNSs7/RW//LQN1FC8DvZiuPDPdqYhXVnoWEVr7ILHFLfnUraApLfIcz0uRNaIjnq/pfUq/Vzbs2uDY82Fz3B1IA7O12nYZ19tfh8ZZctuPArqX2fcLTp5fL6SbZ3ApFbXKkr9DmG8G2JZ1AvZF9FsWBAQclsnmjfj3KsizoCQ2NO1E9adwqj5UbCX3gWgKy0GMdhQgLQixptHhyOwU9d0DwVzUcicoYliIry5i/Yzk88gc739CXeIkwiqq0/aewDzEa0cW1cUhTPChZnwbxHFYlbFr5bZLLEMQOFFbVE5+Zw7tlcF343woDIU0ZH4vuJqjkKhG4+R1KKPTYjkcMgXm/I6+elYGD0uizXSL25JmDaswhnKdJNx/zaEpmuoVi+3Zv8scfk6305BWHwN7eHwXFs133h+FUuo5mqDamVjltdkXfu9/eSHhfKIhr12vwIFhUmGjc3/JgqUhXYiUcWA4HteGBTEzYRhpheayk13hJG9BXnrm9XUiljLM+NoxF9IAH/jPWKoUfPKgwkqxZdR9jf5FOdFPQBW8J0JYXWT1Lpc18Y5zrTnMM6eEfeI9FYbwRDyVO9Q1BD7Or1Q2s27bb0q604YLLIh5ReOoeGZrZsA0mqx2J2pByx/ZSZJ2l/laNv2fquPEA0Dvlo0FLkQsiN/L7lgsO/aRV0cZP7xQqcqM6YFDziX03r6WkNDkpUeGq3gLH8tlVFAGRWyxfmN6trN2fe07nlwNtnQRA4XUKUbXt2iXFjwmN+ZN1SK/hl/itsPxJH8RnO1nQFlndoLLZK1moKuHAltYAkT1R93x8UXQdYRqLqlkDdY9WX/DChyMwM3EimR7XhU5oGVpjX5fu3rxcFKltLZtMmrJc1OKgA71iMwS27C4hJL2mxx5Sr9K7aIk4EQAo3XiFzKsgFDElH+/K/6gbgw0cMjshVL66qxGIcnRBIx2782LhkpID0Fx5k/l1NASNiaufl2Agrb/+/jsqY55wyxwyx1VkH956LGj0WEjxesYrP/0b1kRhdWM8PLo1JfrJV8/kXlY5L/dWr56V+M13U87fNdOOCeq5a3Wfboj4t0DLX596VdtkP5NnEVEsP8uO5dudU6PWPwnIJ7SwIjL6lSRytrtosszBXgOTbOrpvgFkfx20C27ukXWRyxcKqY1c3mxctF5T+Q57b76vccSXEN2i/Hy1joY3k0VctiK0R/dBUzfEjGF4qFRRvezxuXGxAeBSU93QRWfY8THXWjBHiTsREeGjY83jg1EkjHQ2Tx7mY8xMitsm+EjRSfvfaewIXZGbzpAYC8wBQN+Q/XLk2LvPQUFV5qMcnuLEdyF6Prn50jYCYFodI0AX5ttYhXTV1mKk20ynE2srXz56TLEgC/N+QM/lwcwZnZkXsd/gtbJAhtKUAEF3PGVqvSLCNRnYU6BbBG5pnYwShc51VcrLBhYPcCtDgTgxhzAXHHpIcsbp16fXvBK+WA5lG1FwxkExYjsRbQ0OzHVUFpsMR4X+HgWAQwBFwEtPDx2x/J0TiUSXwJ6Dpi3dQIZ/1GhnnKVNwccgW"/>
    <input type="hidden" value="9134b5e4417bdb4d029eb9f0d8badd6f" id="jschl-vc" name="jschl_vc"/>
    <!-- <input type="hidden" value="" id="jschl-vc" name="jschl_vc"/> -->
    <input type="hidden" name="pass" value="1646511884.456-rROLQEDT1F"/>
    <input type="hidden" id="jschl-answer" name="jschl_answer"/>
  </form>
     
    <script type="text/javascript">
      //<![CDATA[
      (function(){
          var a = document.getElementById('cf-content');
          a.style.display = 'block';
          var isIE = /(MSIE|Trident\/|Edge\/)/i.test(window.navigator.userAgent);
          var trkjs = isIE ? new Image() : document.createElement('img');
          trkjs.setAttribute("src", "/cdn-cgi/images/trace/jschal/js/transparent.gif?ray=6e7593a78c525325");
          trkjs.id = "trk_jschal_js";
          trkjs.setAttribute("alt", "");
          document.body.appendChild(trkjs);
          var cpo=document.createElement('script');
          cpo.type='text/javascript';
          cpo.src="/cdn-cgi/challenge-platform/h/g/orchestrate/jsch/v1?ray=6e7593a78c525325";
          
          window._cf_chl_opt.cOgUQuery = location.search === '' && location.href.indexOf('?') !== -1 ? '?' : location.search;
          window._cf_chl_opt.cOgUHash = location.hash === '' && location.href.indexOf('#') !== -1 ? '#' : location.hash;
          if (window._cf_chl_opt.cUPMDTk && window.history && window.history.replaceState) {
            var ogU = location.pathname + window._cf_chl_opt.cOgUQuery + window._cf_chl_opt.cOgUHash;
            history.replaceState(null, null, "\/doi\/full\/10.1073\/pnas.1202214109?__cf_chl_rt_tk=bVeylM.TFfPVsLYET1quGgOnqDZQw1JfUvnAw7QfEZc-1646511883-0-gaNycGzNByU" + window._cf_chl_opt.cOgUHash);
            cpo.onload = function() {
              history.replaceState(null, null, ogU);
            };
          }
          
          document.getElementsByTagName('head')[0].appendChild(cpo);
        }());
      //]]>
    </script>
  

  
  <div id="trk_jschal_nojs" style="background-image:url('/cdn-cgi/images/trace/jschal/nojs/transparent.gif?ray=6e7593a78c525325')"> </div>
</div>

          
          <div class="attribution">
            DDoS protection by <a rel="noopener noreferrer" href="https://www.cloudflare.com/5xx-error-landing/" target="_blank">Cloudflare</a>
            <br />
            <span class="ray_id">Ray ID: <code>6e7593a78c525325</code></span>
          </div>
      </td>
     
    </tr>
  </table>
</body>
</html>
