<!DOCTYPE HTML>
<html lang="en-US">
<head>
  <meta charset="UTF-8" />
  <meta http-equiv="Content-Type" content="text/html; charset=UTF-8" />
  <meta http-equiv="X-UA-Compatible" content="IE=Edge,chrome=1" />
  <meta name="robots" content="noindex, nofollow" />
  <meta name="viewport" content="width=device-width,initial-scale=1" />
  <title>Just a moment...</title>
  <style type="text/css">
    html, body {width: 100%; height: 100%; margin: 0; padding: 0;}
    body {background-color: #ffffff; color: #000000; font-family:-apple-system, system-ui, BlinkMacSystemFont, "Segoe UI", Roboto, Oxygen, Ubuntu, "Helvetica Neue",Arial, sans-serif; font-size: 16px; line-height: 1.7em;-webkit-font-smoothing: antialiased;}
    h1 { text-align: center; font-weight:700; margin: 16px 0; font-size: 32px; color:#000000; line-height: 1.25;}
    p {font-size: 20px; font-weight: 400; margin: 8px 0;}
    p, .attribution, {text-align: center;}
    #spinner {margin: 0 auto 30px auto; display: block;}
    .attribution {margin-top: 32px;}
    @keyframes fader     { 0% {opacity: 0.2;} 50% {opacity: 1.0;} 100% {opacity: 0.2;} }
    @-webkit-keyframes fader { 0% {opacity: 0.2;} 50% {opacity: 1.0;} 100% {opacity: 0.2;} }
    #cf-bubbles > .bubbles { animation: fader 1.6s infinite;}
    #cf-bubbles > .bubbles:nth-child(2) { animation-delay: .2s;}
    #cf-bubbles > .bubbles:nth-child(3) { animation-delay: .4s;}
    .bubbles { background-color: #f58220; width:20px; height: 20px; margin:2px; border-radius:100%; display:inline-block; }
    a { color: #2c7cb0; text-decoration: none; -moz-transition: color 0.15s ease; -o-transition: color 0.15s ease; -webkit-transition: color 0.15s ease; transition: color 0.15s ease; }
    a:hover{color: #f4a15d}
    .attribution{font-size: 16px; line-height: 1.5;}
    .ray_id{display: block; margin-top: 8px;}
    #cf-wrapper #challenge-form { padding-top:25px; padding-bottom:25px; }
    #cf-hcaptcha-container { text-align:center;}
    #cf-hcaptcha-container iframe { display: inline-block;}
  </style>

      <meta http-equiv="refresh" content="35">
  <script type="text/javascript">
    //<![CDATA[
    (function(){
      
      window._cf_chl_opt={
        cvId: "2",
        cType: "non-interactive",
        cNounce: "58425",
        cRay: "6e7593a95e947af6",
        cHash: "0a867957b16cc80",
        cUPMDTk: "\/doi\/full\/10.1073\/pnas.1310331110?__cf_chl_tk=bVeylM.TFfPVsLYET1quGgOnqDZQw1JfUvnAw7QfEZc-1646511883-0-gaNycGzNByU",
        cFPWv: "g",
        cTTimeMs: "1000",
        cRq: {
          ru: "aHR0cHM6Ly9wbmFzLm9yZy9kb2kvZnVsbC8xMC4xMDczL3BuYXMuMTMxMDMzMTExMA==",
          ra: "cHl0aG9uLXJlcXVlc3RzLzIuMjUuMQ==",
          rm: "R0VU",
          d: "ygA7PmhPiUaRRW0Xmp4Xuf9tFs0YytMpM4hVkf9nR3aUt/o626xM1Z0fJLed5IbmD/WOElX7xq9PgjBKxeDl5bzvT3gjThIxgMme38Kj/x7lpuWrdKShtH0959BfvErYeHbUH5z7SaeVT70LsfjuecuNmdM6hKk7OyE3d1V6MZ+hfpLqdIFcfyNYpCDrR0lhtfw29jojRi7DrN6eCuHx50FqYuRy31BDrWKYUJqNj+FeNmwTktNvdiFaMf4lMCSDXOM89oS4DljyV2jkRZOUV0fZJ0ZeMte6zc1/pms7gB7Zn967GGyt6xyut6e6WhYoZzNF7hVyyGe9UHWdx2NDc3q3HkwZCUvM4DlRkYvwEyIpq5jUQtPRTYKuBOf0avwf3rGaiHqj8ca2rQGCfrr1jsnLCNF9Awp3rCBvGfhIoQQwBMKuIkNHOR8bkq5FBS+ha0YaEg3lop8PzPoQGeJJNHPGdSwt/rIh948sun4fftNfdTv+vOwjtvebsJE6acUePK3Nzu8BhXx+y5LQEaFNbbcVMrrrOWDx1PCtgd1yxGnQZpEv7JXeTHz9eHgYgYC9",
          t: "MTY0NjUxMTg4My43NDUwMDA=",
          m: "F6roIfGB8s3g7vRMF8sXJG7ZoP+N0YUHVVM90HY6M+c=",
          i1: "erZMikJo4rnlR4tsJxbTEQ==",
          i2: "rg+2VShTt3jQPPAm+tBxbw==",
          zh: "3XlKis5p8b5hgWF1bd9UgdW3b/8bjeC7/AQO0MH0R2I=",
          uh: "5GU+jYv2xJ+bCaE/ARmi/DORbiS/v56CW7E0TH4XWQk=",
          hh: "6jVH8R5/dXJ8mumrU5DmpMUHjcN9o1Dtj1SOBRoFflw=",
        }
      }
      window._cf_chl_enter = function(){window._cf_chl_opt.p=1};
      
    })();
    //]]>
  </script>
  

</head>
<body>
  <table width="100%" height="100%" cellpadding="20">
    <tr>
      <td align="center" valign="middle">
          <div class="cf-browser-verification cf-im-under-attack">
  <noscript>
    <h1 data-translate="turn_on_js" style="color:#bd2426;">Please turn JavaScript on and reload the page.</h1>
  </noscript>
  <div id="cf-content" style="display:none">
    
    <div id="cf-bubbles">
      <div class="bubbles"></div>
      <div class="bubbles"></div>
      <div class="bubbles"></div>
    </div>
    <h1><span data-translate="checking_browser">Checking your browser before accessing</span> pnas.org.</h1>
    
    <div id="no-cookie-warning" class="cookie-warning" data-translate="turn_on_cookies" style="display:none">
      <p data-translate="turn_on_cookies" style="color:#bd2426;">Please enable Cookies and reload the page.</p>
    </div>
    <p data-translate="process_is_automatic">This process is automatic. Your browser will redirect to your requested content shortly.</p>
    <p data-translate="allow_5_secs" id="cf-spinner-allow-5-secs" >Please allow up to 5 seconds&hellip;</p>
    <p data-translate="redirecting" id="cf-spinner-redirecting" style="display:none">Redirecting&hellip;</p>
  </div>
   
  <form class="challenge-form" id="challenge-form" action="/doi/full/10.1073/pnas.1310331110?__cf_chl_f_tk=bVeylM.TFfPVsLYET1quGgOnqDZQw1JfUvnAw7QfEZc-1646511883-0-gaNycGzNByU" method="POST" enctype="application/x-www-form-urlencoded">
    <input type="hidden" name="md" value="onoRR3GQKUSzn3CTCBaSG3R7xT2NmyXOpJStzqRjTeQ-1646511883-0-Ad4P3Sm-XJ5jFu8FUqGvbe6GKNQRUdiAmMO6ZALB9O6z5mUVEV1hxodMq2q9JN-RVXGBx65YyfJnL_5JO1lRwXYbyrZJrgeFPbIqkFlp4I5xWPKRtQuifmN0ZHHFeTTs_T2ihufd2vu2PNrP3_NZdcqbnZKPlN_JQjlzlD1SvPij9tFB-RcBRYr37b5KdG9XwTHDHuALaqIYbwdBAZYZLbqZ6ydbT3NHZWZTTll6_jrs0nKfh3yIXN1B_DF1tfocrR4-PnSTKCRo4ut5QBm9GOfsXNepSZP6lDk9To47qjNtg1B05OAHMCxzFqjGaPgw79jDzDcftQC82pHYPftU_5Yi2Gdi5b5Jiskg0Bt2WzdiLGTWt09jy3zk0KxvuFAlJWngMSjX-F74cDj3SfsLUY-fpsE4PcyAoYqzTGtQI7Ecmooe9dwo1l_moiJbDpg2mCjLSoFLTVA_40E9hEy4bUFMb05_x1ITGGopXmjs2sgKMnNqtchslhx3r2YWgLYc9zdeJU7s93HB-UarG9oD2iNZoHzlNucfLQ7qHjC26CZGA7r8o9DfuKiGJMdqqK3EX9pg9nyS8xfZ6ZC6-YZESPReA_BlyNjeAY5n8nTRUoBvV9rvYiHeF5Z4oNl_FiXI4OAhmECMGczpgnRr6qqMBsmkzHXMVBM4XfO0Nv4grVp1CMtsJJWcoTWjZTsWwibJJA" />
    <input type="hidden" name="r" value="LDS6E.9O5zean.Pt8QVFl_6lUyOCGUVwTQzx3ShrA6Y-1646511883-0-Ab3r6U0s1t06w++Da9ZgYSqtK0PHmgzMX3tneq98VUyQKnvnGI7KpJm+O0N7i+sB0j30jBUQMS+22IqfqYCE75pOWQI3P52k7CCK5firi8/bCQYooMhTsqcH8FJ3sZT2t9Jnu3i3QpvOPVcvcPY2M6Chj04lKGXk5cEgdEo2CP8whjopAbBg3KW9ZC5jzBZO3Pa7UMRuhAewyj8UAXBRBBRFUOjLL0x+hVgPxYWe+WWArqTZozO/NDYh9OfrcPSFfwmZaz20CU1VZJIwGmFvF3JuH6NN5G9sin8gWIw4DbW+jOfDpJU8UnFqnJjJL7PBsztuCqQZ7/41kmcXPI3SIY/t3DM+CcFqBkvLftw3T/8lklUey77SM9pvyfEY1ifvw4wXKlOonApMqV900qMYJXbCAOcm6K1SKnF4zeKmomDtBoueKdVq3EVkuukT36xLLQnqyAQifPw270C6OB5EDVLjZBxCHozGyDc6V4UJmnDgmclpbDJ8UZUOeQL+a3keNEgFMe1F4Vta9M4GJ79INg5oxg2837ZnnlBeJcJtJORLhyOh/vr59jYovsWvi0F0cR37Tu+fxmxA26DXoH6etOEeP6D6rBUMkWBqe3VthsMlBOqvw6nvtuZ14zVFZpUx9xBSDtSj1lI5yYhISMLyddsbISQwFZ6mYG1n43jqiL+bJw1eRXRZxSDAQxYKbiqiO/DvInWj3w1fYYkbGHKuZ5gy/7Ralb9W1ZCYGPt0DQQvxfyhTUUVogFJ5oyeyuqTCpmAhMZdU0nsMwh/Bry/1puGiHvlsXZwmJmKnNcNA67OkQ12IoKtE3aMQv/7tkhzDfBPwt7Po/vyXw9JlfoPvA4NTMueQVf0P1bVniWs1GfyrkbKN0U66ce64oRAeTwrU25E9EMIo3w1232k4mMYEHZM4UVp6+1zfpdrkVjFS6rXvGnpEhAH4v4UCiS6iuNLp+oiKTA0B72Ywsmf9KB2oFEiU9Goa2HwvosdhwAFYh+366ZxS8dmQbHXV/lygCtxe6sdPDlonAeLMPqXmgpu0BtO8I9fo/bT6HB2OsOWX0tzv13sI6VGqUb17kx4StqnwBZSVNj/aD45RMkQh0pJGGLE039F+iHdzoipqPf3brv5exq9Qb/5nEhzz/ENnwadY3C0ay6Bz+d7nYoQtFw2UNZKfWIjV4C6O8FsNDPvIu2hjxlrvh1LckgSWlpB4xXKVgUUahPXhfqt3S8CvglGwNBDmQFBn/y7FuVjbESu/VZlgGWWta24FqxIMe/VLLKvby2w5p50kAkhZdYHFoEHXDJSe4cwuteCdvMEO+WBLrXk7VXhG2duurrY6KOxVGvotwcMPF/kmOz+m1kq2s5QX6HSJWKsQaAzUdKZQoK2+Ndmzkv/MI15QB3nxH4fIN8AYg+E3h3oCVEfZQCJu3cpiYYLBuMaLHR+e3UQ6Iuw2UbSjnC00jNLvOtf0LfLxwrutSmH3TkD7+llVR9hwR9mIYZUOgzLbyDURrCVbhTc4+1c6nZHGoHRxPVgk+g0Oy6dsT3LwNvHsqBE4YkPnvdW/K+PfYVn+ej2PjuPXdZd1cd9rqMoWZCp2cU9CVnOUXP7YltzXd/87ArYWBgc2z4smDzZwTZTRJzxqg6vQzpP01q/r7chSdpXh4WIvU5y5J7WXbhdYcPx/rtdOuw07GhSyaltGyEduOq4cQuj0gh5eL/kLic7Rnh2NP7FPjhEGGvFioUa912MjgVNeNTw07nL4cWwIIlgU+xVIDSrI8nEtV8k"/>
    <input type="hidden" value="d929eb977ed4763c65beeb395a42a5b5" id="jschl-vc" name="jschl_vc"/>
    <!-- <input type="hidden" value="" id="jschl-vc" name="jschl_vc"/> -->
    <input type="hidden" name="pass" value="1646511884.745-QGptnzWpEi"/>
    <input type="hidden" id="jschl-answer" name="jschl_answer"/>
  </form>
     
    <script type="text/javascript">
      //<![CDATA[
      (function(){
          var a = document.getElementById('cf-content');
          a.style.display = 'block';
          var isIE = /(MSIE|Trident\/|Edge\/)/i.test(window.navigator.userAgent);
          var trkjs = isIE ? new Image() : document.createElement('img');
          trkjs.setAttribute("src", "/cdn-cgi/images/trace/jschal/js/transparent.gif?ray=6e7593a95e947af6");
          trkjs.id = "trk_jschal_js";
          trkjs.setAttribute("alt", "");
          document.body.appendChild(trkjs);
          var cpo=document.createElement('script');
          cpo.type='text/javascript';
          cpo.src="/cdn-cgi/challenge-platform/h/g/orchestrate/jsch/v1?ray=6e7593a95e947af6";
          
          window._cf_chl_opt.cOgUQuery = location.search === '' && location.href.indexOf('?') !== -1 ? '?' : location.search;
          window._cf_chl_opt.cOgUHash = location.hash === '' && location.href.indexOf('#') !== -1 ? '#' : location.hash;
          if (window._cf_chl_opt.cUPMDTk && window.history && window.history.replaceState) {
            var ogU = location.pathname + window._cf_chl_opt.cOgUQuery + window._cf_chl_opt.cOgUHash;
            history.replaceState(null, null, "\/doi\/full\/10.1073\/pnas.1310331110?__cf_chl_rt_tk=bVeylM.TFfPVsLYET1quGgOnqDZQw1JfUvnAw7QfEZc-1646511883-0-gaNycGzNByU" + window._cf_chl_opt.cOgUHash);
            cpo.onload = function() {
              history.replaceState(null, null, ogU);
            };
          }
          
          document.getElementsByTagName('head')[0].appendChild(cpo);
        }());
      //]]>
    </script>
  

  
  <div id="trk_jschal_nojs" style="background-image:url('/cdn-cgi/images/trace/jschal/nojs/transparent.gif?ray=6e7593a95e947af6')"> </div>
</div>

          
          <div class="attribution">
            DDoS protection by <a rel="noopener noreferrer" href="https://www.cloudflare.com/5xx-error-landing/" target="_blank">Cloudflare</a>
            <br />
            <span class="ray_id">Ray ID: <code>6e7593a95e947af6</code></span>
          </div>
      </td>
     
    </tr>
  </table>
</body>
</html>
