<!DOCTYPE HTML>
<html lang="en-US">
<head>
  <meta charset="UTF-8" />
  <meta http-equiv="Content-Type" content="text/html; charset=UTF-8" />
  <meta http-equiv="X-UA-Compatible" content="IE=Edge,chrome=1" />
  <meta name="robots" content="noindex, nofollow" />
  <meta name="viewport" content="width=device-width,initial-scale=1" />
  <title>Just a moment...</title>
  <style type="text/css">
    html, body {width: 100%; height: 100%; margin: 0; padding: 0;}
    body {background-color: #ffffff; color: #000000; font-family:-apple-system, system-ui, BlinkMacSystemFont, "Segoe UI", Roboto, Oxygen, Ubuntu, "Helvetica Neue",Arial, sans-serif; font-size: 16px; line-height: 1.7em;-webkit-font-smoothing: antialiased;}
    h1 { text-align: center; font-weight:700; margin: 16px 0; font-size: 32px; color:#000000; line-height: 1.25;}
    p {font-size: 20px; font-weight: 400; margin: 8px 0;}
    p, .attribution, {text-align: center;}
    #spinner {margin: 0 auto 30px auto; display: block;}
    .attribution {margin-top: 32px;}
    @keyframes fader     { 0% {opacity: 0.2;} 50% {opacity: 1.0;} 100% {opacity: 0.2;} }
    @-webkit-keyframes fader { 0% {opacity: 0.2;} 50% {opacity: 1.0;} 100% {opacity: 0.2;} }
    #cf-bubbles > .bubbles { animation: fader 1.6s infinite;}
    #cf-bubbles > .bubbles:nth-child(2) { animation-delay: .2s;}
    #cf-bubbles > .bubbles:nth-child(3) { animation-delay: .4s;}
    .bubbles { background-color: #f58220; width:20px; height: 20px; margin:2px; border-radius:100%; display:inline-block; }
    a { color: #2c7cb0; text-decoration: none; -moz-transition: color 0.15s ease; -o-transition: color 0.15s ease; -webkit-transition: color 0.15s ease; transition: color 0.15s ease; }
    a:hover{color: #f4a15d}
    .attribution{font-size: 16px; line-height: 1.5;}
    .ray_id{display: block; margin-top: 8px;}
    #cf-wrapper #challenge-form { padding-top:25px; padding-bottom:25px; }
    #cf-hcaptcha-container { text-align:center;}
    #cf-hcaptcha-container iframe { display: inline-block;}
  </style>

      <meta http-equiv="refresh" content="35">
  <script type="text/javascript">
    //<![CDATA[
    (function(){
      
      window._cf_chl_opt={
        cvId: "2",
        cType: "non-interactive",
        cNounce: "48766",
        cRay: "6e7593adba1d7c27",
        cHash: "e5857d1c183f42d",
        cUPMDTk: "\/doi\/full\/10.1073\/pnas.1319190110?__cf_chl_tk=D35f_qjokezgvtBJFF_RRX.KyPpOXfIYC59dVIdcnjQ-1646511884-0-gaNycGzNBxE",
        cFPWv: "g",
        cTTimeMs: "1000",
        cRq: {
          ru: "aHR0cHM6Ly9wbmFzLm9yZy9kb2kvZnVsbC8xMC4xMDczL3BuYXMuMTMxOTE5MDExMA==",
          ra: "cHl0aG9uLXJlcXVlc3RzLzIuMjUuMQ==",
          rm: "R0VU",
          d: "2fO+5Nwp/TMtlS9SOgC1HThZNGwl46MNbr1Or6FqZ1d3AKfgg/13n0fDJNdQcDnZdzV/xwmcPaaNmDC36Ns02L5p/3HTgB8rYQzpjkRWG0RRLxLoVOlhjTcNSmcIBH6FlQPqNov8cfTipdr9OSmv09Auzn4GqJ8kadW7jyzBKZd+85JmFezoY09KMsPn1FfqVgcqxUz1qaANMit24Za7HsgnfXoFxXhoGbJhp2AWe9fVEJgGrpBaafdVRxowkYRc2ydenk0NVBvfoL0EKLMvvkxkbiDVk6PA27g/ndRGbKz3y6X9DnMX+6K4JaOPxn7w2iBCEoXuTX/oCvakNuWIwiphvKtbt/FWmLLGRw3+Uad3g55MEQIptjCEl8vjjsancJdR2IE9zTSXy8QwhYvUsaYXyLBuVK0YlsAMjMI275kYyRWNlTp4QGBy7koWz0mVXbIMDwa502X5R3CZaZpD3iXsyzsM7sm5V9cZ8CRWd05UH9yXoUjYGnWSuUFJHxCmX5QU9lju6gJA3C+pusVop6VQ5tFug4r89870cYcjY7veNMCwe7PosOBj5exYlc9t",
          t: "MTY0NjUxMTg4NC40NTAwMDA=",
          m: "Ho6TKoZiFJeVry02u/diFZUjsfSYXlF9kqjCGgodTZ8=",
          i1: "lms6wbgbRRynKcBeLIxDMA==",
          i2: "CHfinZZLHu9qk9QFVlTjMw==",
          zh: "3XlKis5p8b5hgWF1bd9UgdW3b/8bjeC7/AQO0MH0R2I=",
          uh: "5GU+jYv2xJ+bCaE/ARmi/DORbiS/v56CW7E0TH4XWQk=",
          hh: "6jVH8R5/dXJ8mumrU5DmpMUHjcN9o1Dtj1SOBRoFflw=",
        }
      }
      window._cf_chl_enter = function(){window._cf_chl_opt.p=1};
      
    })();
    //]]>
  </script>
  

</head>
<body>
  <table width="100%" height="100%" cellpadding="20">
    <tr>
      <td align="center" valign="middle">
          <div class="cf-browser-verification cf-im-under-attack">
  <noscript>
    <h1 data-translate="turn_on_js" style="color:#bd2426;">Please turn JavaScript on and reload the page.</h1>
  </noscript>
  <div id="cf-content" style="display:none">
    
    <div id="cf-bubbles">
      <div class="bubbles"></div>
      <div class="bubbles"></div>
      <div class="bubbles"></div>
    </div>
    <h1><span data-translate="checking_browser">Checking your browser before accessing</span> pnas.org.</h1>
    
    <div id="no-cookie-warning" class="cookie-warning" data-translate="turn_on_cookies" style="display:none">
      <p data-translate="turn_on_cookies" style="color:#bd2426;">Please enable Cookies and reload the page.</p>
    </div>
    <p data-translate="process_is_automatic">This process is automatic. Your browser will redirect to your requested content shortly.</p>
    <p data-translate="allow_5_secs" id="cf-spinner-allow-5-secs" >Please allow up to 5 seconds&hellip;</p>
    <p data-translate="redirecting" id="cf-spinner-redirecting" style="display:none">Redirecting&hellip;</p>
  </div>
   
  <form class="challenge-form" id="challenge-form" action="/doi/full/10.1073/pnas.1319190110?__cf_chl_f_tk=D35f_qjokezgvtBJFF_RRX.KyPpOXfIYC59dVIdcnjQ-1646511884-0-gaNycGzNBxE" method="POST" enctype="application/x-www-form-urlencoded">
    <input type="hidden" name="md" value="FIJmGANWeIWmF3rTsUbl5VunSSnxZcF5cqTeo2zcixE-1646511884-0-ATzp-Chg2tnJ5629g0CJixhbXvszKnDGmeDp2qdhRqfLkldXqf57ltn4BqwJx9NfylcFc_6mwzn6UFuzWM4IIhQEghNPxSIt9CEdbI-KBornP9PbKgXQK3onBrvQ-9uj4biIuYLeEc0NH4tjZrxBnhuWOnZeybF5pfst8a-_zd2Gcw65Xts8W9YlOjRDgtxGnQ1J6WEkt5A_p2VXt6hnbRNxITKgl1_6k6DQNMenlVHiidZpmOnrUgonR0hEH9lEfGjmYE4Rv0buvtOG_wnTxP5berRhfLRV-keUy1axPibjO3-ZS0IhQaGcB0iIuoM1NcxcyCBwVzD0IhcresJaLpaDm4igBfPGW4FkPLLE5EkQ-HLGW3WANsqvQm43rBgoWLJ0ZfDFd2u66kx1p68dtjG3MwmVTe3zkfe3Q0fMdahgmEfMQC5FZ0ZTgFilDuHd5RFOVop4LYqmFcRqOh8Zmv2yfDQOx0u50mrMbQ1yVA67qXUz8cinYlZjz7tu9uHeeDEGIlS8X_6dTlvJsJxuzOlVWlp9UrbMdogj7_v9PjLh4VAJ0oHUDmPiyc2NOaH8ubOQSoyzEbcRDzgOvUsX-afIrEYTvgTyxaNkF_6NroxLLcg4JBFqWK1fNhjPlKAE9drYkp8R7hflW4Qc37f121X7ukzWLxChpJ6YOvVZGArC3thaCEV3L4IAkPnp0hBKHw" />
    <input type="hidden" name="r" value="AOXxAQLssXAKyrdRf8VDePdmCB.2jWW7.kjo_WJTH1k-1646511884-0-AfflNOg0sF7yT1eE5SceDz+h6n2G3inez7P4YC6/hHkVDr2bUsACdBCH7mYO8HvV5wmLg0kJXE3SlXMqRaz2HpgmJzy4KDtYM3EvzXYT9u7jk7wr2Pwerko5j0UrfRZt5t2WCE6GGeG1ajzZa3HJ495RO+oV31L721pPOf0YM1y9lNHFqTQaLuswZob05T8oKA5aSeeugSieBS0dN8NrMECz7G+a82M6F98NhiOuMNi+vC1ktlPk2RrBh5RbYz+PahWD6VLXoYGPO3rcfXfBKgMW0jwOBrbgWiczIQpb4FVFUr02d4GarpBjvXNGdqIp8rOmt0XVwnTraizEjDWsOjxTh+RbEJ3eFmQRA/Q1rWvISfOG/C72MKPstkG7/UxLdOAf3k7Loe1hkRMYG6NmjlEO8/qgo9vhgaH2NM53/h9OA5fWcsHguEuVgpwRhs54bIykvgV8PdOAf9eXxDYj3HjjMhaJwALLZTAKTe+HQRUrZcYqyTUgzfivv8ijjGAsFlkjF3XUv5F6cXySjIxBQznQ6gUGSg2OeH8fj1EeLaon+pLb4rJ99ctSCDAz6kNG4A4uq/6SU9xUWefcU26qRpLguVfqU9koJKiT01j+j0VlzEKbFw/ldJsZX5KGVSi5En1/lU5HJpaMsZW/dOt1abwPy5L/hIt4Yc5i1I5crVitQCUQjXHWS69cY0DInqhhQZwQj1X5IKbPX1iWSgi8PQZ4ixYsjJbrxC22wzpNQQEXtHxCYlDc9z2MHRNnEXgsuTWaw4sAaJl2ObMLxxBfm+rJ02jU+8Ds0HIgCp2E4zmD2BoxlhvayQA0EsdbWMoxun8tXtJUsAtCCh/aR5ecfAxluB0v1UWSbUKa2j9kklyRdjmagzeH9WkTDSxCrrTyRWVhztDnRINUpBDaFnbNjSFIFSIyHXoGHhW5xIE6AvM6RNen4M33AsnPc5+tu1Abhl4LaSyrMggnW86sHsX0JYCcA+mv2jTqXZvi2+xZ4e8Pwmwp6VcnncwCDMQFHF5H/WTAfeEuH1VSoWomEuhkXbbifN/og72qbqfKqM/4jFmddESL7KAvj9WqFPRA1hJXttwFHI9q0kETj42+nLb1I1JDf0vfUbhPpudMDcVRn+h2qyw2YmjQDrugyqW5h0Ucgc7dwcW2RAdJCqGNIa2jlZ62SnZ1z2dSoDjxeDo9brgsGEDWntotStgDgHjHtmalicBtDmVlBUxOVYj4g/rvcTglBZ7XXag9OiLF0/H4889EWXek6+cL9ZnEHFi8l8CB0G83oVtxbh2Sfq/7Lx+TSx42AgWT8Y0UKRZP/lNfBavhHH3OJXK84EzX0rpBquMRzAlUocoOm9E7jNYEpIkiqI3da9nursfhr7UyikxZK8OaZI5r4LIV+xjRM2UK0Kn/EF3wWprTftX9wuEBcU0K7XWdN1a0PfqYthHNY3/QamM2Io1/4jhgGf8rM7Iuvh7354LKijoSEAQvw+MrQj6+su5W/u8tkghxptH0ijWypsM2T2giWCVqqXQGemu2ypDHtifr59OiJeJM45hHW/FK9D6EHRBMCwYb0dhqaVPTl+rc125cu8InV70qZnh3Hnl/y/rZFoi0Ev3nfJgeXNOl+svxECtfeuSs7wM2JudJ60he1Wtwro+/b/1Kmmx1Z43QWuvhs2W6BNCQlbC6EwnUU67QqpOnMius6hOdpN59fp6HKLxAnqOwdQCtOtLeRO5nBXPm3Z3h27YjPGd6eZugmz4="/>
    <input type="hidden" value="f593e3af2a4b8ca50a5efba5f8d07cad" id="jschl-vc" name="jschl_vc"/>
    <!-- <input type="hidden" value="" id="jschl-vc" name="jschl_vc"/> -->
    <input type="hidden" name="pass" value="1646511885.45-tEYs+AXBAx"/>
    <input type="hidden" id="jschl-answer" name="jschl_answer"/>
  </form>
     
    <script type="text/javascript">
      //<![CDATA[
      (function(){
          var a = document.getElementById('cf-content');
          a.style.display = 'block';
          var isIE = /(MSIE|Trident\/|Edge\/)/i.test(window.navigator.userAgent);
          var trkjs = isIE ? new Image() : document.createElement('img');
          trkjs.setAttribute("src", "/cdn-cgi/images/trace/jschal/js/transparent.gif?ray=6e7593adba1d7c27");
          trkjs.id = "trk_jschal_js";
          trkjs.setAttribute("alt", "");
          document.body.appendChild(trkjs);
          var cpo=document.createElement('script');
          cpo.type='text/javascript';
          cpo.src="/cdn-cgi/challenge-platform/h/g/orchestrate/jsch/v1?ray=6e7593adba1d7c27";
          
          window._cf_chl_opt.cOgUQuery = location.search === '' && location.href.indexOf('?') !== -1 ? '?' : location.search;
          window._cf_chl_opt.cOgUHash = location.hash === '' && location.href.indexOf('#') !== -1 ? '#' : location.hash;
          if (window._cf_chl_opt.cUPMDTk && window.history && window.history.replaceState) {
            var ogU = location.pathname + window._cf_chl_opt.cOgUQuery + window._cf_chl_opt.cOgUHash;
            history.replaceState(null, null, "\/doi\/full\/10.1073\/pnas.1319190110?__cf_chl_rt_tk=D35f_qjokezgvtBJFF_RRX.KyPpOXfIYC59dVIdcnjQ-1646511884-0-gaNycGzNBxE" + window._cf_chl_opt.cOgUHash);
            cpo.onload = function() {
              history.replaceState(null, null, ogU);
            };
          }
          
          document.getElementsByTagName('head')[0].appendChild(cpo);
        }());
      //]]>
    </script>
  

  
  <div id="trk_jschal_nojs" style="background-image:url('/cdn-cgi/images/trace/jschal/nojs/transparent.gif?ray=6e7593adba1d7c27')"> </div>
</div>

          
          <div class="attribution">
            DDoS protection by <a rel="noopener noreferrer" href="https://www.cloudflare.com/5xx-error-landing/" target="_blank">Cloudflare</a>
            <br />
            <span class="ray_id">Ray ID: <code>6e7593adba1d7c27</code></span>
          </div>
      </td>
     
    </tr>
  </table>
</body>
</html>
