<!DOCTYPE HTML>
<html lang="en-US">
<head>
  <meta charset="UTF-8" />
  <meta http-equiv="Content-Type" content="text/html; charset=UTF-8" />
  <meta http-equiv="X-UA-Compatible" content="IE=Edge,chrome=1" />
  <meta name="robots" content="noindex, nofollow" />
  <meta name="viewport" content="width=device-width,initial-scale=1" />
  <title>Just a moment...</title>
  <style type="text/css">
    html, body {width: 100%; height: 100%; margin: 0; padding: 0;}
    body {background-color: #ffffff; color: #000000; font-family:-apple-system, system-ui, BlinkMacSystemFont, "Segoe UI", Roboto, Oxygen, Ubuntu, "Helvetica Neue",Arial, sans-serif; font-size: 16px; line-height: 1.7em;-webkit-font-smoothing: antialiased;}
    h1 { text-align: center; font-weight:700; margin: 16px 0; font-size: 32px; color:#000000; line-height: 1.25;}
    p {font-size: 20px; font-weight: 400; margin: 8px 0;}
    p, .attribution, {text-align: center;}
    #spinner {margin: 0 auto 30px auto; display: block;}
    .attribution {margin-top: 32px;}
    @keyframes fader     { 0% {opacity: 0.2;} 50% {opacity: 1.0;} 100% {opacity: 0.2;} }
    @-webkit-keyframes fader { 0% {opacity: 0.2;} 50% {opacity: 1.0;} 100% {opacity: 0.2;} }
    #cf-bubbles > .bubbles { animation: fader 1.6s infinite;}
    #cf-bubbles > .bubbles:nth-child(2) { animation-delay: .2s;}
    #cf-bubbles > .bubbles:nth-child(3) { animation-delay: .4s;}
    .bubbles { background-color: #f58220; width:20px; height: 20px; margin:2px; border-radius:100%; display:inline-block; }
    a { color: #2c7cb0; text-decoration: none; -moz-transition: color 0.15s ease; -o-transition: color 0.15s ease; -webkit-transition: color 0.15s ease; transition: color 0.15s ease; }
    a:hover{color: #f4a15d}
    .attribution{font-size: 16px; line-height: 1.5;}
    .ray_id{display: block; margin-top: 8px;}
    #cf-wrapper #challenge-form { padding-top:25px; padding-bottom:25px; }
    #cf-hcaptcha-container { text-align:center;}
    #cf-hcaptcha-container iframe { display: inline-block;}
  </style>

      <meta http-equiv="refresh" content="35">
  <script type="text/javascript">
    //<![CDATA[
    (function(){
      
      window._cf_chl_opt={
        cvId: "2",
        cType: "non-interactive",
        cNounce: "54363",
        cRay: "6e7591d92b467bda",
        cHash: "b543cc4245e0880",
        cUPMDTk: "\/doi\/10.1128\/mBio.00495-12?__cf_chl_tk=czicYQDFMRHMzpeWivxspAfdpH_3QueyBtXKWHBh7Sw-1646511809-0-gaNycGzNBz0",
        cFPWv: "g",
        cTTimeMs: "1000",
        cRq: {
          ru: "aHR0cHM6Ly9qb3VybmFscy5hc20ub3JnL2RvaS8xMC4xMTI4L21CaW8uMDA0OTUtMTI=",
          ra: "cHl0aG9uLXJlcXVlc3RzLzIuMjUuMQ==",
          rm: "R0VU",
          d: "Dm1eeXabyjASV3MuUkKbjcDs7aMa2mk4LmigjgL3T1oDaDAoryYq8+iIudvH9Feaolr0wfhb7AXj1L5zqCxOLLV7+oMvt3Fs0iBwntA+BhWJ71F2t3KigY//oDBXnVl8EBGy0p8NCnAdyiDWhOzw50C3btj6Blyeah6txdMGv5bBW1m2In8IQokwQr55ZspgRKCdwkM6pJMOBCMDwieHy5J9D0YD7rPrc0iLhAFcyi/FDyRKdzf3YOSOWaJlc5g9IbEoRMFxDuenTNsFdnjJVwvA40zb47yp/OiojvZvkR5xaNx6QM0fjvTeAyydY4LlSxhY+2C9+hZDEMXXRiR1dy7/uysB4YkzmPbv3otqGaccQEv42Iww2fb0FxQrtly6ruNUt8eRA07/5lN7BhMejAzZrxxge9a7clg3JBNoU1eV5fxIgYjhzJ3rxpcQJ040vesMPZHql7q7suzTTb45IN0QmxsXLSk8T5yB5J164JAOpkgYp5MV87IcxB1ZSG+i9v0bdhZ79HoU7Bg28dvdQfU7v6+GejNwraRUf5jF9naG3p3l2h1dT49Bh32IcQx/",
          t: "MTY0NjUxMTgwOS40NjkwMDA=",
          m: "kQapFLJsSLPe7ofiWg+A3EJGOeuKwCwd23ZQ8BuzYhE=",
          i1: "fSWweVe1jAbDf7KPmPX+Xw==",
          i2: "X7ZsSjzwarz00QnGrNNi+w==",
          zh: "Wdpz5DKIdp61fw1xi4/5+xF7d1QEaZ1MFNsdHIgPg6o=",
          uh: "5GU+jYv2xJ+bCaE/ARmi/DORbiS/v56CW7E0TH4XWQk=",
          hh: "kD0SA7WPJmOf4c5gVlTVLqmiA7Wp4e9AgVYIXtU6h0M=",
        }
      }
      window._cf_chl_enter = function(){window._cf_chl_opt.p=1};
      
    })();
    //]]>
  </script>
  

</head>
<body>
  <table width="100%" height="100%" cellpadding="20">
    <tr>
      <td align="center" valign="middle">
          <div class="cf-browser-verification cf-im-under-attack">
  <noscript>
    <h1 data-translate="turn_on_js" style="color:#bd2426;">Please turn JavaScript on and reload the page.</h1>
  </noscript>
  <div id="cf-content" style="display:none">
    
    <div id="cf-bubbles">
      <div class="bubbles"></div>
      <div class="bubbles"></div>
      <div class="bubbles"></div>
    </div>
    <h1><span data-translate="checking_browser">Checking your browser before accessing</span> journals.asm.org.</h1>
    
    <div id="no-cookie-warning" class="cookie-warning" data-translate="turn_on_cookies" style="display:none">
      <p data-translate="turn_on_cookies" style="color:#bd2426;">Please enable Cookies and reload the page.</p>
    </div>
    <p data-translate="process_is_automatic">This process is automatic. Your browser will redirect to your requested content shortly.</p>
    <p data-translate="allow_5_secs" id="cf-spinner-allow-5-secs" >Please allow up to 5 seconds&hellip;</p>
    <p data-translate="redirecting" id="cf-spinner-redirecting" style="display:none">Redirecting&hellip;</p>
  </div>
   
  <form class="challenge-form" id="challenge-form" action="/doi/10.1128/mBio.00495-12?__cf_chl_f_tk=czicYQDFMRHMzpeWivxspAfdpH_3QueyBtXKWHBh7Sw-1646511809-0-gaNycGzNBz0" method="POST" enctype="application/x-www-form-urlencoded">
    <input type="hidden" name="md" value="nwOyg_bCVbRNm9pfq0QWibhSIQSQHgn1SYQ1IYfvkOQ-1646511809-0-AXldXgsGm0Vnco9EC8wUsaIbDwFAjbGo6Rdb5NjGju6hnNq_q2fgiDzjG-Xz7Ja9uSxsNZeMUPerL_vq72WWJXbCMOTXf6WVYnFpfFELavof6jM2FivvZHUQ3vG4npKx8bEZTCvSCp2DLBQ1595wuSduz-UTbbvlw-Q-k9GkHYz6BHVQZodHCcWH5Q4SGTNPTnSx4I0ZDo88rsClJDOUy32uaVTTzfCi-udRkPaoVj35yOnjTbx4Ep-Yru_YtCnMBZlwU3EQI_Oyx8LwIFt0OOReac7nlAVIODbG3V4F2jxqIbjn7p5p7yAH6q-svuTR-xnxFobVmKpPnf1pv2-ONg3caxqImz38mT4VF0-dm4NP5lxiSGWknleM2FXVF9mAHEOGpahL6bjP8-f1xMvW7v03jTOAjEVsXVqRA-7uCGD8D3qE6RtsKuZU7VOKV1Bc6RyQwulLbEYoShoBDLhnFZTU5gLpJcNlCMYA7eOqhD00lk46Jj3bZ_r7N9U_OLDr_GAfG3wBbgdCpx8yLFXnfq8jG29l2luR-UHl4XId-WO6ReQ4DoAXmRrmGGaIDJcrwoD0CGXwvb23HBHkMYlvRAIk9IZ0F9eezZWeYaWXMk3YeTNjTwXuK0O6Hq80iRbaDD4_g-nuuW_EioieRuIdXmEZ2RVDxbVenFsA9uiZkjD3HygomhaO-Wydl_g-CrcUhA" />
    <input type="hidden" name="r" value="6_dzHSOZKSApRWTturZQZpl7LxMfXHdVry9ovjt3CLw-1646511809-0-AYdQkt8S6QaqQOtG498O4Wqy3wn+PX4nIROJypLW/LKjToMK+oGztWZ4VaBP7rXC72+TKaC1Q82HSYr+VvfBNLi26iEdIH0nbePSVxqjLL3QGlG2Zu1oUYxI3Tg0OaQ0kkzIwFEVDpjxJQYQuALqwI6T//0hqz/IRUMyME8yU8AEkDiJLXeQ6/cWh6VtPrXtSFJ9jWOVnARP5VTDYYLney+PgY8dvnew0LVTeX71F7SwYz00WJczx1xEhofL+QB1jJu65iJFU2wB7JUYvt7N9jexviDaOmrVoQ7KyiKmLrhOlIRFdMV3EX2seHkeLJnmFBMK9vhIC7f43RFDfF5/cCxWQZz5BrkSzHA7jtrUAh+v2LHI8UANSsNAUmGJwXmRLxmjG/g3kPfUbVdiPBhgzVWtEY8myAgRp7ZXxksHeDYscY/6E3cdAMXgJu8X16nQ9kn3jtVD53fNgijSXj4IgbZSDabF0E3BSuVn0RewQTP6RB9ZxLXDYbRZgF1CvvQznvqjrCpjhTRK6eQeW6Q4vEACFL8WgU97F3ZN7YV0XckEDfHrWQQdZfyRCjfRXtl4zdGbsPHC7qgEPndd5n8l0fukLN0ADbPAusYvXIyap2Iq9WZjUOH/8D/SyCqvO6lnmz0V3LC3KGjpC5sLQQ1FE8t69KLzdocyfV0iytnrkh/Pcl2isO4gM5Ww3F+DejIL7BVBs/bEcWDt8lBh/o3gd+Mnykb29Au7gcfQHloQ2Uwwl7TI+hkLpoXE4Un2sdXkRoZMWbNZmjBEnf5STmJ8EEkvdmjJhUyadBczj6u1GUWlg9Ge6LB/2DuTrbXAwn3RBVf9HYhyA1clM2tsuNCHlW0yw/cdxlo0f+OakS/vGIf3aGzzF78Qaf30ysA9xlsBjK0/M4YaDudAmv+9N+cX2/UKv58iloHbiE13qooTr0kJ5KJmKyumpNnBIGvm11HyNJZ2ir41FjpfafzdAFuimYd0k/Kb0OXvMWC8aW828JVk2hCpobmkH0YNHUlZQK0BKrtSNKOpw+B4G2ugEppyNEgAtOza/5cWUIt1kJDIxj+kp0u7hKDgjhoIeYS331Q1vhGOojPhtVp0XRpfWppKMWHafabMR7tkn0Fp2jN3xv6Ctqiyg+NZb2HRRfoxjAbA2bwsqMsIdrR3lSRj0H7J7BD9ehlTRC2vEDsDGg92gJj13ef2xu8SKa84p8OdkfxbRxlvBTLr97GCgvlYQP6iqfnW4zneDB0nUegCFGky857IVkUUeNkE+klJz/OX6n7lhknyBLBHV/vgsLwfTk8igIELtPbdVzdYigIYjMkpLu7Di5DhSPAJ8r0IvGnCNI9o5rd+c5eNTf62z87Tc+z0tpwIKWQXlOdxSu5g0jfzt7fbqeixrGpIPzeJGvcovnlKr2izVRs3l+s/QwXQcqTXe898YrYzNRBVCS4+S5u2w5Reuh5PaZOhqtO4vXtdZIfLQJcIaziNzNQF0ETtUJrqGJd5cqVkzWItf2J7S8oLETp15gEGTXdirDwl3HTodANLnRp82B2Pf0zyPBjzAmGz+VPhvlgKA5u7c+Px+YzRxqzUSEuXcnQmvausrs2qSHyl6sUr4UtZwc+jGEvmjlUt+/7bSsDJHnU8SDoZmoQrI/Ca2Rj0bByWPbVfVRMLudUq+GF8HkzZjAlrbRTv8wmXZHnLntOltZKa3N+ZzD5Lct0fu6hx2yURRiZb6iRv4Cr4+VFXNy3UAlMzc9PdREkU6Erhz4UOmBOaZvBhw2U2nCWp6NSPFoVkJqaQNVRb3j9HAQ=="/>
    <input type="hidden" value="e68c2e621609779399a7a84ca820b3b2" id="jschl-vc" name="jschl_vc"/>
    <!-- <input type="hidden" value="" id="jschl-vc" name="jschl_vc"/> -->
    <input type="hidden" name="pass" value="1646511810.469-Jo37S3UmUn"/>
    <input type="hidden" id="jschl-answer" name="jschl_answer"/>
  </form>
     
    <script type="text/javascript">
      //<![CDATA[
      (function(){
          var a = document.getElementById('cf-content');
          a.style.display = 'block';
          var isIE = /(MSIE|Trident\/|Edge\/)/i.test(window.navigator.userAgent);
          var trkjs = isIE ? new Image() : document.createElement('img');
          trkjs.setAttribute("src", "/cdn-cgi/images/trace/jschal/js/transparent.gif?ray=6e7591d92b467bda");
          trkjs.id = "trk_jschal_js";
          trkjs.setAttribute("alt", "");
          document.body.appendChild(trkjs);
          var cpo=document.createElement('script');
          cpo.type='text/javascript';
          cpo.src="/cdn-cgi/challenge-platform/h/g/orchestrate/jsch/v1?ray=6e7591d92b467bda";
          
          window._cf_chl_opt.cOgUQuery = location.search === '' && location.href.indexOf('?') !== -1 ? '?' : location.search;
          window._cf_chl_opt.cOgUHash = location.hash === '' && location.href.indexOf('#') !== -1 ? '#' : location.hash;
          if (window._cf_chl_opt.cUPMDTk && window.history && window.history.replaceState) {
            var ogU = location.pathname + window._cf_chl_opt.cOgUQuery + window._cf_chl_opt.cOgUHash;
            history.replaceState(null, null, "\/doi\/10.1128\/mBio.00495-12?__cf_chl_rt_tk=czicYQDFMRHMzpeWivxspAfdpH_3QueyBtXKWHBh7Sw-1646511809-0-gaNycGzNBz0" + window._cf_chl_opt.cOgUHash);
            cpo.onload = function() {
              history.replaceState(null, null, ogU);
            };
          }
          
          document.getElementsByTagName('head')[0].appendChild(cpo);
        }());
      //]]>
    </script>
  

  
  <div id="trk_jschal_nojs" style="background-image:url('/cdn-cgi/images/trace/jschal/nojs/transparent.gif?ray=6e7591d92b467bda')"> </div>
</div>

          
          <div class="attribution">
            DDoS protection by <a rel="noopener noreferrer" href="https://www.cloudflare.com/5xx-error-landing/" target="_blank">Cloudflare</a>
            <br />
            <span class="ray_id">Ray ID: <code>6e7591d92b467bda</code></span>
          </div>
      </td>
     
    </tr>
  </table>
</body>
</html>
