<!DOCTYPE HTML>
<html lang="en-US">
<head>
  <meta charset="UTF-8" />
  <meta http-equiv="Content-Type" content="text/html; charset=UTF-8" />
  <meta http-equiv="X-UA-Compatible" content="IE=Edge,chrome=1" />
  <meta name="robots" content="noindex, nofollow" />
  <meta name="viewport" content="width=device-width,initial-scale=1" />
  <title>Just a moment...</title>
  <style type="text/css">
    html, body {width: 100%; height: 100%; margin: 0; padding: 0;}
    body {background-color: #ffffff; color: #000000; font-family:-apple-system, system-ui, BlinkMacSystemFont, "Segoe UI", Roboto, Oxygen, Ubuntu, "Helvetica Neue",Arial, sans-serif; font-size: 16px; line-height: 1.7em;-webkit-font-smoothing: antialiased;}
    h1 { text-align: center; font-weight:700; margin: 16px 0; font-size: 32px; color:#000000; line-height: 1.25;}
    p {font-size: 20px; font-weight: 400; margin: 8px 0;}
    p, .attribution, {text-align: center;}
    #spinner {margin: 0 auto 30px auto; display: block;}
    .attribution {margin-top: 32px;}
    @keyframes fader     { 0% {opacity: 0.2;} 50% {opacity: 1.0;} 100% {opacity: 0.2;} }
    @-webkit-keyframes fader { 0% {opacity: 0.2;} 50% {opacity: 1.0;} 100% {opacity: 0.2;} }
    #cf-bubbles > .bubbles { animation: fader 1.6s infinite;}
    #cf-bubbles > .bubbles:nth-child(2) { animation-delay: .2s;}
    #cf-bubbles > .bubbles:nth-child(3) { animation-delay: .4s;}
    .bubbles { background-color: #f58220; width:20px; height: 20px; margin:2px; border-radius:100%; display:inline-block; }
    a { color: #2c7cb0; text-decoration: none; -moz-transition: color 0.15s ease; -o-transition: color 0.15s ease; -webkit-transition: color 0.15s ease; transition: color 0.15s ease; }
    a:hover{color: #f4a15d}
    .attribution{font-size: 16px; line-height: 1.5;}
    .ray_id{display: block; margin-top: 8px;}
    #cf-wrapper #challenge-form { padding-top:25px; padding-bottom:25px; }
    #cf-hcaptcha-container { text-align:center;}
    #cf-hcaptcha-container iframe { display: inline-block;}
  </style>

      <meta http-equiv="refresh" content="35">
  <script type="text/javascript">
    //<![CDATA[
    (function(){
      
      window._cf_chl_opt={
        cvId: "2",
        cType: "non-interactive",
        cNounce: "54823",
        cRay: "6e7591dbda493161",
        cHash: "ac2f8c3edd96295",
        cUPMDTk: "\/doi\/10.1128\/mBio.00252-13?__cf_chl_tk=czicYQDFMRHMzpeWivxspAfdpH_3QueyBtXKWHBh7Sw-1646511809-0-gaNycGzNBz0",
        cFPWv: "g",
        cTTimeMs: "1000",
        cRq: {
          ru: "aHR0cHM6Ly9qb3VybmFscy5hc20ub3JnL2RvaS8xMC4xMTI4L21CaW8uMDAyNTItMTM=",
          ra: "cHl0aG9uLXJlcXVlc3RzLzIuMjUuMQ==",
          rm: "R0VU",
          d: "F03MyRJYhul9MGMZuM8fEhIfmGVyU16IQXLgpP+Wt8Bh/IfZvgbyOWp6luNDH0Yb0/VMoVhQu76y/P0B3zQ95qQuBw1joZ9Hr+MJLs9hS/4FPscQtM74jXsFTsdJ0EI3tXvjYpVXiq18P1buU4ySXf0Y9itLLdM4MIIVOxjeTvXjQBcZwB8DhnyZe1XhetwusXHQtGsaA9eh7woXRJ1izfIRssBgJ/K3VhBg/6oNENWuyDxNRNYfQuKxGz5zF5sGhhP8v2HZ/NvEEPx0r512qnF/GeKJVJZAd8QUxmolT0kmEUMfpa7v7dNZ9GE6hSv0ryDeaZ1f+rYkZyA5wYTVIcl0M8x2OSEyOtQsuXenkZWIBI1PmNo+gvhLNgZfBqzwDSi4TGhv7Zxb+E+P6d059qTPBO6B+ECxprhIw5HccHaj2gS6k/2J6k1iC8d8YXN5lPf6c2SwIhgZGvHyBDkOPhkWMqQTwYLDjy1hZkN7a236F4iMk55k95ch4Rqrih2ulACjNeiJANmejg6DckKM3bBYpzOb1kT/iFUIsLOWsPAaElYl8DudTK+YVAfQdPtS",
          t: "MTY0NjUxMTgwOS44OTgwMDA=",
          m: "Tr/Bj8pllelrRy8cwb2ao+7YJ7iGnV/moF2DDA2jY14=",
          i1: "esi08aOZiQhaBabGO7qfPw==",
          i2: "dN1tPjQnrcTMXhT/+7JHiw==",
          zh: "Wdpz5DKIdp61fw1xi4/5+xF7d1QEaZ1MFNsdHIgPg6o=",
          uh: "5GU+jYv2xJ+bCaE/ARmi/DORbiS/v56CW7E0TH4XWQk=",
          hh: "kD0SA7WPJmOf4c5gVlTVLqmiA7Wp4e9AgVYIXtU6h0M=",
        }
      }
      window._cf_chl_enter = function(){window._cf_chl_opt.p=1};
      
    })();
    //]]>
  </script>
  

</head>
<body>
  <table width="100%" height="100%" cellpadding="20">
    <tr>
      <td align="center" valign="middle">
          <div class="cf-browser-verification cf-im-under-attack">
  <noscript>
    <h1 data-translate="turn_on_js" style="color:#bd2426;">Please turn JavaScript on and reload the page.</h1>
  </noscript>
  <div id="cf-content" style="display:none">
    
    <div id="cf-bubbles">
      <div class="bubbles"></div>
      <div class="bubbles"></div>
      <div class="bubbles"></div>
    </div>
    <h1><span data-translate="checking_browser">Checking your browser before accessing</span> journals.asm.org.</h1>
    
    <div id="no-cookie-warning" class="cookie-warning" data-translate="turn_on_cookies" style="display:none">
      <p data-translate="turn_on_cookies" style="color:#bd2426;">Please enable Cookies and reload the page.</p>
    </div>
    <p data-translate="process_is_automatic">This process is automatic. Your browser will redirect to your requested content shortly.</p>
    <p data-translate="allow_5_secs" id="cf-spinner-allow-5-secs" >Please allow up to 5 seconds&hellip;</p>
    <p data-translate="redirecting" id="cf-spinner-redirecting" style="display:none">Redirecting&hellip;</p>
  </div>
   
  <form class="challenge-form" id="challenge-form" action="/doi/10.1128/mBio.00252-13?__cf_chl_f_tk=czicYQDFMRHMzpeWivxspAfdpH_3QueyBtXKWHBh7Sw-1646511809-0-gaNycGzNBz0" method="POST" enctype="application/x-www-form-urlencoded">
    <input type="hidden" name="md" value="zArvRXDAvwNBQ4pFAb7OZdJbxKvNCnp1yB32FP1dWxY-1646511809-0-ARS0E0hcMXY2A7swjCVvWxBfYdW4DSQfXkYWB83Y65O7-xaXKqi2BKfmEQxdmWbpV7pVvcxnftPYKs3vlBzf3ETXU-JMpesvoHkgDYk-Y0UbZEfz8d0lDSxBdSvq5kqD1q7IDXu6pG6DidhPR1iTYTIlsgMm7TNrm_PcBy1MSan81OmXKamDBGzQ_kwjo3kZo_8DPW7xT_BerReTdPrGj8MRDKhU0gy5aY3_t7lafcx-c-gRib1ma5THs1tr8Z-QM40etu6M_kK1ZKjgqE0cmj9ObNd6KYIosYmcAKpGYUznMmqh764ejxYNkGyb2_R-GTO3_7W_kcv8v8GkuspL-zvJXdaZ15NwuNC16N9XotJKr52wc3hJGo32iI044W1DUFuYpsGBUuIo2j06xkx8mtJuJcG4mZ_EmAN0rLVa9ulg_YE-4GeAbsd6SvLSru45tG_0KWA3Jly48498peSSTcjtbKpdOn8QA__p-BCb1jYDV_Jj82qR6Rxsk7NEzaaA6RX7yQNrGbsixY-xiIzr4av92yUgqIAgKn8XmMosNR66Dl6KEB39hYtefI-CIF6_TrWuOOBQpeOEhVmmzdLEBVak5LHOgo2_1caiWqB_FyjhR63Y8OK44E9vuH8fDDga7-ocvyUBhzKrdwYCb6_VNyYL5IajdFH8r19qOM04-41IILjDR0dgENLwbVyV7kE8Vw" />
    <input type="hidden" name="r" value="udBtMSMli5PVrWS8Z2lybIOSvQWgWBdgeIyG_OjAAs0-1646511809-0-AWNdfZ3jczQ3ZDe67Ii1nFFhzy8jsHjjYRVAw+Rm9YJ2ro/Co4i9SOHRgC8Ha55g0SRCLND3RsQYESXiLdk7Q8ZZWon64gW2KluDsLtliv2VmvXnwzEtNSAQreCV5eqaTvPIgqMWGBKmrQbeiZ7EXAhwxPexa2Ae7y/95mh5+5PptW7VHa+kZLOh58/SzTLX9XsUvkeptxuKb3Vmhz0Vpr8cipOp0RSgTCQLtJ4ixorq5JPAwZod+YrLxCDyTDo9hJvH5+i7vkeJ2mw4owY4pDHJIuqyebyQ+JG3nwwVI5N6UZ4sQjdL+QHpa4T66p9bLIK85EzuaEIgT4Qd1eUW+pmciEAPFZg/5htM82ZuglFB0uFA/ORUVHAjNV14wrKOP9vZjFVGq6cdsTRbMyxT9bjqmrRLGnyhbiCHkA2+BXQuMrfkkFrf2GYe4LPX0UfAnMcQjNvCrEXhXIUDJ3EjApy/B/q+eb65T8L5dkb5skOQJfOhs5XCPJQPuX96FHfTZCBE5kb6qtOtQA18WIXbQFkcu4KJs99Hm4HWn6i/uNUySbUHXhx6QAH6u5xcqWgIbRaMNtR+zhoVp9dwYK76Yp0bFX4SPpfTRg9lGbLTh7JizgBEl2FnGKdo7QZho7v4750xS0TQC3FnmVNV0pe+J4XqxaxTVzMrPoIoPwiftmaeVyP5Kt8bExSrz2s7dL86GH5y7jR5JGzuZX7pqE+WH3BcBrHreZvFW5ikJunXtTg9td86TaZDGM4SY9gmow+5JZn7AGi13Q3Eh40qjJTqzPAtajeSDNTvGY2kIoSqWUOkr+XRHBgDc2wzNtWjpvOFB+2Tjp/GoA7T+11N2iLkw4VwiOuI9w0zo5rXYuLo829Rm/UZVGGp63KHiw2eL7gLDwv9p33G8mPHRbSDpHPQxG+KTUxp4d06eCxwlEhjeajS9TXt3pkMU6KzSj+LYV1uMX3B3FL1DmdOpBO13iAhQeYqFVGucTMXHCRj8EzJoUiit04gJfk0yd4l/wI4fp26RcbEA+v+WEevcJhkzBfgG1ggMHWxP/o6k5f0K0ypJXRZCUeA0bd56wEzoEKnGX3uMkiAhhvkJBS7sTkxt7eWF9bTRqPF5ZHavuZPcZ/A9BVYXwuE+pjQs96o7QmMpXBVZ0uj+I4DZ+Mtcda9+j4xrh5q0WRw9mdXGaTYAYdVf7agSiRqO4QG9MqI6pzcFXNprtH6yf8+/BK5htmbmMb72o9fcOrpkDe0U809wh1TgxitIDBnIHfDhJ3g2Br74Ixyg+65K+dNbveZdPiKgzQRC8/C2vQRhS/h8+T7K4R6LSgS0lyMQkLq49OGeYFWvkiYag4nMPO6X7Dox3PMCkSoi9cizorVrp3h7qCitcaSQpeBOdfwNTed/Dz3+8s/3QUR2YLZs4jrTfp4xBqbxKAG3aVPoWRcLCdpCF4/HcUWjgRNK2pwrzTL4QPDE/XOf22zLy+HtQUc7F8wkSGkVEyml4gOlabT+9x59pm8P4HD9q7tbueKBNiVTO3YsanzdO1AWPcAai8YFiUiwXyKfiBXumHBrHrgr2VsuYuGNvuRwOM5vJ7Wsx60qQ5o5SU9yVB69Rcw7HPYnMjanEiz2itmgPi2nhhv/AlgUtBCtNn5AjXNVPo6gUafKfp6asF6AYEbyvnigY5PrqPisZTclqIobfjafTuVNYwc80nzQgm9Ju5jvISazkisra9tsNp4t/jxfROCuJJzxod1Ctsx+n6Zc+90Sl4Y+Bi6jUpWfBkMEJtKeNlOjLrhdehOMq15XjVynw=="/>
    <input type="hidden" value="a9254fa8fad2c8dd45263758276548bf" id="jschl-vc" name="jschl_vc"/>
    <!-- <input type="hidden" value="" id="jschl-vc" name="jschl_vc"/> -->
    <input type="hidden" name="pass" value="1646511810.898-ySTyThlGUf"/>
    <input type="hidden" id="jschl-answer" name="jschl_answer"/>
  </form>
     
    <script type="text/javascript">
      //<![CDATA[
      (function(){
          var a = document.getElementById('cf-content');
          a.style.display = 'block';
          var isIE = /(MSIE|Trident\/|Edge\/)/i.test(window.navigator.userAgent);
          var trkjs = isIE ? new Image() : document.createElement('img');
          trkjs.setAttribute("src", "/cdn-cgi/images/trace/jschal/js/transparent.gif?ray=6e7591dbda493161");
          trkjs.id = "trk_jschal_js";
          trkjs.setAttribute("alt", "");
          document.body.appendChild(trkjs);
          var cpo=document.createElement('script');
          cpo.type='text/javascript';
          cpo.src="/cdn-cgi/challenge-platform/h/g/orchestrate/jsch/v1?ray=6e7591dbda493161";
          
          window._cf_chl_opt.cOgUQuery = location.search === '' && location.href.indexOf('?') !== -1 ? '?' : location.search;
          window._cf_chl_opt.cOgUHash = location.hash === '' && location.href.indexOf('#') !== -1 ? '#' : location.hash;
          if (window._cf_chl_opt.cUPMDTk && window.history && window.history.replaceState) {
            var ogU = location.pathname + window._cf_chl_opt.cOgUQuery + window._cf_chl_opt.cOgUHash;
            history.replaceState(null, null, "\/doi\/10.1128\/mBio.00252-13?__cf_chl_rt_tk=czicYQDFMRHMzpeWivxspAfdpH_3QueyBtXKWHBh7Sw-1646511809-0-gaNycGzNBz0" + window._cf_chl_opt.cOgUHash);
            cpo.onload = function() {
              history.replaceState(null, null, ogU);
            };
          }
          
          document.getElementsByTagName('head')[0].appendChild(cpo);
        }());
      //]]>
    </script>
  

  
  <div id="trk_jschal_nojs" style="background-image:url('/cdn-cgi/images/trace/jschal/nojs/transparent.gif?ray=6e7591dbda493161')"> </div>
</div>

          
          <div class="attribution">
            DDoS protection by <a rel="noopener noreferrer" href="https://www.cloudflare.com/5xx-error-landing/" target="_blank">Cloudflare</a>
            <br />
            <span class="ray_id">Ray ID: <code>6e7591dbda493161</code></span>
          </div>
      </td>
     
    </tr>
  </table>
</body>
</html>
