<!DOCTYPE HTML>
<html lang="en-US">
<head>
  <meta charset="UTF-8" />
  <meta http-equiv="Content-Type" content="text/html; charset=UTF-8" />
  <meta http-equiv="X-UA-Compatible" content="IE=Edge,chrome=1" />
  <meta name="robots" content="noindex, nofollow" />
  <meta name="viewport" content="width=device-width,initial-scale=1" />
  <title>Just a moment...</title>
  <style type="text/css">
    html, body {width: 100%; height: 100%; margin: 0; padding: 0;}
    body {background-color: #ffffff; color: #000000; font-family:-apple-system, system-ui, BlinkMacSystemFont, "Segoe UI", Roboto, Oxygen, Ubuntu, "Helvetica Neue",Arial, sans-serif; font-size: 16px; line-height: 1.7em;-webkit-font-smoothing: antialiased;}
    h1 { text-align: center; font-weight:700; margin: 16px 0; font-size: 32px; color:#000000; line-height: 1.25;}
    p {font-size: 20px; font-weight: 400; margin: 8px 0;}
    p, .attribution, {text-align: center;}
    #spinner {margin: 0 auto 30px auto; display: block;}
    .attribution {margin-top: 32px;}
    @keyframes fader     { 0% {opacity: 0.2;} 50% {opacity: 1.0;} 100% {opacity: 0.2;} }
    @-webkit-keyframes fader { 0% {opacity: 0.2;} 50% {opacity: 1.0;} 100% {opacity: 0.2;} }
    #cf-bubbles > .bubbles { animation: fader 1.6s infinite;}
    #cf-bubbles > .bubbles:nth-child(2) { animation-delay: .2s;}
    #cf-bubbles > .bubbles:nth-child(3) { animation-delay: .4s;}
    .bubbles { background-color: #f58220; width:20px; height: 20px; margin:2px; border-radius:100%; display:inline-block; }
    a { color: #2c7cb0; text-decoration: none; -moz-transition: color 0.15s ease; -o-transition: color 0.15s ease; -webkit-transition: color 0.15s ease; transition: color 0.15s ease; }
    a:hover{color: #f4a15d}
    .attribution{font-size: 16px; line-height: 1.5;}
    .ray_id{display: block; margin-top: 8px;}
    #cf-wrapper #challenge-form { padding-top:25px; padding-bottom:25px; }
    #cf-hcaptcha-container { text-align:center;}
    #cf-hcaptcha-container iframe { display: inline-block;}
  </style>

      <meta http-equiv="refresh" content="35">
  <script type="text/javascript">
    //<![CDATA[
    (function(){
      
      window._cf_chl_opt={
        cvId: "2",
        cType: "non-interactive",
        cNounce: "62194",
        cRay: "6e7591edab527d70",
        cHash: "2975fecb87b7142",
        cUPMDTk: "\/doi\/10.1128\/IAI.71.2.948-955.2003?__cf_chl_tk=GrmBRyaGDW0Hpo9HdGGaxicQAmBhlUWtkX4NSoOb8Ro-1646511812-0-gaNycGzNBz0",
        cFPWv: "g",
        cTTimeMs: "1000",
        cRq: {
          ru: "aHR0cHM6Ly9qb3VybmFscy5hc20ub3JnL2RvaS8xMC4xMTI4L0lBSS43MS4yLjk0OC05NTUuMjAwMw==",
          ra: "cHl0aG9uLXJlcXVlc3RzLzIuMjUuMQ==",
          rm: "R0VU",
          d: "1uhGx7BbTsPoYrKIW8TVLkpR9Bs3tEFhRgJWz3aX3+yhoztmQq7JDwiH+fzfetTTAbo9AGwy8GgQOyeHRnNfAEuE5JM9vQCCoaX2hqJ3HdZshxUjS2/nUnul4w9Ln+stMs8oDnB7TmYAEo2C/wsSVsPXVSto7F5Bzad66Pyrdl/WP6MIOTKCMM+f/nW9p27y7SY47rZXRTZLGiNmPH7lFCatSe12UWpX+obozt1SsXMu9zwxIrU7ckwRaqD9Erx1MsjHE9MljsgP8BYr5b1Ht6vWiKTv2DCFRTuhR69kBVCdGv6jmyA6cMzEOUL9HDQkzeVITisVuBc8tahlm2Nq+M3sDpZdMU6x99zac33x7Kc4XIcWxLxReWszpQ4JDMfnYv7e4KNu4WMsiis1K2wpbDOEo9OGmsG9Qj75vEfbAeaZ+DYOp+33J+CexQl6zBk3Ohp94JqaEg16b/8dTaMxZJ2DYtbJUNO/7JxztmyKH1MYpUHZNRxqVW5oMXB5yvvv1CNnnPLYyBoPi6dTmE5USdVMU0tCPwurtMiEwGBZfJ2tEtpAH4wzde9XFrZdxo2x",
          t: "MTY0NjUxMTgxMi43NTIwMDA=",
          m: "VSe4guKLFxwX+vdQmbXNKHc+SMbdfyiqZlF3DwAkHJs=",
          i1: "qVvqiLeQJy4QMfh3hGasVQ==",
          i2: "cz/sdutQcQMpIFY43XKSnw==",
          zh: "Wdpz5DKIdp61fw1xi4/5+xF7d1QEaZ1MFNsdHIgPg6o=",
          uh: "5GU+jYv2xJ+bCaE/ARmi/DORbiS/v56CW7E0TH4XWQk=",
          hh: "kD0SA7WPJmOf4c5gVlTVLqmiA7Wp4e9AgVYIXtU6h0M=",
        }
      }
      window._cf_chl_enter = function(){window._cf_chl_opt.p=1};
      
    })();
    //]]>
  </script>
  

</head>
<body>
  <table width="100%" height="100%" cellpadding="20">
    <tr>
      <td align="center" valign="middle">
          <div class="cf-browser-verification cf-im-under-attack">
  <noscript>
    <h1 data-translate="turn_on_js" style="color:#bd2426;">Please turn JavaScript on and reload the page.</h1>
  </noscript>
  <div id="cf-content" style="display:none">
    
    <div id="cf-bubbles">
      <div class="bubbles"></div>
      <div class="bubbles"></div>
      <div class="bubbles"></div>
    </div>
    <h1><span data-translate="checking_browser">Checking your browser before accessing</span> journals.asm.org.</h1>
    
    <div id="no-cookie-warning" class="cookie-warning" data-translate="turn_on_cookies" style="display:none">
      <p data-translate="turn_on_cookies" style="color:#bd2426;">Please enable Cookies and reload the page.</p>
    </div>
    <p data-translate="process_is_automatic">This process is automatic. Your browser will redirect to your requested content shortly.</p>
    <p data-translate="allow_5_secs" id="cf-spinner-allow-5-secs" >Please allow up to 5 seconds&hellip;</p>
    <p data-translate="redirecting" id="cf-spinner-redirecting" style="display:none">Redirecting&hellip;</p>
  </div>
   
  <form class="challenge-form" id="challenge-form" action="/doi/10.1128/IAI.71.2.948-955.2003?__cf_chl_f_tk=GrmBRyaGDW0Hpo9HdGGaxicQAmBhlUWtkX4NSoOb8Ro-1646511812-0-gaNycGzNBz0" method="POST" enctype="application/x-www-form-urlencoded">
    <input type="hidden" name="md" value="rOFOv.99.gUMKUzqHjdkoG4ZPPXqa8iXODeXng28CPI-1646511812-0-Adrb48-R3lKrU2-b8i5tPSy0stFWKle1YlwihgHKRlU3-MMAigq0JcP0XK0rN0I3mfxDtXwbSOIqco1qjR-wj207HSjbVWkPDF7GKkNpCo52pqYaImPLAqBbaG9lPrg8ldYxY3LLZx3FYJwZVCt4TOQw9uQ3YqQPoSrv8Z5mj83_Lebe7cZ_So1fY8ZMCkkjR8e2wFZ3jeJRITn-5qg4WLfeNE94Ed0zvPn0B-htr1i7EyiB4K3k8l8u-g5-XcCGAnhFAEZsxICtoeDAJ8tTqSrnqJT-dNhuhUB2ZjhErpe5w79Xs1dQWLO-0lH7jFTL_4HGIUuD2D9QBdtoXAlAwKOesLnD0at8HRBFAOS9zSXB6F1wGLnJmWgWCIZMukBqpJdUNqDC1Bdvn3uaEFVUSaJqz3vL5jUtvksERnC_EB66JvsnIFbP4WQtRjg7gEeegN0gjvFflVuzKrYmyDm0msCimm6-t-cRZCaM9YsAQW7A5qktiOQ6w0q3PuVs8RuqY8ag57zFT17NyHj3VZ3jYiKnPrrcg3NAfi_hcUcP4mJM6gPNA4HsMeSYktRkUfHmhcfW-Cc_wvHXN_9jSDMQrDBt4KSZsipVlv2sVgRTtgdRoQK6l-u0KNkyl0Z26767Otpm6iASZOxawXjugXM9lk77cnHlL00RhOUc-sqSPO0ka8J7vaXOkeqjCx-MB7Kp4U5bWfdHL29evOiuNZTHknQ" />
    <input type="hidden" name="r" value="lbaE07J71VvmpoBqZBzlZnP6axbyQNT8o1MS4_yeSdc-1646511812-0-ATcixSDkn13cwFEbjNnwf7zd2hazYbkZL6lhgGQobz8q7bOBjGRkJrJCBwWQen4J/x5t/CDZDqxWf49dAy6jnfPvuqXMNd0krHN1mSE4VC6c7JA/0NdiwWxHFn/FkU/mWl2BG2Xbpg9402BGsBk7GIzWlHQKdcDqSqnvkf8lr2S+6xOKlN6qn5/TSfSuFBavpfIpjeCeM3pD5RtKOOAi+kzZJTj8Nv6oJzh3F5HBDK/yeLjqJzk3p8hE4idw5+OgcplqNsPJEgzNIq/QXA5oAo4jd7efNaNhL6OEBT2mCp62xsbtGhQ40RrjEc4V37Zamkjh18DxFU5vJiHFtRFDemSxKzEqbUusfaYLVgBUQSlnMn0e7TNDOkcgp0sRCsUMzstwacKNf2lql67Gid7ARHsmlUpPlke/His/HA44r5S3VulLmLTfUbu2KqDNZcQJKas/rdmtQugDW0JiBGFvAd0KE+Wrm7YtukRPS8m50j1Q8xACkPGIzATIElS6gHUI5d4Yz1bAI1rBS0wjbD0y78i+MmUXM4xUIa7GPbJYLOyK4YKXRhDB69gjattVyoFCW3JTOCXdTFNmqlLvk5LY+dskJVjBbpCtxEzd+pRgfF1z7tYhQDI69hmGS9WSmjZ8aSFBJCuR3J82/iKJeLcekLFnGkX5Xf/WgZYPlyiz61uwa+PdaXsjewyxsuQdOdBzUdwm9bHZZWqU9ktuiurwkQxMHygFnQLLw40CLW+Vw+dZR4nhWCjjAe/sU+8tV81449qimDbVjhkHVa7jifa0WNS+6tDrBuL1ws563MQg/YNv+ZFxTiBmKxk1dOipeomDPeoOvm8KC+zlWP5JHy70hAVL0KHyOs5GsiFFfllhpwBO1oXi2K4QSshGUMiSfdavYGhEUVoQhxQTwmBxufmEHMbENnSGfWlc4YfKooskosRHFmf7tD1JVo4putk3YnMEqARdrLS9M5GC6Py5d13PN8UQKwPP/mXSfk5BB5K77kkdg08O6elsa2but0uaZmUt5StpPhxwHgwt5TXtIUIxmovPOJACJ8STnE6w9uNBp4s2HLsvf2DP96coGHeR+jr1i/c9ZImUNZckqYzelEMQWf+DEZSNBC60GH6bJeqlOdTAogHhQECxVy9qgmmz44F2WKmYeafGF61WyBsbnqqO+mtM2WcNUxdP3efczPgOvqwL2uURxpf0u9cO0lmWFjq9XWQBcw0boFgZjEHUvec4GTUg2v5ua4ArX8ztzjtb8QKoqp+Mp1jBur3p6QZWlhu3eAz1Zd8j9IWbp98KYPctM7MQzuAM2soy9FQP0rjVUo/ELPTPYzO9yaq1ODDRYEwXxU3FhCXYKL2JIbNu0gj0ZApuusFFNB+3jdZg6Gboy/1bI9Ee4JYafxfxRyKADhelsrhqOZxnPXcgG4mkmboEZdP88O0t5G/MYsIEbRtUkI9GgMXHUN0ENQAMSVq6fN+29RJhmUJNFV04ttxX/3iFbVa/hiDSXFIlLdSyJz5Wf1D7v48xvm/hgmg476G330VGSVMu4P4SWrG3UwvKpzVtrQsuIOPMEDnWyfA0a4D6kkJlP4+nPQSdJ5V76wO88q+LBjNY4Alo95m98ETkIfRs79LRO9rZOdUTxoJKavp29LkMfDb/yg1uQ4e6rpV2e4r3RClAu6v0qJcgVlVgXXpMWHZEBNuKMvN0oqhMH8/YsZXLprYAKYB+nUBCJjftz1CwzEUIs9NkBDAhbIoI0Y5GNhEKsltTghbFX1Nj3tFyIyQgK7Ujeg3/EEusKbDaUKJk+w=="/>
    <input type="hidden" value="203014a402e64248371bfcd7daa4db2d" id="jschl-vc" name="jschl_vc"/>
    <!-- <input type="hidden" value="" id="jschl-vc" name="jschl_vc"/> -->
    <input type="hidden" name="pass" value="1646511813.752-cEk0rsntn3"/>
    <input type="hidden" id="jschl-answer" name="jschl_answer"/>
  </form>
     
    <script type="text/javascript">
      //<![CDATA[
      (function(){
          var a = document.getElementById('cf-content');
          a.style.display = 'block';
          var isIE = /(MSIE|Trident\/|Edge\/)/i.test(window.navigator.userAgent);
          var trkjs = isIE ? new Image() : document.createElement('img');
          trkjs.setAttribute("src", "/cdn-cgi/images/trace/jschal/js/transparent.gif?ray=6e7591edab527d70");
          trkjs.id = "trk_jschal_js";
          trkjs.setAttribute("alt", "");
          document.body.appendChild(trkjs);
          var cpo=document.createElement('script');
          cpo.type='text/javascript';
          cpo.src="/cdn-cgi/challenge-platform/h/g/orchestrate/jsch/v1?ray=6e7591edab527d70";
          
          window._cf_chl_opt.cOgUQuery = location.search === '' && location.href.indexOf('?') !== -1 ? '?' : location.search;
          window._cf_chl_opt.cOgUHash = location.hash === '' && location.href.indexOf('#') !== -1 ? '#' : location.hash;
          if (window._cf_chl_opt.cUPMDTk && window.history && window.history.replaceState) {
            var ogU = location.pathname + window._cf_chl_opt.cOgUQuery + window._cf_chl_opt.cOgUHash;
            history.replaceState(null, null, "\/doi\/10.1128\/IAI.71.2.948-955.2003?__cf_chl_rt_tk=GrmBRyaGDW0Hpo9HdGGaxicQAmBhlUWtkX4NSoOb8Ro-1646511812-0-gaNycGzNBz0" + window._cf_chl_opt.cOgUHash);
            cpo.onload = function() {
              history.replaceState(null, null, ogU);
            };
          }
          
          document.getElementsByTagName('head')[0].appendChild(cpo);
        }());
      //]]>
    </script>
  

  
  <div id="trk_jschal_nojs" style="background-image:url('/cdn-cgi/images/trace/jschal/nojs/transparent.gif?ray=6e7591edab527d70')"> </div>
</div>

          
          <div class="attribution">
            DDoS protection by <a rel="noopener noreferrer" href="https://www.cloudflare.com/5xx-error-landing/" target="_blank">Cloudflare</a>
            <br />
            <span class="ray_id">Ray ID: <code>6e7591edab527d70</code></span>
          </div>
      </td>
     
    </tr>
  </table>
</body>
</html>
