<!DOCTYPE HTML>
<html lang="en-US">
<head>
  <meta charset="UTF-8" />
  <meta http-equiv="Content-Type" content="text/html; charset=UTF-8" />
  <meta http-equiv="X-UA-Compatible" content="IE=Edge,chrome=1" />
  <meta name="robots" content="noindex, nofollow" />
  <meta name="viewport" content="width=device-width,initial-scale=1" />
  <title>Just a moment...</title>
  <style type="text/css">
    html, body {width: 100%; height: 100%; margin: 0; padding: 0;}
    body {background-color: #ffffff; color: #000000; font-family:-apple-system, system-ui, BlinkMacSystemFont, "Segoe UI", Roboto, Oxygen, Ubuntu, "Helvetica Neue",Arial, sans-serif; font-size: 16px; line-height: 1.7em;-webkit-font-smoothing: antialiased;}
    h1 { text-align: center; font-weight:700; margin: 16px 0; font-size: 32px; color:#000000; line-height: 1.25;}
    p {font-size: 20px; font-weight: 400; margin: 8px 0;}
    p, .attribution, {text-align: center;}
    #spinner {margin: 0 auto 30px auto; display: block;}
    .attribution {margin-top: 32px;}
    @keyframes fader     { 0% {opacity: 0.2;} 50% {opacity: 1.0;} 100% {opacity: 0.2;} }
    @-webkit-keyframes fader { 0% {opacity: 0.2;} 50% {opacity: 1.0;} 100% {opacity: 0.2;} }
    #cf-bubbles > .bubbles { animation: fader 1.6s infinite;}
    #cf-bubbles > .bubbles:nth-child(2) { animation-delay: .2s;}
    #cf-bubbles > .bubbles:nth-child(3) { animation-delay: .4s;}
    .bubbles { background-color: #f58220; width:20px; height: 20px; margin:2px; border-radius:100%; display:inline-block; }
    a { color: #2c7cb0; text-decoration: none; -moz-transition: color 0.15s ease; -o-transition: color 0.15s ease; -webkit-transition: color 0.15s ease; transition: color 0.15s ease; }
    a:hover{color: #f4a15d}
    .attribution{font-size: 16px; line-height: 1.5;}
    .ray_id{display: block; margin-top: 8px;}
    #cf-wrapper #challenge-form { padding-top:25px; padding-bottom:25px; }
    #cf-hcaptcha-container { text-align:center;}
    #cf-hcaptcha-container iframe { display: inline-block;}
  </style>

      <meta http-equiv="refresh" content="35">
  <script type="text/javascript">
    //<![CDATA[
    (function(){
      
      window._cf_chl_opt={
        cvId: "2",
        cType: "non-interactive",
        cNounce: "70907",
        cRay: "6e7591fa4dec7ce5",
        cHash: "239002b3e744a0f",
        cUPMDTk: "\/doi\/10.1128\/IAI.74.2.1148-1155.2006?__cf_chl_tk=SIzMqACACqtUJDxwLZinL9ZaKjSDK5rJxW.Xqkrn6kY-1646511814-0-gaNycGzNB1E",
        cFPWv: "g",
        cTTimeMs: "1000",
        cRq: {
          ru: "aHR0cHM6Ly9qb3VybmFscy5hc20ub3JnL2RvaS8xMC4xMTI4L0lBSS43NC4yLjExNDgtMTE1NS4yMDA2",
          ra: "cHl0aG9uLXJlcXVlc3RzLzIuMjUuMQ==",
          rm: "R0VU",
          d: "pHDsvP0rlAbZrnnGzYr8zzmD23T7XcEBAvGfSmcE/Z9CopAOaYmU15D7xTTSuQI3tQltOaICmIf/lXXhmjVqYXai7paQVjCERmS2uCYPIAbEKfWsjEucDx0EUiwz9Io46X79ZR4p9TUMGmRpJqV5YZN/lfOdqTSnCwSNZ5b2/zBSXT8B2kmIH8XVbdKNIfa0UriM88UEneSCxhD7JamSo2db6kmow5FBqGgDLCd642EwrpccoOF5L1DM5efpBZhRMifwOxktMfVUXxD4AVmT4EHWbjf69TOOsQ3Ret99YXt1i9jepAtvhfCZG2f101CYX24V46vvCMyVvvofbtCXfg6WxGhY7hwdFD/ldc7op1mh0YfZOENH/5nyhyy3SFK3nVVju8zPgCOyFmPZXCyzFPYPNHtfzwThOqy+Z67jF9Yt2lvjw9BtqQH09/XBYBmE7/bpMYusREkCzT1gD+j270y2ACBmIp+z/cgz4g83/wj8LzZ+F6sdztk7UffG0QGT45qJk8qcaHYoz6qWKpmoiWGwyOYs++TE4LBSkhKXi+YoFdoyqPRxw0co4l/lcDqu",
          t: "MTY0NjUxMTgxNC43NjgwMDA=",
          m: "PY94OZmAI+OJ3K/bBvQwv0oEo6pIR/TUDxL2LFl2pGA=",
          i1: "hrvDyNZDGXhz/qwrlLH0dA==",
          i2: "478FXhd1hd6KaTdUwrvHTQ==",
          zh: "Wdpz5DKIdp61fw1xi4/5+xF7d1QEaZ1MFNsdHIgPg6o=",
          uh: "5GU+jYv2xJ+bCaE/ARmi/DORbiS/v56CW7E0TH4XWQk=",
          hh: "kD0SA7WPJmOf4c5gVlTVLqmiA7Wp4e9AgVYIXtU6h0M=",
        }
      }
      window._cf_chl_enter = function(){window._cf_chl_opt.p=1};
      
    })();
    //]]>
  </script>
  

</head>
<body>
  <table width="100%" height="100%" cellpadding="20">
    <tr>
      <td align="center" valign="middle">
          <div class="cf-browser-verification cf-im-under-attack">
  <noscript>
    <h1 data-translate="turn_on_js" style="color:#bd2426;">Please turn JavaScript on and reload the page.</h1>
  </noscript>
  <div id="cf-content" style="display:none">
    
    <div id="cf-bubbles">
      <div class="bubbles"></div>
      <div class="bubbles"></div>
      <div class="bubbles"></div>
    </div>
    <h1><span data-translate="checking_browser">Checking your browser before accessing</span> journals.asm.org.</h1>
    
    <div id="no-cookie-warning" class="cookie-warning" data-translate="turn_on_cookies" style="display:none">
      <p data-translate="turn_on_cookies" style="color:#bd2426;">Please enable Cookies and reload the page.</p>
    </div>
    <p data-translate="process_is_automatic">This process is automatic. Your browser will redirect to your requested content shortly.</p>
    <p data-translate="allow_5_secs" id="cf-spinner-allow-5-secs" >Please allow up to 5 seconds&hellip;</p>
    <p data-translate="redirecting" id="cf-spinner-redirecting" style="display:none">Redirecting&hellip;</p>
  </div>
   
  <form class="challenge-form" id="challenge-form" action="/doi/10.1128/IAI.74.2.1148-1155.2006?__cf_chl_f_tk=SIzMqACACqtUJDxwLZinL9ZaKjSDK5rJxW.Xqkrn6kY-1646511814-0-gaNycGzNB1E" method="POST" enctype="application/x-www-form-urlencoded">
    <input type="hidden" name="md" value="A6YbLto2n9UMtT90oG1g6lb3lzy0EPG3_3ou_ByD4gk-1646511814-0-ARwXCyAA1ofyNYUH3g-wWMsdP5J0ACcDFWV_HXUode3lYZVCr-gYLJ0E5oHzE3cEg1Vk7hpc3wWm6ExPG60nZ2r7QJn1VsUXzI16cJ-UApNkkc1aN_EoBUT7IXq80aikifCX5qKObn0yxvD0WG6WQg7NdbQBpiqmDPum1JIkIQyqP6tilPbLdc8AkvsaYPU6O9hQI7uezuyrKfkpTCjh-rn_WHsl-yQeNpbjve7fvdyN1mJRTJN2A7Ouv0wLi1K4o0h1tXo0nxxgAtPtzsLBKjumoqj76rqr4zR5oYukXwSQzGk6WDX1XOrWeCufKCaDHMcAdwa-kom13FHHUL2jHm0oyM94n4Qj_hK-0X7vgXj1ziC3Ol61r38qDgZ3-u1ievzXEyQjkY4e7iPYKgTwNcslqCFF3l6Dpa5VXjRgcKhOjepf3PY1MgkxZtSAYO4oNmtHfsX87IpppotOec8owCaifxilRYxPhEB4CNuSnbwub_S4-dIOeu-h1ij8gpBjWv1yMS25EiVqcn7cN5fm5muOmAv7utZQDfBfqd52hyyjS0GeSdJc9Gd1E2Yw82GCxABcallDlbR-c_4r6f2fj_6NVcv-lBA82aAXQvlpkxbKVxhkuYf1bFzDd41SlwHczzlleBgGU7zTPi-0wJbXus4RWCbjwc2G_gWgUbGaQ1vPNi09Sjkih6wwOf-AUSJ_RYhF5YEhcAViACfqc3MbSfY" />
    <input type="hidden" name="r" value="7Uvb6oUnI5weR2FeJw2Jm1YF9m4t6kYKUTr318nS3v4-1646511814-0-ATtQHkwGO1Zu7AXBXPHlgmKvkgTjiUFx3fQRJ+NLFxFrGNaZJR9UnTacH496YtXINweCRnhQn8jHiN0dtU/oP9Ie22ur4aXnegD3zYHT9Xa7GEGMddApw1qYTQwE3QKyV9nI+ZfN3GGLlDnEzgWaYhkQY0JPSgf3zAlzDPhVhOptpzkHyOlyQanmpsLbrkB5tdxFT+ex73V4S9EIdAeUBD4/GBuS1aWl7zwFqLcgHdjDaztV3fZ2DKKnQmi2jwqOabGcID8noW8ejOLDlgr27bITB7tni9Pd75txvcp7+WHx9zdPd99Ul8cMpi9pJxrFeOAMgqBQSXfdVug+DlFYTXeQa+DIXMIaHNC50wGJIkbAuq+UyvI8hpPb7fT6S0VveQbKEq8c6bwHQqv3uMepSjzfq1/DRzbgJ+idaex0x+6UbaXq2sKCVpk2uuW9Z8IZyc+uyDX31CDF0iOJ7F16xrOzBGPmWMZdrNF6aNvE3/OxhHTeeDe/hETK7ezmxKAP2eeymDoD/mpY6daxOjPir1WCzTBZ4ehOrdbyw8wAdCw6KDYbolJISDaOwayqJW5YkRkgqUPiCxZ5wCE1zFs34o9gFO1eIcBRHwkwubabErjefNANMg4dVipQ/mhKtXJIGrZvx3nwjXJKGx+vlVhbXLUjNh4HsWWhd9h6roSec/yetxHeZRKZItGJfXK9izbqYELyQ686ZLkuqGGFJ1Sf3FJ4ZgwSfz/Jqzogvdkv+nkmN6jUvVrj9puala12e+Ba+QRuM120BJWoJBxfBPk6QidQZZJbgDX1aYxeO2BcNgCkkO0Ob5CFfoKE/9GBYG3GF4x/yE4vBToAlPd5apSPTvfFzMVlQyWRByzp0ccmCjps5S4TYHQPruOcS8yqdvlQ1E7g7IoMP7zFuUr8vSvTTNhA/5j3G7kZcuT4JXOHM5pdjWHKc88M7tIYMtHFpfoejv5lzNPXY+DqECeBDEpYiEEGPPMTOfm/EwAdDbssiNc/ESnzqKw1E8jQGezKDiivWllmoGIYee0TdC7JRDF2n5ah5ayYQPj3gKtsQWXK8WsTLJVEB2OJRd2crhaWiui+tWbxaJfmN5BqS69/R+FbcR+1v112MaAXy/lPIalntnsfWHXHHlCc7aEkUFiA26SXkQoSGlk/RIya6MarcW3O7xDovKbXCn5Y4wlRfJNaczaTy5fHKkmz0nGLWzYRnFY4dhWYYrOloEWHUArlwrvTCbhHyBb4FwvF/L043GCC6iCl2R+kazki0PVrziiHQ64DS8jIo6xrL8CthJQa3Pbl9f6PyNiZtD/4mdarlX6QATWjGVA2+dAC7klrRt+5sZA6L8WrD9NwA89vkdS7imumzj6N2wtpsXAlYB/HPSV6zG6hd94QdgCllukIHTjPRcTrpwPUSeLGNHXFYhUkfJrmTMgrKXfLlNnwveO9qsET9T3GsAM16tMR/irPeJHJSClwluiMTbn2Bo+zZ1KDazXjZ4W0Ci80QXrZj683g3oJrDvBBxfO50iLs8wVWqLptmmu79IqVhpCJgx1Zxum0dSXdw0YxDgSUguJYiR5AcCa3CtxzXbLlr6AoIe7e0Z3FkWi2l/3ban70ODTNcNoolmqZBV179vXQLD7wjQ9Xl3SKsVm72bsa/8/XJYZWrjiDM9W0nQkgmbG/5LLBb2gvEaHbDqODhqvvX0rxcDKXhrZ4qcpsLpZaKdfBk0i0uK5b1jBTIifn/Aus2y/bW7Bl2qYL8x7OBgARpDKTyz86YfU6e9ScsThUnWZnd5/6S5ThZsjFW9xNQqyPjU8hM5i7FOKdIc="/>
    <input type="hidden" value="f51740671e79e75a40abfb04a63c4f79" id="jschl-vc" name="jschl_vc"/>
    <!-- <input type="hidden" value="" id="jschl-vc" name="jschl_vc"/> -->
    <input type="hidden" name="pass" value="1646511815.768-8hyMQYSgS3"/>
    <input type="hidden" id="jschl-answer" name="jschl_answer"/>
  </form>
     
    <script type="text/javascript">
      //<![CDATA[
      (function(){
          var a = document.getElementById('cf-content');
          a.style.display = 'block';
          var isIE = /(MSIE|Trident\/|Edge\/)/i.test(window.navigator.userAgent);
          var trkjs = isIE ? new Image() : document.createElement('img');
          trkjs.setAttribute("src", "/cdn-cgi/images/trace/jschal/js/transparent.gif?ray=6e7591fa4dec7ce5");
          trkjs.id = "trk_jschal_js";
          trkjs.setAttribute("alt", "");
          document.body.appendChild(trkjs);
          var cpo=document.createElement('script');
          cpo.type='text/javascript';
          cpo.src="/cdn-cgi/challenge-platform/h/g/orchestrate/jsch/v1?ray=6e7591fa4dec7ce5";
          
          window._cf_chl_opt.cOgUQuery = location.search === '' && location.href.indexOf('?') !== -1 ? '?' : location.search;
          window._cf_chl_opt.cOgUHash = location.hash === '' && location.href.indexOf('#') !== -1 ? '#' : location.hash;
          if (window._cf_chl_opt.cUPMDTk && window.history && window.history.replaceState) {
            var ogU = location.pathname + window._cf_chl_opt.cOgUQuery + window._cf_chl_opt.cOgUHash;
            history.replaceState(null, null, "\/doi\/10.1128\/IAI.74.2.1148-1155.2006?__cf_chl_rt_tk=SIzMqACACqtUJDxwLZinL9ZaKjSDK5rJxW.Xqkrn6kY-1646511814-0-gaNycGzNB1E" + window._cf_chl_opt.cOgUHash);
            cpo.onload = function() {
              history.replaceState(null, null, ogU);
            };
          }
          
          document.getElementsByTagName('head')[0].appendChild(cpo);
        }());
      //]]>
    </script>
  

  
  <div id="trk_jschal_nojs" style="background-image:url('/cdn-cgi/images/trace/jschal/nojs/transparent.gif?ray=6e7591fa4dec7ce5')"> </div>
</div>

          
          <div class="attribution">
            DDoS protection by <a rel="noopener noreferrer" href="https://www.cloudflare.com/5xx-error-landing/" target="_blank">Cloudflare</a>
            <br />
            <span class="ray_id">Ray ID: <code>6e7591fa4dec7ce5</code></span>
          </div>
      </td>
     
    </tr>
  </table>
</body>
</html>
