<!DOCTYPE HTML>
<html lang="en-US">
<head>
  <meta charset="UTF-8" />
  <meta http-equiv="Content-Type" content="text/html; charset=UTF-8" />
  <meta http-equiv="X-UA-Compatible" content="IE=Edge,chrome=1" />
  <meta name="robots" content="noindex, nofollow" />
  <meta name="viewport" content="width=device-width,initial-scale=1" />
  <title>Just a moment...</title>
  <style type="text/css">
    html, body {width: 100%; height: 100%; margin: 0; padding: 0;}
    body {background-color: #ffffff; color: #000000; font-family:-apple-system, system-ui, BlinkMacSystemFont, "Segoe UI", Roboto, Oxygen, Ubuntu, "Helvetica Neue",Arial, sans-serif; font-size: 16px; line-height: 1.7em;-webkit-font-smoothing: antialiased;}
    h1 { text-align: center; font-weight:700; margin: 16px 0; font-size: 32px; color:#000000; line-height: 1.25;}
    p {font-size: 20px; font-weight: 400; margin: 8px 0;}
    p, .attribution, {text-align: center;}
    #spinner {margin: 0 auto 30px auto; display: block;}
    .attribution {margin-top: 32px;}
    @keyframes fader     { 0% {opacity: 0.2;} 50% {opacity: 1.0;} 100% {opacity: 0.2;} }
    @-webkit-keyframes fader { 0% {opacity: 0.2;} 50% {opacity: 1.0;} 100% {opacity: 0.2;} }
    #cf-bubbles > .bubbles { animation: fader 1.6s infinite;}
    #cf-bubbles > .bubbles:nth-child(2) { animation-delay: .2s;}
    #cf-bubbles > .bubbles:nth-child(3) { animation-delay: .4s;}
    .bubbles { background-color: #f58220; width:20px; height: 20px; margin:2px; border-radius:100%; display:inline-block; }
    a { color: #2c7cb0; text-decoration: none; -moz-transition: color 0.15s ease; -o-transition: color 0.15s ease; -webkit-transition: color 0.15s ease; transition: color 0.15s ease; }
    a:hover{color: #f4a15d}
    .attribution{font-size: 16px; line-height: 1.5;}
    .ray_id{display: block; margin-top: 8px;}
    #cf-wrapper #challenge-form { padding-top:25px; padding-bottom:25px; }
    #cf-hcaptcha-container { text-align:center;}
    #cf-hcaptcha-container iframe { display: inline-block;}
  </style>

      <meta http-equiv="refresh" content="35">
  <script type="text/javascript">
    //<![CDATA[
    (function(){
      
      window._cf_chl_opt={
        cvId: "2",
        cType: "non-interactive",
        cNounce: "67727",
        cRay: "6e759201fec45337",
        cHash: "3a8eff978a93de7",
        cUPMDTk: "\/doi\/10.1128\/IAI.00156-09?__cf_chl_tk=TcH_Yk0zN5V4f44jt34WPNVWLX8fr1I3BsvRzZXgPV0-1646511815-0-gaNycGzNB1E",
        cFPWv: "g",
        cTTimeMs: "1000",
        cRq: {
          ru: "aHR0cHM6Ly9qb3VybmFscy5hc20ub3JnL2RvaS8xMC4xMTI4L0lBSS4wMDE1Ni0wOQ==",
          ra: "cHl0aG9uLXJlcXVlc3RzLzIuMjUuMQ==",
          rm: "R0VU",
          d: "kUWs75dMxy/yK86zyLB5o8DZQ9QC1QKB+L/Y3wqBQ9RO/LL0DqMaBI+RDKiXiAYiA92Mfuu0kdCA+DsjEYqpwkOCLZRcMO4hgoJxsdR66ooRGiUbJIroa0bQCtDro/iqhpK7VH0FbIA5InLouzBCEMrYo1RADn3RlXhnNkm6gTncfbvRgRv9E4mBbuQsMwkgP5yzohGAz9kuPkhDRE9ryQLgVqvw1Diuxr3WUeBNIng2li6BUrDm3LtHYGJaQCZ0jr5ldm5mTctMB+xHtHGEOBPlmt2v5CMAcnbe9JpR9pTukmUDR+vwETiERKsUzZf/DAQ0P7+c/sXxpB9346CONfiPj3gfLmA+ZjnBDe62N4PI9dbNMYi7tM2k7yhK+S/lPkitn+2txHHZREeVZupd/uUxwO7vFDTRbaAHc+g8j8Q0d3MkEed9Ycg886azX2u9UNtyVlt5qtjji/AGbLqjuQRFvnqR6DuZWUhV4k2/6vADYwoJUJalgqTAMnCyk41/d4C8VWnkybPZMkd10iY5r31zfvumFCKuxpLtcNra9ljcz92XyCFu6QQEDlmle1dM",
          t: "MTY0NjUxMTgxNS45OTYwMDA=",
          m: "7jZYErHPZ+Z2domz2GvLlslZ6C4xax6RREV/xXO3SLc=",
          i1: "kNrV/QKbsLiT5SwSlBp5hQ==",
          i2: "ii1ORdDqHBycoCFhXxtqgA==",
          zh: "Wdpz5DKIdp61fw1xi4/5+xF7d1QEaZ1MFNsdHIgPg6o=",
          uh: "5GU+jYv2xJ+bCaE/ARmi/DORbiS/v56CW7E0TH4XWQk=",
          hh: "kD0SA7WPJmOf4c5gVlTVLqmiA7Wp4e9AgVYIXtU6h0M=",
        }
      }
      window._cf_chl_enter = function(){window._cf_chl_opt.p=1};
      
    })();
    //]]>
  </script>
  

</head>
<body>
  <table width="100%" height="100%" cellpadding="20">
    <tr>
      <td align="center" valign="middle">
          <div class="cf-browser-verification cf-im-under-attack">
  <noscript>
    <h1 data-translate="turn_on_js" style="color:#bd2426;">Please turn JavaScript on and reload the page.</h1>
  </noscript>
  <div id="cf-content" style="display:none">
    
    <div id="cf-bubbles">
      <div class="bubbles"></div>
      <div class="bubbles"></div>
      <div class="bubbles"></div>
    </div>
    <h1><span data-translate="checking_browser">Checking your browser before accessing</span> journals.asm.org.</h1>
    
    <div id="no-cookie-warning" class="cookie-warning" data-translate="turn_on_cookies" style="display:none">
      <p data-translate="turn_on_cookies" style="color:#bd2426;">Please enable Cookies and reload the page.</p>
    </div>
    <p data-translate="process_is_automatic">This process is automatic. Your browser will redirect to your requested content shortly.</p>
    <p data-translate="allow_5_secs" id="cf-spinner-allow-5-secs" >Please allow up to 5 seconds&hellip;</p>
    <p data-translate="redirecting" id="cf-spinner-redirecting" style="display:none">Redirecting&hellip;</p>
  </div>
   
  <form class="challenge-form" id="challenge-form" action="/doi/10.1128/IAI.00156-09?__cf_chl_f_tk=TcH_Yk0zN5V4f44jt34WPNVWLX8fr1I3BsvRzZXgPV0-1646511815-0-gaNycGzNB1E" method="POST" enctype="application/x-www-form-urlencoded">
    <input type="hidden" name="md" value="XILsEac5NNRUvn3pu_R5Tvz70LhXQd.dpfE8JZfanYI-1646511815-0-AdQPQdJj-nNrEPyHbHbAfU6H0NayinZdimVBbtfTr9rYe6cVNaxRDSmJDF7T-wtuPSFEV1E_b110C4lWfssEDqTsVWOMmOpDWwUooIgiLrV5soU6TMlw3X9wYjryX9kl9it3MoUUBZUlWwg6QuBxSy_X2uGtpFEa6i5I8JzzlU1JQNp3KMU99B7Mvg40Kj5_p2awqpE82bMHaLYbKSfxWi-G-nzluwMcsl99ixI3DW8cW0Z_WYKfh5ZPkj8a-7RrgsIfL_eC0lc-QrC4bQ0qkuI9tn9RJlaCBWw8HQ0BDB7yO2_V22-bdHg_HRwc3K5mxVH5qbsmY6u4wugzNXgtgIPFhJRJzjb7Ud6FXin6NtWU0-wYghobd8rXmxnWSe6lqtpE-nib28VJJiCqTE7g8NdC2F8H51W1I7MU4u2KMDAXAs1Blx5JJ6yzokUcs-z6DX0IKIHUs6On0_fJTZeAU7DdfuOpZHjUT66zppTOtMDmiO8OILyZsoRNPEuFie6sUiT_X872lzXmOM5N9M__DajgYcdEIiOCdnFY1XpU1fYbKmhUvCSAfZTEJkfIki_vbXYLGHTAenPZD1vKPDGqKes-8UaVqYMzKpW4pUgeweMbi2DQPpgdyd116GqzY8nu86EXK3gElmIVyDbQdnkedQVFm58r3VoXjVO9UC5uJgQVVto2fnwx9sx6A2N0orJPQw" />
    <input type="hidden" name="r" value="rYDAtFQ4cnF31LYKVYwz6fUuvbcGaVnp04USCeueVcw-1646511815-0-AVbpAz6vIGG7JQ7Q7rZMQUs86U6DdLIWK6UkOyfoSUdEtvyDv69WrX7DgA1k5xvtZhlNC80bewhDTpihZWQhAD8Ejobm034y8CWjjKWInCvnQH9XXTxqmFrkKPrClwu7krlFsz6K5g4nxA22vvWp1Mi50lIGZn2pZT4wCxiL55KyTTEAm+SuqNinkRXxsZsEbfBqoYOyoL7CpemDyil7F/xV+3RGlRMVtAK1WX61uuQLEWGN3qpLfD84gZpWZo290uf/LFBEVwsNnfOJj49pjZ3g+/LugsipuldVoa7PjAiTwNfZUm3xIu0HcTGS/tv1cbsHyzzIOHHji26ObOcxkBLqJUCKW/ASswRkic7o6M+wnP869wLMKeSiv/pUHROW2APFZ1YmX/gxoAWPrA0i7yMy3wTB/P0w4os9qSht8spSqi2Qrt2ncPeLiiNfvDeMN8ORA2miLyZLagHRdhfWlia+/qLGyX7IE43VeqOq26Z4wvCfrx7nbSYk5dl2R64fuDyY2100PADZTM3beMM9bmFYguLqZ8+rSaIIwf7B2qEoTSmpqWrZJ+Jom/sCqniH71L9Oe4mWUIrMQO25L6+BNTIzeHvQmbAmA4hNSDWscgTeU1hCRfxhwwMJyYPKgCLkPCLdiONHygRaDJV7kHfaNTVhywWnq2T0axmYnrZ0r7IwkGwWBVtnt13Cno18j09L5b+6jGjipvwEVNGncBUWXtMFjRK7B1SOgoKpXJ2VjWyIx3ojBU/gWc0SRbr4KQRbaixu7ELWlm2UhCizz0K/tw9eAxEcTYEphZF7TIZblJtjbZV0l1XPOG1WqR8FivXXNGm8ORICZOzcZFxmwaCcQgqKyj+banPyzE87nIbLlFqdmEUSMJSWDx30p6Wm69jT4ku3O94ti+TNCsTwwPQjUaZ6DL7m6CVpBLtIn5yM8+e+lqoJ7GasgLLPnqjGg7opeNWm3kWWiiwkOYigV00g9sv/MvRtB70jeLnGW7SH5J/GpCv/Du+6lTzO/tnuBlHttO5QxpYUYzmvd5YU5etUBsZKWVk6+/J0GZkrHUwdBkNuOB42SvnIPVWId2aeDqWVProBTSYFj3V+22xLEyhrg2sCAQ7oKBBwbCqxFLAPK0QzWsGuMIZAl9zKI4zR6h3I4xD4HcFRVfcfCkYlOw5nRrw0FEJFnuvPyA9Cj85CStNN6hp/pMfOX0ZLKv4r/kTT4sLg/UEJaWThUlWCEUAGvLx8qksLggShb/XgJTe37K1p2Iw+VizO5aLhZIbE2yaKMVyn/kWhFxuBGvrPBU5wsLrKcVmmKfLlcU9X9eMUfesUKehGz0h/ZViymjE8dqaB9t0AHEQ9cHVNBMPia6iJjaYJFIp3xWVxt/q27rQXUsNqJXWMmmOyOIiEUOQIr/7bJi5Qjn+9Ouhkm8Am1VqIK6dShBmhD5M02O160evaI9bVdTVtmhbNNI/mLzZuenk5eSBI1H8Ac0FvI3tX4MJ0O13xBTYKXePfMpcdELZy2IHk8nc+TKNCELlABkdhONQlxF/KHak/aLjXDANSGq/j96C9bTWfeCF98s/qVlQ6RsRORlH34p5NOL9lkPuimzWq3lmmtlCSdTYU2NoFPHyxiNRvccN3/YPxcESqRjpK0aR1ne8hkECrdSTYDsTtOiybgpsWhs2VYpiZR4gFqmNGTeWQg5LYW2DA0sIX/ABj6ZZnlkJu11cErRklwu329WMRkLUkWGyMZOBttWqi2+jfmVsKTmJvcjYhOI7Fk09xWVLNpQnqwKhmxXda0SVGDIJhuZabPqb+rAUw2mgPGG2MsM="/>
    <input type="hidden" value="9b7097a324756ad64335d1cd0ba16557" id="jschl-vc" name="jschl_vc"/>
    <!-- <input type="hidden" value="" id="jschl-vc" name="jschl_vc"/> -->
    <input type="hidden" name="pass" value="1646511816.996-Vqlz17iwMP"/>
    <input type="hidden" id="jschl-answer" name="jschl_answer"/>
  </form>
     
    <script type="text/javascript">
      //<![CDATA[
      (function(){
          var a = document.getElementById('cf-content');
          a.style.display = 'block';
          var isIE = /(MSIE|Trident\/|Edge\/)/i.test(window.navigator.userAgent);
          var trkjs = isIE ? new Image() : document.createElement('img');
          trkjs.setAttribute("src", "/cdn-cgi/images/trace/jschal/js/transparent.gif?ray=6e759201fec45337");
          trkjs.id = "trk_jschal_js";
          trkjs.setAttribute("alt", "");
          document.body.appendChild(trkjs);
          var cpo=document.createElement('script');
          cpo.type='text/javascript';
          cpo.src="/cdn-cgi/challenge-platform/h/g/orchestrate/jsch/v1?ray=6e759201fec45337";
          
          window._cf_chl_opt.cOgUQuery = location.search === '' && location.href.indexOf('?') !== -1 ? '?' : location.search;
          window._cf_chl_opt.cOgUHash = location.hash === '' && location.href.indexOf('#') !== -1 ? '#' : location.hash;
          if (window._cf_chl_opt.cUPMDTk && window.history && window.history.replaceState) {
            var ogU = location.pathname + window._cf_chl_opt.cOgUQuery + window._cf_chl_opt.cOgUHash;
            history.replaceState(null, null, "\/doi\/10.1128\/IAI.00156-09?__cf_chl_rt_tk=TcH_Yk0zN5V4f44jt34WPNVWLX8fr1I3BsvRzZXgPV0-1646511815-0-gaNycGzNB1E" + window._cf_chl_opt.cOgUHash);
            cpo.onload = function() {
              history.replaceState(null, null, ogU);
            };
          }
          
          document.getElementsByTagName('head')[0].appendChild(cpo);
        }());
      //]]>
    </script>
  

  
  <div id="trk_jschal_nojs" style="background-image:url('/cdn-cgi/images/trace/jschal/nojs/transparent.gif?ray=6e759201fec45337')"> </div>
</div>

          
          <div class="attribution">
            DDoS protection by <a rel="noopener noreferrer" href="https://www.cloudflare.com/5xx-error-landing/" target="_blank">Cloudflare</a>
            <br />
            <span class="ray_id">Ray ID: <code>6e759201fec45337</code></span>
          </div>
      </td>
     
    </tr>
  </table>
</body>
</html>
