<!DOCTYPE HTML>
<html lang="en-US">
<head>
  <meta charset="UTF-8" />
  <meta http-equiv="Content-Type" content="text/html; charset=UTF-8" />
  <meta http-equiv="X-UA-Compatible" content="IE=Edge,chrome=1" />
  <meta name="robots" content="noindex, nofollow" />
  <meta name="viewport" content="width=device-width,initial-scale=1" />
  <title>Just a moment...</title>
  <style type="text/css">
    html, body {width: 100%; height: 100%; margin: 0; padding: 0;}
    body {background-color: #ffffff; color: #000000; font-family:-apple-system, system-ui, BlinkMacSystemFont, "Segoe UI", Roboto, Oxygen, Ubuntu, "Helvetica Neue",Arial, sans-serif; font-size: 16px; line-height: 1.7em;-webkit-font-smoothing: antialiased;}
    h1 { text-align: center; font-weight:700; margin: 16px 0; font-size: 32px; color:#000000; line-height: 1.25;}
    p {font-size: 20px; font-weight: 400; margin: 8px 0;}
    p, .attribution, {text-align: center;}
    #spinner {margin: 0 auto 30px auto; display: block;}
    .attribution {margin-top: 32px;}
    @keyframes fader     { 0% {opacity: 0.2;} 50% {opacity: 1.0;} 100% {opacity: 0.2;} }
    @-webkit-keyframes fader { 0% {opacity: 0.2;} 50% {opacity: 1.0;} 100% {opacity: 0.2;} }
    #cf-bubbles > .bubbles { animation: fader 1.6s infinite;}
    #cf-bubbles > .bubbles:nth-child(2) { animation-delay: .2s;}
    #cf-bubbles > .bubbles:nth-child(3) { animation-delay: .4s;}
    .bubbles { background-color: #f58220; width:20px; height: 20px; margin:2px; border-radius:100%; display:inline-block; }
    a { color: #2c7cb0; text-decoration: none; -moz-transition: color 0.15s ease; -o-transition: color 0.15s ease; -webkit-transition: color 0.15s ease; transition: color 0.15s ease; }
    a:hover{color: #f4a15d}
    .attribution{font-size: 16px; line-height: 1.5;}
    .ray_id{display: block; margin-top: 8px;}
    #cf-wrapper #challenge-form { padding-top:25px; padding-bottom:25px; }
    #cf-hcaptcha-container { text-align:center;}
    #cf-hcaptcha-container iframe { display: inline-block;}
  </style>

      <meta http-equiv="refresh" content="35">
  <script type="text/javascript">
    //<![CDATA[
    (function(){
      
      window._cf_chl_opt={
        cvId: "2",
        cType: "non-interactive",
        cNounce: "58941",
        cRay: "6e7592045a917ccb",
        cHash: "20a5b5d8e4e0dc4",
        cUPMDTk: "\/doi\/10.1128\/IAI.00956-09?__cf_chl_tk=KZclWsMOfaKi0FS314iV6WxnfBGAi2neE3wYngMhr5o-1646511816-0-gaNycGzNB1E",
        cFPWv: "g",
        cTTimeMs: "1000",
        cRq: {
          ru: "aHR0cHM6Ly9qb3VybmFscy5hc20ub3JnL2RvaS8xMC4xMTI4L0lBSS4wMDk1Ni0wOQ==",
          ra: "cHl0aG9uLXJlcXVlc3RzLzIuMjUuMQ==",
          rm: "R0VU",
          d: "ZUwioSr77hI67LneC+MzbwCtdDh5VKkCea3wtOuZGT3XH8yZlEaILZgbXDK8j1M1uOvS+0p7IOQMUsfHJWde3wxy5At+SZs1KcYv2u3tS/5RaFa0YCkW+O0Xh/cybtZrtIQvd1mHE//oT3+hIehOjyP3RM9A9BmnAzOkb6hWiWy2ivWE4QuSU9YF7opZshcpbtOhuYReY+L2LQzFDXknyk5p5PYjfFHM0PGR1PfAznrMsEjc1Qlv2nfpjqaicLaE3zvhexyr7cawfRGln6CnHWnORu71wscvRp7kKpj9kfBgZ3xkLHwEi+Q7AyPTz2CaHnTI8ZaazCaDAk3KxhZUsaaNtdx0BfmqbiMT1iU1Ri3lFSEB5osXKyUS+baDH0qJDzcuVEtjVTr+cLRxybMwYsSTj1/P9SD+lSfQ6qJuU0y70R+aeqagHJJOGAuchy0MJigMruIWrCVjqkBz25EKqfQOZ85JD+ofSankxf6nik/pTZ/SFqrpNv5GoXhbnNR9BsXWTAiCh+GkBOaF8zOx/IKQ8ArnnjeOH5pzREpHYOIXR4EdN9IopXb9UPzPv1AG",
          t: "MTY0NjUxMTgxNi4zODYwMDA=",
          m: "IOJatUyrs+p+RL9Qx/miY64pLCkUiZyQHDr57+m64ko=",
          i1: "0RQwlhE7EKwLMiU42XdVxw==",
          i2: "0jjhFnLn0T1wWD3eMBxF7Q==",
          zh: "Wdpz5DKIdp61fw1xi4/5+xF7d1QEaZ1MFNsdHIgPg6o=",
          uh: "5GU+jYv2xJ+bCaE/ARmi/DORbiS/v56CW7E0TH4XWQk=",
          hh: "kD0SA7WPJmOf4c5gVlTVLqmiA7Wp4e9AgVYIXtU6h0M=",
        }
      }
      window._cf_chl_enter = function(){window._cf_chl_opt.p=1};
      
    })();
    //]]>
  </script>
  

</head>
<body>
  <table width="100%" height="100%" cellpadding="20">
    <tr>
      <td align="center" valign="middle">
          <div class="cf-browser-verification cf-im-under-attack">
  <noscript>
    <h1 data-translate="turn_on_js" style="color:#bd2426;">Please turn JavaScript on and reload the page.</h1>
  </noscript>
  <div id="cf-content" style="display:none">
    
    <div id="cf-bubbles">
      <div class="bubbles"></div>
      <div class="bubbles"></div>
      <div class="bubbles"></div>
    </div>
    <h1><span data-translate="checking_browser">Checking your browser before accessing</span> journals.asm.org.</h1>
    
    <div id="no-cookie-warning" class="cookie-warning" data-translate="turn_on_cookies" style="display:none">
      <p data-translate="turn_on_cookies" style="color:#bd2426;">Please enable Cookies and reload the page.</p>
    </div>
    <p data-translate="process_is_automatic">This process is automatic. Your browser will redirect to your requested content shortly.</p>
    <p data-translate="allow_5_secs" id="cf-spinner-allow-5-secs" >Please allow up to 5 seconds&hellip;</p>
    <p data-translate="redirecting" id="cf-spinner-redirecting" style="display:none">Redirecting&hellip;</p>
  </div>
   
  <form class="challenge-form" id="challenge-form" action="/doi/10.1128/IAI.00956-09?__cf_chl_f_tk=KZclWsMOfaKi0FS314iV6WxnfBGAi2neE3wYngMhr5o-1646511816-0-gaNycGzNB1E" method="POST" enctype="application/x-www-form-urlencoded">
    <input type="hidden" name="md" value="DyvmFDZls_8XMU4zeCXFf0cW70fiRqDrB0Yqm4C_UJg-1646511816-0-AeO-BbExmMsxqJIcrb7Hq7_P7TYVCLZbgHDcbcWcLhe16YTGZOhLlVfks-Q-YN__pBJYGzHBXbKhdHRSokZzdCqDeYeWbd0CRx-3TzOVrWkGclzp-M5JllRXWH-rzEtRUKUKA6N6G2aCFzdgXNxeCVt_MyufeoJFMNJUZUfeYaaBGnjiQDLLhA0FYlvGk1eGzLIivN_ofhty7Z4DkpQbUpReJzDVZh-SXDHyIK9iqWTBwl6nU5fE06chsFvSTG2oSunI9Eb2qAjSOUFpJ3PnSoKEEvOCXWQT8g1LEo3UYVlR_2BnRHt_QGxsVUH1Hbo5wxvMgFnR5Lr-W_iwF7EaS0XYY81rgW5QdjFElBxpEFb1DWWBvIoYIhh6c1nXwHeWhv2WnUgRc_DzlJx1rL0Qfw1EAGU-OvaHNK2SvElHfLT-jfPb6CaT0XpCK-nKPRV3VKm4cQqJEC-rHu_Gl7IdfUt-1NAWo8FJdjS0PGi6DaP1HBk56odRL_WXwQa-1oIRxWcAroehw7caGw9YlIJ8tMKhDsQPYC0HTqhQOQV-3aVvtwpUoJV5pvkPo9llPk9zZ_M1zWe-W9WfutswxJl0De1PoHO6zKiU3izV3mPYivQycwAXYjk8Wa1yYhgRe8077TSN6bn6ZalO7to-vOo-qIIsEqaxDI1IpcgL3sIndX1rwIepIkhOXo8BDWcsU-psNw" />
    <input type="hidden" name="r" value="NCcC3twBduyUHjEeAtDyxmdNRFHyzjMs6658ru1FwEg-1646511816-0-AejyC9MKAIdDw/CDXJIbMw742imVwFBYkTMtqeVY9K27rBP/GWOtMEBqobU7Nc1d+ZTtuJkDzd4Q83OW9b6RrmeW8ySY92EGXbTCN7tUoDtE+GiDoFEvfPKGCWM3DSaYpj63brYsVNliw1peU87vDgptm5/+3QXvsHupKRmKY8EehXOixDL49UvfABw+zkT39XfQk6ZmlznZY2fLdBSpja1mjwY6zfwvMSjaBa7n3DhUn2r57+hENUg0YcSoU9HvbjR0SFq2g87+2z28k7Is+9ZBft15bmvwEJnmyDjVyUB9vYjOp9yhvlj1SmkkF85ZAG6xfF1Jwoqxbxjq3GdIWSjcILIy5drBnvFR9TbFNApKotOqo8zLR7LgRQOkx5poG9qhKIZYfV61IU7iACnmOjLXQkng1xtVIQdP7EIVnwS82svBe7zTfN61H7yyFpLgk5TxQnfaRkw9pHm3sLbgcMYxol5NMplhfUzsfP5nJ8kcs77TlE4+5wbjERr99zACLh15yJdgrzK8JvYqZZv5Vx4UdlBUAaZFUJhlB+wSlcyQ4apm0X5HaWOI595EyEMkGGVM/A9Y4YV7miKu3VoNQ1VgLqhIdUm2DE//lelfU5k3uXrh5q5RlgGwyEi5h2wLwsHYzlR5gVgbIjiRVAlBrot9CFCgOHaINypZ8dbPZPTUFa4oXFwIaDQ2Y4l5N8j7AE480o0wKWr9tTW4aFNzH8G1b1E2KAc1utiRF4fa/JVic2c5DKCGUaJS+J0YNYhg389VZzlN8FxfKjyidI+E0WugDc1J7i9B0mT7GL4sJV14ktTiMODf860gGRMZiEQyJvGYrG1t+SsZbrDkXM1WIujKcO6gZukR3KYHo9Um3fMRxbv147G++AhXH1gIKq4vSnR6fwKW59uxREDg52t7253X1lu+AKRBN3rhm93ta2A7dWlYwLjo7s4UryIVyUKenhmL+2Onqd8GYXrTq/CdwPFUnOT32QrzdW1uKwVhS/BPMti0QMwdjSDnaGFNf7aw6hFxK5j7USDTQh9ToIOle7KGQZ7mwDxwQTjh3SeSVZ0cRQqAANRg7AobD0qQcUHraFyTB49SaLfUMV6ymQYvmsIdSEcWJ1K/iLevhQ5XlMz44+SDyOaVN36r6K+SO1WW5R8vB4pBJQEo5UJuV0qiu4XieFkQhjhKGDRIGMY1wTkVYz9tIDvqwIRyJ+d0PJX7cP+UUvWmm4z1ehfwqGKRN/9giI/59GLJr0f7KTn4gUOl/Sr5iQ0aAzsz3AwWW6w8kWnc4voUzaRjIyAqpNiAYz7bUjTaoYozrF7Yb1qHDjXmGB7zuf2bQ0PnZ1gX9XZqGIg0jpY2H5GQjcscIbFFvdeMLLoGVNyYT4jUanKVsaXbCEYo3Ie3ywOgKXLRr47Bp+XK9sLlRyA1jZ7y/Jfy7nCJcxrHDHtqfsi5auFfXKD9X7c7xKLRI5lJwypVy3S/ND51+q2FXnNIc82TR+TMYQyntceCL6QmzecKOSWOTuVYTzjD4QMSCHpzS63PvaEOwCo1NLswRmaTPNtu6h66S2Tg3IbaiOsusR1c0V/ETjhLiJe2mH+6kPigF4bhxrUHmgofLEb//4jjItHnFxDBI+CpE+owX8bmCUhJn646JNbLLHagtrWjSRAdhs3z5gGVtBrXEP85CLydDJ6SHGlv+37oPzvXK5GzJQZ/3qgHmJiagTvphYDVZhfvnLnegVrnm7Z9fd18nYTu3vrStMKLnxGwL7oGYyEIRH/saDVPA6XXpduXBIVfHAlrsqOHGY/VP5Aa298rWTxZnWPvqsTdET0="/>
    <input type="hidden" value="820db17620c94ff58813dfb41ffda32b" id="jschl-vc" name="jschl_vc"/>
    <!-- <input type="hidden" value="" id="jschl-vc" name="jschl_vc"/> -->
    <input type="hidden" name="pass" value="1646511817.386-w5oHTkHP8N"/>
    <input type="hidden" id="jschl-answer" name="jschl_answer"/>
  </form>
     
    <script type="text/javascript">
      //<![CDATA[
      (function(){
          var a = document.getElementById('cf-content');
          a.style.display = 'block';
          var isIE = /(MSIE|Trident\/|Edge\/)/i.test(window.navigator.userAgent);
          var trkjs = isIE ? new Image() : document.createElement('img');
          trkjs.setAttribute("src", "/cdn-cgi/images/trace/jschal/js/transparent.gif?ray=6e7592045a917ccb");
          trkjs.id = "trk_jschal_js";
          trkjs.setAttribute("alt", "");
          document.body.appendChild(trkjs);
          var cpo=document.createElement('script');
          cpo.type='text/javascript';
          cpo.src="/cdn-cgi/challenge-platform/h/g/orchestrate/jsch/v1?ray=6e7592045a917ccb";
          
          window._cf_chl_opt.cOgUQuery = location.search === '' && location.href.indexOf('?') !== -1 ? '?' : location.search;
          window._cf_chl_opt.cOgUHash = location.hash === '' && location.href.indexOf('#') !== -1 ? '#' : location.hash;
          if (window._cf_chl_opt.cUPMDTk && window.history && window.history.replaceState) {
            var ogU = location.pathname + window._cf_chl_opt.cOgUQuery + window._cf_chl_opt.cOgUHash;
            history.replaceState(null, null, "\/doi\/10.1128\/IAI.00956-09?__cf_chl_rt_tk=KZclWsMOfaKi0FS314iV6WxnfBGAi2neE3wYngMhr5o-1646511816-0-gaNycGzNB1E" + window._cf_chl_opt.cOgUHash);
            cpo.onload = function() {
              history.replaceState(null, null, ogU);
            };
          }
          
          document.getElementsByTagName('head')[0].appendChild(cpo);
        }());
      //]]>
    </script>
  

  
  <div id="trk_jschal_nojs" style="background-image:url('/cdn-cgi/images/trace/jschal/nojs/transparent.gif?ray=6e7592045a917ccb')"> </div>
</div>

          
          <div class="attribution">
            DDoS protection by <a rel="noopener noreferrer" href="https://www.cloudflare.com/5xx-error-landing/" target="_blank">Cloudflare</a>
            <br />
            <span class="ray_id">Ray ID: <code>6e7592045a917ccb</code></span>
          </div>
      </td>
     
    </tr>
  </table>
</body>
</html>
