<!DOCTYPE HTML>
<html lang="en-US">
<head>
  <meta charset="UTF-8" />
  <meta http-equiv="Content-Type" content="text/html; charset=UTF-8" />
  <meta http-equiv="X-UA-Compatible" content="IE=Edge,chrome=1" />
  <meta name="robots" content="noindex, nofollow" />
  <meta name="viewport" content="width=device-width,initial-scale=1" />
  <title>Just a moment...</title>
  <style type="text/css">
    html, body {width: 100%; height: 100%; margin: 0; padding: 0;}
    body {background-color: #ffffff; color: #000000; font-family:-apple-system, system-ui, BlinkMacSystemFont, "Segoe UI", Roboto, Oxygen, Ubuntu, "Helvetica Neue",Arial, sans-serif; font-size: 16px; line-height: 1.7em;-webkit-font-smoothing: antialiased;}
    h1 { text-align: center; font-weight:700; margin: 16px 0; font-size: 32px; color:#000000; line-height: 1.25;}
    p {font-size: 20px; font-weight: 400; margin: 8px 0;}
    p, .attribution, {text-align: center;}
    #spinner {margin: 0 auto 30px auto; display: block;}
    .attribution {margin-top: 32px;}
    @keyframes fader     { 0% {opacity: 0.2;} 50% {opacity: 1.0;} 100% {opacity: 0.2;} }
    @-webkit-keyframes fader { 0% {opacity: 0.2;} 50% {opacity: 1.0;} 100% {opacity: 0.2;} }
    #cf-bubbles > .bubbles { animation: fader 1.6s infinite;}
    #cf-bubbles > .bubbles:nth-child(2) { animation-delay: .2s;}
    #cf-bubbles > .bubbles:nth-child(3) { animation-delay: .4s;}
    .bubbles { background-color: #f58220; width:20px; height: 20px; margin:2px; border-radius:100%; display:inline-block; }
    a { color: #2c7cb0; text-decoration: none; -moz-transition: color 0.15s ease; -o-transition: color 0.15s ease; -webkit-transition: color 0.15s ease; transition: color 0.15s ease; }
    a:hover{color: #f4a15d}
    .attribution{font-size: 16px; line-height: 1.5;}
    .ray_id{display: block; margin-top: 8px;}
    #cf-wrapper #challenge-form { padding-top:25px; padding-bottom:25px; }
    #cf-hcaptcha-container { text-align:center;}
    #cf-hcaptcha-container iframe { display: inline-block;}
  </style>

      <meta http-equiv="refresh" content="35">
  <script type="text/javascript">
    //<![CDATA[
    (function(){
      
      window._cf_chl_opt={
        cvId: "2",
        cType: "non-interactive",
        cNounce: "65872",
        cRay: "6e7592098b6c7b19",
        cHash: "bbbc64f4a95c555",
        cUPMDTk: "\/doi\/10.1128\/IAI.00805-10?__cf_chl_tk=rU8Mes3_6orULUmd2k1p_0P6NO2tB2VFWWW02rz3Cxw-1646511817-0-gaNycGzNBz0",
        cFPWv: "g",
        cTTimeMs: "1000",
        cRq: {
          ru: "aHR0cHM6Ly9qb3VybmFscy5hc20ub3JnL2RvaS8xMC4xMTI4L0lBSS4wMDgwNS0xMA==",
          ra: "cHl0aG9uLXJlcXVlc3RzLzIuMjUuMQ==",
          rm: "R0VU",
          d: "Jbr8+56rwVrDP6Se4llJAm138yApmS1NGu1wsW00GpeH9+h1W4u7DTCJY5kcDNMAOKIePna/MKeuoz+NNByzbmx4gmu1KrsgfWM/1eLHcrrVeRpDwOT7aKAuLc8/x8/AkdVRCd+UOZiUazpHaPGemJy7SjiwB3N/f+uDiB7Lb657YcUNkVK3TurpygvPTcbcrbTkOBTYL4CMRpwOeSsYhy0+rZPyYlJlY1KliWEDIc+EgoJIIiS5ShC3rz3ZvB8KYX2/38lgkBCZ/xuQOa+5d6tU3PtgyomcoxpAVfJ50yLxPvDTMzHDgyPIW9k/BiBWT/YobbH+XMMhSeVQhGZzKXc82+jRGHsbiylMoUZtzwcfcmtK8DnVbofsfdUgHhS4Qw38mcf1QnT52YlMg9fztCVtD2BQtH8sNsYRZW7hwBQt0S4bKmGGxqIKUrb42VfszVlCugsmDew2BBz12jj+FiXcUH87/WyV5wSTR92Vo7y47YPefmEfiHs02K8/8IpiMkTB2QqOGbEMBpKELho2Lf2PpoyblKoFucd+kC6kmV1Z/p4RDTRobUW+02oV7vuV",
          t: "MTY0NjUxMTgxNy4yMTEwMDA=",
          m: "HzIUMxCJ8koYjfxNA4kqMLR78Ger1DZh1iUGR9NCLQw=",
          i1: "C0C311YsJHOjkVaNup++Ig==",
          i2: "ONXe7zJDnSxG97nTBQNTIA==",
          zh: "Wdpz5DKIdp61fw1xi4/5+xF7d1QEaZ1MFNsdHIgPg6o=",
          uh: "5GU+jYv2xJ+bCaE/ARmi/DORbiS/v56CW7E0TH4XWQk=",
          hh: "kD0SA7WPJmOf4c5gVlTVLqmiA7Wp4e9AgVYIXtU6h0M=",
        }
      }
      window._cf_chl_enter = function(){window._cf_chl_opt.p=1};
      
    })();
    //]]>
  </script>
  

</head>
<body>
  <table width="100%" height="100%" cellpadding="20">
    <tr>
      <td align="center" valign="middle">
          <div class="cf-browser-verification cf-im-under-attack">
  <noscript>
    <h1 data-translate="turn_on_js" style="color:#bd2426;">Please turn JavaScript on and reload the page.</h1>
  </noscript>
  <div id="cf-content" style="display:none">
    
    <div id="cf-bubbles">
      <div class="bubbles"></div>
      <div class="bubbles"></div>
      <div class="bubbles"></div>
    </div>
    <h1><span data-translate="checking_browser">Checking your browser before accessing</span> journals.asm.org.</h1>
    
    <div id="no-cookie-warning" class="cookie-warning" data-translate="turn_on_cookies" style="display:none">
      <p data-translate="turn_on_cookies" style="color:#bd2426;">Please enable Cookies and reload the page.</p>
    </div>
    <p data-translate="process_is_automatic">This process is automatic. Your browser will redirect to your requested content shortly.</p>
    <p data-translate="allow_5_secs" id="cf-spinner-allow-5-secs" >Please allow up to 5 seconds&hellip;</p>
    <p data-translate="redirecting" id="cf-spinner-redirecting" style="display:none">Redirecting&hellip;</p>
  </div>
   
  <form class="challenge-form" id="challenge-form" action="/doi/10.1128/IAI.00805-10?__cf_chl_f_tk=rU8Mes3_6orULUmd2k1p_0P6NO2tB2VFWWW02rz3Cxw-1646511817-0-gaNycGzNBz0" method="POST" enctype="application/x-www-form-urlencoded">
    <input type="hidden" name="md" value="xvpn3gwgdupaKCBpxUw6CwRKMUPWHAliwgDdQO9yLMs-1646511817-0-AaMiRVwssiMVP5DegXWgKi75OZRzW1FwpmKBlaAMtACvePWH37eGBbR28ewNr2f3DeBh4A8O4YjbaWttK4zD6h_jRcC_nTaihe0lp4HgOF3uVhWnvOXydV11JQW2k93z5Xcx_XBxFu-SeblmskwcDPIPMeAlm4d2IFOEXSExmiuXK_YViStKvGJtmbfiFiMMNDbtDtIGv6EEurPXingQkAXgJjRPUzsYUAKBNo7YORO_vYNqxSjw-4suawbsk5FmSCDHFsscRWHx9QJ67px5JDo5adw2XXTQJh7GdY6Ko6As__opv4KYAoHsp9eU2vmfThaCElB11K2rVX31vJqRjY6_iWq-bbh0sRfjaAP4HqPkne8X3gtNA5hIzYBCp-f8Z-v_CkVM27xAupPDJQgreCurfDLEybc9rsebs_OKLfZ2WmZypgAJAS2J_Dy9Apl0xRHEp6ydmlPkbnr56tfuQPA_1wpkAEtHabCBEj9BsxjBFF8phqK51oFQcm4U3Jv1clIjRYynKG7urd2alu2EopuXRpBYOymSjQBZZoQMqZ01-ZjcV0mY4d94g-P2MAQ1rKhEhrtqIouh8gSeHw8bPU9emp7UIFXDxB1grj4AUlSbVaGohvpYKNy8njQ03r8ICOCHOmJzlAQzDTSRTJ3-R1aptIhtmotl8sVPAtE7qnpXFTG5uSTckl0ccb6dpXilZA" />
    <input type="hidden" name="r" value="G91GZQREAQpXOqcLkasvsAtSnO8wdl2jElC_cUlYxhk-1646511817-0-AYGhP80gIuHqRCb3CwnFyyX7KWWXfUTSKPnQxooKaZC1xGTcguLJokc/HOlgrh+sXBpHFCX8kpONotDAZQ0Io0fDgj05BljiKKj1hamYV8h5vMjp4d/zpUQ6p0kMqifTftvrvrHO2uQ/cZQCkHk5w+rIh9ehCt7Po1HnxfHzxsLaDmIZbt7dkNtQffNlCActzjIdl3gfrAwz6n/egqF9OGdDxSVFUIGS2tVw21ZeUil+Jp3aNEL6SX3ru6CdIQd+OU5LABNXjH8hK0KcFT93ddGe/dgonviWOYizlg7Lgj+Yxv98d5DjUWb+3IBpZ9TJ2xFJk05PE83wyN996GVU4cXHFhptiLEUnjDrgEYRg0tcZyVdxe11reD9JpRm1KBMCs828nkcKUx0/yeWBCoGQfnmCaOFcZLyihIh9E8vnMZ3B5a/3TPeuw+0Z62nQWxPXpvMP82/VVntBlhj7yoYjYhDHlkbjuU6t48iWBfCnJ2dwX1g0VcCFzCwstejgVtYHWPBp54UsUYGQFDNeFSKXz7BPjtc1DOvApugGBr7HSwIwqEKXvw25lXSg0WU+mEqG/EuXb/YBtnj4tBLwze+XEl7AUfTowiOg7HjaLV2YT54NWqdh+ne5zK+BlRzVEtj1eDvcLZZW7cJSeUYvykcsGG74lkjO04oBntigYJq2/quwnyX0NkRHKkGyVzgXgkQL4rzYBNKNFjJ7fcu0xxTq5CN6x6jBFCD3pHix7dG3YeetkALyKZWbhx38f4DhySibA35NUluSvEpfjgrXQX6v1iawgMK4QsI4GD9NZae++wt+CcmnzSN7VcvHNIOUXN/xV4vqQkgCihk+6MDl2Mo7KebAmGcDFrEM5RxCUXBwauG8eH/H3e3NzlfdT4fkQ6cgilFWaED+u3/C4OLuWKawShy76OwhcQZL9FGEW7wrgBhrg5ZVimJQJGO/Vd+M32mwinHImOShJW9QBJoRJ/tn1nGT9g/E5GkDsH1o1uLf3qGrBvegSf3xLheJL8WzfJYfpQbyQ4DRr6cIjsm5Caod9h/0eu3i4lZBPxaVLP2hV+j85I/OZHxZO3rJX6FDUxD+uwA2nuTgiQtY/xbU6MVZBLrVCpptkM27de86lEn/70PcOmOZWYigW/mnvsCJiZcUn9uQA83wXHQ6OCnrGoUT54NbqjUlMtiA/5Ek0y8Iy2923atbeF4WVkaonbywrUNNUGoROcixyBrTarI5TZrY4eHsigTrH7dPKoD9IN3DIgkxEnXCwCjFwgOFbBarIUCoWYNr+j6hJUxXj1Ij/Mjm2BUGdf0OxqN1oLMWw0lJ9v8+A/wYYgfihPayCmBsq6FzAjOo+7F9yWLbU3DemGaaoU6u5Z5aJgY8Jo+rDK3f/spFZyHQu0ZLTyLXsezjnzJwk51A+41ZUPjtPyF+bW7M4EzOlKt3BoiMtwaCX/7fomdwX4/kYbKxAqHBJgtUdmIOppWWfpgLA+EdS9Uc8tBFY5g0M37WzV3G9dSIrp1PVGJ+jqXz1721t1SeIff3k6bBYpkyN3u8I1RfjT+SNgoVRsBfJ2jbZBcJ3zegIkJ3ttZqMUZAQ7pvmaZf+cEySupKryCZYZIG8bmHfi8ZMBy3awGMt7V3q1Fz4YIlDnfTVdTLQhcPLn48RUgATPZ2M6crHYnrRo/RKIZWqgYpXFMgwjjTCb1sfoAXAunFhX6yDCNylIkVV2Ot/z26w7jxGZVXA6uuqSYgBC0La9AVS5YyDldivINylS1xuUVCJzCMwk7Hqd3X0uEguNGG/HDQCYk6w=="/>
    <input type="hidden" value="4574962d0790b8316d911b5c5f0ba272" id="jschl-vc" name="jschl_vc"/>
    <!-- <input type="hidden" value="" id="jschl-vc" name="jschl_vc"/> -->
    <input type="hidden" name="pass" value="1646511818.211-uGuU66gTks"/>
    <input type="hidden" id="jschl-answer" name="jschl_answer"/>
  </form>
     
    <script type="text/javascript">
      //<![CDATA[
      (function(){
          var a = document.getElementById('cf-content');
          a.style.display = 'block';
          var isIE = /(MSIE|Trident\/|Edge\/)/i.test(window.navigator.userAgent);
          var trkjs = isIE ? new Image() : document.createElement('img');
          trkjs.setAttribute("src", "/cdn-cgi/images/trace/jschal/js/transparent.gif?ray=6e7592098b6c7b19");
          trkjs.id = "trk_jschal_js";
          trkjs.setAttribute("alt", "");
          document.body.appendChild(trkjs);
          var cpo=document.createElement('script');
          cpo.type='text/javascript';
          cpo.src="/cdn-cgi/challenge-platform/h/g/orchestrate/jsch/v1?ray=6e7592098b6c7b19";
          
          window._cf_chl_opt.cOgUQuery = location.search === '' && location.href.indexOf('?') !== -1 ? '?' : location.search;
          window._cf_chl_opt.cOgUHash = location.hash === '' && location.href.indexOf('#') !== -1 ? '#' : location.hash;
          if (window._cf_chl_opt.cUPMDTk && window.history && window.history.replaceState) {
            var ogU = location.pathname + window._cf_chl_opt.cOgUQuery + window._cf_chl_opt.cOgUHash;
            history.replaceState(null, null, "\/doi\/10.1128\/IAI.00805-10?__cf_chl_rt_tk=rU8Mes3_6orULUmd2k1p_0P6NO2tB2VFWWW02rz3Cxw-1646511817-0-gaNycGzNBz0" + window._cf_chl_opt.cOgUHash);
            cpo.onload = function() {
              history.replaceState(null, null, ogU);
            };
          }
          
          document.getElementsByTagName('head')[0].appendChild(cpo);
        }());
      //]]>
    </script>
  

  
  <div id="trk_jschal_nojs" style="background-image:url('/cdn-cgi/images/trace/jschal/nojs/transparent.gif?ray=6e7592098b6c7b19')"> </div>
</div>

          
          <div class="attribution">
            DDoS protection by <a rel="noopener noreferrer" href="https://www.cloudflare.com/5xx-error-landing/" target="_blank">Cloudflare</a>
            <br />
            <span class="ray_id">Ray ID: <code>6e7592098b6c7b19</code></span>
          </div>
      </td>
     
    </tr>
  </table>
</body>
</html>
