<!DOCTYPE HTML>
<html lang="en-US">
<head>
  <meta charset="UTF-8" />
  <meta http-equiv="Content-Type" content="text/html; charset=UTF-8" />
  <meta http-equiv="X-UA-Compatible" content="IE=Edge,chrome=1" />
  <meta name="robots" content="noindex, nofollow" />
  <meta name="viewport" content="width=device-width,initial-scale=1" />
  <title>Just a moment...</title>
  <style type="text/css">
    html, body {width: 100%; height: 100%; margin: 0; padding: 0;}
    body {background-color: #ffffff; color: #000000; font-family:-apple-system, system-ui, BlinkMacSystemFont, "Segoe UI", Roboto, Oxygen, Ubuntu, "Helvetica Neue",Arial, sans-serif; font-size: 16px; line-height: 1.7em;-webkit-font-smoothing: antialiased;}
    h1 { text-align: center; font-weight:700; margin: 16px 0; font-size: 32px; color:#000000; line-height: 1.25;}
    p {font-size: 20px; font-weight: 400; margin: 8px 0;}
    p, .attribution, {text-align: center;}
    #spinner {margin: 0 auto 30px auto; display: block;}
    .attribution {margin-top: 32px;}
    @keyframes fader     { 0% {opacity: 0.2;} 50% {opacity: 1.0;} 100% {opacity: 0.2;} }
    @-webkit-keyframes fader { 0% {opacity: 0.2;} 50% {opacity: 1.0;} 100% {opacity: 0.2;} }
    #cf-bubbles > .bubbles { animation: fader 1.6s infinite;}
    #cf-bubbles > .bubbles:nth-child(2) { animation-delay: .2s;}
    #cf-bubbles > .bubbles:nth-child(3) { animation-delay: .4s;}
    .bubbles { background-color: #f58220; width:20px; height: 20px; margin:2px; border-radius:100%; display:inline-block; }
    a { color: #2c7cb0; text-decoration: none; -moz-transition: color 0.15s ease; -o-transition: color 0.15s ease; -webkit-transition: color 0.15s ease; transition: color 0.15s ease; }
    a:hover{color: #f4a15d}
    .attribution{font-size: 16px; line-height: 1.5;}
    .ray_id{display: block; margin-top: 8px;}
    #cf-wrapper #challenge-form { padding-top:25px; padding-bottom:25px; }
    #cf-hcaptcha-container { text-align:center;}
    #cf-hcaptcha-container iframe { display: inline-block;}
  </style>

      <meta http-equiv="refresh" content="35">
  <script type="text/javascript">
    //<![CDATA[
    (function(){
      
      window._cf_chl_opt={
        cvId: "2",
        cType: "non-interactive",
        cNounce: "30030",
        cRay: "6e75920e3afc52a7",
        cHash: "ad4f95225916845",
        cUPMDTk: "\/doi\/10.1128\/IAI.06230-11?__cf_chl_tk=rU8Mes3_6orULUmd2k1p_0P6NO2tB2VFWWW02rz3Cxw-1646511817-0-gaNycGzNBz0",
        cFPWv: "g",
        cTTimeMs: "1000",
        cRq: {
          ru: "aHR0cHM6Ly9qb3VybmFscy5hc20ub3JnL2RvaS8xMC4xMTI4L0lBSS4wNjIzMC0xMQ==",
          ra: "cHl0aG9uLXJlcXVlc3RzLzIuMjUuMQ==",
          rm: "R0VU",
          d: "fGGSs2AFFoyO/U2zkMSsJ7YBEMqTWMx0IJVvTZoX+/eXCh2A6/TOpJZnZ2UUaX7OqnBkJ8C8s2MktrvgKpC5au79OApM3W9B+bcCzbPzRGAzbzqsYf0h7QyK8l5hkvfeD0T05rzf1J3j4kwz6cUMFamnSqSINYdfohiHFP02yDSST9V3EItS+Qx5xDsu9+zTu2xJSrdzCC6vmHf6E1jfoDk5wBIl6bJsLbX+TUG9QouEy+XwpuhLzrXMyX0G52h8NdeHLzyB5nadEmlozx+AIBRH2iKLmTtsifzUswtoEDw651P53syhf0I6LJpkusiDzx2oB55nnk9mTERzybHSRIoTlNfFBy2dpoX49vjrodLt4hB3pLgqiGjao0cZCg3chLAKRvhF5vBTA++kZNXt8dKztdwdEzhOmfCSaO0Ftx8ntfiwEEIHzAKQB/21UD5sAReBfNMxCSrBqpgnbbP/lLxbJ2Prfav8CNsJKU9tf3Wu0GoXn6ZoFhZiiAohg8BoNnU9Bb+q7gJmnIe4p4FT8eB1Ip0E0RfrrPf4LRcByH0DHgF0LMhlbBKGfHwqThzM",
          t: "MTY0NjUxMTgxNy45NjQwMDA=",
          m: "GgdKePrLCelUaWuJ+x1VESFIqDgjMZMG6p4A+La94gc=",
          i1: "00PtGRxK/Gd0J91WfNLmPw==",
          i2: "Yqkz/oDAs6q7NWX0ZC4U7A==",
          zh: "Wdpz5DKIdp61fw1xi4/5+xF7d1QEaZ1MFNsdHIgPg6o=",
          uh: "5GU+jYv2xJ+bCaE/ARmi/DORbiS/v56CW7E0TH4XWQk=",
          hh: "kD0SA7WPJmOf4c5gVlTVLqmiA7Wp4e9AgVYIXtU6h0M=",
        }
      }
      window._cf_chl_enter = function(){window._cf_chl_opt.p=1};
      
    })();
    //]]>
  </script>
  

</head>
<body>
  <table width="100%" height="100%" cellpadding="20">
    <tr>
      <td align="center" valign="middle">
          <div class="cf-browser-verification cf-im-under-attack">
  <noscript>
    <h1 data-translate="turn_on_js" style="color:#bd2426;">Please turn JavaScript on and reload the page.</h1>
  </noscript>
  <div id="cf-content" style="display:none">
    
    <div id="cf-bubbles">
      <div class="bubbles"></div>
      <div class="bubbles"></div>
      <div class="bubbles"></div>
    </div>
    <h1><span data-translate="checking_browser">Checking your browser before accessing</span> journals.asm.org.</h1>
    
    <div id="no-cookie-warning" class="cookie-warning" data-translate="turn_on_cookies" style="display:none">
      <p data-translate="turn_on_cookies" style="color:#bd2426;">Please enable Cookies and reload the page.</p>
    </div>
    <p data-translate="process_is_automatic">This process is automatic. Your browser will redirect to your requested content shortly.</p>
    <p data-translate="allow_5_secs" id="cf-spinner-allow-5-secs" >Please allow up to 5 seconds&hellip;</p>
    <p data-translate="redirecting" id="cf-spinner-redirecting" style="display:none">Redirecting&hellip;</p>
  </div>
   
  <form class="challenge-form" id="challenge-form" action="/doi/10.1128/IAI.06230-11?__cf_chl_f_tk=rU8Mes3_6orULUmd2k1p_0P6NO2tB2VFWWW02rz3Cxw-1646511817-0-gaNycGzNBz0" method="POST" enctype="application/x-www-form-urlencoded">
    <input type="hidden" name="md" value="eQkXZnNrYkA5eRZbTMBPv3UR9acbwhS_jKzcm3crtEI-1646511817-0-AcQG_FGgny72VXLLAFmEd0W8zbDs8Q_75J04Sp3TG-zafJ0-xkrM3plB43X1EkFNoejzay46LLWTY9ygu4DWAx6U-H8xE_G_bsbN4l9XMH7vYZT3dYZ3vKoV9grASzTiJJQWIxaiqWNVly6ikm6wVXRBCG0HsOvUFwS4MOBwqC7BgHjO97vv2n9iY3nYPtsUcbUR6XsQ7Nd9d_qtEcDsBpJfLtZLnIK5MfJ9GJqUcQiJe3PbAI0neBR-d2R_SgOX8Kgt2kv8FuRiwx6JCrGSXkU7LPHd8xcYDOWj65LrFJNnrNWncSJNIZWXG1y9rMal-3bdgroRNV8WlBxmXB4BZ6c5mvDIewoidv4xvmBmybvixQcMH6JdtvF3BdEvofxFSS_L_X15FVxznAUpkKWlDy0Q-oNPQgxu7NhJ-N7s7lXk-1i_Wn9IDzDTYLbGtM2KvLleijIqEpvsjEjxlrtg_uHZlDlSs_OjllC6Nn5DbrjaydVl4ovGKp-kdsor2W6i2eC778kvNjau6ffUJ2TPazjbB6nZISykFoX6c5IVQ6ngFFr8-ZC8VHuY_C2TPR8MfoDqZRV5XBRbj7t8AXjTGaEW8riOBwzsSjAUTBLRgNZ2syvdAb8Y9jiJd8ewDAMYTPhSU7br9B_Peyk8rndPtDhoLXApvHxegcozjfCKfBhacT_Lm4vR188Ow68Yxde-Fg" />
    <input type="hidden" name="r" value="0D_tnvz7MFD8M3w8NkjaQOZqFbgsphJ70WCzkUzCOI8-1646511817-0-AfcSKfBEwOKnBr1DMM6c0RkRdukRmSuYmF8tTN7AkKZ84qNYXJpAQRJ6Ghfs7gJTcHrOSh78XQZ/dFsDq2CHPCZjuvWBDK1aLvpVXPGuXF48haTK8/CkJTLOT3UausMGrNBi7FPJpBLqlym3Er8MjnuRC8wo7GRddUZPAp1GLhnEDyCw4eQhP3tNp7ddKw/VzTQ1JhIBgu8z4VpcrB6MQzpOVctoNaHizACJ7HNWkeH/MnkoYntPRPKOoFd09UtIb8sT8rrNqrh5IAlFy/dZYfPdPOf8IceME3epox730BrISF9XyCGWRdubQq2iTyZlBT6mTueQusTEwtEgfm7FKMLHbxGhsU4cgGZFspfdgwoXvYBQ1UpB9wtIfUpqO8zB6733updbWXaaB2wibAX7dQKzLkiyVyEmgHTjLf5LFO7YSAkgdYnM+777SgDoPGUwcygZNu/4LZECmiRIpwgwFtpt57AaofZWNiXfkdd/RjpbImv+AR4Hm2suzKk0K7PMHnvEEQdDN6MCUfBR24yCTt1BU/RS3di3RKrla2lIPAmBeXFr7lOf5t9afJRWpC6Sy6HSsy74vZW6spZWUB1DIsilN/Wd2/BjYLI7IQM5AnN+ZLmyJRp/E/zzeSL7NEQ2JGy02gsrTdNC6NSnzKdOxB1SEIxbhV9LM0JDBUkK002JGszplqnf1CnAcju9ZVGR7gltyyglBxxVRsOef/96f13iovFY8UK2GU08b1QWRxjIwvQb/GvjHc2nO7J2z/dYAfJrMKs4mUqJ9PDopsiVt5Vs8a7v6coZYDZeF+8jmIrWGsBmwKpzh2P8ipEN9MdxHReVbLQId2zg80vUcmwz73YxweQ8JBDYYvoWcD2CMPaC6ComOTqcstv0FcygsCmSfThDGJu4SPD7fIsizYSwgm3uxrX55WaxViV/NwnTielk1LOoNnu6NuHI3KcRoCrzEOmuixgPCGriWnVfCHLZuQkn/VICQn5IgojaRWDrQwdUrKLv4DtSGx6F+qMyMQYu0o6g2mrQgZ8qHNjBcc0iwemQDzXZz05fWoUz0vjjZbSmTgmsZJoTyGrj6eolu9fH5tLNUM80ZXrOeo5XqN1ApFx3SAnBnEQkH9mHn2m81+VD9WhDMYEXF8eARRsgBHZxY+zFDugk9R+8Eg+x1a0336p1h56RVHihK85MPtewPfhRhBc0QNMkNDmDaT3+2cZZ2hYJDMm8pCDKWzRd91v5hGv6N9e/szwdgyIohSSmel+PC8j7hzIqSsEDRp54EOXG65nm+mJRe86pDdXtYHYlgXGB7cj7KD6TnpiJsP84OSL5Le0fdlROItii30Ajx8YtP5pQDaGILpSDbco3riYGBU9qe8lz7B0z2qzBH5E60j7xPJ+D5lFweVAP9fl1gikqI0/eGMITCxXFeDxMNhLNk24Okx7YA9JRdgXisQM4Q4h33XieBtWsCp0Cm7JWEUyWXxJBCXL9xquk7BWpYGolySBFiHao75Gvx/GeOo6x3kTzLyx1hvrFj2oSyAb/U0WrQSWArlkpcKvhIrxUExSINZ18qwTAN2FC09Pv/t3w+we96UBg4zkx7HH97akTsrcEL1W2GB/fd/khK7VOT6CySPRnwsdC6Hw3RpKwH4GiDXdYxMSoV53AI1wv1G8Sd+gKy9Ry2CYqNJmd8OVYzXO7DrxJMqGhdD7ElF8SevZygCvL0K6pPxDeMjBFgOG/NUsEakulsiSKcRcvZALTiLsRPVUW2Q9irM+YBnmWESECsTUnqguIeva+ZPo6004w9Yg59g=="/>
    <input type="hidden" value="5ec114976e132772f14bd07ecd8fb03d" id="jschl-vc" name="jschl_vc"/>
    <!-- <input type="hidden" value="" id="jschl-vc" name="jschl_vc"/> -->
    <input type="hidden" name="pass" value="1646511818.964-fErAsc0MVL"/>
    <input type="hidden" id="jschl-answer" name="jschl_answer"/>
  </form>
     
    <script type="text/javascript">
      //<![CDATA[
      (function(){
          var a = document.getElementById('cf-content');
          a.style.display = 'block';
          var isIE = /(MSIE|Trident\/|Edge\/)/i.test(window.navigator.userAgent);
          var trkjs = isIE ? new Image() : document.createElement('img');
          trkjs.setAttribute("src", "/cdn-cgi/images/trace/jschal/js/transparent.gif?ray=6e75920e3afc52a7");
          trkjs.id = "trk_jschal_js";
          trkjs.setAttribute("alt", "");
          document.body.appendChild(trkjs);
          var cpo=document.createElement('script');
          cpo.type='text/javascript';
          cpo.src="/cdn-cgi/challenge-platform/h/g/orchestrate/jsch/v1?ray=6e75920e3afc52a7";
          
          window._cf_chl_opt.cOgUQuery = location.search === '' && location.href.indexOf('?') !== -1 ? '?' : location.search;
          window._cf_chl_opt.cOgUHash = location.hash === '' && location.href.indexOf('#') !== -1 ? '#' : location.hash;
          if (window._cf_chl_opt.cUPMDTk && window.history && window.history.replaceState) {
            var ogU = location.pathname + window._cf_chl_opt.cOgUQuery + window._cf_chl_opt.cOgUHash;
            history.replaceState(null, null, "\/doi\/10.1128\/IAI.06230-11?__cf_chl_rt_tk=rU8Mes3_6orULUmd2k1p_0P6NO2tB2VFWWW02rz3Cxw-1646511817-0-gaNycGzNBz0" + window._cf_chl_opt.cOgUHash);
            cpo.onload = function() {
              history.replaceState(null, null, ogU);
            };
          }
          
          document.getElementsByTagName('head')[0].appendChild(cpo);
        }());
      //]]>
    </script>
  

  
  <div id="trk_jschal_nojs" style="background-image:url('/cdn-cgi/images/trace/jschal/nojs/transparent.gif?ray=6e75920e3afc52a7')"> </div>
</div>

          
          <div class="attribution">
            DDoS protection by <a rel="noopener noreferrer" href="https://www.cloudflare.com/5xx-error-landing/" target="_blank">Cloudflare</a>
            <br />
            <span class="ray_id">Ray ID: <code>6e75920e3afc52a7</code></span>
          </div>
      </td>
     
    </tr>
  </table>
</body>
</html>
