<!DOCTYPE HTML>
<html lang="en-US">
<head>
  <meta charset="UTF-8" />
  <meta http-equiv="Content-Type" content="text/html; charset=UTF-8" />
  <meta http-equiv="X-UA-Compatible" content="IE=Edge,chrome=1" />
  <meta name="robots" content="noindex, nofollow" />
  <meta name="viewport" content="width=device-width,initial-scale=1" />
  <title>Just a moment...</title>
  <style type="text/css">
    html, body {width: 100%; height: 100%; margin: 0; padding: 0;}
    body {background-color: #ffffff; color: #000000; font-family:-apple-system, system-ui, BlinkMacSystemFont, "Segoe UI", Roboto, Oxygen, Ubuntu, "Helvetica Neue",Arial, sans-serif; font-size: 16px; line-height: 1.7em;-webkit-font-smoothing: antialiased;}
    h1 { text-align: center; font-weight:700; margin: 16px 0; font-size: 32px; color:#000000; line-height: 1.25;}
    p {font-size: 20px; font-weight: 400; margin: 8px 0;}
    p, .attribution, {text-align: center;}
    #spinner {margin: 0 auto 30px auto; display: block;}
    .attribution {margin-top: 32px;}
    @keyframes fader     { 0% {opacity: 0.2;} 50% {opacity: 1.0;} 100% {opacity: 0.2;} }
    @-webkit-keyframes fader { 0% {opacity: 0.2;} 50% {opacity: 1.0;} 100% {opacity: 0.2;} }
    #cf-bubbles > .bubbles { animation: fader 1.6s infinite;}
    #cf-bubbles > .bubbles:nth-child(2) { animation-delay: .2s;}
    #cf-bubbles > .bubbles:nth-child(3) { animation-delay: .4s;}
    .bubbles { background-color: #f58220; width:20px; height: 20px; margin:2px; border-radius:100%; display:inline-block; }
    a { color: #2c7cb0; text-decoration: none; -moz-transition: color 0.15s ease; -o-transition: color 0.15s ease; -webkit-transition: color 0.15s ease; transition: color 0.15s ease; }
    a:hover{color: #f4a15d}
    .attribution{font-size: 16px; line-height: 1.5;}
    .ray_id{display: block; margin-top: 8px;}
    #cf-wrapper #challenge-form { padding-top:25px; padding-bottom:25px; }
    #cf-hcaptcha-container { text-align:center;}
    #cf-hcaptcha-container iframe { display: inline-block;}
  </style>

      <meta http-equiv="refresh" content="35">
  <script type="text/javascript">
    //<![CDATA[
    (function(){
      
      window._cf_chl_opt={
        cvId: "2",
        cType: "non-interactive",
        cNounce: "90009",
        cRay: "6e7592133c537c74",
        cHash: "e90c65b523de842",
        cUPMDTk: "\/doi\/10.1128\/IAI.05798-11?__cf_chl_tk=xCiYb24wSiw7mWGM2GShIwIQPj3GTSLwTNNCBDWcUVk-1646511818-0-gaNycGzNB1E",
        cFPWv: "g",
        cTTimeMs: "1000",
        cRq: {
          ru: "aHR0cHM6Ly9qb3VybmFscy5hc20ub3JnL2RvaS8xMC4xMTI4L0lBSS4wNTc5OC0xMQ==",
          ra: "cHl0aG9uLXJlcXVlc3RzLzIuMjUuMQ==",
          rm: "R0VU",
          d: "Z3SJS1F+DghFVIqpVsPnHrmFtdQH1DT6rCujD5ROHiKhnZxQUwi4z+KVjOVjvZE7JaJPOpPL5ZyHYbZRPP2KXhY23tmUG2Fllp+qcCW0+TtiZ0x/cVdaAvMm0iGdVk7jTzwzTMKWUVjqbkeohb4ikXYbei8VIwQICb6oOxuz40TWW1EQ3LyLEa6O+XqjrpUl1VkSr6ae+P08RtTfzmwSpsRnNTTFoy9e/MWl5i1VRuNEu983ys7UCeIjR2wPa/FleLgkZdWNfzxFn2AzWi62o0hoSuDoA8jE2/3c+kZnYR2xGE30/Ff7IVj/as2Vc6qRgx7MrgV5vZ0oV+sKvGkeOJPsgbmsx3d9l4RX/ehctRyiE/HDZPhNcB7k3xeLVT+fs5fPnA32xKhQP6YJuwMCRizJwOXSpFNIW58yJjHwNDnTIi9k2gFuemTP4qNutB6A+x20iaOOnDbAIhgFawA48X/HoVGoJav0QubVmcRzJhRyfFCMIWI4wNxml6VWcLlyTI06BI3Skh9e0FUO8nri04LYNdFALF/vzfDGbRtOGU9Lv3803jqjiepdbMoouTKo",
          t: "MTY0NjUxMTgxOC43NTcwMDA=",
          m: "LvBusgYz06Pyv3Ch7N9TK6LUDXaMVDclVnV8D3FDCbM=",
          i1: "XJ9KEBBfvGAyjZZXd12Lng==",
          i2: "Sz/4+RWDp8G0Jjm7xtrPVw==",
          zh: "Wdpz5DKIdp61fw1xi4/5+xF7d1QEaZ1MFNsdHIgPg6o=",
          uh: "5GU+jYv2xJ+bCaE/ARmi/DORbiS/v56CW7E0TH4XWQk=",
          hh: "kD0SA7WPJmOf4c5gVlTVLqmiA7Wp4e9AgVYIXtU6h0M=",
        }
      }
      window._cf_chl_enter = function(){window._cf_chl_opt.p=1};
      
    })();
    //]]>
  </script>
  

</head>
<body>
  <table width="100%" height="100%" cellpadding="20">
    <tr>
      <td align="center" valign="middle">
          <div class="cf-browser-verification cf-im-under-attack">
  <noscript>
    <h1 data-translate="turn_on_js" style="color:#bd2426;">Please turn JavaScript on and reload the page.</h1>
  </noscript>
  <div id="cf-content" style="display:none">
    
    <div id="cf-bubbles">
      <div class="bubbles"></div>
      <div class="bubbles"></div>
      <div class="bubbles"></div>
    </div>
    <h1><span data-translate="checking_browser">Checking your browser before accessing</span> journals.asm.org.</h1>
    
    <div id="no-cookie-warning" class="cookie-warning" data-translate="turn_on_cookies" style="display:none">
      <p data-translate="turn_on_cookies" style="color:#bd2426;">Please enable Cookies and reload the page.</p>
    </div>
    <p data-translate="process_is_automatic">This process is automatic. Your browser will redirect to your requested content shortly.</p>
    <p data-translate="allow_5_secs" id="cf-spinner-allow-5-secs" >Please allow up to 5 seconds&hellip;</p>
    <p data-translate="redirecting" id="cf-spinner-redirecting" style="display:none">Redirecting&hellip;</p>
  </div>
   
  <form class="challenge-form" id="challenge-form" action="/doi/10.1128/IAI.05798-11?__cf_chl_f_tk=xCiYb24wSiw7mWGM2GShIwIQPj3GTSLwTNNCBDWcUVk-1646511818-0-gaNycGzNB1E" method="POST" enctype="application/x-www-form-urlencoded">
    <input type="hidden" name="md" value="ZuAwHbtCOXh2ouM_sQG7stVrmkwkra8I7qGnACL.8fM-1646511818-0-AdugF4-MizH0D-QCdi99UwKXNryayvj1GhCEe67PHyLkD_DsVmElyonLZ3Bhzl1ds5J9zjYloj0eLIKEScD-frv0o-l9putLbcK33U1TSa4tdpZxu016GkSKTTDAeAXq3_s9Ya5BqRFATsjg81Pr_1TrKyjurkfj_eT4rlx4Lzg1ddn-YlndsQF8cFQTKBx2ShQKC8f6xKZ1FJGQ6XBAyD9ZTAteRZ5M1Ul2ZymYs7x48eVaLlra4cbJopOxV2kT_dHFmqtyJkN81v-t1m0ws6OiCFwsLUULr6Q44mA1C-OA89jyk_U_f7r_kllJefhOndgpUb4bf2EV91gG6_R5raCM4-Rqcdmg0mbhbfajzIPXU4uC_pvnOPUl3jRMyV9iG_8n94AU5iLFzil6wycqJAqw3jteqozkoJjCuzsEwVsFkb-JZgPocvq_grK8wpBqOIUsc7CdqN6wH8xGyf0JHsX_jjGYqgWLxYUFhGYQxFtl0jR-SIpDUlsKc-OZ0LNDn2e4vL2nAvuAy3mSUQOe5CuxgMHq6OMbCED-YPWzy-foTBgIwVDiRwysv3Okx63blul8VGEebr1d28s0qVJ_V1HWEZgJJ2RYING1g7AtfMMsrJPQJnp4HOI8rFtPVrgdQWXBmDUb1XzXXxhM_RsfyjnLhpaD8Tq5jcNi_tMOmnlmR2rzPrdLHwKPBxQ_xF_M4w" />
    <input type="hidden" name="r" value="vtHnzYQ2KObOj1OBGxXMH_sDDlU2TnL_aAjwiMdSqSE-1646511818-0-AYbeXpMmUwnjI4Yk3f7M80PnfSe/J74WEYUAphBw7oH7H4ruAc3rp9F073DCafuSagjBQGW4LcoLKzf9/Syo8SAVM0FUR7jHqtjqz55q3yGIe7V3H6n85VUzNdH8/7U5N3TdeFKOMC7JrDVeN2qDT7oUU0cc8v/SS7olH+pMEbBISvp9SIoBWld/TaPKuLn9N3ovHvGZR2hvist2kScYXTfTtKG4g8kfzip8fdnbRaMR6b2b2u5rSHAyfvfDuboEIaA+fbcRG80a3WzL6Gg4b7XE46QsAe6mFOAKtiMv+wGf9t9IBh/sfB0/QJyjULvUXKM02lxw+XZ9hHg2gAWEHOYMoXW1n6x6uYx4PNXXimW4UeVTePK4BgzLh/5CrCDi0c0EdZ755urOAk7A9qpq7sC/VVPw9GBMsrcan0b+awL9hC3W5EC36dbCZy6GqqtP5xiSWwfuf3Aoks3LS34Yy3lKQVREf5lNJfCsv6xr6bh6w7b+Gzu794BX8Debj9e+AZQ936HdpYgmPuP/TmOynkX/d/W1Jqnt9bKaAYp2Z1d5kZwM0e1mzWBaSQ5kdvQ9vIXp4JbG7ahd1Nt6a4Tfw9ylc6lLSs3s3SEyMSKWFNEkkfhSPwKS2ofWChVTs0XGWyBbLfc1oqqPkvLs4EnZWmj4b6jv5oDy1nSFepnPegpDSRjLIjdbRkBVZp4ZcpkTNUmCMoeXDBFlQIQSNxXFrehJaroR1XUKQ9aP5OBgdEWFT5l2htcSJF4NwO3oCST10wDICKMachSWUj9Gpohcey25jzfbqSMeU1L2OQx2fBHEA54hSOOLDlYYHBcfzMJWs6YT+dGSd//12A6TYnIFje+2GzgMiNdxDD2og7febadzFNekqr0DvrTX2hE4SRrz2pzis8iv1zZ3laXZjbjA2L0Jc7BSpzUF4TYIddISNQUbjCs6MNRlcEdBKOpyRMIgxQq9hGDGoR3nKcQHyq1ZEFlO3imRRZSn287QSkb8DbpI6cVoSLcsrDspuCGPcnkzllGOAvHy8CPCIqmINhG/oquVenCtn54y1B6y1nVTYi622oi26ojaw/d4P+oDYd5bb4+RFHSWufw1QF9RdYh6RrkkMGPS8NaUfPh7FyyTTSbROm5egaBM0nPSQ4IiSaV7jQ4kmno8xTSCqENMPbK7hezCdCZ4Ik0jt6Y5P3sKspheyYQ2pGcWhqx1GdUMFDswtNHvDRRGX3pBQXo41/TodVaEBUAt/OHTmjHoiTyMWGM/zshtV6y8KVaZ7TaX6WNuXVHzWHr0iPH/uk8ASayYHIG9aAJUP5KbVyhPqsftfXxldISzH4CCMW5T7NDKczzRuPocTGCaIGbbwqlTX+D/X3S7nLmExuDn2CIeWAMtL89ku2Afy3lTNKWEShWKUHwSO19u06TPvb5CFbTA0zSzNaMdQiyJ/qFMYSpFhu33U6E1TLgt4qnwn8k1h9+rlIa2rZfRP3fYVy339slNv3ioMReutgtRABKijvXolV+c8EorATqfU9smddq+HdkBtwLTC2g1GqkVl5Zrya7znDb05ht0XS/BZUQZB3IF3rUa+fSSB3mbVW35J+KgY+J1wRyGuFaBAL2S76cdoj7qQH4qSxTKPDPG0nbjV240FhvQUZhnCPan/uJSsvW0LrWCmNcPJgKY+QsCJ+XiYVMbjQOH/hrSQfqjC+sxs+lXbgS3cVCBG3UfOoTSyCpMpWBx+r47w6scdGeW8V76mJPGD6Xcpp+5mwdfgyUrh2IxGNIzY93k0DDSKu2ediRN15bj1gGeTPICiJSookoQPhuEoOUlER8="/>
    <input type="hidden" value="f7700c2fc2bee188220fdee240cea1c6" id="jschl-vc" name="jschl_vc"/>
    <!-- <input type="hidden" value="" id="jschl-vc" name="jschl_vc"/> -->
    <input type="hidden" name="pass" value="1646511819.757-XpF5aE2AjC"/>
    <input type="hidden" id="jschl-answer" name="jschl_answer"/>
  </form>
     
    <script type="text/javascript">
      //<![CDATA[
      (function(){
          var a = document.getElementById('cf-content');
          a.style.display = 'block';
          var isIE = /(MSIE|Trident\/|Edge\/)/i.test(window.navigator.userAgent);
          var trkjs = isIE ? new Image() : document.createElement('img');
          trkjs.setAttribute("src", "/cdn-cgi/images/trace/jschal/js/transparent.gif?ray=6e7592133c537c74");
          trkjs.id = "trk_jschal_js";
          trkjs.setAttribute("alt", "");
          document.body.appendChild(trkjs);
          var cpo=document.createElement('script');
          cpo.type='text/javascript';
          cpo.src="/cdn-cgi/challenge-platform/h/g/orchestrate/jsch/v1?ray=6e7592133c537c74";
          
          window._cf_chl_opt.cOgUQuery = location.search === '' && location.href.indexOf('?') !== -1 ? '?' : location.search;
          window._cf_chl_opt.cOgUHash = location.hash === '' && location.href.indexOf('#') !== -1 ? '#' : location.hash;
          if (window._cf_chl_opt.cUPMDTk && window.history && window.history.replaceState) {
            var ogU = location.pathname + window._cf_chl_opt.cOgUQuery + window._cf_chl_opt.cOgUHash;
            history.replaceState(null, null, "\/doi\/10.1128\/IAI.05798-11?__cf_chl_rt_tk=xCiYb24wSiw7mWGM2GShIwIQPj3GTSLwTNNCBDWcUVk-1646511818-0-gaNycGzNB1E" + window._cf_chl_opt.cOgUHash);
            cpo.onload = function() {
              history.replaceState(null, null, ogU);
            };
          }
          
          document.getElementsByTagName('head')[0].appendChild(cpo);
        }());
      //]]>
    </script>
  

  
  <div id="trk_jschal_nojs" style="background-image:url('/cdn-cgi/images/trace/jschal/nojs/transparent.gif?ray=6e7592133c537c74')"> </div>
</div>

          
          <div class="attribution">
            DDoS protection by <a rel="noopener noreferrer" href="https://www.cloudflare.com/5xx-error-landing/" target="_blank">Cloudflare</a>
            <br />
            <span class="ray_id">Ray ID: <code>6e7592133c537c74</code></span>
          </div>
      </td>
     
    </tr>
  </table>
</body>
</html>
