<!DOCTYPE HTML>
<html lang="en-US">
<head>
  <meta charset="UTF-8" />
  <meta http-equiv="Content-Type" content="text/html; charset=UTF-8" />
  <meta http-equiv="X-UA-Compatible" content="IE=Edge,chrome=1" />
  <meta name="robots" content="noindex, nofollow" />
  <meta name="viewport" content="width=device-width,initial-scale=1" />
  <title>Just a moment...</title>
  <style type="text/css">
    html, body {width: 100%; height: 100%; margin: 0; padding: 0;}
    body {background-color: #ffffff; color: #000000; font-family:-apple-system, system-ui, BlinkMacSystemFont, "Segoe UI", Roboto, Oxygen, Ubuntu, "Helvetica Neue",Arial, sans-serif; font-size: 16px; line-height: 1.7em;-webkit-font-smoothing: antialiased;}
    h1 { text-align: center; font-weight:700; margin: 16px 0; font-size: 32px; color:#000000; line-height: 1.25;}
    p {font-size: 20px; font-weight: 400; margin: 8px 0;}
    p, .attribution, {text-align: center;}
    #spinner {margin: 0 auto 30px auto; display: block;}
    .attribution {margin-top: 32px;}
    @keyframes fader     { 0% {opacity: 0.2;} 50% {opacity: 1.0;} 100% {opacity: 0.2;} }
    @-webkit-keyframes fader { 0% {opacity: 0.2;} 50% {opacity: 1.0;} 100% {opacity: 0.2;} }
    #cf-bubbles > .bubbles { animation: fader 1.6s infinite;}
    #cf-bubbles > .bubbles:nth-child(2) { animation-delay: .2s;}
    #cf-bubbles > .bubbles:nth-child(3) { animation-delay: .4s;}
    .bubbles { background-color: #f58220; width:20px; height: 20px; margin:2px; border-radius:100%; display:inline-block; }
    a { color: #2c7cb0; text-decoration: none; -moz-transition: color 0.15s ease; -o-transition: color 0.15s ease; -webkit-transition: color 0.15s ease; transition: color 0.15s ease; }
    a:hover{color: #f4a15d}
    .attribution{font-size: 16px; line-height: 1.5;}
    .ray_id{display: block; margin-top: 8px;}
    #cf-wrapper #challenge-form { padding-top:25px; padding-bottom:25px; }
    #cf-hcaptcha-container { text-align:center;}
    #cf-hcaptcha-container iframe { display: inline-block;}
  </style>

      <meta http-equiv="refresh" content="35">
  <script type="text/javascript">
    //<![CDATA[
    (function(){
      
      window._cf_chl_opt={
        cvId: "2",
        cType: "non-interactive",
        cNounce: "71799",
        cRay: "6e75921598787ea1",
        cHash: "92e275ad517c99b",
        cUPMDTk: "\/doi\/10.1128\/IAI.06056-11?__cf_chl_tk=Uq5FenlvOFAOt6ZnOYWavWXMBoZzChhS2luFgLxgaUI-1646511819-0-gaNycGzNBz0",
        cFPWv: "g",
        cTTimeMs: "1000",
        cRq: {
          ru: "aHR0cHM6Ly9qb3VybmFscy5hc20ub3JnL2RvaS8xMC4xMTI4L0lBSS4wNjA1Ni0xMQ==",
          ra: "cHl0aG9uLXJlcXVlc3RzLzIuMjUuMQ==",
          rm: "R0VU",
          d: "atLI81Pkn82c+yLhCpTJ3FTKzvDABRy15tbxJLFe6Qv2myJ0nEQezYc1w55s/0sv95IZPX6+mpgbHqVxHg2dE9bbOzlCLCVEGoJVmF0i946SAs95ODuMRxeBkFSWw58bWtrsB924NLP87aT1uIw/vWmFlAwoX07I5LcI7cwJabHaS/B2ZyErnX2p72h/wbBlrUdF0+vCI8hKl/eDmsMzbGYUKsXkbS4Abu+HfVo5Uq/W9jv5VeaPQL1hAO5UAB0YxKIXLPeiA57SHOXN+5eA29UjKmKhv8HIfHCYw8lsSFbu8dx7MBetGSVWCHhe/zG42O5m1Fn5/vukU78a8bfdBS3UErUsR5Xgb+nhc0yxEzFDC0jCp0gN67w1WwbdmH9+cjFA6UfCD/bafDEcI//Xw6ZVyVqTGH9yjNDk690QMwDdmN+HB3uaZP6RXYWKv+IbzuYtrVy4NOToszbacU9SGxl+ToWB0kgzIxf2GbRK/5NEIgZuNsbB4ff2J6aW0ZL5i5SV6M3XNsSP0c1VnmFgBZsGH79iNlzoQFWQy7ZEn7M7MptzLhzShXIePoJmyKOo",
          t: "MTY0NjUxMTgxOS4xNDMwMDA=",
          m: "jaAYnbLIsSZJOMkRJUkMZyIUINUJjB8zzNfSGczRNj8=",
          i1: "0AL0fSGqm7BYaLpic+bWyQ==",
          i2: "r6IQkCMjGmAkz15i1JzFxw==",
          zh: "Wdpz5DKIdp61fw1xi4/5+xF7d1QEaZ1MFNsdHIgPg6o=",
          uh: "5GU+jYv2xJ+bCaE/ARmi/DORbiS/v56CW7E0TH4XWQk=",
          hh: "kD0SA7WPJmOf4c5gVlTVLqmiA7Wp4e9AgVYIXtU6h0M=",
        }
      }
      window._cf_chl_enter = function(){window._cf_chl_opt.p=1};
      
    })();
    //]]>
  </script>
  

</head>
<body>
  <table width="100%" height="100%" cellpadding="20">
    <tr>
      <td align="center" valign="middle">
          <div class="cf-browser-verification cf-im-under-attack">
  <noscript>
    <h1 data-translate="turn_on_js" style="color:#bd2426;">Please turn JavaScript on and reload the page.</h1>
  </noscript>
  <div id="cf-content" style="display:none">
    
    <div id="cf-bubbles">
      <div class="bubbles"></div>
      <div class="bubbles"></div>
      <div class="bubbles"></div>
    </div>
    <h1><span data-translate="checking_browser">Checking your browser before accessing</span> journals.asm.org.</h1>
    
    <div id="no-cookie-warning" class="cookie-warning" data-translate="turn_on_cookies" style="display:none">
      <p data-translate="turn_on_cookies" style="color:#bd2426;">Please enable Cookies and reload the page.</p>
    </div>
    <p data-translate="process_is_automatic">This process is automatic. Your browser will redirect to your requested content shortly.</p>
    <p data-translate="allow_5_secs" id="cf-spinner-allow-5-secs" >Please allow up to 5 seconds&hellip;</p>
    <p data-translate="redirecting" id="cf-spinner-redirecting" style="display:none">Redirecting&hellip;</p>
  </div>
   
  <form class="challenge-form" id="challenge-form" action="/doi/10.1128/IAI.06056-11?__cf_chl_f_tk=Uq5FenlvOFAOt6ZnOYWavWXMBoZzChhS2luFgLxgaUI-1646511819-0-gaNycGzNBz0" method="POST" enctype="application/x-www-form-urlencoded">
    <input type="hidden" name="md" value="8xxzNrNMv8_WIKx12oCCD6L3Ddt5CmMoUCL4oFWUa0I-1646511819-0-AQerYtthfA7IM54SwsycOtR4Ql9UZmh_2GJm88tnYbiLLs-F8LsLjdK4GyuJ-lAGvT_3Pzh7sprAmu7DGkTENEIllpGz2eccS1qkR9LBegJD247aEhFo5a3om6OgsjflMgCddm40W7XQE3A0pvkvKrhFPg0-2SdqGJS-v82upjF1gcCMN_IeHMg2gZGKLTVrp4bB0UNoRSVdz-I9sDnA-nHku0D6X5TqcO1YXlnIcoevRC3ZBnyynt9Pm4P1OVP035Vq8WC0ipR3hPrqh7uviqh6OU35YqcxUkP8uO96xFXe-NqQPOAIlNI9lqixYrjETai5KVJLBpJxM2DxHkSHEqHNPeXbZmnOSYyAcpusmYeYsLgUp8o8r2Xe2oCPGs8oSY9xKCHnv_ojIeJv-42hRtohDfDTO-8blF4SuHdxJA7pwzNGML_NMetZUzVxFyYl9cb2WvyyuHJsUWa5M08FsflMAR-n2FPNEkus5eWtBMLcO3X15Oum9ofBQUXUc5MbTKs7Ht2U8MrbcqBA7DzzF_Jl-NLkjLe-znOtewCd3dR8ffPgloW8aERMtKkqgxFfFXwiIco2ud-YI_p7kplJoeTRvy4MYsV59-3WtcetVuLPkQZ104oBkrotbgFj6m68bpJRGYNaue-m-WZPdrvevdfTDZdHdlbjWIJtuWGhi14feuqvXRuq5aIlrZqoZsfkrg" />
    <input type="hidden" name="r" value="rqfezC3db0xekSaTw.yLa1qht3eGgeelEWEUwBLduo4-1646511819-0-ATuOHCMatd/YufLAjuQQMcUFZHglfadQwYjLp6arGO3tCrBsHyluTzii1gubw/UbwH5iKa7wleaAv40OSRuEoQA6GqVu+huM5EU4sQWduZ84b9CV3r3GrVcWVQRTwCmByGJpf7ihFO1yPv1WcIH+YMrGbT395Lq9HbmlWEo/s/5k1sFAfVV3AZLpByiGPGVt5PGNTHBFrTFhfNbVBckMLnxPHj9t6zjhvO0Mfzpz/w+gElG8RASjPbtS2j4k+e7O9LzyrX7T7xkBgr3YDL4eL+qKoo67Wvkkl7taaArxYnSkI/4YgqY35PIQ1lmTxda0+cqMQbjNy1j+biXVibBACLbB54DtpnAwNiyJMqpbVJR3geYb79TvQff2HkdwiEyaSZilH7QBEOvK+S7U1eaYowclvRgKwL9f486aNvsViFE48mLHRNY6BuSDE27NcIagR3HAJE+gaOCvfEJs2cFikhfry8pjGIX+I8hXjryOvP/yM5CoUHYf7ZJX2ZyomC9zQoGMjQ7cn2LYI0HBkZEocCewuqDI5Y2mC2M7yGWDK47B2MmdK/IJ+S7poPTDMudD7BmDNQkfTqGxurDlwE20h2onBR7Y9Dx6UP4rwjRHpFE5NxApMw1n8I9QaaYFhOuZwX6PQQ5k0DkIymz+ekqmRCimXFHSk3iGabD1heblTsIDR6D6YN7OAZyGwiQ60b2YSgRyEtAJUSEKTWpF6LmJL4Y++E6VJX/B1WJdDfBkjWJKzjLuZ1p43YAfnoegIjYDw72apCdXeXcodSCnqsfy99AAA52mHD33yC1h9eupTm3w3eIX7XiAd/DgIqKFEDGoAarbcSB/eiN5OugrWDQ78FTnTLEASoGRu0jBwxfGt+6ISIXAEhAyhfY49E1XdS7pe2RtED1ej0aER1kH+M3XfEWmeznNNGCv8vC02002/Kre9aGvjfve9vjSE2sCqLqyqyv4XHShI7jfng9+hitrYjLIhMcP9TYaqPfo8cVqfHPIWCuNQKjzhXIhiuy3d8Q3kWy0R78jZu/gBS93uZmhA8A9IMzCxZ01rftX68RGNRM/GEGAGGwLzFJYCxdeocagICiqe8/E3TGOIzgItcNoyB9aHCjosWKMGx2V8mP+qzACNzqjg7hILc7d9TfEL3p3fDDKF6VrDuPJ3zOvwylMbFue1dc67VRarp5dCitYeBaVtzd3NCuhrWmPLa9EwTNzO97z0D8RZ4CbuTS/kpq6iLKXUzqfF7fxOR9MUZVOZJYAtVtdC6kpZRQkkNwEH3T0gskOWdAAiRSme369HVGPjctPsrSokO/JTOqsZkDNgkL3BhPJItIXSEEt/Dg6mLYsCHgIiOehEQwferdwagWEW3AR6Gi1PC/SUU4zjGkBqT7ZXZv7/Bzl4Loxs23dXHyVMdHrukWXbenHZP4UCf5bm8HmmtjG3Jk/FAnZhTFeUqQK3udvxd+I2GbiOIsPS1pHAkWIpXCULk2mCdwNs46mkdcOvBBJkUbqVZRuCUbpxVrh+o4iLStOnArvwvYmw10kVOJNEJbgNKSyNDMYF81HVVh5/5C3h7Q5VpVZR/2B95T78GJlOhih1yWqjw00wrb+FO9XuKYq0rOf9qnUkbw6oKLTjF9X+Ki9XGcJSGbihjvDKAvfndq5A5wxLLhHM6uXFRTdkRannSaPjp6agchgm1cnknge9ZnxTiKEziADk6zpeh9CCU4KLwQwe1ulOKF7v4mtOgtAUjTvRSsbG3bfj+g3SWp1eZ1PqZ6gXLsLk2p82ZOPCGtNHjBYAlRg7msMVg=="/>
    <input type="hidden" value="5e87234e8d44e99ebb010c546cd900f8" id="jschl-vc" name="jschl_vc"/>
    <!-- <input type="hidden" value="" id="jschl-vc" name="jschl_vc"/> -->
    <input type="hidden" name="pass" value="1646511820.143-1Hfs+Qunno"/>
    <input type="hidden" id="jschl-answer" name="jschl_answer"/>
  </form>
     
    <script type="text/javascript">
      //<![CDATA[
      (function(){
          var a = document.getElementById('cf-content');
          a.style.display = 'block';
          var isIE = /(MSIE|Trident\/|Edge\/)/i.test(window.navigator.userAgent);
          var trkjs = isIE ? new Image() : document.createElement('img');
          trkjs.setAttribute("src", "/cdn-cgi/images/trace/jschal/js/transparent.gif?ray=6e75921598787ea1");
          trkjs.id = "trk_jschal_js";
          trkjs.setAttribute("alt", "");
          document.body.appendChild(trkjs);
          var cpo=document.createElement('script');
          cpo.type='text/javascript';
          cpo.src="/cdn-cgi/challenge-platform/h/g/orchestrate/jsch/v1?ray=6e75921598787ea1";
          
          window._cf_chl_opt.cOgUQuery = location.search === '' && location.href.indexOf('?') !== -1 ? '?' : location.search;
          window._cf_chl_opt.cOgUHash = location.hash === '' && location.href.indexOf('#') !== -1 ? '#' : location.hash;
          if (window._cf_chl_opt.cUPMDTk && window.history && window.history.replaceState) {
            var ogU = location.pathname + window._cf_chl_opt.cOgUQuery + window._cf_chl_opt.cOgUHash;
            history.replaceState(null, null, "\/doi\/10.1128\/IAI.06056-11?__cf_chl_rt_tk=Uq5FenlvOFAOt6ZnOYWavWXMBoZzChhS2luFgLxgaUI-1646511819-0-gaNycGzNBz0" + window._cf_chl_opt.cOgUHash);
            cpo.onload = function() {
              history.replaceState(null, null, ogU);
            };
          }
          
          document.getElementsByTagName('head')[0].appendChild(cpo);
        }());
      //]]>
    </script>
  

  
  <div id="trk_jschal_nojs" style="background-image:url('/cdn-cgi/images/trace/jschal/nojs/transparent.gif?ray=6e75921598787ea1')"> </div>
</div>

          
          <div class="attribution">
            DDoS protection by <a rel="noopener noreferrer" href="https://www.cloudflare.com/5xx-error-landing/" target="_blank">Cloudflare</a>
            <br />
            <span class="ray_id">Ray ID: <code>6e75921598787ea1</code></span>
          </div>
      </td>
     
    </tr>
  </table>
</body>
</html>
