<!DOCTYPE HTML>
<html lang="en-US">
<head>
  <meta charset="UTF-8" />
  <meta http-equiv="Content-Type" content="text/html; charset=UTF-8" />
  <meta http-equiv="X-UA-Compatible" content="IE=Edge,chrome=1" />
  <meta name="robots" content="noindex, nofollow" />
  <meta name="viewport" content="width=device-width,initial-scale=1" />
  <title>Just a moment...</title>
  <style type="text/css">
    html, body {width: 100%; height: 100%; margin: 0; padding: 0;}
    body {background-color: #ffffff; color: #000000; font-family:-apple-system, system-ui, BlinkMacSystemFont, "Segoe UI", Roboto, Oxygen, Ubuntu, "Helvetica Neue",Arial, sans-serif; font-size: 16px; line-height: 1.7em;-webkit-font-smoothing: antialiased;}
    h1 { text-align: center; font-weight:700; margin: 16px 0; font-size: 32px; color:#000000; line-height: 1.25;}
    p {font-size: 20px; font-weight: 400; margin: 8px 0;}
    p, .attribution, {text-align: center;}
    #spinner {margin: 0 auto 30px auto; display: block;}
    .attribution {margin-top: 32px;}
    @keyframes fader     { 0% {opacity: 0.2;} 50% {opacity: 1.0;} 100% {opacity: 0.2;} }
    @-webkit-keyframes fader { 0% {opacity: 0.2;} 50% {opacity: 1.0;} 100% {opacity: 0.2;} }
    #cf-bubbles > .bubbles { animation: fader 1.6s infinite;}
    #cf-bubbles > .bubbles:nth-child(2) { animation-delay: .2s;}
    #cf-bubbles > .bubbles:nth-child(3) { animation-delay: .4s;}
    .bubbles { background-color: #f58220; width:20px; height: 20px; margin:2px; border-radius:100%; display:inline-block; }
    a { color: #2c7cb0; text-decoration: none; -moz-transition: color 0.15s ease; -o-transition: color 0.15s ease; -webkit-transition: color 0.15s ease; transition: color 0.15s ease; }
    a:hover{color: #f4a15d}
    .attribution{font-size: 16px; line-height: 1.5;}
    .ray_id{display: block; margin-top: 8px;}
    #cf-wrapper #challenge-form { padding-top:25px; padding-bottom:25px; }
    #cf-hcaptcha-container { text-align:center;}
    #cf-hcaptcha-container iframe { display: inline-block;}
  </style>

      <meta http-equiv="refresh" content="35">
  <script type="text/javascript">
    //<![CDATA[
    (function(){
      
      window._cf_chl_opt={
        cvId: "2",
        cType: "non-interactive",
        cNounce: "41555",
        cRay: "6e75921c9f827b11",
        cHash: "3c46acc3a1f943b",
        cUPMDTk: "\/doi\/10.1128\/IAI.01008-13?__cf_chl_tk=IAPYXGTM_IYIqJVNdbqsyYHJT47sBY0IWu6e0GMgw5I-1646511820-0-gaNycGzNBz0",
        cFPWv: "g",
        cTTimeMs: "1000",
        cRq: {
          ru: "aHR0cHM6Ly9qb3VybmFscy5hc20ub3JnL2RvaS8xMC4xMTI4L0lBSS4wMTAwOC0xMw==",
          ra: "cHl0aG9uLXJlcXVlc3RzLzIuMjUuMQ==",
          rm: "R0VU",
          d: "91gughosIqFk2V7koWZCZDkNSLK9FjwsQrSPL4ixt1eYZwjrL+9rmb5C3wRglePtX+Z0UGL6s8hlhMKfWQawF9fzHsps0SzluPwq8yxEPr9OSlSZMkEk0yAiowRUAFbZgl1yyzWyWvd4tlluHH8k4ofIhiV9iVpegVefmswjrZRjw/m9IpcTAbbEfaAjtqItb4Dx0CCZUeFCmmeliOOeALXcsNFxJbEicY+rqeZ82jdldoj++kVlA35T5/mObRlDiOtkJUUfCAYGhVtmdJNm7LZRPkt/4EQVOoYRBBXssGjrlgDwKBHN+9ltg5b8mnj8oNZr8EVmSwfjIWnHfUTt1Ejelrg5DoqSwm+xlh4s+seNN6HAPc/gjsVWTCufa7gDydPuHLV6aOPNAo0H4Bv8ACVyGn9bFg1RrACfOiipaTRq6Ft/sRQ1LC19C41lRjlDSuoAUFAOuqcFPrk0S9rog/NmNIeSi5NE37BjthUmTubQhHT0/R9zQ8xxAJU1HYbX8i9h3XdmIuyJDQzR0e/r7aHlDpRvDWxzvgHrXUsp0g4/LlTWzyLOMn4ZmT96+4Ob",
          t: "MTY0NjUxMTgyMC4yNjcwMDA=",
          m: "haNttN6nln/kODLRQ3fu1T+zsEo7+E1z9y9YpUWl3kQ=",
          i1: "FnTJYNlfgbxKqaw7/z1XSg==",
          i2: "/x2gpYEByR1/ypuNVsvSUQ==",
          zh: "Wdpz5DKIdp61fw1xi4/5+xF7d1QEaZ1MFNsdHIgPg6o=",
          uh: "5GU+jYv2xJ+bCaE/ARmi/DORbiS/v56CW7E0TH4XWQk=",
          hh: "kD0SA7WPJmOf4c5gVlTVLqmiA7Wp4e9AgVYIXtU6h0M=",
        }
      }
      window._cf_chl_enter = function(){window._cf_chl_opt.p=1};
      
    })();
    //]]>
  </script>
  

</head>
<body>
  <table width="100%" height="100%" cellpadding="20">
    <tr>
      <td align="center" valign="middle">
          <div class="cf-browser-verification cf-im-under-attack">
  <noscript>
    <h1 data-translate="turn_on_js" style="color:#bd2426;">Please turn JavaScript on and reload the page.</h1>
  </noscript>
  <div id="cf-content" style="display:none">
    
    <div id="cf-bubbles">
      <div class="bubbles"></div>
      <div class="bubbles"></div>
      <div class="bubbles"></div>
    </div>
    <h1><span data-translate="checking_browser">Checking your browser before accessing</span> journals.asm.org.</h1>
    
    <div id="no-cookie-warning" class="cookie-warning" data-translate="turn_on_cookies" style="display:none">
      <p data-translate="turn_on_cookies" style="color:#bd2426;">Please enable Cookies and reload the page.</p>
    </div>
    <p data-translate="process_is_automatic">This process is automatic. Your browser will redirect to your requested content shortly.</p>
    <p data-translate="allow_5_secs" id="cf-spinner-allow-5-secs" >Please allow up to 5 seconds&hellip;</p>
    <p data-translate="redirecting" id="cf-spinner-redirecting" style="display:none">Redirecting&hellip;</p>
  </div>
   
  <form class="challenge-form" id="challenge-form" action="/doi/10.1128/IAI.01008-13?__cf_chl_f_tk=IAPYXGTM_IYIqJVNdbqsyYHJT47sBY0IWu6e0GMgw5I-1646511820-0-gaNycGzNBz0" method="POST" enctype="application/x-www-form-urlencoded">
    <input type="hidden" name="md" value="0qjVAZkLNMII.W_hCklOkIU5cSHrQPso55vcMts3qOc-1646511820-0-AUVjqyRQYSuLevGGWXCpUiLtRu18uJSlci0ygIYRJG7QkVmPDoN6O_CYzFiPnYZhFZ5iClznmCEwOLOrXdU7f6rFk6j3kiDQFRQTKadp1opuVxtOmHSgxKR1r7mrVzDP5boe7-oM__gm2QXCtHeMkURZct65LLsjPiCJzOk4B03gdhWYCFC6TN_72-FLM69WEu_Qaqk68_eqgkxRcvpL829ffW4qyZPHmd5luM2DzTnhBa1u7toneCPnqEQHawq20RaLAmNEtMBhhQvGbVp1POxEnC9OoQK1X_OBHMffC5qHIqnkGJp81bcW0-oKPRlE7DyY2qWGax4_DtQYXjpGjE2pJ7T4Rk0psFNPjBOarn7x38tZZH9KP5Pe9Ud36QCBzjYIQcdz69IiKUCUsQmSMHOyllWFdtUXrUSRs8VQXN4IBmc1VxKDgJOVZM0D9d0c7ODIiZuAo2tsZWoxAuqBhg0FjWgtIhYpOjxYFaMWGFRrAGV-48VGSkkn8nQsjGEVF2tLc1rcZ8cejI4xYa7F6UyD3uuj-zLnOT0N2BQnq_voBEbvAppzDBglG-ZOSAWH5TYPC9FgERGdZRCbGsn3SBrGpnBG9V-oKvIHTAILvci3sAr4eG-6q5v--yWL6meVBoXlwQg0edVrWKfVWd0rdBynj3ECopfLs9jockDi0nBInHYtu0us3ZFAv_X3xvVBcQ" />
    <input type="hidden" name="r" value="Me57dm01BsxvxDCo7EGJ_1Jos7OqWtSsSUTwd104uWo-1646511820-0-ATlWbIV5kcpZjMooBBPyRHSFBq8dcS2lIOSJOFPYiq4gbC+8MEsFC96Re9RcIwaS8iJYWLhUXD5VbVBeTeV3LoEhsedW/pzBXBdClXogV+oGVSewCU5tS6z3R7njTZThpwgW/eiDZt4xrFItsuZTCGNNEXqVSsmiCQj9xakHV3EpwhJ/Pr6UsonhJOWWyIMePK2zN3K2dq+AtZwxElityQoUonfBuX29+6euTMSAlwU0U1KqFhe5sJuZSWlusvXFDnDdPBW9drwGT5sMi873jzvEYkjJlK4BB3A1A1Qox4KiawxmQGR9vEqqbYACTAQxsCyZNafNrSvtm1m2EJ1svpfIUwgNO+vNESDQghizKK8OoR9i5irMdpXyYTPlDBOvWZ/Mov+/f/Ux7bS3BrBNx1UAE52JsC/2RZy4f8l3+75j/uUMXp2vuou9VdaABXIWCMUbget95eFkSyKcJPhsU9dQuDlXegWP6ViKrZBMrHpRxQPiBmNaJ8ok+oLz8km1oIQr4rlRVAFiM6jYy4h2oItUah9ShbaoSLYC6uxpOMz42odZlL/GtwlavAhiq/PwbRr9XGgnDZUmsX7A2UCOSRZlHBzSz99zEhm3krpSPKMLcflydI1qec8xo8oxWi7SxIOkhhqAobn/zmXN0wMSW8wwzIqpM8W4xtM2Irp4Q8a6dfKEE7jg/oa5v0u4hwPPCeToeldtZ4ZPFaRVrlOUITSzvZmIDjhbgQlfK1vEdI1d0Ngc878knxxmMAAmRo3DNKB8WI91pr9JbA9oVfyJir/BbkjcCRQN389KctlHvQdl5p3xd4BfPTIUkLo+w3w1RYl02ZaBsPdnSMSVD0HbwnudGqX8xgiM1hfmSw7UeYjnLlxM+O72aeaZaaxpxvlPS9gi2gyKASKXjJX0z99H8e2r21MmxFDC+jTur1FL13c05BCBucRwA07EVxf5oKiL33JNYG8PhS7d+GYq08RqJQZOLDNdUjfLckPz7ZuF1tuhQ77JRap/hn4BZrUJ1ZEJTobhL5bdTJgTRZ8PamSgLTjeRnaL04uanIo8oyKvtoc9NE5bIFmXBpIr1vHECrWDaIipQYqvFMVEk9GouE/hkbanmgomQij/ovdd8I9HjqQNXr8IuWnZcJxoQuFR14QEZOYvaAwYzcvnM+viO8K/fkdzoK475mGHAM00D76Fep+agLd1yGMlVPYSjMnHIxmUCBT+ezRj8ERAoNHDPrvoYpTNZ/M5xqrI0EKBTvuHw92Qpadf0WSh3MLanHtS8ZpjpWD7W6gwyMMtS5+iE/l1+W61QFjCwR+gbgMKc+rBZKpKiy/Z/C85iEdoS0UDYbTli5ivE83LJ4cLUmmJDMmVblVwUwEcLdtbWRqU0zVqHCu3ySbIsQgr69RorXHt8OuXVWe9qOqgm9VvAwpuXU+7tp8P1t+/qzeDxeuXg/uxuQsMBew9jyNBP96/CX9CDgw8XE9TxXb+YX2LBZSil4w00u1PAES4n6c7nLOvyUC3VPZVM5XuLd0eENHNjv7bVAqHC0vBFX/bOGrSxwN7W+zw3PY1th4xEMx4l6hzI7U6ESNVEKBIczh59ZHMVFNz6rzlD0qQk5KzX5lM3M0Y6gGlpqVKvmMaLuzjld/90u/m/Yo4r+65AZUnH2XXxZaYWduILmZ3N91N1oqyMR7nsgD16WumcE265WePVLXm5/zInkNKosQDSocp0+nGJf7KK8sIygbuomBOskNGfNQ15OiUNElZMNiTQl0fybZCjARlkUTQaemAbUcBxTH/Wx8LboT3Mg=="/>
    <input type="hidden" value="02a80af25d9316333f1f39045974920a" id="jschl-vc" name="jschl_vc"/>
    <!-- <input type="hidden" value="" id="jschl-vc" name="jschl_vc"/> -->
    <input type="hidden" name="pass" value="1646511821.267-f1r9vHsogw"/>
    <input type="hidden" id="jschl-answer" name="jschl_answer"/>
  </form>
     
    <script type="text/javascript">
      //<![CDATA[
      (function(){
          var a = document.getElementById('cf-content');
          a.style.display = 'block';
          var isIE = /(MSIE|Trident\/|Edge\/)/i.test(window.navigator.userAgent);
          var trkjs = isIE ? new Image() : document.createElement('img');
          trkjs.setAttribute("src", "/cdn-cgi/images/trace/jschal/js/transparent.gif?ray=6e75921c9f827b11");
          trkjs.id = "trk_jschal_js";
          trkjs.setAttribute("alt", "");
          document.body.appendChild(trkjs);
          var cpo=document.createElement('script');
          cpo.type='text/javascript';
          cpo.src="/cdn-cgi/challenge-platform/h/g/orchestrate/jsch/v1?ray=6e75921c9f827b11";
          
          window._cf_chl_opt.cOgUQuery = location.search === '' && location.href.indexOf('?') !== -1 ? '?' : location.search;
          window._cf_chl_opt.cOgUHash = location.hash === '' && location.href.indexOf('#') !== -1 ? '#' : location.hash;
          if (window._cf_chl_opt.cUPMDTk && window.history && window.history.replaceState) {
            var ogU = location.pathname + window._cf_chl_opt.cOgUQuery + window._cf_chl_opt.cOgUHash;
            history.replaceState(null, null, "\/doi\/10.1128\/IAI.01008-13?__cf_chl_rt_tk=IAPYXGTM_IYIqJVNdbqsyYHJT47sBY0IWu6e0GMgw5I-1646511820-0-gaNycGzNBz0" + window._cf_chl_opt.cOgUHash);
            cpo.onload = function() {
              history.replaceState(null, null, ogU);
            };
          }
          
          document.getElementsByTagName('head')[0].appendChild(cpo);
        }());
      //]]>
    </script>
  

  
  <div id="trk_jschal_nojs" style="background-image:url('/cdn-cgi/images/trace/jschal/nojs/transparent.gif?ray=6e75921c9f827b11')"> </div>
</div>

          
          <div class="attribution">
            DDoS protection by <a rel="noopener noreferrer" href="https://www.cloudflare.com/5xx-error-landing/" target="_blank">Cloudflare</a>
            <br />
            <span class="ray_id">Ray ID: <code>6e75921c9f827b11</code></span>
          </div>
      </td>
     
    </tr>
  </table>
</body>
</html>
