<!DOCTYPE HTML>
<html lang="en-US">
<head>
  <meta charset="UTF-8" />
  <meta http-equiv="Content-Type" content="text/html; charset=UTF-8" />
  <meta http-equiv="X-UA-Compatible" content="IE=Edge,chrome=1" />
  <meta name="robots" content="noindex, nofollow" />
  <meta name="viewport" content="width=device-width,initial-scale=1" />
  <title>Just a moment...</title>
  <style type="text/css">
    html, body {width: 100%; height: 100%; margin: 0; padding: 0;}
    body {background-color: #ffffff; color: #000000; font-family:-apple-system, system-ui, BlinkMacSystemFont, "Segoe UI", Roboto, Oxygen, Ubuntu, "Helvetica Neue",Arial, sans-serif; font-size: 16px; line-height: 1.7em;-webkit-font-smoothing: antialiased;}
    h1 { text-align: center; font-weight:700; margin: 16px 0; font-size: 32px; color:#000000; line-height: 1.25;}
    p {font-size: 20px; font-weight: 400; margin: 8px 0;}
    p, .attribution, {text-align: center;}
    #spinner {margin: 0 auto 30px auto; display: block;}
    .attribution {margin-top: 32px;}
    @keyframes fader     { 0% {opacity: 0.2;} 50% {opacity: 1.0;} 100% {opacity: 0.2;} }
    @-webkit-keyframes fader { 0% {opacity: 0.2;} 50% {opacity: 1.0;} 100% {opacity: 0.2;} }
    #cf-bubbles > .bubbles { animation: fader 1.6s infinite;}
    #cf-bubbles > .bubbles:nth-child(2) { animation-delay: .2s;}
    #cf-bubbles > .bubbles:nth-child(3) { animation-delay: .4s;}
    .bubbles { background-color: #f58220; width:20px; height: 20px; margin:2px; border-radius:100%; display:inline-block; }
    a { color: #2c7cb0; text-decoration: none; -moz-transition: color 0.15s ease; -o-transition: color 0.15s ease; -webkit-transition: color 0.15s ease; transition: color 0.15s ease; }
    a:hover{color: #f4a15d}
    .attribution{font-size: 16px; line-height: 1.5;}
    .ray_id{display: block; margin-top: 8px;}
    #cf-wrapper #challenge-form { padding-top:25px; padding-bottom:25px; }
    #cf-hcaptcha-container { text-align:center;}
    #cf-hcaptcha-container iframe { display: inline-block;}
  </style>

      <meta http-equiv="refresh" content="35">
  <script type="text/javascript">
    //<![CDATA[
    (function(){
      
      window._cf_chl_opt={
        cvId: "2",
        cType: "non-interactive",
        cNounce: "48952",
        cRay: "6e7592333c007ec0",
        cHash: "a25409cbaa4a77c",
        cUPMDTk: "\/doi\/10.1128\/JCM.42.12.5885-5888.2004?__cf_chl_tk=f2ZVePw1COOw6JAEsqgXGODNFK2ksMselWT78uRxCsM-1646511823-0-gaNycGzNBz0",
        cFPWv: "g",
        cTTimeMs: "1000",
        cRq: {
          ru: "aHR0cHM6Ly9qb3VybmFscy5hc20ub3JnL2RvaS8xMC4xMTI4L0pDTS40Mi4xMi41ODg1LTU4ODguMjAwNA==",
          ra: "cHl0aG9uLXJlcXVlc3RzLzIuMjUuMQ==",
          rm: "R0VU",
          d: "vOUQM+7t0xUtWQid+AFgRuXJ1M5chEqSl+m8dfAdjJWOCXqdJq+VsH4+3StIt4+Tlzle3zLM89aR71K3+OcZyRN7IcGL6EJunVnN17KRQ1elbUV8d9Xt4OgnPnOy0a9fd9sMC5AyeOzwQvAWzFVYo2vC3+o8LduZQjazChowNKQzpaRcKlOEXsgWlV03CCdLw2RIT/UF/1/K4Yb1grdH1HTWDFBicUJEIRpro3znj7NuylnygT0Z+xv7aXq8xxwXSZH+FjqaAQPXttQZftnZQPp90qn+ZP4VSCJWVUSZ6wd5a0PqMpffJC0voPAP/gry1CU6Y0+wwga40m1dw1Ri7+a074xrbf1FU9OfOcTakrk9A2LvsYeQgJAtHcaJykodp5hFEtyxz+lFWYgwFE3c2Y7hAAwbBpPsSmhFbKerMDvuSVABAfNXOSTAnyz9JfBiS5SoX7qYA6xoHKMe1ZliGCf6PFaeXPEbLgpZ6RTldb432wXB9m+udYkEhC0JYM3qh2fTONS8OVrIKfehDF80J3owg/PPn4KnQSuaHevbvOEGx9O/+2QLtR/aiB9n62Yp",
          t: "MTY0NjUxMTgyMy44NzgwMDA=",
          m: "lITFl3Lk3vvw10godjVah/mBfNdTmetx+iIUVeyP6G8=",
          i1: "l2B+4bu46qVrW+VVgnXb1A==",
          i2: "KgSUiXOrmX8Q5lhAfOjMwA==",
          zh: "Wdpz5DKIdp61fw1xi4/5+xF7d1QEaZ1MFNsdHIgPg6o=",
          uh: "5GU+jYv2xJ+bCaE/ARmi/DORbiS/v56CW7E0TH4XWQk=",
          hh: "kD0SA7WPJmOf4c5gVlTVLqmiA7Wp4e9AgVYIXtU6h0M=",
        }
      }
      window._cf_chl_enter = function(){window._cf_chl_opt.p=1};
      
    })();
    //]]>
  </script>
  

</head>
<body>
  <table width="100%" height="100%" cellpadding="20">
    <tr>
      <td align="center" valign="middle">
          <div class="cf-browser-verification cf-im-under-attack">
  <noscript>
    <h1 data-translate="turn_on_js" style="color:#bd2426;">Please turn JavaScript on and reload the page.</h1>
  </noscript>
  <div id="cf-content" style="display:none">
    
    <div id="cf-bubbles">
      <div class="bubbles"></div>
      <div class="bubbles"></div>
      <div class="bubbles"></div>
    </div>
    <h1><span data-translate="checking_browser">Checking your browser before accessing</span> journals.asm.org.</h1>
    
    <div id="no-cookie-warning" class="cookie-warning" data-translate="turn_on_cookies" style="display:none">
      <p data-translate="turn_on_cookies" style="color:#bd2426;">Please enable Cookies and reload the page.</p>
    </div>
    <p data-translate="process_is_automatic">This process is automatic. Your browser will redirect to your requested content shortly.</p>
    <p data-translate="allow_5_secs" id="cf-spinner-allow-5-secs" >Please allow up to 5 seconds&hellip;</p>
    <p data-translate="redirecting" id="cf-spinner-redirecting" style="display:none">Redirecting&hellip;</p>
  </div>
   
  <form class="challenge-form" id="challenge-form" action="/doi/10.1128/JCM.42.12.5885-5888.2004?__cf_chl_f_tk=f2ZVePw1COOw6JAEsqgXGODNFK2ksMselWT78uRxCsM-1646511823-0-gaNycGzNBz0" method="POST" enctype="application/x-www-form-urlencoded">
    <input type="hidden" name="md" value="Qe4VNg9K4QQC_cCrjabQh413kysqm__krGG9DPfK5GU-1646511823-0-AUOu2KsKpvZJYHUrcJslLOYIh_gIntPmn9qpD6COIe8Q_OVM1A9H-2oHYWRyLUG2ObJP3vADOJrLe6rx7EPZOkWLq9hNbGZ2Mr6ty6rJ3E4DJDfrrPGtj2b3pqKFoYWmJWDz2RNKWtUCklgSp2eo3BNDcJO67bK2K2fG7ZVVhlVMOVK3v4TxIxDEBv-tIUoVf7xqNNKXtLmLEU8nEhJkurakzLfP8vEMkd1os_M27jKmYF7B-Ce0TRnC2FunxJevj0hoGsoBsvMHPdOYcj4xk4xNdlY7K86CgoEBTeDjxpE0N0EyvF974y3e1TqlZhgqjEdZIRDwEChI9zNwVinhulXaGW5yDbcGoi3lVLzyv82Kqd_dc6Eu2w-X3F-hVzp7idtxWyz0Q16OPg66DKIkHpCrTRDQQc62HEBQQZX3QcZ0MtEfpt0XEpQoYyJ7mdV5b9Qs80ZgGwNrcLhUqWGdGCg046tAujFpk07qHmwFklHfi1TGepg1tLRAwuq025bh-CllRhyF2sOwX-COjriv4sSSRbB9DuV0CTXEqmQEwHLH29z2D_2DJqxdVW97WPGZv7m7IlfueO7rn3MuRosvLBIVWuNjYxbYhjmuVukqARWbSpok34azpMb1Gs48fhc8-Vsba4oH-4tvR7C1S_RCa6dwvnihddBi6yiSuiFszt3GnAF-HSRaey9Txa0hRjL5impAvM0a4oavSws9A_h2vdw" />
    <input type="hidden" name="r" value="8d9dZQpKT0zr7GEjUPFBDiR9QbsZFaQRF7IVoNRKe1A-1646511823-0-AVdrD/BCG9/KMZDzpNK2AmWxpJIZh44lmtq9x06T8qg5hR+JS7+wNFdJWwkbcJUkq4CqZyOAwlgyunSuX5ar+vKTJJnP/RFoPPU8Mux17xyNP/InfbRSJ+bG63RW5s4Pa6Ti/vxwCXhHlpRABbLkp5f8TPRl+iS7A4db79PghZ6eN2igR9AI2oM+3tlPY7NPo4cLA5cd/nevOTBhP2ZkiR5WJuk5LpI/lcjCY+R8zJoz8ibsV3DgLbixLbiZerAossMeXtLjiSmS0Y/Xt1XQhgeiSJssnNhcqbaAlVfIVjldpS1pA2lbrSR2qyCgA4fxmK4WZB4cBzG/yhfpKBZCvFamPJx/NkI7nPX3Jc4mip0QF3YDnUuB4hPI3OVRBRfHGJcZE/okCDexuj5uXAPyh92fY+zlqHzzpAJTldcJ3ajYQ2VXFeSY+rAajqY5sZ2JsnevMYX0Il4OfFu1W98fyg++IK/9lH5ZTLLMbK2oqMsPvgnDQOOYmMMToBKbmYPOaIvzgGNkx/jOGbi4p+LWDu2Y6QzcBwkCKZDwfaT1SsKC3f+o/eByW0StaROVFIDBdD/lv7Cg4nPJW4AEZITcxLN43MgHQhHpCKu91n1d014uAvpGUe3CBSZUfjOXSvkEvaPkS5zO283RinLCQGy2HzdAOBNeKzeetVNJXkfp8StR5uSoQngVT5eTehUL9nBwvKxybn5QjG4dZ59F5vn3hiy36SAsjiNykPpyMuflO8D+rvGQZPaS6d4uThENPerRWtPazz/SM93xPGJrp2JIPxDvhn+/qkO7sBu9OGU9W7/ZDh0onyXab5zuwXbgCDJQp4TfR5rN+b0Ihu01TrR0tq8hPjOMiqdNTbW4+bqXLcbIfuTwmAJ6gFekU0va0s2fQWn9TSuoJmrRBWKBCVkTUarbJIqSXB4aBzKe/VEPcYZzMlKFqh3lHqUtNQbRKOXhRc/lTtKvS9qMLAnLMq5uagEu+k/TkB1q7g+lT55dbSQbOZoN2FKz145QsgXizi63pEgC/LYleVLI2KzmhCNYS/KXIZh8tKGUsSnnWHy2WVO3h6y95T6bhGt2sNPNyzjiDqbAliFcu/vL8EPfB94vpBANeE5UOAevOtLvrQ7RFNRc9NJJU51joCZ5J7t458AW/pF2zN5FdoTR/yj7sPdcA2sQvlh6rD+yu7hcvI4b3FrIXvABQFykieCQo0xReceExGNE/U1I/gJFh0LDROYDPEuMDFHh9OqYnz8FlyBnwhwlo9qaFNPPtBrsqjD4meuzsb2HzC9FNmaBtlpqPI5yj2xtiT31bC/qIrbI/Hxjf0bcXIEocG5eeChIxz3DuL1wPqCIod9I8oVIZrfmzkMnoiJNRD+z32j77+EsnNJmiJgnpVHN3p+owY7PHV85wEtsfev5zlMHxRPrB9/Ygf79k9ZpZaHXu7MBpASRAqiv/rw63MULkO05/5XqNrcMgEsqehFyi286E5UO97pabznNB8mAVQaCxmiX1DFtO7svxoi3lFf+GMB9t2bPE6NPiu9ArOzlfgJ8rUuA9Av1ofUOuaoiU2uEzLPrf3ZtRGiNbJnPji8IMZjE9ZaTokkjNMiQMuzi67Z1VVjdgP+bhHzTcETwLYbLMVaTrIiGGo9lpo6croRMBTexl3HuIeUX1LRFtQt8gYkOqIsG9ptFmZt53DuaHKPAFAwYplXBZSesS4Cqpcmqk0uw44n4VU/5entlahJnaV3eUTb/RNRrVawY58UX1NpvJkWzMnrS41MHq9EGFcgE/b3oAQB/8gIk8XNlwQ=="/>
    <input type="hidden" value="8b11e00b7ee1013fe08ad26af60d8f1e" id="jschl-vc" name="jschl_vc"/>
    <!-- <input type="hidden" value="" id="jschl-vc" name="jschl_vc"/> -->
    <input type="hidden" name="pass" value="1646511824.878-m2VSugk/A3"/>
    <input type="hidden" id="jschl-answer" name="jschl_answer"/>
  </form>
     
    <script type="text/javascript">
      //<![CDATA[
      (function(){
          var a = document.getElementById('cf-content');
          a.style.display = 'block';
          var isIE = /(MSIE|Trident\/|Edge\/)/i.test(window.navigator.userAgent);
          var trkjs = isIE ? new Image() : document.createElement('img');
          trkjs.setAttribute("src", "/cdn-cgi/images/trace/jschal/js/transparent.gif?ray=6e7592333c007ec0");
          trkjs.id = "trk_jschal_js";
          trkjs.setAttribute("alt", "");
          document.body.appendChild(trkjs);
          var cpo=document.createElement('script');
          cpo.type='text/javascript';
          cpo.src="/cdn-cgi/challenge-platform/h/g/orchestrate/jsch/v1?ray=6e7592333c007ec0";
          
          window._cf_chl_opt.cOgUQuery = location.search === '' && location.href.indexOf('?') !== -1 ? '?' : location.search;
          window._cf_chl_opt.cOgUHash = location.hash === '' && location.href.indexOf('#') !== -1 ? '#' : location.hash;
          if (window._cf_chl_opt.cUPMDTk && window.history && window.history.replaceState) {
            var ogU = location.pathname + window._cf_chl_opt.cOgUQuery + window._cf_chl_opt.cOgUHash;
            history.replaceState(null, null, "\/doi\/10.1128\/JCM.42.12.5885-5888.2004?__cf_chl_rt_tk=f2ZVePw1COOw6JAEsqgXGODNFK2ksMselWT78uRxCsM-1646511823-0-gaNycGzNBz0" + window._cf_chl_opt.cOgUHash);
            cpo.onload = function() {
              history.replaceState(null, null, ogU);
            };
          }
          
          document.getElementsByTagName('head')[0].appendChild(cpo);
        }());
      //]]>
    </script>
  

  
  <div id="trk_jschal_nojs" style="background-image:url('/cdn-cgi/images/trace/jschal/nojs/transparent.gif?ray=6e7592333c007ec0')"> </div>
</div>

          
          <div class="attribution">
            DDoS protection by <a rel="noopener noreferrer" href="https://www.cloudflare.com/5xx-error-landing/" target="_blank">Cloudflare</a>
            <br />
            <span class="ray_id">Ray ID: <code>6e7592333c007ec0</code></span>
          </div>
      </td>
     
    </tr>
  </table>
</body>
</html>
