<!DOCTYPE HTML>
<html lang="en-US">
<head>
  <meta charset="UTF-8" />
  <meta http-equiv="Content-Type" content="text/html; charset=UTF-8" />
  <meta http-equiv="X-UA-Compatible" content="IE=Edge,chrome=1" />
  <meta name="robots" content="noindex, nofollow" />
  <meta name="viewport" content="width=device-width,initial-scale=1" />
  <title>Just a moment...</title>
  <style type="text/css">
    html, body {width: 100%; height: 100%; margin: 0; padding: 0;}
    body {background-color: #ffffff; color: #000000; font-family:-apple-system, system-ui, BlinkMacSystemFont, "Segoe UI", Roboto, Oxygen, Ubuntu, "Helvetica Neue",Arial, sans-serif; font-size: 16px; line-height: 1.7em;-webkit-font-smoothing: antialiased;}
    h1 { text-align: center; font-weight:700; margin: 16px 0; font-size: 32px; color:#000000; line-height: 1.25;}
    p {font-size: 20px; font-weight: 400; margin: 8px 0;}
    p, .attribution, {text-align: center;}
    #spinner {margin: 0 auto 30px auto; display: block;}
    .attribution {margin-top: 32px;}
    @keyframes fader     { 0% {opacity: 0.2;} 50% {opacity: 1.0;} 100% {opacity: 0.2;} }
    @-webkit-keyframes fader { 0% {opacity: 0.2;} 50% {opacity: 1.0;} 100% {opacity: 0.2;} }
    #cf-bubbles > .bubbles { animation: fader 1.6s infinite;}
    #cf-bubbles > .bubbles:nth-child(2) { animation-delay: .2s;}
    #cf-bubbles > .bubbles:nth-child(3) { animation-delay: .4s;}
    .bubbles { background-color: #f58220; width:20px; height: 20px; margin:2px; border-radius:100%; display:inline-block; }
    a { color: #2c7cb0; text-decoration: none; -moz-transition: color 0.15s ease; -o-transition: color 0.15s ease; -webkit-transition: color 0.15s ease; transition: color 0.15s ease; }
    a:hover{color: #f4a15d}
    .attribution{font-size: 16px; line-height: 1.5;}
    .ray_id{display: block; margin-top: 8px;}
    #cf-wrapper #challenge-form { padding-top:25px; padding-bottom:25px; }
    #cf-hcaptcha-container { text-align:center;}
    #cf-hcaptcha-container iframe { display: inline-block;}
  </style>

      <meta http-equiv="refresh" content="35">
  <script type="text/javascript">
    //<![CDATA[
    (function(){
      
      window._cf_chl_opt={
        cvId: "2",
        cType: "non-interactive",
        cNounce: "60231",
        cRay: "6e7592371ccc7d07",
        cHash: "d638f4c9b9c49f5",
        cUPMDTk: "\/doi\/10.1128\/JCM.43.7.3512-3515.2005?__cf_chl_tk=1QXX40BddNCi2nuTpSA4iPs0EDSk5oncELK2AZx2eEI-1646511824-0-gaNycGzNBz0",
        cFPWv: "g",
        cTTimeMs: "1000",
        cRq: {
          ru: "aHR0cHM6Ly9qb3VybmFscy5hc20ub3JnL2RvaS8xMC4xMTI4L0pDTS40My43LjM1MTItMzUxNS4yMDA1",
          ra: "cHl0aG9uLXJlcXVlc3RzLzIuMjUuMQ==",
          rm: "R0VU",
          d: "WQYQx9Xi+oKCiCHPSsZ/e6iKO7Ynjdx6x4S1UfZoJ6zWKJdyowAI5pQvZAxAlEskAK0j5crG0Py12zUNqtLHT5eg4eu1/4y5DRD812aI3p7YaXRB6/mfOEUUstLPYES3ENLV6FUEWMCVa+L5GQbv3d5LLZi8wTqAR33pRKkeM0MdUArnVnEPi+HuSC1D2gPm0lCL0j9ARQh1hivuVAiFmFMlZPkoTk9NuR9uleSRzeY1AGsfYZnmrY6KKhRDtyY687M/h1i+uT4lM4lTBmLh/MLV+vAFgf46FRkXof9u4l+zcNJB/g9f/3kxS+jC6GQmS/xQE8neh1hKtcl9dh4rLHmGLXyXgxWhDRozNNX63Cn0s9oi+CEbz+RekMPva/jz2t3kaPcka/oOeAHWu577ZoqZ7X3OrHd4eSRP2idLnSW8MkkA+fB2+nJPnvKfeHuqh82QgOW4y5vD6WpfSIGRaotj+H0gsy/1Mh7hK5ys80qvH4S1Y4mM/Rcch95O/e7uCw/94JIV4Yf5j9igjjBb1jOt7xYtTnZcy6G2UsltyFBn0/YUFu/MEeyxv00hTYDn",
          t: "MTY0NjUxMTgyNC40OTcwMDA=",
          m: "+m7FGYztGmUszcytxgVpYfWRALy9G0iMyRCyv/5aaK8=",
          i1: "M5qscpoMKxQdpzOZlEUV8g==",
          i2: "+JZla0B57AZERu9UlW2GoQ==",
          zh: "Wdpz5DKIdp61fw1xi4/5+xF7d1QEaZ1MFNsdHIgPg6o=",
          uh: "5GU+jYv2xJ+bCaE/ARmi/DORbiS/v56CW7E0TH4XWQk=",
          hh: "kD0SA7WPJmOf4c5gVlTVLqmiA7Wp4e9AgVYIXtU6h0M=",
        }
      }
      window._cf_chl_enter = function(){window._cf_chl_opt.p=1};
      
    })();
    //]]>
  </script>
  

</head>
<body>
  <table width="100%" height="100%" cellpadding="20">
    <tr>
      <td align="center" valign="middle">
          <div class="cf-browser-verification cf-im-under-attack">
  <noscript>
    <h1 data-translate="turn_on_js" style="color:#bd2426;">Please turn JavaScript on and reload the page.</h1>
  </noscript>
  <div id="cf-content" style="display:none">
    
    <div id="cf-bubbles">
      <div class="bubbles"></div>
      <div class="bubbles"></div>
      <div class="bubbles"></div>
    </div>
    <h1><span data-translate="checking_browser">Checking your browser before accessing</span> journals.asm.org.</h1>
    
    <div id="no-cookie-warning" class="cookie-warning" data-translate="turn_on_cookies" style="display:none">
      <p data-translate="turn_on_cookies" style="color:#bd2426;">Please enable Cookies and reload the page.</p>
    </div>
    <p data-translate="process_is_automatic">This process is automatic. Your browser will redirect to your requested content shortly.</p>
    <p data-translate="allow_5_secs" id="cf-spinner-allow-5-secs" >Please allow up to 5 seconds&hellip;</p>
    <p data-translate="redirecting" id="cf-spinner-redirecting" style="display:none">Redirecting&hellip;</p>
  </div>
   
  <form class="challenge-form" id="challenge-form" action="/doi/10.1128/JCM.43.7.3512-3515.2005?__cf_chl_f_tk=1QXX40BddNCi2nuTpSA4iPs0EDSk5oncELK2AZx2eEI-1646511824-0-gaNycGzNBz0" method="POST" enctype="application/x-www-form-urlencoded">
    <input type="hidden" name="md" value="Gxuj8rzQAXUwyMPcrN9FXEJk.VjZf85peELfhXTm6v4-1646511824-0-ASEH3EdqmisuZBmWkbG6PRwmUMzcK0i8uAckDEmUnfEg3k753yaRKRmva7R4qBVxuuC42lIOl280IpasqA2V73C9N-rZqoS2Z6K-RP3rbyIL5J7LHxH4GRYB0vWd2IXO8FBPUyILT0mokf-8w3gvWzmJVJEGfvJjT_i-R98Wwlbmg3Z-YpOKXcvneFa44gOwR7fLQ_7YSyHAQWXGqBH8FgLcuLhHn-uKi7Vovk1gnryS90lTTDECfee7-MyGh4lNgjDb46H1A0Iajjx7g3pJq-qQ-W7e6bd2XClVNcS0vJVgehyh0b4dNPG3wyXIc2OeShb6RQglsx31ot3jYDHZt0enHwhsM3FlbmIONsjvhIkEw_ToHS_H8cqmkVsUf6_m1uVWs5eU8LY5Xajr7cYdCxq1zHQz39CpXXXDGNkVkgklXEr9eJt2cPKEDtl4AVutQ7Phxk_JKFAsaz9Mb5TGBeZJp5BJBWVAadSNphDI_ZsmDviH_0w3Vqm6TX8V33eCae-9i8ymEgf-8EclYo5qmyewoGVbQoN_v_B0O5DPPNf767rqPhru0SC9G7s-0W9CttywwSU4kqd-4gekKQ0BcOucSI6gAr7lrV13w2rblnX69F0zU9ktJv6f1msnaCz8mH5deIjd19N5oVajXrhexdLI0k0FbTv45dfdzHcFFS7J6l6S3r3-n43UqdTQexk4J-oZQny8P4GIomQyPHLMmAg" />
    <input type="hidden" name="r" value="QAb7ybtPajfj4fk5NAkT6dFBZIhLlCrLCFfMRqRmhhA-1646511824-0-AYDT2lV6p25RyRoLsomT4zS6PHiz26y0XXx8qp1udhgNIxtKRDyZsR64xHR2LOcoCH07iM60jGotFoBP0k4ydyUOffbZyY04dXNt8SDn/GB8fNdtL4CF/4jkuPzax5FHlx7dHyR4vR7IPNIHUnqhFvmjDYTTOdqNOsjC7oXSW6AgM/Ne3siS7co0Q2zqkIZVZOkyBohD75SN3VMG9vuyh0ytR2n18SaLYTN9iL5QYYJFxS7e6GooQHRTACCYNGm3EX0RYvSlp0Z3EP7gLn8dnE3jfRqt3P3FKtpxPeRG8xcWQsAlOEnMjJAdDtBKbDLy5zRGpS8ZrVSA7J78LY1sRNuSL4uHZTblfxpHpYaGL2HETEAfS15QwO07Z77gWW0y6P+Ku3CEpKaXfTN8GeL11fkOjjUkdf9R4NQm5omoOYAaAYXBRI6jJTODqBJy8Xp+KJj5LYhBg69dIofJorOTTXWx7l4ruSs4EEKDxCCYaa6VUsS6bPcaunzELFXEtvQpS0FFdYUxwjUolMJH2QAQTWqlOBer/YRaRnU+bkeSNNDFf5NACn6GM1x+uNvp5wP5tec33SNtKy4mZ0+O2wdtNJLZCUwvbyuMSQueQNaYhjQy3d/ksqDJkM5au4mEVmCZE0Xa/dn5VNhm5+hjyBjf+X7fsyeq8J+tEY6r5rTxzOARP+mYxRR3nuDk0pCD1+diwe4CBy9hpQE8gn/FsA4AXcjPGgvr188x8pIuB2PDFI/rxsypA1dVhz1JLZgtQ3I7cIcYnGGqt0Q2cJq7FhULaNZ+xEcpzD7s+FBHVyUG+lfsCg3wLA9MO3GC0y39bMXWHLqyMujrmXsteqQnhCb3YT4rq2gcwcmaamLbf2cdi8BOiKcfZWS6NvpbdCgL9cbV/2ffUU3geN4/CjqB8iohTcIGcwuJH53RhFFR99z+eAGn55RsFQ9DbxfZM9/vBbqwU18Hz7lW5OvgsRqEJInBalenaJnrOE6S0Pia0S9QOpo954SAcZqaz+dORA16n3casSFLBXQoHhdmXCAg5jKehTRS0nOrZAVfF0kJYYw1Oz/NnNr5x+HsUHHwVaYqFX3XLIbXzABPEDlgYdafg/BC5Qpjg4uCasU20EeLgBE53YHvxNsDRTLI2GSpJQw/X5Eiv0Enai6O0YivbVeEy3qwwbuYjPNRLETiDVBvS9do4XmagFkFN7CeaL/MZfjLQ7JWWTMrOMebOLBpET/L+Jw+IKLfiOyWRPt4iJXgWsz/Pxmx8Sa7lzaWT0fCbl+2VV0VSmeCxmt2ocpaaXjCbpywsu0Cf7bGCtqqwA2JGF19szGKOMqniPHo+Ra7FNZnub9rvZ3Vjc0awHhcsshYRA9iVu5IIZYYii4SKI78ZVtzK/8macsrK+bAzaiBCUHDZshKdF6sKA5H2viy1RlDFDrX1tUTzhcw+iZ5rEXDn0jfXJhJj7uZy/qnDni9bEyoAOSyxOZaFtq/tfTkO1rymCgySDn9Yf8j053fcLZyMp+oRbaF4DQcTzI8qdcoq7A8rdKSjdlNvEi14wE5wJIDEVtdqjLmx+vaCbyiIqQfd95eTqpO4lchyfX2O67vfgcFe2YQQ26Zh+Xyyb9/H5DxnlmVWUwXtp8d5Rs35sS+StV3fkSf+94DSmppjxSZm0kxXRdDCAS1pqmpRGqvMa8Y5ieV7xOwC7psSKWayRPqiVV7g6GO+K0zSphMLSDkyFjc2V7IwROpvCSNqmplmL/kL5gJBfW/ijD1/lgguHCWekAk7pz4/Y9ZtX3eOGudqrLXXfeoDg=="/>
    <input type="hidden" value="0079e7d949708d19af1e35e923672050" id="jschl-vc" name="jschl_vc"/>
    <!-- <input type="hidden" value="" id="jschl-vc" name="jschl_vc"/> -->
    <input type="hidden" name="pass" value="1646511825.497-30n5xUY6fz"/>
    <input type="hidden" id="jschl-answer" name="jschl_answer"/>
  </form>
     
    <script type="text/javascript">
      //<![CDATA[
      (function(){
          var a = document.getElementById('cf-content');
          a.style.display = 'block';
          var isIE = /(MSIE|Trident\/|Edge\/)/i.test(window.navigator.userAgent);
          var trkjs = isIE ? new Image() : document.createElement('img');
          trkjs.setAttribute("src", "/cdn-cgi/images/trace/jschal/js/transparent.gif?ray=6e7592371ccc7d07");
          trkjs.id = "trk_jschal_js";
          trkjs.setAttribute("alt", "");
          document.body.appendChild(trkjs);
          var cpo=document.createElement('script');
          cpo.type='text/javascript';
          cpo.src="/cdn-cgi/challenge-platform/h/g/orchestrate/jsch/v1?ray=6e7592371ccc7d07";
          
          window._cf_chl_opt.cOgUQuery = location.search === '' && location.href.indexOf('?') !== -1 ? '?' : location.search;
          window._cf_chl_opt.cOgUHash = location.hash === '' && location.href.indexOf('#') !== -1 ? '#' : location.hash;
          if (window._cf_chl_opt.cUPMDTk && window.history && window.history.replaceState) {
            var ogU = location.pathname + window._cf_chl_opt.cOgUQuery + window._cf_chl_opt.cOgUHash;
            history.replaceState(null, null, "\/doi\/10.1128\/JCM.43.7.3512-3515.2005?__cf_chl_rt_tk=1QXX40BddNCi2nuTpSA4iPs0EDSk5oncELK2AZx2eEI-1646511824-0-gaNycGzNBz0" + window._cf_chl_opt.cOgUHash);
            cpo.onload = function() {
              history.replaceState(null, null, ogU);
            };
          }
          
          document.getElementsByTagName('head')[0].appendChild(cpo);
        }());
      //]]>
    </script>
  

  
  <div id="trk_jschal_nojs" style="background-image:url('/cdn-cgi/images/trace/jschal/nojs/transparent.gif?ray=6e7592371ccc7d07')"> </div>
</div>

          
          <div class="attribution">
            DDoS protection by <a rel="noopener noreferrer" href="https://www.cloudflare.com/5xx-error-landing/" target="_blank">Cloudflare</a>
            <br />
            <span class="ray_id">Ray ID: <code>6e7592371ccc7d07</code></span>
          </div>
      </td>
     
    </tr>
  </table>
</body>
</html>
