<!DOCTYPE HTML>
<html lang="en-US">
<head>
  <meta charset="UTF-8" />
  <meta http-equiv="Content-Type" content="text/html; charset=UTF-8" />
  <meta http-equiv="X-UA-Compatible" content="IE=Edge,chrome=1" />
  <meta name="robots" content="noindex, nofollow" />
  <meta name="viewport" content="width=device-width,initial-scale=1" />
  <title>Just a moment...</title>
  <style type="text/css">
    html, body {width: 100%; height: 100%; margin: 0; padding: 0;}
    body {background-color: #ffffff; color: #000000; font-family:-apple-system, system-ui, BlinkMacSystemFont, "Segoe UI", Roboto, Oxygen, Ubuntu, "Helvetica Neue",Arial, sans-serif; font-size: 16px; line-height: 1.7em;-webkit-font-smoothing: antialiased;}
    h1 { text-align: center; font-weight:700; margin: 16px 0; font-size: 32px; color:#000000; line-height: 1.25;}
    p {font-size: 20px; font-weight: 400; margin: 8px 0;}
    p, .attribution, {text-align: center;}
    #spinner {margin: 0 auto 30px auto; display: block;}
    .attribution {margin-top: 32px;}
    @keyframes fader     { 0% {opacity: 0.2;} 50% {opacity: 1.0;} 100% {opacity: 0.2;} }
    @-webkit-keyframes fader { 0% {opacity: 0.2;} 50% {opacity: 1.0;} 100% {opacity: 0.2;} }
    #cf-bubbles > .bubbles { animation: fader 1.6s infinite;}
    #cf-bubbles > .bubbles:nth-child(2) { animation-delay: .2s;}
    #cf-bubbles > .bubbles:nth-child(3) { animation-delay: .4s;}
    .bubbles { background-color: #f58220; width:20px; height: 20px; margin:2px; border-radius:100%; display:inline-block; }
    a { color: #2c7cb0; text-decoration: none; -moz-transition: color 0.15s ease; -o-transition: color 0.15s ease; -webkit-transition: color 0.15s ease; transition: color 0.15s ease; }
    a:hover{color: #f4a15d}
    .attribution{font-size: 16px; line-height: 1.5;}
    .ray_id{display: block; margin-top: 8px;}
    #cf-wrapper #challenge-form { padding-top:25px; padding-bottom:25px; }
    #cf-hcaptcha-container { text-align:center;}
    #cf-hcaptcha-container iframe { display: inline-block;}
  </style>

      <meta http-equiv="refresh" content="35">
  <script type="text/javascript">
    //<![CDATA[
    (function(){
      
      window._cf_chl_opt={
        cvId: "2",
        cType: "non-interactive",
        cNounce: "10195",
        cRay: "6e75923d2e807bf7",
        cHash: "32da3f0b562f610",
        cUPMDTk: "\/doi\/10.1128\/JCM.44.3.772-776.2006?__cf_chl_tk=KguRxrAw5aX5fgqiJPjh6KyKQpCl1NspB7MfpJAjlRA-1646511825-0-gaNycGzNBz0",
        cFPWv: "g",
        cTTimeMs: "1000",
        cRq: {
          ru: "aHR0cHM6Ly9qb3VybmFscy5hc20ub3JnL2RvaS8xMC4xMTI4L0pDTS40NC4zLjc3Mi03NzYuMjAwNg==",
          ra: "cHl0aG9uLXJlcXVlc3RzLzIuMjUuMQ==",
          rm: "R0VU",
          d: "8dyEmT8eX9YNMNQMeGHiRBszBK6SK7uPfAJqe+L+mKMnkKfk70EB50CchHlaERt12nU967AT8pyLgIZTJlgUE8vc+PvHuhPLEKz/qTLte/bPNnsGn+JoV4uV7SfzIL+Jdx+IVEvUs0kkb+ldLh2gYes/s58SKaA+TpbcnQ1+C11hn0S22Xr2leiGR2vn3ZeTOleQxVaQ5+kGtpWQNDaJQ4rlk6v/roVKNvidnwkyIjArV6JmIJYEDptDdVB7SlRZ2iirEAAJZzM1A1BltQkBWTPwr4lf1LwvDT71udA3X7WM2lROHwiElEqumwjZv5oDrJCYBztweiKI89vOu7AXt0iGKJ/rmpHr/kIZtzv1LKG8T4t4+MLW4e3KuVRw0dox9BBu5qlopnyzfuBArxaE3jRf3OSqTZOA0p4rnrZOdxQZhVUNcYzNuzDLHrmfF8EEFQVCO7Iv7A9cpH7xVBnsnXD4rGa++n8dW6bPqO8av81Ggx+Z5quGldmSLqw0bI0i5lBgQ25ip6iMdVLYJNPN1SROZpzJksW0zN/DyzZtiWyGk6ge/Nq7Ri9O9Or0AOXt",
          t: "MTY0NjUxMTgyNS40ODIwMDA=",
          m: "ILn2K6wcMbiasyM9ed/UNjc+QiUG2+U4gSGk8A2H1Mc=",
          i1: "iuMD8dqnS1xYfIpuuux/9w==",
          i2: "TTDsgYGzpp0FoCuu1SEOxg==",
          zh: "Wdpz5DKIdp61fw1xi4/5+xF7d1QEaZ1MFNsdHIgPg6o=",
          uh: "5GU+jYv2xJ+bCaE/ARmi/DORbiS/v56CW7E0TH4XWQk=",
          hh: "kD0SA7WPJmOf4c5gVlTVLqmiA7Wp4e9AgVYIXtU6h0M=",
        }
      }
      window._cf_chl_enter = function(){window._cf_chl_opt.p=1};
      
    })();
    //]]>
  </script>
  

</head>
<body>
  <table width="100%" height="100%" cellpadding="20">
    <tr>
      <td align="center" valign="middle">
          <div class="cf-browser-verification cf-im-under-attack">
  <noscript>
    <h1 data-translate="turn_on_js" style="color:#bd2426;">Please turn JavaScript on and reload the page.</h1>
  </noscript>
  <div id="cf-content" style="display:none">
    
    <div id="cf-bubbles">
      <div class="bubbles"></div>
      <div class="bubbles"></div>
      <div class="bubbles"></div>
    </div>
    <h1><span data-translate="checking_browser">Checking your browser before accessing</span> journals.asm.org.</h1>
    
    <div id="no-cookie-warning" class="cookie-warning" data-translate="turn_on_cookies" style="display:none">
      <p data-translate="turn_on_cookies" style="color:#bd2426;">Please enable Cookies and reload the page.</p>
    </div>
    <p data-translate="process_is_automatic">This process is automatic. Your browser will redirect to your requested content shortly.</p>
    <p data-translate="allow_5_secs" id="cf-spinner-allow-5-secs" >Please allow up to 5 seconds&hellip;</p>
    <p data-translate="redirecting" id="cf-spinner-redirecting" style="display:none">Redirecting&hellip;</p>
  </div>
   
  <form class="challenge-form" id="challenge-form" action="/doi/10.1128/JCM.44.3.772-776.2006?__cf_chl_f_tk=KguRxrAw5aX5fgqiJPjh6KyKQpCl1NspB7MfpJAjlRA-1646511825-0-gaNycGzNBz0" method="POST" enctype="application/x-www-form-urlencoded">
    <input type="hidden" name="md" value="jBsPPk7tSd48t3haudo6C4gsv0gJI4I_8.EuM4Hif1A-1646511825-0-AW73S3IRgKKErkFfRtiqo_IEQJusA9JzukuicxunbmEifE7Wlk6WvxC8e6DIeNUmUJ_vOCKFYGgAIo5r9tWBb0MCidWvXZvbYxVaGdrYyMEQqkPf63GFTIc6fNLk6cJzANoiSl-l93HYJt9BzOLmSPpTZ8FWpy1cFKvadQiak_liVZsbLMhWGzdUNS7hLpyteJGNbbzaZ6w_o82yauN6Uz4TFkvzO9FlpYRnqQ3YkZ4vWbo9OqXmM2oIgu2j652-5S_VAvojppS8nNyanGA4IZdi88rbBEPMd6A7CWA56YfM5IJ_M5UtKMFlBViCnm_gjtDZ1WOnWr2HtlcL72DWF7KPA-2Kzmd6wsPbe3XMHfJnuCaDmmqDwiA5UGjmq0gPl3izl9Oz-PgYhWXzB69ntvPPPvBGo5ixd5clYIfV4Llif8qcyeX6V1vg8MUkUMIgVQzYpo6THJZFIDuQee-77fEXHtrZwgWxpQufVwVf9E7jn9P-0L8X4cNZJcDtB1-Q6OdWHvpaAZNKAlv6jWTqfhkg7Z1f8I1PXwnkH6FKzhZ0ZGXmzXQ7tvxcX5Db9ytX2B7UfxA2LQEt9B4JJFmR9SAPiHznMRukqGKdMunq3oyJ45PJs5YyxluJBCR9nFWDXWpJhaQO_tPpqCYMLgHMsVphVJ7g2REmOLf2ZHf13JXXDpfezkUpaKbXTl7SfY8DvMyiPVNaN8j6pQlOxasTD6o" />
    <input type="hidden" name="r" value="F1XqRO1Udqyl26mMIZE1p94QtSHGKlzOII_h7zjpHnc-1646511825-0-AZI91cIW/o8+KI/glySonvkyd5FA4ILtvENJUFDks+5t4kHqSsAKKssgLMR07EOUB7VP8EWeqJTwwkUlYOkv0K53UuxaHaRGeAHACzsHm8bFNMFgThahjY24arXjSz4QWFP/uLU3Qvpuv/QDHfBD8o1K5czFnU0US+/8gCOXTEjUhv7cTjHVn+gk5lqxjA8wyFLD0orwazqbVVqM6umoA16nnygln+4unfyrgvrEKN1nZxhUaJURssy4cTz3gbotTAquhfCG3uT2Na660QODe+KCfi9HTv0TqgfIkD8kmzpmKtYtJ1Jxit39eCygcDwM3h4KGPirWnplT+XE2QABda0IeHhGudsdQ0qEdO8mXP935QDLRViLJjmeGd7+lmV0wC2TRiDNFzmKNUS8C1NNPk+66SHkL1AdyCtJf7nBui5Zct4/aJje8AzCglPe6pIUNOimndP0SmA5SF/wU6b5hJtZkNEhwQ6zRlXPqZdW2fssr/F9vUE9kOWxUpoCCz2fZLFe7ruXZxjvECapJbG96UQdkBwVHt9X+fXPUJT0UC+laqyTwK3xsz5agYqpw8wlWrumB0Je9rEwdSulEp2ha/1jUBYFAvi21IPpTItRiyh5N5y/1Edq9hvAtlc98dT0ZXG60OA3fOzB+8jl5Sax9+4cGD+VrF5e4Kt6Irr9plpunwpElghdhZgxcfp1tJTsImzZnBA1Hf3wh3gbEIPAnk+oJy5CrGk6Xai+m9/DKvwXqFOAmvVowiKc08rfSwVR6Y2ijlrgdzWsnFsaldIq3AyqpVAcuNmOvrzYI03a9ZPtcHO6nAOgdwRPuZna036uNKCa450wn54pmn8629DfS2HCDGlDbz2NEsBZr06kYKkZkoBI1YskAVLtR6BomNDgzsXFygHd4vuP7yqu40B0ufAoCB0pSr+wNlzZcq7cUdDUa169zzliaQ8J2s0AM+nB1xTyXHPIB/YH2AufJR0/fCGLdDfemzD0yK/cZpvyeQzF2IL98TURO03vIubWKuWUqyNQkFFwp+4ZKjCCA9FtOIr3AX3Y4pc170lvVd4BTZ59I+JNyoTspnaN3HkEJbyRrv8/4uj/csR8yXYVi2tn74KGKxahyQtt3m2Rz8Upd4qTvS3sYqk7xVIsXUqOzsRRzFfJvvm501WgmqdPMya3qK52OXoFsBxUgUoqaXCbix7M9m4C2WWHpXlStl5c5roAWJ7LtWYJH8kibcP/kSc0MlGzlCh/6lIRy88+1UkM2uVi04sR6SLjTOMW04scptExTxEsOp14QtAnhuu/g59kIMAE9/vZDMnAbhGhKxmrPpqLrSbcp8YhCtCmtl02J5bMk1KfqRYq+NNy30vDHRuXo9PifeWQwxGD7OjN4brSl5jkArxu8ol9biD29osItorS/+5SeK302kV4dPOXliL+ARYhyZhlFcTyr3vN+NXdR4ehUnsZAIFiX7DwzJdNXD+ZvFLte6mYcOTlbcq6jkMz7qnrEN/ouzR7yDugDZnP377Vuydqx5jgVjMnshVJoAzg5uznLVgWF3lKFp9b2G6rt++SDnnXHt8FU9mfyQ9wzHfEUez0t95frftSaLVP0LIaDeOqObjqWYzjPQYJuxnDj7A+JAEoyLLTgZP2DhjSYc++h98PjBnorEaAMSjLqoZ4yXQLl5NPVmIb4tyXRpD85/GjnLvvOJapsZxxv+kO/YNH+50aIroJwUYmJhp6lbDbHC9MWFF1i59aQ8IVJac16Py1flPD4ywALuA3NAoYDqjEyPydmDU8H/z/01MBERAw6w=="/>
    <input type="hidden" value="7cf07bb1c99faf6501b1a37d0fc2500f" id="jschl-vc" name="jschl_vc"/>
    <!-- <input type="hidden" value="" id="jschl-vc" name="jschl_vc"/> -->
    <input type="hidden" name="pass" value="1646511826.482-6qnl7T+wFH"/>
    <input type="hidden" id="jschl-answer" name="jschl_answer"/>
  </form>
     
    <script type="text/javascript">
      //<![CDATA[
      (function(){
          var a = document.getElementById('cf-content');
          a.style.display = 'block';
          var isIE = /(MSIE|Trident\/|Edge\/)/i.test(window.navigator.userAgent);
          var trkjs = isIE ? new Image() : document.createElement('img');
          trkjs.setAttribute("src", "/cdn-cgi/images/trace/jschal/js/transparent.gif?ray=6e75923d2e807bf7");
          trkjs.id = "trk_jschal_js";
          trkjs.setAttribute("alt", "");
          document.body.appendChild(trkjs);
          var cpo=document.createElement('script');
          cpo.type='text/javascript';
          cpo.src="/cdn-cgi/challenge-platform/h/g/orchestrate/jsch/v1?ray=6e75923d2e807bf7";
          
          window._cf_chl_opt.cOgUQuery = location.search === '' && location.href.indexOf('?') !== -1 ? '?' : location.search;
          window._cf_chl_opt.cOgUHash = location.hash === '' && location.href.indexOf('#') !== -1 ? '#' : location.hash;
          if (window._cf_chl_opt.cUPMDTk && window.history && window.history.replaceState) {
            var ogU = location.pathname + window._cf_chl_opt.cOgUQuery + window._cf_chl_opt.cOgUHash;
            history.replaceState(null, null, "\/doi\/10.1128\/JCM.44.3.772-776.2006?__cf_chl_rt_tk=KguRxrAw5aX5fgqiJPjh6KyKQpCl1NspB7MfpJAjlRA-1646511825-0-gaNycGzNBz0" + window._cf_chl_opt.cOgUHash);
            cpo.onload = function() {
              history.replaceState(null, null, ogU);
            };
          }
          
          document.getElementsByTagName('head')[0].appendChild(cpo);
        }());
      //]]>
    </script>
  

  
  <div id="trk_jschal_nojs" style="background-image:url('/cdn-cgi/images/trace/jschal/nojs/transparent.gif?ray=6e75923d2e807bf7')"> </div>
</div>

          
          <div class="attribution">
            DDoS protection by <a rel="noopener noreferrer" href="https://www.cloudflare.com/5xx-error-landing/" target="_blank">Cloudflare</a>
            <br />
            <span class="ray_id">Ray ID: <code>6e75923d2e807bf7</code></span>
          </div>
      </td>
     
    </tr>
  </table>
</body>
</html>
